{"time":"2026-04-23T08:45:01.2095795+08:00","level":"INFO","body":"交易数据归档服务启动成功"}
{"time":"2026-04-23T08:45:01.2095795+08:00","level":"INFO","body":"文件单-交易数据管理 模块初始化. 目录: C:/Users/49772/.goldminer3 "}
{"time":"2026-04-23T08:45:01.2467353+08:00","level":"INFO","body":"交易数据推送服务启动成功, 推送目录: C:\\Users\\49772\\.goldminer3\\tradedata\\downfiles"}
{"time":"2026-04-23T08:45:01.2467353+08:00","level":"INFO","body":"文件单-交易数据管理 模块初始化完成"}
{"time":"2026-04-23T09:36:24.4288734+08:00","level":"INFO","body":"准备停止文件单和交易数据管理服务"}
{"time":"2026-04-23T09:36:24.4623439+08:00","level":"INFO","body":"停止文件单委托执行服务"}
{"time":"2026-04-23T09:36:24.9162202+08:00","level":"INFO","body":"停止交易数据推送服务"}
{"time":"2026-04-23T09:36:24.9162202+08:00","level":"INFO","body":"停止交易数据归档服务的自动归档任务"}
{"time":"2026-04-23T09:36:24.9162202+08:00","level":"INFO","body":"文件单交易数据:退出交易数据接收处理器"}
{"time":"2026-04-23T09:36:24.9162202+08:00","level":"INFO","body":"开始资金,持仓,委托状态数据的归档操作"}
{"time":"2026-04-23T09:36:24.9162202+08:00","level":"INFO","body":"完成资金,持仓,委托状态数据的归档操作"}
{"time":"2026-04-23T09:36:32.128614+08:00","level":"INFO","body":"交易数据归档服务启动成功"}
{"time":"2026-04-23T09:36:32.128614+08:00","level":"INFO","body":"文件单-交易数据管理 模块初始化. 目录: C:/Users/49772/.goldminer3 "}
{"time":"2026-04-23T09:36:32.1356537+08:00","level":"INFO","body":"交易数据推送服务启动成功, 推送目录: C:\\Users\\49772\\.goldminer3\\tradedata\\downfiles"}
{"time":"2026-04-23T09:36:32.1371588+08:00","level":"INFO","body":"文件单-交易数据管理 模块初始化完成"}
{"time":"2026-04-23T12:03:51.8732782+08:00","level":"WARN","body":"委托[clOrdId: 704b42e1-3ec9-11f1-bbad-1ece51d839d6]被拒绝, 原因: [GMBROKER] 非科创板股票,如果卖出的数量不是100股的整数倍,则卖出的数量必须是当前的全部可卖数量; 委托数量 10850 VS 当前的全部可卖数量 18200"}
{"time":"2026-04-23T12:03:51.918779+08:00","level":"WARN","body":"委托[clOrdId: 70532af8-3ec9-11f1-bbad-1ece51d839d6]被拒绝, 原因: [GMBROKER] 仓位不足: 委托冻结(21700) \u003e 可用持仓(18200)"}
{"time":"2026-04-23T12:03:52.6006191+08:00","level":"WARN","body":"委托[clOrdId: 70bb4a5e-3ec9-11f1-bbad-1ece51d839d6]被拒绝, 原因: [GMBROKER] 科创板股票当前可卖出数量小于200股是,应当一次性申报卖出; 当前的全部可卖数量 0"}
{"time":"2026-04-23T12:03:53.7387458+08:00","level":"WARN","body":"委托[clOrdId: 716889c6-3ec9-11f1-bbad-1ece51d839d6]被拒绝, 原因: [GMBROKER] 科创板股票当前可卖出数量小于200股是,应当一次性申报卖出; 当前的全部可卖数量 0"}
{"time":"2026-04-23T12:03:54.8965779+08:00","level":"WARN","body":"委托[clOrdId: 7218a3ae-3ec9-11f1-bbad-1ece51d839d6]被拒绝, 原因: [GMBROKER] 非科创板股票,如果卖出的数量不是100股的整数倍,则卖出的数量必须是当前的全部可卖数量; 委托数量 250 VS 当前的全部可卖数量 0"}
{"time":"2026-04-23T12:03:58.5219288+08:00","level":"WARN","body":"委托[clOrdId: 744262c9-3ec9-11f1-bbad-1ece51d839d6]被拒绝, 原因: [GMBROKER] 仓位不足: 委托冻结(500) \u003e 可用持仓(0)"}
{"time":"2026-04-23T12:04:00.5737361+08:00","level":"WARN","body":"委托[clOrdId: 757c44e7-3ec9-11f1-bbad-1ece51d839d6]被拒绝, 原因: [GMBROKER] 非科创板股票,如果卖出的数量不是100股的整数倍,则卖出的数量必须是当前的全部可卖数量; 委托数量 1250 VS 当前的全部可卖数量 2500"}
{"time":"2026-04-23T12:04:04.4632845+08:00","level":"WARN","body":"委托[clOrdId: 77cd536a-3ec9-11f1-bbad-1ece51d839d6]被拒绝, 原因: [GMBROKER] 仓位不足: 委托冻结(500) \u003e 可用持仓(0)"}
{"time":"2026-04-23T12:04:04.6360419+08:00","level":"WARN","body":"委托[clOrdId: 77e72ad1-3ec9-11f1-bbad-1ece51d839d6]被拒绝, 原因: [GMBROKER] 仓位不足: 委托冻结(1000) \u003e 可用持仓(0)"}
{"time":"2026-04-23T12:04:10.5621225+08:00","level":"WARN","body":"委托[clOrdId: 7b7030e9-3ec9-11f1-bbad-1ece51d839d6]被拒绝, 原因: [GMBROKER] 非科创板股票,如果卖出的数量不是100股的整数倍,则卖出的数量必须是当前的全部可卖数量; 委托数量 150 VS 当前的全部可卖数量 300"}
{"time":"2026-04-23T12:04:27.1509405+08:00","level":"WARN","body":"委托[clOrdId: 8553a76b-3ec9-11f1-bbad-1ece51d839d6]被拒绝, 原因: [GMBROKER] 科创板股票当前可卖出数量小于200股是,应当一次性申报卖出; 当前的全部可卖数量 0"}
{"time":"2026-04-23T12:04:27.2464667+08:00","level":"WARN","body":"委托[clOrdId: 85622649-3ec9-11f1-bbad-1ece51d839d6]被拒绝, 原因: [GMBROKER] 科创板股票当前可卖出数量小于200股是,应当一次性申报卖出; 当前的全部可卖数量 0"}
{"time":"2026-04-23T12:04:27.3936692+08:00","level":"WARN","body":"委托[clOrdId: 857837cf-3ec9-11f1-bbad-1ece51d839d6]被拒绝, 原因: [GMBROKER] 非科创板股票,如果卖出的数量不是100股的整数倍,则卖出的数量必须是当前的全部可卖数量; 委托数量 250 VS 当前的全部可卖数量 0"}
{"time":"2026-04-23T12:04:28.5330468+08:00","level":"WARN","body":"委托[clOrdId: 86251245-3ec9-11f1-bbad-1ece51d839d6]被拒绝, 原因: [GMBROKER] 仓位不足: 委托冻结(500) \u003e 可用持仓(0)"}
{"time":"2026-04-23T12:04:30.6466817+08:00","level":"WARN","body":"委托[clOrdId: 876927a3-3ec9-11f1-bbad-1ece51d839d6]被拒绝, 原因: [GMBROKER] 非科创板股票,如果卖出的数量不是100股的整数倍,则卖出的数量必须是当前的全部可卖数量; 委托数量 10850 VS 当前的全部可卖数量 18200"}
{"time":"2026-04-23T12:04:30.7435806+08:00","level":"WARN","body":"委托[clOrdId: 8777a2d5-3ec9-11f1-bbad-1ece51d839d6]被拒绝, 原因: [GMBROKER] 仓位不足: 委托冻结(21700) \u003e 可用持仓(18200)"}
{"time":"2026-04-23T12:04:30.7910092+08:00","level":"WARN","body":"委托[clOrdId: 877eefe6-3ec9-11f1-bbad-1ece51d839d6]被拒绝, 原因: [GMBROKER] 仓位不足: 委托冻结(500) \u003e 可用持仓(0)"}
{"time":"2026-04-23T12:04:30.9877954+08:00","level":"WARN","body":"委托[clOrdId: 879ceb2c-3ec9-11f1-bbad-1ece51d839d6]被拒绝, 原因: [GMBROKER] 仓位不足: 委托冻结(1000) \u003e 可用持仓(0)"}
{"time":"2026-04-23T12:05:17.2616378+08:00","level":"WARN","body":"委托[clOrdId: a330a833-3ec9-11f1-bbad-1ece51d839d6]被拒绝, 原因: [GMBROKER] 非科创板股票,如果卖出的数量不是100股的整数倍,则卖出的数量必须是当前的全部可卖数量; 委托数量 250 VS 当前的全部可卖数量 0"}
{"time":"2026-04-23T12:05:19.3999156+08:00","level":"WARN","body":"委托[clOrdId: a4771585-3ec9-11f1-bbad-1ece51d839d6]被拒绝, 原因: [GMBROKER] 仓位不足: 委托冻结(500) \u003e 可用持仓(0)"}
{"time":"2026-04-23T12:05:20.8501745+08:00","level":"WARN","body":"委托[clOrdId: a5557100-3ec9-11f1-bbad-1ece51d839d6]被拒绝, 原因: [GMBROKER] 非科创板股票,如果卖出的数量不是100股的整数倍,则卖出的数量必须是当前的全部可卖数量; 委托数量 10850 VS 当前的全部可卖数量 18200"}
{"time":"2026-04-23T12:05:20.9694185+08:00","level":"WARN","body":"委托[clOrdId: a5663c3b-3ec9-11f1-bbad-1ece51d839d6]被拒绝, 原因: [GMBROKER] 仓位不足: 委托冻结(21700) \u003e 可用持仓(18200)"}
{"time":"2026-04-23T12:05:22.7622256+08:00","level":"WARN","body":"委托[clOrdId: a67931c5-3ec9-11f1-bbad-1ece51d839d6]被拒绝, 原因: [GMBROKER] 仓位不足: 委托冻结(500) \u003e 可用持仓(0)"}
{"time":"2026-04-23T12:05:22.7749624+08:00","level":"WARN","body":"委托[clOrdId: a67afb70-3ec9-11f1-bbad-1ece51d839d6]被拒绝, 原因: [GMBROKER] 科创板股票当前可卖出数量小于200股是,应当一次性申报卖出; 当前的全部可卖数量 0"}
{"time":"2026-04-23T12:05:22.8715882+08:00","level":"WARN","body":"委托[clOrdId: a689b1aa-3ec9-11f1-bbad-1ece51d839d6]被拒绝, 原因: [GMBROKER] 科创板股票当前可卖出数量小于200股是,应当一次性申报卖出; 当前的全部可卖数量 0"}
{"time":"2026-04-23T12:05:22.9613834+08:00","level":"WARN","body":"委托[clOrdId: a6964557-3ec9-11f1-bbad-1ece51d839d6]被拒绝, 原因: [GMBROKER] 仓位不足: 委托冻结(500) \u003e 可用持仓(0)"}
{"time":"2026-04-23T12:05:23.0951085+08:00","level":"WARN","body":"委托[clOrdId: a6aaa843-3ec9-11f1-bbad-1ece51d839d6]被拒绝, 原因: [GMBROKER] 仓位不足: 委托冻结(1000) \u003e 可用持仓(0)"}
{"time":"2026-04-23T12:05:40.1274563+08:00","level":"WARN","body":"委托[clOrdId: b0d26513-3ec9-11f1-bbad-1ece51d839d6]被拒绝, 原因: [GMBROKER] 仓位不足: 委托冻结(500) \u003e 可用持仓(0)"}
{"time":"2026-04-23T12:05:40.1813594+08:00","level":"WARN","body":"委托[clOrdId: b0dabb76-3ec9-11f1-bbad-1ece51d839d6]被拒绝, 原因: [GMBROKER] 仓位不足: 委托冻结(1000) \u003e 可用持仓(0)"}
{"time":"2026-04-23T12:05:51.9342039+08:00","level":"WARN","body":"委托[clOrdId: b7db06fc-3ec9-11f1-bbad-1ece51d839d6]被拒绝, 原因: [GMBROKER] 科创板股票当前可卖出数量小于200股是,应当一次性申报卖出; 当前的全部可卖数量 0"}
{"time":"2026-04-23T12:05:52.793563+08:00","level":"WARN","body":"委托[clOrdId: b85dec3f-3ec9-11f1-bbad-1ece51d839d6]被拒绝, 原因: [GMBROKER] 科创板股票当前可卖出数量小于200股是,应当一次性申报卖出; 当前的全部可卖数量 0"}
{"time":"2026-04-23T12:05:55.9010143+08:00","level":"WARN","body":"委托[clOrdId: ba38454e-3ec9-11f1-bbad-1ece51d839d6]被拒绝, 原因: [GMBROKER] 非科创板股票,如果卖出的数量不是100股的整数倍,则卖出的数量必须是当前的全部可卖数量; 委托数量 250 VS 当前的全部可卖数量 0"}
{"time":"2026-04-23T12:05:56.9708392+08:00","level":"WARN","body":"委托[clOrdId: badcecaf-3ec9-11f1-bbad-1ece51d839d6]被拒绝, 原因: [GMBROKER] 仓位不足: 委托冻结(500) \u003e 可用持仓(0)"}
{"time":"2026-04-23T12:05:57.0166726+08:00","level":"WARN","body":"委托[clOrdId: bae41425-3ec9-11f1-bbad-1ece51d839d6]被拒绝, 原因: [GMBROKER] 非科创板股票,如果卖出的数量不是100股的整数倍,则卖出的数量必须是当前的全部可卖数量; 委托数量 10850 VS 当前的全部可卖数量 18200"}
{"time":"2026-04-23T12:05:57.2532578+08:00","level":"WARN","body":"委托[clOrdId: bb07cf44-3ec9-11f1-bbad-1ece51d839d6]被拒绝, 原因: [GMBROKER] 仓位不足: 委托冻结(21700) \u003e 可用持仓(18200)"}
{"time":"2026-04-23T12:06:28.256321+08:00","level":"WARN","body":"委托[clOrdId: cd829166-3ec9-11f1-bbad-1ece51d839d6]被拒绝, 原因: [GMBROKER] 仓位不足: 委托冻结(500) \u003e 可用持仓(0)"}
{"time":"2026-04-23T12:06:28.3105426+08:00","level":"WARN","body":"委托[clOrdId: cd88aa27-3ec9-11f1-bbad-1ece51d839d6]被拒绝, 原因: [GMBROKER] 仓位不足: 委托冻结(1000) \u003e 可用持仓(0)"}
{"time":"2026-04-23T12:06:29.9919039+08:00","level":"WARN","body":"委托[clOrdId: ce8b8355-3ec9-11f1-bbad-1ece51d839d6]被拒绝, 原因: [GMBROKER] 科创板股票当前可卖出数量小于200股是,应当一次性申报卖出; 当前的全部可卖数量 0"}
{"time":"2026-04-23T12:06:30.0547452+08:00","level":"WARN","body":"委托[clOrdId: ce95502c-3ec9-11f1-bbad-1ece51d839d6]被拒绝, 原因: [GMBROKER] 科创板股票当前可卖出数量小于200股是,应当一次性申报卖出; 当前的全部可卖数量 0"}
{"time":"2026-04-23T12:06:30.148859+08:00","level":"WARN","body":"委托[clOrdId: cea3755d-3ec9-11f1-bbad-1ece51d839d6]被拒绝, 原因: [GMBROKER] 非科创板股票,如果卖出的数量不是100股的整数倍,则卖出的数量必须是当前的全部可卖数量; 委托数量 250 VS 当前的全部可卖数量 0"}
{"time":"2026-04-23T12:06:31.3485444+08:00","level":"WARN","body":"委托[clOrdId: cf59f119-3ec9-11f1-bbad-1ece51d839d6]被拒绝, 原因: [GMBROKER] 仓位不足: 委托冻结(500) \u003e 可用持仓(0)"}
{"time":"2026-04-23T12:06:31.9768033+08:00","level":"WARN","body":"委托[clOrdId: cfba6225-3ec9-11f1-bbad-1ece51d839d6]被拒绝, 原因: [GMBROKER] 非科创板股票,如果卖出的数量不是100股的整数倍,则卖出的数量必须是当前的全部可卖数量; 委托数量 10850 VS 当前的全部可卖数量 18200"}
{"time":"2026-04-23T12:06:32.2547096+08:00","level":"WARN","body":"委托[clOrdId: cfe48be2-3ec9-11f1-bbad-1ece51d839d6]被拒绝, 原因: [GMBROKER] 仓位不足: 委托冻结(21700) \u003e 可用持仓(18200)"}
{"time":"2026-04-23T12:06:52.0339599+08:00","level":"WARN","body":"委托[clOrdId: dbaf264c-3ec9-11f1-bbad-1ece51d839d6]被拒绝, 原因: [GMBROKER] 非科创板股票,如果卖出的数量不是100股的整数倍,则卖出的数量必须是当前的全部可卖数量; 委托数量 10850 VS 当前的全部可卖数量 18200"}
{"time":"2026-04-23T12:06:52.155419+08:00","level":"WARN","body":"委托[clOrdId: dbc1a068-3ec9-11f1-bbad-1ece51d839d6]被拒绝, 原因: [GMBROKER] 仓位不足: 委托冻结(21700) \u003e 可用持仓(18200)"}
{"time":"2026-04-23T12:06:52.3579294+08:00","level":"WARN","body":"委托[clOrdId: dbdfaa0c-3ec9-11f1-bbad-1ece51d839d6]被拒绝, 原因: [GMBROKER] 科创板股票当前可卖出数量小于200股是,应当一次性申报卖出; 当前的全部可卖数量 0"}
{"time":"2026-04-23T12:06:52.4785356+08:00","level":"WARN","body":"委托[clOrdId: dbf191c8-3ec9-11f1-bbad-1ece51d839d6]被拒绝, 原因: [GMBROKER] 科创板股票当前可卖出数量小于200股是,应当一次性申报卖出; 当前的全部可卖数量 0"}
{"time":"2026-04-23T12:06:53.0250025+08:00","level":"WARN","body":"委托[clOrdId: dc44e67c-3ec9-11f1-bbad-1ece51d839d6]被拒绝, 原因: [GMBROKER] 非科创板股票,如果卖出的数量不是100股的整数倍,则卖出的数量必须是当前的全部可卖数量; 委托数量 250 VS 当前的全部可卖数量 0"}
{"time":"2026-04-23T12:06:53.0574263+08:00","level":"WARN","body":"委托[clOrdId: dc4b0e43-3ec9-11f1-bbad-1ece51d839d6]被拒绝, 原因: [GMBROKER] 仓位不足: 委托冻结(500) \u003e 可用持仓(0)"}
{"time":"2026-04-23T12:06:53.2617255+08:00","level":"WARN","body":"委托[clOrdId: dc690c0a-3ec9-11f1-bbad-1ece51d839d6]被拒绝, 原因: [GMBROKER] 仓位不足: 委托冻结(500) \u003e 可用持仓(0)"}
{"time":"2026-04-23T12:06:58.2764002+08:00","level":"WARN","body":"委托[clOrdId: df673c60-3ec9-11f1-bbad-1ece51d839d6]被拒绝, 原因: [GMBROKER] 仓位不足: 委托冻结(1000) \u003e 可用持仓(0)"}
{"time":"2026-04-23T12:07:08.1932497+08:00","level":"WARN","body":"委托[clOrdId: e550d099-3ec9-11f1-bbad-1ece51d839d6]被拒绝, 原因: [GMBROKER] 仓位不足: 委托冻结(500) \u003e 可用持仓(0)"}
{"time":"2026-04-23T12:07:08.2174242+08:00","level":"WARN","body":"委托[clOrdId: e5544ee4-3ec9-11f1-bbad-1ece51d839d6]被拒绝, 原因: [GMBROKER] 仓位不足: 委托冻结(1000) \u003e 可用持仓(0)"}
{"time":"2026-04-23T12:07:12.1052682+08:00","level":"WARN","body":"委托[clOrdId: e7a5a6d3-3ec9-11f1-bbad-1ece51d839d6]被拒绝, 原因: [GMBROKER] 非科创板股票,如果卖出的数量不是100股的整数倍,则卖出的数量必须是当前的全部可卖数量; 委托数量 10850 VS 当前的全部可卖数量 18200"}
{"time":"2026-04-23T12:07:12.2110619+08:00","level":"WARN","body":"委托[clOrdId: e7b5dacd-3ec9-11f1-bbad-1ece51d839d6]被拒绝, 原因: [GMBROKER] 仓位不足: 委托冻结(21700) \u003e 可用持仓(18200)"}
{"time":"2026-04-23T12:07:12.4091483+08:00","level":"WARN","body":"委托[clOrdId: e7d388b4-3ec9-11f1-bbad-1ece51d839d6]被拒绝, 原因: [GMBROKER] 科创板股票当前可卖出数量小于200股是,应当一次性申报卖出; 当前的全部可卖数量 0"}
{"time":"2026-04-23T12:07:13.5568088+08:00","level":"WARN","body":"委托[clOrdId: e88159f2-3ec9-11f1-bbad-1ece51d839d6]被拒绝, 原因: [GMBROKER] 科创板股票当前可卖出数量小于200股是,应当一次性申报卖出; 当前的全部可卖数量 0"}
{"time":"2026-04-23T13:14:55.1607629+08:00","level":"INFO","body":"交易数据归档服务启动成功"}
{"time":"2026-04-23T13:14:55.1607629+08:00","level":"INFO","body":"文件单-交易数据管理 模块初始化. 目录: C:/Users/49772/.goldminer3 "}
{"time":"2026-04-23T13:14:55.2119229+08:00","level":"INFO","body":"交易数据推送服务启动成功, 推送目录: C:\\Users\\49772\\.goldminer3\\tradedata\\downfiles"}
{"time":"2026-04-23T13:14:55.2119229+08:00","level":"INFO","body":"文件单-交易数据管理 模块初始化完成"}
{"time":"2026-04-23T13:16:42.9427935+08:00","level":"WARN","body":"委托[clOrdId: 9da5aa4f-3ed3-11f1-a30c-1ece51d839d6]被拒绝, 原因: [GMBROKER] 仓位不足: 委托冻结(500) \u003e 可用持仓(0)"}
{"time":"2026-04-23T13:16:43.3568379+08:00","level":"WARN","body":"委托[clOrdId: 9de7b10b-3ed3-11f1-a30c-1ece51d839d6]被拒绝, 原因: [GMBROKER] 仓位不足: 委托冻结(500) \u003e 可用持仓(0)"}
{"time":"2026-04-23T13:16:43.3968924+08:00","level":"WARN","body":"委托[clOrdId: 9deda01b-3ed3-11f1-a30c-1ece51d839d6]被拒绝, 原因: [GMBROKER] 仓位不足: 委托冻结(1000) \u003e 可用持仓(0)"}
{"time":"2026-04-23T13:16:45.3942601+08:00","level":"WARN","body":"委托[clOrdId: 9f1e22f5-3ed3-11f1-a30c-1ece51d839d6]被拒绝, 原因: [GMBROKER] 非科创板股票,如果卖出的数量不是100股的整数倍,则卖出的数量必须是当前的全部可卖数量; 委托数量 250 VS 当前的全部可卖数量 0"}
{"time":"2026-04-23T13:16:45.4337476+08:00","level":"WARN","body":"委托[clOrdId: 9f24597a-3ed3-11f1-a30c-1ece51d839d6]被拒绝, 原因: [GMBROKER] 仓位不足: 委托冻结(500) \u003e 可用持仓(0)"}
{"time":"2026-04-23T13:16:45.7271828+08:00","level":"WARN","body":"委托[clOrdId: 9f51838a-3ed3-11f1-a30c-1ece51d839d6]被拒绝, 原因: [GMBROKER] 非科创板股票,如果卖出的数量不是100股的整数倍,则卖出的数量必须是当前的全部可卖数量; 委托数量 150 VS 当前的全部可卖数量 300"}
{"time":"2026-04-23T13:16:45.7890449+08:00","level":"WARN","body":"委托[clOrdId: 9f5acca1-3ed3-11f1-a30c-1ece51d839d6]被拒绝, 原因: [GMBROKER] 科创板股票当前可卖出数量小于200股是,应当一次性申报卖出; 当前的全部可卖数量 0"}
{"time":"2026-04-23T13:16:45.8182541+08:00","level":"WARN","body":"委托[clOrdId: 9f5e6740-3ed3-11f1-a30c-1ece51d839d6]被拒绝, 原因: [GMBROKER] 科创板股票当前可卖出数量小于200股是,应当一次性申报卖出; 当前的全部可卖数量 0"}
{"time":"2026-04-23T13:16:45.8590953+08:00","level":"WARN","body":"委托[clOrdId: 9f6523b0-3ed3-11f1-a30c-1ece51d839d6]被拒绝, 原因: [GMBROKER] 非科创板股票,如果卖出的数量不是100股的整数倍,则卖出的数量必须是当前的全部可卖数量; 委托数量 650 VS 当前的全部可卖数量 0"}
{"time":"2026-04-23T13:16:45.9119337+08:00","level":"WARN","body":"委托[clOrdId: 9f6d655d-3ed3-11f1-a30c-1ece51d839d6]被拒绝, 原因: [GMBROKER] 非科创板股票,如果卖出的数量不是100股的整数倍,则卖出的数量必须是当前的全部可卖数量; 委托数量 150 VS 当前的全部可卖数量 300"}
{"time":"2026-04-23T13:16:46.0047995+08:00","level":"WARN","body":"委托[clOrdId: 9f7b2c9b-3ed3-11f1-a30c-1ece51d839d6]被拒绝, 原因: [GMBROKER] 非科创板股票,如果卖出的数量不是100股的整数倍,则卖出的数量必须是当前的全部可卖数量; 委托数量 10850 VS 当前的全部可卖数量 18200"}
{"time":"2026-04-23T13:16:46.1292438+08:00","level":"WARN","body":"委托[clOrdId: 9f8f8055-3ed3-11f1-a30c-1ece51d839d6]被拒绝, 原因: [GMBROKER] 仓位不足: 委托冻结(21700) \u003e 可用持仓(18200)"}
{"time":"2026-04-23T13:16:54.332988+08:00","level":"WARN","body":"委托[clOrdId: a4727874-3ed3-11f1-a30c-1ece51d839d6]被拒绝, 原因: [GMBROKER] 仓位不足: 委托冻结(500) \u003e 可用持仓(0)"}
{"time":"2026-04-23T13:16:58.4769321+08:00","level":"WARN","body":"委托[clOrdId: a6eb0463-3ed3-11f1-a30c-1ece51d839d6]被拒绝, 原因: [GMBROKER] 非科创板股票,如果卖出的数量不是100股的整数倍,则卖出的数量必须是当前的全部可卖数量; 委托数量 10850 VS 当前的全部可卖数量 18200"}
{"time":"2026-04-23T13:16:58.499378+08:00","level":"WARN","body":"委托[clOrdId: a6ee4c37-3ed3-11f1-a30c-1ece51d839d6]被拒绝, 原因: [GMBROKER] 仓位不足: 委托冻结(500) \u003e 可用持仓(0)"}
{"time":"2026-04-23T13:16:58.5043746+08:00","level":"WARN","body":"委托[clOrdId: a6eeb844-3ed3-11f1-a30c-1ece51d839d6]被拒绝, 原因: [GMBROKER] 仓位不足: 委托冻结(21700) \u003e 可用持仓(18200)"}
{"time":"2026-04-23T13:16:58.6486757+08:00","level":"WARN","body":"委托[clOrdId: a704e8a1-3ed3-11f1-a30c-1ece51d839d6]被拒绝, 原因: [GMBROKER] 仓位不足: 委托冻结(500) \u003e 可用持仓(0)"}
{"time":"2026-04-23T13:16:58.720542+08:00","level":"WARN","body":"委托[clOrdId: a70fdd5e-3ed3-11f1-a30c-1ece51d839d6]被拒绝, 原因: [GMBROKER] 仓位不足: 委托冻结(1000) \u003e 可用持仓(0)"}
{"time":"2026-04-23T13:16:58.7877373+08:00","level":"WARN","body":"委托[clOrdId: a71a1d22-3ed3-11f1-a30c-1ece51d839d6]被拒绝, 原因: [GMBROKER] 科创板股票当前可卖出数量小于200股是,应当一次性申报卖出; 当前的全部可卖数量 0"}
{"time":"2026-04-23T13:16:58.823543+08:00","level":"WARN","body":"委托[clOrdId: a71ff617-3ed3-11f1-a30c-1ece51d839d6]被拒绝, 原因: [GMBROKER] 科创板股票当前可卖出数量小于200股是,应当一次性申报卖出; 当前的全部可卖数量 0"}
{"time":"2026-04-23T13:16:59.1247977+08:00","level":"WARN","body":"委托[clOrdId: a74d4bff-3ed3-11f1-a30c-1ece51d839d6]被拒绝, 原因: [GMBROKER] 非科创板股票,如果卖出的数量不是100股的整数倍,则卖出的数量必须是当前的全部可卖数量; 委托数量 250 VS 当前的全部可卖数量 0"}
{"time":"2026-04-23T13:16:59.1737953+08:00","level":"WARN","body":"委托[clOrdId: a7558015-3ed3-11f1-a30c-1ece51d839d6]被拒绝, 原因: [GMBROKER] 仓位不足: 委托冻结(500) \u003e 可用持仓(0)"}
{"time":"2026-04-23T13:17:17.4122804+08:00","level":"WARN","body":"委托[clOrdId: b2328950-3ed3-11f1-a30c-1ece51d839d6]被拒绝, 原因: [GMBROKER] 科创板股票当前可卖出数量小于200股是,应当一次性申报卖出; 当前的全部可卖数量 0"}
{"time":"2026-04-23T13:17:18.7859595+08:00","level":"WARN","body":"委托[clOrdId: b3044139-3ed3-11f1-a30c-1ece51d839d6]被拒绝, 原因: [GMBROKER] 科创板股票当前可卖出数量小于200股是,应当一次性申报卖出; 当前的全部可卖数量 0"}
{"time":"2026-04-23T13:17:20.2921584+08:00","level":"WARN","body":"委托[clOrdId: b3ea5521-3ed3-11f1-a30c-1ece51d839d6]被拒绝, 原因: [GMBROKER] 非科创板股票,如果卖出的数量不是100股的整数倍,则卖出的数量必须是当前的全部可卖数量; 委托数量 250 VS 当前的全部可卖数量 0"}
{"time":"2026-04-23T13:17:21.4774042+08:00","level":"WARN","body":"委托[clOrdId: b49f52d7-3ed3-11f1-a30c-1ece51d839d6]被拒绝, 原因: [GMBROKER] 仓位不足: 委托冻结(500) \u003e 可用持仓(0)"}
{"time":"2026-04-23T13:17:26.3389562+08:00","level":"WARN","body":"委托[clOrdId: b7852a40-3ed3-11f1-a30c-1ece51d839d6]被拒绝, 原因: [GMBROKER] 非科创板股票,如果卖出的数量不是100股的整数倍,则卖出的数量必须是当前的全部可卖数量; 委托数量 10850 VS 当前的全部可卖数量 18200"}
{"time":"2026-04-23T13:17:26.4586541+08:00","level":"WARN","body":"委托[clOrdId: b7983794-3ed3-11f1-a30c-1ece51d839d6]被拒绝, 原因: [GMBROKER] 仓位不足: 委托冻结(21700) \u003e 可用持仓(18200)"}
{"time":"2026-04-23T13:17:28.6876442+08:00","level":"WARN","body":"委托[clOrdId: b8eb8617-3ed3-11f1-a30c-1ece51d839d6]被拒绝, 原因: [GMBROKER] 仓位不足: 委托冻结(500) \u003e 可用持仓(0)"}
{"time":"2026-04-23T13:17:29.3533463+08:00","level":"WARN","body":"委托[clOrdId: b950335d-3ed3-11f1-a30c-1ece51d839d6]被拒绝, 原因: [GMBROKER] 仓位不足: 委托冻结(1000) \u003e 可用持仓(0)"}
{"time":"2026-04-23T13:17:50.5349798+08:00","level":"WARN","body":"委托[clOrdId: c5f0e163-3ed3-11f1-a30c-1ece51d839d6]被拒绝, 原因: [GMBROKER] 非科创板股票,如果卖出的数量不是100股的整数倍,则卖出的数量必须是当前的全部可卖数量; 委托数量 10850 VS 当前的全部可卖数量 18200"}
{"time":"2026-04-23T13:17:50.6407271+08:00","level":"WARN","body":"委托[clOrdId: c601feb2-3ed3-11f1-a30c-1ece51d839d6]被拒绝, 原因: [GMBROKER] 仓位不足: 委托冻结(21700) \u003e 可用持仓(18200)"}
{"time":"2026-04-23T13:17:53.5350152+08:00","level":"WARN","body":"委托[clOrdId: c7bae91c-3ed3-11f1-a30c-1ece51d839d6]被拒绝, 原因: [GMBROKER] 仓位不足: 委托冻结(500) \u003e 可用持仓(0)"}
{"time":"2026-04-23T13:17:53.6668007+08:00","level":"WARN","body":"委托[clOrdId: c7cefdbd-3ed3-11f1-a30c-1ece51d839d6]被拒绝, 原因: [GMBROKER] 仓位不足: 委托冻结(1000) \u003e 可用持仓(0)"}
{"time":"2026-04-23T13:17:54.8524766+08:00","level":"WARN","body":"委托[clOrdId: c882b0d9-3ed3-11f1-a30c-1ece51d839d6]被拒绝, 原因: [GMBROKER] 科创板股票当前可卖出数量小于200股是,应当一次性申报卖出; 当前的全部可卖数量 0"}
{"time":"2026-04-23T13:17:54.9832508+08:00","level":"WARN","body":"委托[clOrdId: c89822eb-3ed3-11f1-a30c-1ece51d839d6]被拒绝, 原因: [GMBROKER] 科创板股票当前可卖出数量小于200股是,应当一次性申报卖出; 当前的全部可卖数量 0"}
{"time":"2026-04-23T13:17:56.3173854+08:00","level":"WARN","body":"委托[clOrdId: c9633505-3ed3-11f1-a30c-1ece51d839d6]被拒绝, 原因: [GMBROKER] 非科创板股票,如果卖出的数量不是100股的整数倍,则卖出的数量必须是当前的全部可卖数量; 委托数量 250 VS 当前的全部可卖数量 0"}
{"time":"2026-04-23T13:17:56.4354259+08:00","level":"WARN","body":"委托[clOrdId: c975b4f2-3ed3-11f1-a30c-1ece51d839d6]被拒绝, 原因: [GMBROKER] 仓位不足: 委托冻结(500) \u003e 可用持仓(0)"}
{"time":"2026-04-23T13:18:09.7124707+08:00","level":"WARN","body":"委托[clOrdId: d1607356-3ed3-11f1-a30c-1ece51d839d6]被拒绝, 原因: [GMBROKER] 科创板股票当前可卖出数量小于200股是,应当一次性申报卖出; 当前的全部可卖数量 0"}
{"time":"2026-04-23T13:18:11.3038617+08:00","level":"WARN","body":"委托[clOrdId: d25271e7-3ed3-11f1-a30c-1ece51d839d6]被拒绝, 原因: [GMBROKER] 科创板股票当前可卖出数量小于200股是,应当一次性申报卖出; 当前的全部可卖数量 0"}
{"time":"2026-04-23T13:18:12.5959483+08:00","level":"WARN","body":"委托[clOrdId: d3172788-3ed3-11f1-a30c-1ece51d839d6]被拒绝, 原因: [GMBROKER] 非科创板股票,如果卖出的数量不是100股的整数倍,则卖出的数量必须是当前的全部可卖数量; 委托数量 250 VS 当前的全部可卖数量 0"}
{"time":"2026-04-23T13:18:13.8001734+08:00","level":"WARN","body":"委托[clOrdId: d3cee4cb-3ed3-11f1-a30c-1ece51d839d6]被拒绝, 原因: [GMBROKER] 仓位不足: 委托冻结(500) \u003e 可用持仓(0)"}
{"time":"2026-04-23T13:18:16.3207666+08:00","level":"WARN","body":"委托[clOrdId: d5502e19-3ed3-11f1-a30c-1ece51d839d6]被拒绝, 原因: [GMBROKER] 非科创板股票,如果卖出的数量不是100股的整数倍,则卖出的数量必须是当前的全部可卖数量; 委托数量 10850 VS 当前的全部可卖数量 18200"}
{"time":"2026-04-23T13:18:16.4405645+08:00","level":"WARN","body":"委托[clOrdId: d5630034-3ed3-11f1-a30c-1ece51d839d6]被拒绝, 原因: [GMBROKER] 仓位不足: 委托冻结(21700) \u003e 可用持仓(18200)"}
{"time":"2026-04-23T13:18:18.6279882+08:00","level":"WARN","body":"委托[clOrdId: d6afe588-3ed3-11f1-a30c-1ece51d839d6]被拒绝, 原因: [GMBROKER] 仓位不足: 委托冻结(500) \u003e 可用持仓(0)"}
{"time":"2026-04-23T13:18:18.7618838+08:00","level":"WARN","body":"委托[clOrdId: d6c3f166-3ed3-11f1-a30c-1ece51d839d6]被拒绝, 原因: [GMBROKER] 仓位不足: 委托冻结(1000) \u003e 可用持仓(0)"}
{"time":"2026-04-23T13:18:32.731307+08:00","level":"WARN","body":"委托[clOrdId: df197921-3ed3-11f1-a30c-1ece51d839d6]被拒绝, 原因: [GMBROKER] 非科创板股票,如果卖出的数量不是100股的整数倍,则卖出的数量必须是当前的全部可卖数量; 委托数量 10850 VS 当前的全部可卖数量 18200"}
{"time":"2026-04-23T13:18:32.7719414+08:00","level":"WARN","body":"委托[clOrdId: df1f4473-3ed3-11f1-a30c-1ece51d839d6]被拒绝, 原因: [GMBROKER] 仓位不足: 委托冻结(21700) \u003e 可用持仓(18200)"}
{"time":"2026-04-23T13:18:32.9931348+08:00","level":"WARN","body":"委托[clOrdId: df3fdc9a-3ed3-11f1-a30c-1ece51d839d6]被拒绝, 原因: [GMBROKER] 仓位不足: 委托冻结(500) \u003e 可用持仓(0)"}
{"time":"2026-04-23T13:18:35.1791902+08:00","level":"WARN","body":"委托[clOrdId: e08d67a0-3ed3-11f1-a30c-1ece51d839d6]被拒绝, 原因: [GMBROKER] 仓位不足: 委托冻结(1000) \u003e 可用持仓(0)"}
{"time":"2026-04-23T13:18:36.2827788+08:00","level":"WARN","body":"委托[clOrdId: e1370edc-3ed3-11f1-a30c-1ece51d839d6]被拒绝, 原因: [GMBROKER] 科创板股票当前可卖出数量小于200股是,应当一次性申报卖出; 当前的全部可卖数量 0"}
{"time":"2026-04-23T13:18:38.6309064+08:00","level":"WARN","body":"委托[clOrdId: e29ca680-3ed3-11f1-a30c-1ece51d839d6]被拒绝, 原因: [GMBROKER] 科创板股票当前可卖出数量小于200股是,应当一次性申报卖出; 当前的全部可卖数量 0"}
{"time":"2026-04-23T13:18:40.2126772+08:00","level":"WARN","body":"委托[clOrdId: e38e307a-3ed3-11f1-a30c-1ece51d839d6]被拒绝, 原因: [GMBROKER] 非科创板股票,如果卖出的数量不是100股的整数倍,则卖出的数量必须是当前的全部可卖数量; 委托数量 250 VS 当前的全部可卖数量 0"}
{"time":"2026-04-23T13:18:40.2773434+08:00","level":"WARN","body":"委托[clOrdId: e397d88e-3ed3-11f1-a30c-1ece51d839d6]被拒绝, 原因: [GMBROKER] 仓位不足: 委托冻结(500) \u003e 可用持仓(0)"}
{"time":"2026-04-23T13:18:48.6646776+08:00","level":"WARN","body":"委托[clOrdId: e8981fcf-3ed3-11f1-a30c-1ece51d839d6]被拒绝, 原因: [GMBROKER] 科创板股票当前可卖出数量小于200股是,应当一次性申报卖出; 当前的全部可卖数量 0"}
{"time":"2026-04-23T13:18:48.8613166+08:00","level":"WARN","body":"委托[clOrdId: e8b5facc-3ed3-11f1-a30c-1ece51d839d6]被拒绝, 原因: [GMBROKER] 科创板股票当前可卖出数量小于200股是,应当一次性申报卖出; 当前的全部可卖数量 0"}
{"time":"2026-04-23T13:18:50.2789116+08:00","level":"WARN","body":"委托[clOrdId: e98d9214-3ed3-11f1-a30c-1ece51d839d6]被拒绝, 原因: [GMBROKER] 非科创板股票,如果卖出的数量不是100股的整数倍,则卖出的数量必须是当前的全部可卖数量; 委托数量 250 VS 当前的全部可卖数量 0"}
{"time":"2026-04-23T13:18:50.5587215+08:00","level":"WARN","body":"委托[clOrdId: e9b703ee-3ed3-11f1-a30c-1ece51d839d6]被拒绝, 原因: [GMBROKER] 仓位不足: 委托冻结(500) \u003e 可用持仓(0)"}
{"time":"2026-04-23T13:18:54.6990139+08:00","level":"WARN","body":"委托[clOrdId: ec3014f8-3ed3-11f1-a30c-1ece51d839d6]被拒绝, 原因: [GMBROKER] 非科创板股票,如果卖出的数量不是100股的整数倍,则卖出的数量必须是当前的全部可卖数量; 委托数量 10850 VS 当前的全部可卖数量 18200"}
{"time":"2026-04-23T13:18:54.8399604+08:00","level":"WARN","body":"委托[clOrdId: ec44f1c1-3ed3-11f1-a30c-1ece51d839d6]被拒绝, 原因: [GMBROKER] 仓位不足: 委托冻结(21700) \u003e 可用持仓(18200)"}
{"time":"2026-04-23T13:18:56.3124286+08:00","level":"WARN","body":"委托[clOrdId: ed271018-3ed3-11f1-a30c-1ece51d839d6]被拒绝, 原因: [GMBROKER] 仓位不足: 委托冻结(500) \u003e 可用持仓(0)"}
{"time":"2026-04-23T13:18:56.4232483+08:00","level":"WARN","body":"委托[clOrdId: ed36ca3d-3ed3-11f1-a30c-1ece51d839d6]被拒绝, 原因: [GMBROKER] 仓位不足: 委托冻结(1000) \u003e 可用持仓(0)"}
{"time":"2026-04-23T13:19:08.7242742+08:00","level":"WARN","body":"委托[clOrdId: f48c05af-3ed3-11f1-a30c-1ece51d839d6]被拒绝, 原因: [GMBROKER] 非科创板股票,如果卖出的数量不是100股的整数倍,则卖出的数量必须是当前的全部可卖数量; 委托数量 10850 VS 当前的全部可卖数量 18200"}
{"time":"2026-04-23T13:19:08.8565836+08:00","level":"WARN","body":"委托[clOrdId: f4a0dfbe-3ed3-11f1-a30c-1ece51d839d6]被拒绝, 原因: [GMBROKER] 仓位不足: 委托冻结(21700) \u003e 可用持仓(18200)"}
{"time":"2026-04-23T13:19:10.2889259+08:00","level":"WARN","body":"委托[clOrdId: f57c019a-3ed3-11f1-a30c-1ece51d839d6]被拒绝, 原因: [GMBROKER] 仓位不足: 委托冻结(500) \u003e 可用持仓(0)"}
{"time":"2026-04-23T13:19:10.4246494+08:00","level":"WARN","body":"委托[clOrdId: f590a8d0-3ed3-11f1-a30c-1ece51d839d6]被拒绝, 原因: [GMBROKER] 仓位不足: 委托冻结(1000) \u003e 可用持仓(0)"}
{"time":"2026-04-23T13:19:10.5008259+08:00","level":"WARN","body":"委托[clOrdId: f59c1233-3ed3-11f1-a30c-1ece51d839d6]被拒绝, 原因: [GMBROKER] 科创板股票当前可卖出数量小于200股是,应当一次性申报卖出; 当前的全部可卖数量 0"}
{"time":"2026-04-23T13:19:13.6441611+08:00","level":"WARN","body":"委托[clOrdId: f77b0090-3ed3-11f1-a30c-1ece51d839d6]被拒绝, 原因: [GMBROKER] 科创板股票当前可卖出数量小于200股是,应当一次性申报卖出; 当前的全部可卖数量 0"}
{"time":"2026-04-23T13:19:15.197496+08:00","level":"WARN","body":"委托[clOrdId: f868d482-3ed3-11f1-a30c-1ece51d839d6]被拒绝, 原因: [GMBROKER] 非科创板股票,如果卖出的数量不是100股的整数倍,则卖出的数量必须是当前的全部可卖数量; 委托数量 250 VS 当前的全部可卖数量 0"}
{"time":"2026-04-23T13:19:17.3333402+08:00","level":"WARN","body":"委托[clOrdId: f9ae6e46-3ed3-11f1-a30c-1ece51d839d6]被拒绝, 原因: [GMBROKER] 仓位不足: 委托冻结(500) \u003e 可用持仓(0)"}
{"time":"2026-04-23T13:19:34.1812313+08:00","level":"WARN","body":"委托[clOrdId: 03b73e8d-3ed4-11f1-a30c-1ece51d839d6]被拒绝, 原因: [GMBROKER] 非科创板股票,如果卖出的数量不是100股的整数倍,则卖出的数量必须是当前的全部可卖数量; 委托数量 250 VS 当前的全部可卖数量 0"}
{"time":"2026-04-23T13:19:34.3128512+08:00","level":"WARN","body":"委托[clOrdId: 03cca072-3ed4-11f1-a30c-1ece51d839d6]被拒绝, 原因: [GMBROKER] 仓位不足: 委托冻结(500) \u003e 可用持仓(0)"}
{"time":"2026-04-23T13:19:37.8530278+08:00","level":"WARN","body":"委托[clOrdId: 05e8af53-3ed4-11f1-a30c-1ece51d839d6]被拒绝, 原因: [GMBROKER] 科创板股票当前可卖出数量小于200股是,应当一次性申报卖出; 当前的全部可卖数量 0"}
{"time":"2026-04-23T13:19:37.9856367+08:00","level":"WARN","body":"委托[clOrdId: 05fc989d-3ed4-11f1-a30c-1ece51d839d6]被拒绝, 原因: [GMBROKER] 科创板股票当前可卖出数量小于200股是,应当一次性申报卖出; 当前的全部可卖数量 0"}
{"time":"2026-04-23T13:19:40.1816458+08:00","level":"WARN","body":"委托[clOrdId: 074bd4e0-3ed4-11f1-a30c-1ece51d839d6]被拒绝, 原因: [GMBROKER] 仓位不足: 委托冻结(500) \u003e 可用持仓(0)"}
{"time":"2026-04-23T13:19:41.3612+08:00","level":"WARN","body":"委托[clOrdId: 07ffcb0f-3ed4-11f1-a30c-1ece51d839d6]被拒绝, 原因: [GMBROKER] 仓位不足: 委托冻结(1000) \u003e 可用持仓(0)"}
{"time":"2026-04-23T13:19:42.8244624+08:00","level":"WARN","body":"委托[clOrdId: 08e04463-3ed4-11f1-a30c-1ece51d839d6]被拒绝, 原因: [GMBROKER] 非科创板股票,如果卖出的数量不是100股的整数倍,则卖出的数量必须是当前的全部可卖数量; 委托数量 10850 VS 当前的全部可卖数量 18200"}
{"time":"2026-04-23T13:19:42.9442811+08:00","level":"WARN","body":"委托[clOrdId: 08f2df68-3ed4-11f1-a30c-1ece51d839d6]被拒绝, 原因: [GMBROKER] 仓位不足: 委托冻结(21700) \u003e 可用持仓(18200)"}
{"time":"2026-04-23T13:20:01.9065891+08:00","level":"WARN","body":"委托[clOrdId: 1440297d-3ed4-11f1-a30c-1ece51d839d6]被拒绝, 原因: [GMBROKER] 科创板股票当前可卖出数量小于200股是,应当一次性申报卖出; 当前的全部可卖数量 0"}
{"time":"2026-04-23T13:20:01.967531+08:00","level":"WARN","body":"委托[clOrdId: 14490b59-3ed4-11f1-a30c-1ece51d839d6]被拒绝, 原因: [GMBROKER] 科创板股票当前可卖出数量小于200股是,应当一次性申报卖出; 当前的全部可卖数量 0"}
{"time":"2026-04-23T13:20:02.1506142+08:00","level":"WARN","body":"委托[clOrdId: 14655227-3ed4-11f1-a30c-1ece51d839d6]被拒绝, 原因: [GMBROKER] 非科创板股票,如果卖出的数量不是100股的整数倍,则卖出的数量必须是当前的全部可卖数量; 委托数量 250 VS 当前的全部可卖数量 0"}
{"time":"2026-04-23T13:20:02.1904602+08:00","level":"WARN","body":"委托[clOrdId: 146b02be-3ed4-11f1-a30c-1ece51d839d6]被拒绝, 原因: [GMBROKER] 仓位不足: 委托冻结(500) \u003e 可用持仓(0)"}
{"time":"2026-04-23T13:20:03.8722289+08:00","level":"WARN","body":"委托[clOrdId: 156bf3ea-3ed4-11f1-a30c-1ece51d839d6]被拒绝, 原因: [GMBROKER] 非科创板股票,如果卖出的数量不是100股的整数倍,则卖出的数量必须是当前的全部可卖数量; 委托数量 10850 VS 当前的全部可卖数量 18200"}
{"time":"2026-04-23T13:20:05.0075806+08:00","level":"WARN","body":"委托[clOrdId: 161823da-3ed4-11f1-a30c-1ece51d839d6]被拒绝, 原因: [GMBROKER] 仓位不足: 委托冻结(21700) \u003e 可用持仓(18200)"}
{"time":"2026-04-23T13:20:06.876861+08:00","level":"WARN","body":"委托[clOrdId: 17354146-3ed4-11f1-a30c-1ece51d839d6]被拒绝, 原因: [GMBROKER] 仓位不足: 委托冻结(500) \u003e 可用持仓(0)"}
{"time":"2026-04-23T13:20:06.9158109+08:00","level":"WARN","body":"委托[clOrdId: 173c34d0-3ed4-11f1-a30c-1ece51d839d6]被拒绝, 原因: [GMBROKER] 仓位不足: 委托冻结(1000) \u003e 可用持仓(0)"}
{"time":"2026-04-23T13:20:21.9202053+08:00","level":"WARN","body":"委托[clOrdId: 202d7a7b-3ed4-11f1-a30c-1ece51d839d6]被拒绝, 原因: [GMBROKER] 非科创板股票,如果卖出的数量不是100股的整数倍,则卖出的数量必须是当前的全部可卖数量; 委托数量 10850 VS 当前的全部可卖数量 18200"}
{"time":"2026-04-23T13:20:21.946212+08:00","level":"WARN","body":"委托[clOrdId: 2031ced6-3ed4-11f1-a30c-1ece51d839d6]被拒绝, 原因: [GMBROKER] 仓位不足: 委托冻结(21700) \u003e 可用持仓(18200)"}
{"time":"2026-04-23T13:20:26.2259035+08:00","level":"WARN","body":"委托[clOrdId: 22beffa5-3ed4-11f1-a30c-1ece51d839d6]被拒绝, 原因: [GMBROKER] 仓位不足: 委托冻结(500) \u003e 可用持仓(0)"}
{"time":"2026-04-23T13:20:26.3010993+08:00","level":"WARN","body":"委托[clOrdId: 22c9fcc2-3ed4-11f1-a30c-1ece51d839d6]被拒绝, 原因: [GMBROKER] 仓位不足: 委托冻结(1000) \u003e 可用持仓(0)"}
{"time":"2026-04-23T13:20:26.9325103+08:00","level":"WARN","body":"委托[clOrdId: 2329a376-3ed4-11f1-a30c-1ece51d839d6]被拒绝, 原因: [GMBROKER] 科创板股票当前可卖出数量小于200股是,应当一次性申报卖出; 当前的全部可卖数量 0"}
{"time":"2026-04-23T13:20:27.0704578+08:00","level":"WARN","body":"委托[clOrdId: 2335fc19-3ed4-11f1-a30c-1ece51d839d6]被拒绝, 原因: [GMBROKER] 科创板股票当前可卖出数量小于200股是,应当一次性申报卖出; 当前的全部可卖数量 0"}
{"time":"2026-04-23T13:20:28.5792339+08:00","level":"WARN","body":"委托[clOrdId: 242589f8-3ed4-11f1-a30c-1ece51d839d6]被拒绝, 原因: [GMBROKER] 非科创板股票,如果卖出的数量不是100股的整数倍,则卖出的数量必须是当前的全部可卖数量; 委托数量 250 VS 当前的全部可卖数量 0"}
{"time":"2026-04-23T13:20:28.6226726+08:00","level":"WARN","body":"委托[clOrdId: 242c30c1-3ed4-11f1-a30c-1ece51d839d6]被拒绝, 原因: [GMBROKER] 仓位不足: 委托冻结(500) \u003e 可用持仓(0)"}
{"time":"2026-04-23T13:20:49.0003473+08:00","level":"WARN","body":"委托[clOrdId: 3050d8d8-3ed4-11f1-a30c-1ece51d839d6]被拒绝, 原因: [GMBROKER] 非科创板股票,如果卖出的数量不是100股的整数倍,则卖出的数量必须是当前的全部可卖数量; 委托数量 10850 VS 当前的全部可卖数量 18200"}
{"time":"2026-04-23T13:20:49.1307683+08:00","level":"WARN","body":"委托[clOrdId: 306567f0-3ed4-11f1-a30c-1ece51d839d6]被拒绝, 原因: [GMBROKER] 仓位不足: 委托冻结(21700) \u003e 可用持仓(18200)"}
{"time":"2026-04-23T13:20:50.9841316+08:00","level":"WARN","body":"委托[clOrdId: 31801075-3ed4-11f1-a30c-1ece51d839d6]被拒绝, 原因: [GMBROKER] 仓位不足: 委托冻结(500) \u003e 可用持仓(0)"}
{"time":"2026-04-23T13:20:52.3013693+08:00","level":"WARN","body":"委托[clOrdId: 32498367-3ed4-11f1-a30c-1ece51d839d6]被拒绝, 原因: [GMBROKER] 仓位不足: 委托冻结(1000) \u003e 可用持仓(0)"}
{"time":"2026-04-23T13:20:55.2869811+08:00","level":"WARN","body":"委托[clOrdId: 34104091-3ed4-11f1-a30c-1ece51d839d6]被拒绝, 原因: [GMBROKER] 科创板股票当前可卖出数量小于200股是,应当一次性申报卖出; 当前的全部可卖数量 0"}
{"time":"2026-04-23T13:20:58.5406244+08:00","level":"WARN","body":"委托[clOrdId: 3600aa1e-3ed4-11f1-a30c-1ece51d839d6]被拒绝, 原因: [GMBROKER] 科创板股票当前可卖出数量小于200股是,应当一次性申报卖出; 当前的全部可卖数量 0"}
{"time":"2026-04-23T13:20:59.9212974+08:00","level":"WARN","body":"委托[clOrdId: 36d4567a-3ed4-11f1-a30c-1ece51d839d6]被拒绝, 原因: [GMBROKER] 非科创板股票,如果卖出的数量不是100股的整数倍,则卖出的数量必须是当前的全部可卖数量; 委托数量 250 VS 当前的全部可卖数量 0"}
{"time":"2026-04-23T13:21:00.0016097+08:00","level":"WARN","body":"委托[clOrdId: 36e01b32-3ed4-11f1-a30c-1ece51d839d6]被拒绝, 原因: [GMBROKER] 仓位不足: 委托冻结(500) \u003e 可用持仓(0)"}
{"time":"2026-04-23T13:21:10.3012558+08:00","level":"WARN","body":"委托[clOrdId: 3d031f52-3ed4-11f1-a30c-1ece51d839d6]被拒绝, 原因: [GMBROKER] 非科创板股票,如果卖出的数量不是100股的整数倍,则卖出的数量必须是当前的全部可卖数量; 委托数量 10850 VS 当前的全部可卖数量 18200"}
{"time":"2026-04-23T13:21:11.4615229+08:00","level":"WARN","body":"委托[clOrdId: 3db3f953-3ed4-11f1-a30c-1ece51d839d6]被拒绝, 原因: [GMBROKER] 仓位不足: 委托冻结(21700) \u003e 可用持仓(18200)"}
{"time":"2026-04-23T13:21:13.0323649+08:00","level":"WARN","body":"委托[clOrdId: 3ea56ff7-3ed4-11f1-a30c-1ece51d839d6]被拒绝, 原因: [GMBROKER] 仓位不足: 委托冻结(500) \u003e 可用持仓(0)"}
{"time":"2026-04-23T13:21:14.1547843+08:00","level":"WARN","body":"委托[clOrdId: 3f4fc5d1-3ed4-11f1-a30c-1ece51d839d6]被拒绝, 原因: [GMBROKER] 仓位不足: 委托冻结(1000) \u003e 可用持仓(0)"}
{"time":"2026-04-23T13:21:15.2706662+08:00","level":"WARN","body":"委托[clOrdId: 3ffa3927-3ed4-11f1-a30c-1ece51d839d6]被拒绝, 原因: [GMBROKER] 科创板股票当前可卖出数量小于200股是,应当一次性申报卖出; 当前的全部可卖数量 0"}
{"time":"2026-04-23T13:21:15.3876271+08:00","level":"WARN","body":"委托[clOrdId: 400cadb6-3ed4-11f1-a30c-1ece51d839d6]被拒绝, 原因: [GMBROKER] 科创板股票当前可卖出数量小于200股是,应当一次性申报卖出; 当前的全部可卖数量 0"}
{"time":"2026-04-23T13:21:18.1126412+08:00","level":"WARN","body":"委托[clOrdId: 41ac4942-3ed4-11f1-a30c-1ece51d839d6]被拒绝, 原因: [GMBROKER] 非科创板股票,如果卖出的数量不是100股的整数倍,则卖出的数量必须是当前的全部可卖数量; 委托数量 250 VS 当前的全部可卖数量 0"}
{"time":"2026-04-23T13:21:18.1541886+08:00","level":"WARN","body":"委托[clOrdId: 41b2c839-3ed4-11f1-a30c-1ece51d839d6]被拒绝, 原因: [GMBROKER] 仓位不足: 委托冻结(500) \u003e 可用持仓(0)"}
{"time":"2026-04-23T13:21:39.0681607+08:00","level":"WARN","body":"委托[clOrdId: 4e288a75-3ed4-11f1-a30c-1ece51d839d6]被拒绝, 原因: [GMBROKER] 非科创板股票,如果卖出的数量不是100股的整数倍,则卖出的数量必须是当前的全部可卖数量; 委托数量 10850 VS 当前的全部可卖数量 18200"}
{"time":"2026-04-23T13:21:41.1922125+08:00","level":"WARN","body":"委托[clOrdId: 4f6c7b34-3ed4-11f1-a30c-1ece51d839d6]被拒绝, 原因: [GMBROKER] 仓位不足: 委托冻结(21700) \u003e 可用持仓(18200)"}
{"time":"2026-04-23T13:21:45.1734191+08:00","level":"WARN","body":"委托[clOrdId: 51cc35f8-3ed4-11f1-a30c-1ece51d839d6]被拒绝, 原因: [GMBROKER] 仓位不足: 委托冻结(500) \u003e 可用持仓(0)"}
{"time":"2026-04-23T13:21:45.2085713+08:00","level":"WARN","body":"委托[clOrdId: 51d28223-3ed4-11f1-a30c-1ece51d839d6]被拒绝, 原因: [GMBROKER] 仓位不足: 委托冻结(1000) \u003e 可用持仓(0)"}
{"time":"2026-04-23T13:21:47.4578108+08:00","level":"WARN","body":"委托[clOrdId: 5328e080-3ed4-11f1-a30c-1ece51d839d6]被拒绝, 原因: [GMBROKER] 科创板股票当前可卖出数量小于200股是,应当一次性申报卖出; 当前的全部可卖数量 0"}
{"time":"2026-04-23T13:21:47.5869243+08:00","level":"WARN","body":"委托[clOrdId: 533cb575-3ed4-11f1-a30c-1ece51d839d6]被拒绝, 原因: [GMBROKER] 科创板股票当前可卖出数量小于200股是,应当一次性申报卖出; 当前的全部可卖数量 0"}
{"time":"2026-04-23T13:21:52.0329224+08:00","level":"WARN","body":"委托[clOrdId: 55e43248-3ed4-11f1-a30c-1ece51d839d6]被拒绝, 原因: [GMBROKER] 非科创板股票,如果卖出的数量不是100股的整数倍,则卖出的数量必须是当前的全部可卖数量; 委托数量 250 VS 当前的全部可卖数量 0"}
{"time":"2026-04-23T13:21:52.1289498+08:00","level":"WARN","body":"委托[clOrdId: 55f1bc31-3ed4-11f1-a30c-1ece51d839d6]被拒绝, 原因: [GMBROKER] 仓位不足: 委托冻结(500) \u003e 可用持仓(0)"}
{"time":"2026-04-23T13:22:11.313123+08:00","level":"WARN","body":"委托[clOrdId: 61619ced-3ed4-11f1-a30c-1ece51d839d6]被拒绝, 原因: [GMBROKER] 非科创板股票,如果卖出的数量不是100股的整数倍,则卖出的数量必须是当前的全部可卖数量; 委托数量 250 VS 当前的全部可卖数量 0"}
{"time":"2026-04-23T13:22:11.434553+08:00","level":"WARN","body":"委托[clOrdId: 61745ea9-3ed4-11f1-a30c-1ece51d839d6]被拒绝, 原因: [GMBROKER] 仓位不足: 委托冻结(500) \u003e 可用持仓(0)"}
{"time":"2026-04-23T13:22:15.14154+08:00","level":"WARN","body":"委托[clOrdId: 63a9ba00-3ed4-11f1-a30c-1ece51d839d6]被拒绝, 原因: [GMBROKER] 科创板股票当前可卖出数量小于200股是,应当一次性申报卖出; 当前的全部可卖数量 0"}
{"time":"2026-04-23T13:22:15.2773611+08:00","level":"WARN","body":"委托[clOrdId: 63bdb98f-3ed4-11f1-a30c-1ece51d839d6]被拒绝, 原因: [GMBROKER] 科创板股票当前可卖出数量小于200股是,应当一次性申报卖出; 当前的全部可卖数量 0"}
{"time":"2026-04-23T13:22:16.342706+08:00","level":"WARN","body":"委托[clOrdId: 646139a2-3ed4-11f1-a30c-1ece51d839d6]被拒绝, 原因: [GMBROKER] 非科创板股票,如果卖出的数量不是100股的整数倍,则卖出的数量必须是当前的全部可卖数量; 委托数量 10850 VS 当前的全部可卖数量 18200"}
{"time":"2026-04-23T13:22:18.0336544+08:00","level":"WARN","body":"委托[clOrdId: 65637faf-3ed4-11f1-a30c-1ece51d839d6]被拒绝, 原因: [GMBROKER] 仓位不足: 委托冻结(21700) \u003e 可用持仓(18200)"}
{"time":"2026-04-23T13:22:25.0571417+08:00","level":"WARN","body":"委托[clOrdId: 6993198e-3ed4-11f1-a30c-1ece51d839d6]被拒绝, 原因: [GMBROKER] 仓位不足: 委托冻结(500) \u003e 可用持仓(0)"}
{"time":"2026-04-23T13:22:25.0989667+08:00","level":"WARN","body":"委托[clOrdId: 6999676f-3ed4-11f1-a30c-1ece51d839d6]被拒绝, 原因: [GMBROKER] 仓位不足: 委托冻结(1000) \u003e 可用持仓(0)"}
{"time":"2026-04-23T13:22:50.1878712+08:00","level":"WARN","body":"委托[clOrdId: 788ca395-3ed4-11f1-a30c-1ece51d839d6]被拒绝, 原因: [GMBROKER] 仓位不足: 委托冻结(12800) \u003e 可用持仓(0)"}
{"time":"2026-04-23T13:22:50.6438757+08:00","level":"WARN","body":"委托[clOrdId: 78d37ff1-3ed4-11f1-a30c-1ece51d839d6]被拒绝, 原因: [GMBROKER] 仓位不足: 委托冻结(500) \u003e 可用持仓(0)"}
{"time":"2026-04-23T13:22:57.2368271+08:00","level":"WARN","body":"委托[clOrdId: 7cc0fbe8-3ed4-11f1-a30c-1ece51d839d6]被拒绝, 原因: [GMBROKER] 科创板股票当前可卖出数量小于200股是,应当一次性申报卖出; 当前的全部可卖数量 0"}
{"time":"2026-04-23T13:22:57.2760014+08:00","level":"WARN","body":"委托[clOrdId: 7cc7577c-3ed4-11f1-a30c-1ece51d839d6]被拒绝, 原因: [GMBROKER] 仓位不足: 委托冻结(500) \u003e 可用持仓(0)"}
{"time":"2026-04-23T13:22:57.2791675+08:00","level":"WARN","body":"委托[clOrdId: 7cc8266d-3ed4-11f1-a30c-1ece51d839d6]被拒绝, 原因: [GMBROKER] 科创板股票当前可卖出数量小于200股是,应当一次性申报卖出; 当前的全部可卖数量 0"}
{"time":"2026-04-23T13:22:57.5189311+08:00","level":"WARN","body":"委托[clOrdId: 7ceb5be7-3ed4-11f1-a30c-1ece51d839d6]被拒绝, 原因: [GMBROKER] 非科创板股票,如果卖出的数量不是100股的整数倍,则卖出的数量必须是当前的全部可卖数量; 委托数量 250 VS 当前的全部可卖数量 0"}
{"time":"2026-04-23T13:22:57.6521748+08:00","level":"WARN","body":"委托[clOrdId: 7cffa22d-3ed4-11f1-a30c-1ece51d839d6]被拒绝, 原因: [GMBROKER] 仓位不足: 委托冻结(500) \u003e 可用持仓(0)"}
{"time":"2026-04-23T13:23:02.1062341+08:00","level":"WARN","body":"委托[clOrdId: 7fa86a36-3ed4-11f1-a30c-1ece51d839d6]被拒绝, 原因: [GMBROKER] 非科创板股票,如果卖出的数量不是100股的整数倍,则卖出的数量必须是当前的全部可卖数量; 委托数量 10850 VS 当前的全部可卖数量 18200"}
{"time":"2026-04-23T13:23:02.1591253+08:00","level":"WARN","body":"委托[clOrdId: 7fb05946-3ed4-11f1-a30c-1ece51d839d6]被拒绝, 原因: [GMBROKER] 仓位不足: 委托冻结(21700) \u003e 可用持仓(18200)"}
{"time":"2026-04-23T13:23:02.2684487+08:00","level":"WARN","body":"委托[clOrdId: 7fc1a3c7-3ed4-11f1-a30c-1ece51d839d6]被拒绝, 原因: [GMBROKER] 仓位不足: 委托冻结(500) \u003e 可用持仓(0)"}
{"time":"2026-04-23T13:23:02.3376098+08:00","level":"WARN","body":"委托[clOrdId: 7fcb94a2-3ed4-11f1-a30c-1ece51d839d6]被拒绝, 原因: [GMBROKER] 仓位不足: 委托冻结(1000) \u003e 可用持仓(0)"}
{"time":"2026-04-23T13:23:26.3903245+08:00","level":"WARN","body":"委托[clOrdId: 8e20df8d-3ed4-11f1-a30c-1ece51d839d6]被拒绝, 原因: [GMBROKER] 非科创板股票,如果卖出的数量不是100股的整数倍,则卖出的数量必须是当前的全部可卖数量; 委托数量 10850 VS 当前的全部可卖数量 18200"}
{"time":"2026-04-23T13:23:26.6820533+08:00","level":"WARN","body":"委托[clOrdId: 8e4e2b30-3ed4-11f1-a30c-1ece51d839d6]被拒绝, 原因: [GMBROKER] 仓位不足: 委托冻结(21700) \u003e 可用持仓(18200)"}
{"time":"2026-04-23T13:23:27.3862779+08:00","level":"WARN","body":"委托[clOrdId: 8eb909b1-3ed4-11f1-a30c-1ece51d839d6]被拒绝, 原因: [GMBROKER] 仓位不足: 委托冻结(12800) \u003e 可用持仓(0)"}
{"time":"2026-04-23T13:23:27.4299414+08:00","level":"WARN","body":"委托[clOrdId: 8ec05ff1-3ed4-11f1-a30c-1ece51d839d6]被拒绝, 原因: [GMBROKER] 仓位不足: 委托冻结(500) \u003e 可用持仓(0)"}
{"time":"2026-04-23T13:23:27.5159648+08:00","level":"WARN","body":"委托[clOrdId: 8ecd9ad4-3ed4-11f1-a30c-1ece51d839d6]被拒绝, 原因: [GMBROKER] 仓位不足: 委托冻结(500) \u003e 可用持仓(0)"}
{"time":"2026-04-23T13:23:27.5206047+08:00","level":"WARN","body":"委托[clOrdId: 8ecd9ad4-3ed4-11f1-a30d-1ece51d839d6]被拒绝, 原因: [GMBROKER] 仓位不足: 委托冻结(1000) \u003e 可用持仓(0)"}
{"time":"2026-04-23T13:23:29.0595941+08:00","level":"WARN","body":"委托[clOrdId: 8fb910da-3ed4-11f1-a30d-1ece51d839d6]被拒绝, 原因: [GMBROKER] 科创板股票当前可卖出数量小于200股是,应当一次性申报卖出; 当前的全部可卖数量 0"}
{"time":"2026-04-23T13:23:29.1779406+08:00","level":"WARN","body":"委托[clOrdId: 8fcb0d53-3ed4-11f1-a30d-1ece51d839d6]被拒绝, 原因: [GMBROKER] 科创板股票当前可卖出数量小于200股是,应当一次性申报卖出; 当前的全部可卖数量 0"}
{"time":"2026-04-23T13:23:29.182117+08:00","level":"WARN","body":"委托[clOrdId: 8fcbfa92-3ed4-11f1-a30d-1ece51d839d6]被拒绝, 原因: [GMBROKER] 仓位不足: 委托冻结(500) \u003e 可用持仓(0)"}
{"time":"2026-04-23T13:23:31.3890433+08:00","level":"WARN","body":"委托[clOrdId: 911cb9a2-3ed4-11f1-a30d-1ece51d839d6]被拒绝, 原因: [GMBROKER] 非科创板股票,如果卖出的数量不是100股的整数倍,则卖出的数量必须是当前的全部可卖数量; 委托数量 250 VS 当前的全部可卖数量 0"}
{"time":"2026-04-23T13:23:31.666317+08:00","level":"WARN","body":"委托[clOrdId: 91467be3-3ed4-11f1-a30d-1ece51d839d6]被拒绝, 原因: [GMBROKER] 仓位不足: 委托冻结(500) \u003e 可用持仓(0)"}
{"time":"2026-04-23T13:23:53.4710768+08:00","level":"WARN","body":"委托[clOrdId: 9e44f72e-3ed4-11f1-a30d-1ece51d839d6]被拒绝, 原因: [GMBROKER] 非科创板股票,如果卖出的数量不是100股的整数倍,则卖出的数量必须是当前的全部可卖数量; 委托数量 10850 VS 当前的全部可卖数量 18200"}
{"time":"2026-04-23T13:23:53.6004659+08:00","level":"WARN","body":"委托[clOrdId: 9e58b900-3ed4-11f1-a30d-1ece51d839d6]被拒绝, 原因: [GMBROKER] 仓位不足: 委托冻结(21700) \u003e 可用持仓(18200)"}
{"time":"2026-04-23T13:23:56.2179106+08:00","level":"WARN","body":"委托[clOrdId: 9fe94bf9-3ed4-11f1-a30d-1ece51d839d6]被拒绝, 原因: [GMBROKER] 仓位不足: 委托冻结(500) \u003e 可用持仓(0)"}
{"time":"2026-04-23T13:23:56.2428071+08:00","level":"WARN","body":"委托[clOrdId: 9fecafa7-3ed4-11f1-a30d-1ece51d839d6]被拒绝, 原因: [GMBROKER] 仓位不足: 委托冻结(1000) \u003e 可用持仓(0)"}
{"time":"2026-04-23T13:23:57.5364055+08:00","level":"WARN","body":"委托[clOrdId: a0a4947f-3ed4-11f1-a30d-1ece51d839d6]被拒绝, 原因: [GMBROKER] 科创板股票当前可卖出数量小于200股是,应当一次性申报卖出; 当前的全部可卖数量 0"}
{"time":"2026-04-23T13:23:57.5793764+08:00","level":"WARN","body":"委托[clOrdId: a0b7f41d-3ed4-11f1-a30d-1ece51d839d6]被拒绝, 原因: [GMBROKER] 科创板股票当前可卖出数量小于200股是,应当一次性申报卖出; 当前的全部可卖数量 0"}
{"time":"2026-04-23T13:23:57.7404736+08:00","level":"WARN","body":"委托[clOrdId: a0d0d1be-3ed4-11f1-a30d-1ece51d839d6]被拒绝, 原因: [GMBROKER] 非科创板股票,如果卖出的数量不是100股的整数倍,则卖出的数量必须是当前的全部可卖数量; 委托数量 250 VS 当前的全部可卖数量 0"}
{"time":"2026-04-23T13:23:57.7782597+08:00","level":"WARN","body":"委托[clOrdId: a0d723f8-3ed4-11f1-a30d-1ece51d839d6]被拒绝, 原因: [GMBROKER] 仓位不足: 委托冻结(500) \u003e 可用持仓(0)"}
{"time":"2026-04-23T13:24:12.4205813+08:00","level":"WARN","body":"委托[clOrdId: a991640f-3ed4-11f1-a30d-1ece51d839d6]被拒绝, 原因: [GMBROKER] 非科创板股票,如果卖出的数量不是100股的整数倍,则卖出的数量必须是当前的全部可卖数量; 委托数量 10850 VS 当前的全部可卖数量 18200"}
{"time":"2026-04-23T13:24:14.5853984+08:00","level":"WARN","body":"委托[clOrdId: aadaa6c5-3ed4-11f1-a30d-1ece51d839d6]被拒绝, 原因: [GMBROKER] 仓位不足: 委托冻结(21700) \u003e 可用持仓(18200)"}
{"time":"2026-04-23T13:24:15.1917055+08:00","level":"WARN","body":"委托[clOrdId: ab385d25-3ed4-11f1-a30d-1ece51d839d6]被拒绝, 原因: [GMBROKER] 仓位不足: 委托冻结(500) \u003e 可用持仓(0)"}
{"time":"2026-04-23T13:24:15.2849146+08:00","level":"WARN","body":"委托[clOrdId: ab464583-3ed4-11f1-a30d-1ece51d839d6]被拒绝, 原因: [GMBROKER] 仓位不足: 委托冻结(1000) \u003e 可用持仓(0)"}
{"time":"2026-04-23T13:24:16.7882165+08:00","level":"WARN","body":"委托[clOrdId: ac2babcc-3ed4-11f1-a30d-1ece51d839d6]被拒绝, 原因: [GMBROKER] 科创板股票当前可卖出数量小于200股是,应当一次性申报卖出; 当前的全部可卖数量 0"}
{"time":"2026-04-23T13:24:16.9038306+08:00","level":"WARN","body":"委托[clOrdId: ac3ccc34-3ed4-11f1-a30d-1ece51d839d6]被拒绝, 原因: [GMBROKER] 科创板股票当前可卖出数量小于200股是,应当一次性申报卖出; 当前的全部可卖数量 0"}
{"time":"2026-04-23T13:24:18.2791566+08:00","level":"WARN","body":"委托[clOrdId: ad0e80aa-3ed4-11f1-a30d-1ece51d839d6]被拒绝, 原因: [GMBROKER] 非科创板股票,如果卖出的数量不是100股的整数倍,则卖出的数量必须是当前的全部可卖数量; 委托数量 250 VS 当前的全部可卖数量 0"}
{"time":"2026-04-23T13:24:18.4027495+08:00","level":"WARN","body":"委托[clOrdId: ad223c5b-3ed4-11f1-a30d-1ece51d839d6]被拒绝, 原因: [GMBROKER] 仓位不足: 委托冻结(500) \u003e 可用持仓(0)"}
{"time":"2026-04-23T13:24:39.4831851+08:00","level":"WARN","body":"委托[clOrdId: b9b2ff4a-3ed4-11f1-a30d-1ece51d839d6]被拒绝, 原因: [GMBROKER] 科创板股票当前可卖出数量小于200股是,应当一次性申报卖出; 当前的全部可卖数量 0"}
{"time":"2026-04-23T13:24:39.6697934+08:00","level":"WARN","body":"委托[clOrdId: b9cfaa4b-3ed4-11f1-a30d-1ece51d839d6]被拒绝, 原因: [GMBROKER] 科创板股票当前可卖出数量小于200股是,应当一次性申报卖出; 当前的全部可卖数量 0"}
{"time":"2026-04-23T13:24:42.5086872+08:00","level":"WARN","body":"委托[clOrdId: bb806fee-3ed4-11f1-a30d-1ece51d839d6]被拒绝, 原因: [GMBROKER] 非科创板股票,如果卖出的数量不是100股的整数倍,则卖出的数量必须是当前的全部可卖数量; 委托数量 250 VS 当前的全部可卖数量 0"}
{"time":"2026-04-23T13:24:42.5470246+08:00","level":"WARN","body":"委托[clOrdId: bb85e82e-3ed4-11f1-a30d-1ece51d839d6]被拒绝, 原因: [GMBROKER] 仓位不足: 委托冻结(500) \u003e 可用持仓(0)"}
{"time":"2026-04-23T13:24:46.5407487+08:00","level":"WARN","body":"委托[clOrdId: bde7f305-3ed4-11f1-a30d-1ece51d839d6]被拒绝, 原因: [GMBROKER] 非科创板股票,如果卖出的数量不是100股的整数倍,则卖出的数量必须是当前的全部可卖数量; 委托数量 10850 VS 当前的全部可卖数量 18200"}
{"time":"2026-04-23T13:24:46.9051966+08:00","level":"WARN","body":"委托[clOrdId: be1f405c-3ed4-11f1-a30d-1ece51d839d6]被拒绝, 原因: [GMBROKER] 仓位不足: 委托冻结(21700) \u003e 可用持仓(18200)"}
{"time":"2026-04-23T13:24:48.519448+08:00","level":"WARN","body":"委托[clOrdId: bf155458-3ed4-11f1-a30d-1ece51d839d6]被拒绝, 原因: [GMBROKER] 仓位不足: 委托冻结(500) \u003e 可用持仓(0)"}
{"time":"2026-04-23T13:24:48.6449488+08:00","level":"WARN","body":"委托[clOrdId: bf2852cb-3ed4-11f1-a30d-1ece51d839d6]被拒绝, 原因: [GMBROKER] 仓位不足: 委托冻结(1000) \u003e 可用持仓(0)"}
{"time":"2026-04-23T13:25:11.1867788+08:00","level":"WARN","body":"委托[clOrdId: cc97446f-3ed4-11f1-a30d-1ece51d839d6]被拒绝, 原因: [GMBROKER] 非科创板股票,如果卖出的数量不是100股的整数倍,则卖出的数量必须是当前的全部可卖数量; 委托数量 10850 VS 当前的全部可卖数量 18200"}
{"time":"2026-04-23T13:25:11.2992887+08:00","level":"WARN","body":"委托[clOrdId: cca88d85-3ed4-11f1-a30d-1ece51d839d6]被拒绝, 原因: [GMBROKER] 仓位不足: 委托冻结(21700) \u003e 可用持仓(18200)"}
{"time":"2026-04-23T13:25:12.4551516+08:00","level":"WARN","body":"委托[clOrdId: cd59e2f3-3ed4-11f1-a30d-1ece51d839d6]被拒绝, 原因: [GMBROKER] 仓位不足: 委托冻结(500) \u003e 可用持仓(0)"}
{"time":"2026-04-23T13:25:12.5840411+08:00","level":"WARN","body":"委托[clOrdId: cd6caa2d-3ed4-11f1-a30d-1ece51d839d6]被拒绝, 原因: [GMBROKER] 仓位不足: 委托冻结(1000) \u003e 可用持仓(0)"}
{"time":"2026-04-23T13:25:16.6807384+08:00","level":"WARN","body":"委托[clOrdId: cfded4ad-3ed4-11f1-a30d-1ece51d839d6]被拒绝, 原因: [GMBROKER] 科创板股票当前可卖出数量小于200股是,应当一次性申报卖出; 当前的全部可卖数量 0"}
{"time":"2026-04-23T13:25:16.8149963+08:00","level":"WARN","body":"委托[clOrdId: cff1365f-3ed4-11f1-a30d-1ece51d839d6]被拒绝, 原因: [GMBROKER] 科创板股票当前可卖出数量小于200股是,应当一次性申报卖出; 当前的全部可卖数量 0"}
{"time":"2026-04-23T13:25:16.9669775+08:00","level":"WARN","body":"委托[clOrdId: d00983a6-3ed4-11f1-a30d-1ece51d839d6]被拒绝, 原因: [GMBROKER] 非科创板股票,如果卖出的数量不是100股的整数倍,则卖出的数量必须是当前的全部可卖数量; 委托数量 250 VS 当前的全部可卖数量 0"}
{"time":"2026-04-23T13:25:17.0052292+08:00","level":"WARN","body":"委托[clOrdId: d010603f-3ed4-11f1-a30d-1ece51d839d6]被拒绝, 原因: [GMBROKER] 仓位不足: 委托冻结(500) \u003e 可用持仓(0)"}
{"time":"2026-04-23T13:25:33.011155+08:00","level":"WARN","body":"委托[clOrdId: d99a6081-3ed4-11f1-a30d-1ece51d839d6]被拒绝, 原因: [GMBROKER] 非科创板股票,如果卖出的数量不是100股的整数倍,则卖出的数量必须是当前的全部可卖数量; 委托数量 10850 VS 当前的全部可卖数量 18200"}
{"time":"2026-04-23T13:25:33.7106202+08:00","level":"WARN","body":"委托[clOrdId: da030246-3ed4-11f1-a30d-1ece51d839d6]被拒绝, 原因: [GMBROKER] 仓位不足: 委托冻结(21700) \u003e 可用持仓(18200)"}
{"time":"2026-04-23T13:25:35.2800284+08:00","level":"WARN","body":"委托[clOrdId: daf4c45a-3ed4-11f1-a30d-1ece51d839d6]被拒绝, 原因: [GMBROKER] 仓位不足: 委托冻结(500) \u003e 可用持仓(0)"}
{"time":"2026-04-23T13:25:36.4350258+08:00","level":"WARN","body":"委托[clOrdId: dba3fe98-3ed4-11f1-a30d-1ece51d839d6]被拒绝, 原因: [GMBROKER] 仓位不足: 委托冻结(1000) \u003e 可用持仓(0)"}
{"time":"2026-04-23T13:25:39.7199449+08:00","level":"WARN","body":"委托[clOrdId: dd98df35-3ed4-11f1-a30d-1ece51d839d6]被拒绝, 原因: [GMBROKER] 非科创板股票,如果卖出的数量不是100股的整数倍,则卖出的数量必须是当前的全部可卖数量; 委托数量 250 VS 当前的全部可卖数量 0"}
{"time":"2026-04-23T13:25:39.8531108+08:00","level":"WARN","body":"委托[clOrdId: ddadb1bb-3ed4-11f1-a30d-1ece51d839d6]被拒绝, 原因: [GMBROKER] 仓位不足: 委托冻结(500) \u003e 可用持仓(0)"}
{"time":"2026-04-23T13:25:42.7142798+08:00","level":"WARN","body":"委托[clOrdId: df62ce9a-3ed4-11f1-a30d-1ece51d839d6]被拒绝, 原因: [GMBROKER] 仓位不足: 委托冻结(3600) \u003e 可用持仓(0)"}
{"time":"2026-04-23T13:25:45.7324334+08:00","level":"WARN","body":"委托[clOrdId: e12eb151-3ed4-11f1-a30d-1ece51d839d6]被拒绝, 原因: [GMBROKER] 科创板股票当前可卖出数量小于200股是,应当一次性申报卖出; 当前的全部可卖数量 0"}
{"time":"2026-04-23T13:25:48.6215325+08:00","level":"WARN","body":"委托[clOrdId: e2e77e15-3ed4-11f1-a30d-1ece51d839d6]被拒绝, 原因: [GMBROKER] 科创板股票当前可卖出数量小于200股是,应当一次性申报卖出; 当前的全部可卖数量 0"}
{"time":"2026-04-23T13:26:08.8031016+08:00","level":"WARN","body":"委托[clOrdId: eeefac78-3ed4-11f1-a30d-1ece51d839d6]被拒绝, 原因: [GMBROKER] 科创板股票当前可卖出数量小于200股是,应当一次性申报卖出; 当前的全部可卖数量 0"}
{"time":"2026-04-23T13:26:08.8947699+08:00","level":"WARN","body":"委托[clOrdId: eefde679-3ed4-11f1-a30d-1ece51d839d6]被拒绝, 原因: [GMBROKER] 科创板股票当前可卖出数量小于200股是,应当一次性申报卖出; 当前的全部可卖数量 0"}
{"time":"2026-04-23T13:26:09.7562652+08:00","level":"WARN","body":"委托[clOrdId: ef81a3c3-3ed4-11f1-a30d-1ece51d839d6]被拒绝, 原因: [GMBROKER] 非科创板股票,如果卖出的数量不是100股的整数倍,则卖出的数量必须是当前的全部可卖数量; 委托数量 250 VS 当前的全部可卖数量 0"}
{"time":"2026-04-23T13:26:10.2759669+08:00","level":"WARN","body":"委托[clOrdId: efd0e714-3ed4-11f1-a30d-1ece51d839d6]被拒绝, 原因: [GMBROKER] 仓位不足: 委托冻结(500) \u003e 可用持仓(0)"}
{"time":"2026-04-23T13:26:14.8218342+08:00","level":"WARN","body":"委托[clOrdId: f2864e96-3ed4-11f1-a30d-1ece51d839d6]被拒绝, 原因: [GMBROKER] 非科创板股票,如果卖出的数量不是100股的整数倍,则卖出的数量必须是当前的全部可卖数量; 委托数量 10850 VS 当前的全部可卖数量 18200"}
{"time":"2026-04-23T13:26:17.6915942+08:00","level":"WARN","body":"委托[clOrdId: f43b0f65-3ed4-11f1-a30d-1ece51d839d6]被拒绝, 原因: [GMBROKER] 仓位不足: 委托冻结(21700) \u003e 可用持仓(18200)"}
{"time":"2026-04-23T13:26:18.8039663+08:00","level":"WARN","body":"委托[clOrdId: f4e4f8f6-3ed4-11f1-a30d-1ece51d839d6]被拒绝, 原因: [GMBROKER] 仓位不足: 委托冻结(500) \u003e 可用持仓(0)"}
{"time":"2026-04-23T13:26:18.9438291+08:00","level":"WARN","body":"委托[clOrdId: f4fa5522-3ed4-11f1-a30d-1ece51d839d6]被拒绝, 原因: [GMBROKER] 仓位不足: 委托冻结(1000) \u003e 可用持仓(0)"}
{"time":"2026-04-23T13:26:36.493677+08:00","level":"WARN","body":"委托[clOrdId: ff70410f-3ed4-11f1-a30d-1ece51d839d6]被拒绝, 原因: [GMBROKER] 非科创板股票,如果卖出的数量不是100股的整数倍,则卖出的数量必须是当前的全部可卖数量; 委托数量 10850 VS 当前的全部可卖数量 18200"}
{"time":"2026-04-23T13:26:36.6093808+08:00","level":"WARN","body":"委托[clOrdId: ff820775-3ed4-11f1-a30d-1ece51d839d6]被拒绝, 原因: [GMBROKER] 仓位不足: 委托冻结(21700) \u003e 可用持仓(18200)"}
{"time":"2026-04-23T13:26:37.8490486+08:00","level":"WARN","body":"委托[clOrdId: 003f009a-3ed5-11f1-a30d-1ece51d839d6]被拒绝, 原因: [GMBROKER] 仓位不足: 委托冻结(500) \u003e 可用持仓(0)"}
{"time":"2026-04-23T13:26:37.8860573+08:00","level":"WARN","body":"委托[clOrdId: 0045f65e-3ed5-11f1-a30d-1ece51d839d6]被拒绝, 原因: [GMBROKER] 仓位不足: 委托冻结(1000) \u003e 可用持仓(0)"}
{"time":"2026-04-23T13:26:39.7578994+08:00","level":"WARN","body":"委托[clOrdId: 01637b08-3ed5-11f1-a30d-1ece51d839d6]被拒绝, 原因: [GMBROKER] 非科创板股票,如果卖出的数量不是100股的整数倍,则卖出的数量必须是当前的全部可卖数量; 委托数量 250 VS 当前的全部可卖数量 0"}
{"time":"2026-04-23T13:26:40.2768799+08:00","level":"WARN","body":"委托[clOrdId: 01b21e7a-3ed5-11f1-a30d-1ece51d839d6]被拒绝, 原因: [GMBROKER] 仓位不足: 委托冻结(500) \u003e 可用持仓(0)"}
{"time":"2026-04-23T13:26:44.8044406+08:00","level":"WARN","body":"委托[clOrdId: 046527be-3ed5-11f1-a30d-1ece51d839d6]被拒绝, 原因: [GMBROKER] 科创板股票当前可卖出数量小于200股是,应当一次性申报卖出; 当前的全部可卖数量 0"}
{"time":"2026-04-23T13:26:44.8995078+08:00","level":"WARN","body":"委托[clOrdId: 0472e7f9-3ed5-11f1-a30d-1ece51d839d6]被拒绝, 原因: [GMBROKER] 科创板股票当前可卖出数量小于200股是,应当一次性申报卖出; 当前的全部可卖数量 0"}
{"time":"2026-04-23T13:26:58.9051291+08:00","level":"WARN","body":"委托[clOrdId: 0ccd1f3d-3ed5-11f1-a30d-1ece51d839d6]被拒绝, 原因: [GMBROKER] 非科创板股票,如果卖出的数量不是100股的整数倍,则卖出的数量必须是当前的全部可卖数量; 委托数量 10850 VS 当前的全部可卖数量 18200"}
{"time":"2026-04-23T13:26:59.0476714+08:00","level":"WARN","body":"委托[clOrdId: 0cdf330a-3ed5-11f1-a30d-1ece51d839d6]被拒绝, 原因: [GMBROKER] 仓位不足: 委托冻结(21700) \u003e 可用持仓(18200)"}
{"time":"2026-04-23T13:27:00.7927989+08:00","level":"WARN","body":"委托[clOrdId: 0dec07f9-3ed5-11f1-a30d-1ece51d839d6]被拒绝, 原因: [GMBROKER] 仓位不足: 委托冻结(500) \u003e 可用持仓(0)"}
{"time":"2026-04-23T13:27:00.9271347+08:00","level":"WARN","body":"委托[clOrdId: 0e00b630-3ed5-11f1-a30d-1ece51d839d6]被拒绝, 原因: [GMBROKER] 仓位不足: 委托冻结(1000) \u003e 可用持仓(0)"}
{"time":"2026-04-23T13:27:01.8363402+08:00","level":"WARN","body":"委托[clOrdId: 0e8c777f-3ed5-11f1-a30d-1ece51d839d6]被拒绝, 原因: [GMBROKER] 科创板股票当前可卖出数量小于200股是,应当一次性申报卖出; 当前的全部可卖数量 0"}
{"time":"2026-04-23T13:27:02.179734+08:00","level":"WARN","body":"委托[clOrdId: 0ec076fc-3ed5-11f1-a30d-1ece51d839d6]被拒绝, 原因: [GMBROKER] 科创板股票当前可卖出数量小于200股是,应当一次性申报卖出; 当前的全部可卖数量 0"}
{"time":"2026-04-23T13:27:04.8095971+08:00","level":"WARN","body":"委托[clOrdId: 1050e2a5-3ed5-11f1-a30d-1ece51d839d6]被拒绝, 原因: [GMBROKER] 非科创板股票,如果卖出的数量不是100股的整数倍,则卖出的数量必须是当前的全部可卖数量; 委托数量 250 VS 当前的全部可卖数量 0"}
{"time":"2026-04-23T13:27:04.9213222+08:00","level":"WARN","body":"委托[clOrdId: 1062ea47-3ed5-11f1-a30d-1ece51d839d6]被拒绝, 原因: [GMBROKER] 仓位不足: 委托冻结(500) \u003e 可用持仓(0)"}
{"time":"2026-04-23T13:27:28.9997214+08:00","level":"WARN","body":"委托[clOrdId: 1ebb87c0-3ed5-11f1-a30d-1ece51d839d6]被拒绝, 原因: [GMBROKER] 科创板股票当前可卖出数量小于200股是,应当一次性申报卖出; 当前的全部可卖数量 0"}
{"time":"2026-04-23T13:27:30.8828726+08:00","level":"WARN","body":"委托[clOrdId: 1fdb38a1-3ed5-11f1-a30d-1ece51d839d6]被拒绝, 原因: [GMBROKER] 科创板股票当前可卖出数量小于200股是,应当一次性申报卖出; 当前的全部可卖数量 0"}
{"time":"2026-04-23T13:27:33.0612179+08:00","level":"WARN","body":"委托[clOrdId: 2127a352-3ed5-11f1-a30d-1ece51d839d6]被拒绝, 原因: [GMBROKER] 非科创板股票,如果卖出的数量不是100股的整数倍,则卖出的数量必须是当前的全部可卖数量; 委托数量 250 VS 当前的全部可卖数量 0"}
{"time":"2026-04-23T13:27:33.1665776+08:00","level":"WARN","body":"委托[clOrdId: 213805ee-3ed5-11f1-a30d-1ece51d839d6]被拒绝, 原因: [GMBROKER] 仓位不足: 委托冻结(500) \u003e 可用持仓(0)"}
{"time":"2026-04-23T13:27:48.8776397+08:00","level":"WARN","body":"委托[clOrdId: 2a96679b-3ed5-11f1-a30d-1ece51d839d6]被拒绝, 原因: [GMBROKER] 非科创板股票,如果卖出的数量不是100股的整数倍,则卖出的数量必须是当前的全部可卖数量; 委托数量 1750 VS 当前的全部可卖数量 0"}
{"time":"2026-04-23T13:27:51.2169243+08:00","level":"WARN","body":"委托[clOrdId: 2bfb0f6d-3ed5-11f1-a30d-1ece51d839d6]被拒绝, 原因: [GMBROKER] 仓位不足: 委托冻结(3500) \u003e 可用持仓(0)"}
{"time":"2026-04-23T13:27:51.7466587+08:00","level":"WARN","body":"委托[clOrdId: 2c4be2af-3ed5-11f1-a30d-1ece51d839d6]被拒绝, 原因: [GMBROKER] 仓位不足: 委托冻结(500) \u003e 可用持仓(0)"}
{"time":"2026-04-23T13:27:51.9690172+08:00","level":"WARN","body":"委托[clOrdId: 2c6dc2d1-3ed5-11f1-a30d-1ece51d839d6]被拒绝, 原因: [GMBROKER] 仓位不足: 委托冻结(1000) \u003e 可用持仓(0)"}
{"time":"2026-04-23T13:28:00.2561449+08:00","level":"WARN","body":"委托[clOrdId: 315e90c0-3ed5-11f1-a30d-1ece51d839d6]被拒绝, 原因: [GMBROKER] 仓位不足: 委托冻结(3500) \u003e 可用持仓(0)"}
{"time":"2026-04-23T13:28:00.5109956+08:00","level":"WARN","body":"委托[clOrdId: 31841676-3ed5-11f1-a30d-1ece51d839d6]被拒绝, 原因: [GMBROKER] 科创板股票当前可卖出数量小于200股是,应当一次性申报卖出; 当前的全部可卖数量 0"}
{"time":"2026-04-23T13:28:01.0668235+08:00","level":"WARN","body":"委托[clOrdId: 31d9aea2-3ed5-11f1-a30d-1ece51d839d6]被拒绝, 原因: [GMBROKER] 科创板股票当前可卖出数量小于200股是,应当一次性申报卖出; 当前的全部可卖数量 0"}
{"time":"2026-04-23T13:28:02.4601795+08:00","level":"WARN","body":"委托[clOrdId: 32af018f-3ed5-11f1-a30d-1ece51d839d6]被拒绝, 原因: [GMBROKER] 非科创板股票,如果卖出的数量不是100股的整数倍,则卖出的数量必须是当前的全部可卖数量; 委托数量 250 VS 当前的全部可卖数量 0"}
{"time":"2026-04-23T13:28:02.7675403+08:00","level":"WARN","body":"委托[clOrdId: 32ddc24d-3ed5-11f1-a30d-1ece51d839d6]被拒绝, 原因: [GMBROKER] 仓位不足: 委托冻结(500) \u003e 可用持仓(0)"}
{"time":"2026-04-23T13:28:03.1286492+08:00","level":"WARN","body":"委托[clOrdId: 3314d9f5-3ed5-11f1-a30d-1ece51d839d6]被拒绝, 原因: [GMBROKER] 仓位不足: 委托冻结(500) \u003e 可用持仓(0)"}
{"time":"2026-04-23T13:28:03.5362121+08:00","level":"WARN","body":"委托[clOrdId: 33531681-3ed5-11f1-a30d-1ece51d839d6]被拒绝, 原因: [GMBROKER] 仓位不足: 委托冻结(1000) \u003e 可用持仓(0)"}
{"time":"2026-04-23T13:28:05.2529966+08:00","level":"WARN","body":"委托[clOrdId: 34505bc1-3ed5-11f1-a30d-1ece51d839d6]被拒绝, 原因: [GMBROKER] 非科创板股票,如果卖出的数量不是100股的整数倍,则卖出的数量必须是当前的全部可卖数量; 委托数量 1750 VS 当前的全部可卖数量 0"}
{"time":"2026-04-23T13:28:05.3824644+08:00","level":"WARN","body":"委托[clOrdId: 346ba55a-3ed5-11f1-a30d-1ece51d839d6]被拒绝, 原因: [GMBROKER] 仓位不足: 委托冻结(3500) \u003e 可用持仓(0)"}
{"time":"2026-04-23T13:28:26.462229+08:00","level":"WARN","body":"委托[clOrdId: 40fbb516-3ed5-11f1-a30d-1ece51d839d6]被拒绝, 原因: [GMBROKER] 仓位不足: 委托冻结(500) \u003e 可用持仓(0)"}
{"time":"2026-04-23T13:28:26.5243373+08:00","level":"WARN","body":"委托[clOrdId: 4106f66d-3ed5-11f1-a30d-1ece51d839d6]被拒绝, 原因: [GMBROKER] 仓位不足: 委托冻结(1000) \u003e 可用持仓(0)"}
{"time":"2026-04-23T13:28:26.591768+08:00","level":"WARN","body":"委托[clOrdId: 410f82ce-3ed5-11f1-a30d-1ece51d839d6]被拒绝, 原因: [GMBROKER] 仓位不足: 委托冻结(3500) \u003e 可用持仓(0)"}
{"time":"2026-04-23T13:28:30.1584348+08:00","level":"WARN","body":"委托[clOrdId: 43300a44-3ed5-11f1-a30d-1ece51d839d6]被拒绝, 原因: [GMBROKER] 非科创板股票,如果卖出的数量不是100股的整数倍,则卖出的数量必须是当前的全部可卖数量; 委托数量 1750 VS 当前的全部可卖数量 0"}
{"time":"2026-04-23T13:28:31.0862214+08:00","level":"WARN","body":"委托[clOrdId: 43beace0-3ed5-11f1-a30d-1ece51d839d6]被拒绝, 原因: [GMBROKER] 仓位不足: 委托冻结(3500) \u003e 可用持仓(0)"}
{"time":"2026-04-23T13:28:31.2719452+08:00","level":"WARN","body":"委托[clOrdId: 43da109f-3ed5-11f1-a30d-1ece51d839d6]被拒绝, 原因: [GMBROKER] 非科创板股票,如果卖出的数量不是100股的整数倍,则卖出的数量必须是当前的全部可卖数量; 委托数量 250 VS 当前的全部可卖数量 0"}
{"time":"2026-04-23T13:28:31.4108093+08:00","level":"WARN","body":"委托[clOrdId: 43eedc27-3ed5-11f1-a30d-1ece51d839d6]被拒绝, 原因: [GMBROKER] 仓位不足: 委托冻结(500) \u003e 可用持仓(0)"}
{"time":"2026-04-23T13:28:34.1425012+08:00","level":"WARN","body":"委托[clOrdId: 458f13c8-3ed5-11f1-a30d-1ece51d839d6]被拒绝, 原因: [GMBROKER] 科创板股票当前可卖出数量小于200股是,应当一次性申报卖出; 当前的全部可卖数量 0"}
{"time":"2026-04-23T13:28:34.2707389+08:00","level":"WARN","body":"委托[clOrdId: 45a4031e-3ed5-11f1-a30d-1ece51d839d6]被拒绝, 原因: [GMBROKER] 科创板股票当前可卖出数量小于200股是,应当一次性申报卖出; 当前的全部可卖数量 0"}
{"time":"2026-04-23T13:28:55.1721621+08:00","level":"WARN","body":"委托[clOrdId: 5218f61f-3ed5-11f1-a30d-1ece51d839d6]被拒绝, 原因: [GMBROKER] 仓位不足: 委托冻结(500) \u003e 可用持仓(0)"}
{"time":"2026-04-23T13:28:55.2122124+08:00","level":"WARN","body":"委托[clOrdId: 521ff5af-3ed5-11f1-a30d-1ece51d839d6]被拒绝, 原因: [GMBROKER] 仓位不足: 委托冻结(1000) \u003e 可用持仓(0)"}
{"time":"2026-04-23T13:29:01.0765158+08:00","level":"WARN","body":"委托[clOrdId: 559e5159-3ed5-11f1-a30d-1ece51d839d6]被拒绝, 原因: [GMBROKER] 非科创板股票,如果卖出的数量不是100股的整数倍,则卖出的数量必须是当前的全部可卖数量; 委托数量 1750 VS 当前的全部可卖数量 0"}
{"time":"2026-04-23T13:29:01.9610275+08:00","level":"WARN","body":"委托[clOrdId: 5624cde2-3ed5-11f1-a30d-1ece51d839d6]被拒绝, 原因: [GMBROKER] 仓位不足: 委托冻结(3500) \u003e 可用持仓(0)"}
{"time":"2026-04-23T13:29:02.0490095+08:00","level":"WARN","body":"委托[clOrdId: 563306d8-3ed5-11f1-a30d-1ece51d839d6]被拒绝, 原因: [GMBROKER] 非科创板股票,如果卖出的数量不是100股的整数倍,则卖出的数量必须是当前的全部可卖数量; 委托数量 250 VS 当前的全部可卖数量 0"}
{"time":"2026-04-23T13:29:02.1025321+08:00","level":"WARN","body":"委托[clOrdId: 563ba71b-3ed5-11f1-a30d-1ece51d839d6]被拒绝, 原因: [GMBROKER] 仓位不足: 委托冻结(500) \u003e 可用持仓(0)"}
{"time":"2026-04-23T13:29:03.135194+08:00","level":"WARN","body":"委托[clOrdId: 56d804e1-3ed5-11f1-a30d-1ece51d839d6]被拒绝, 原因: [GMBROKER] 科创板股票当前可卖出数量小于200股是,应当一次性申报卖出; 当前的全部可卖数量 0"}
{"time":"2026-04-23T13:29:03.2702695+08:00","level":"WARN","body":"委托[clOrdId: 56ed1157-3ed5-11f1-a30d-1ece51d839d6]被拒绝, 原因: [GMBROKER] 科创板股票当前可卖出数量小于200股是,应当一次性申报卖出; 当前的全部可卖数量 0"}
{"time":"2026-04-23T13:29:13.1153722+08:00","level":"WARN","body":"委托[clOrdId: 5cca89ac-3ed5-11f1-a30d-1ece51d839d6]被拒绝, 原因: [GMBROKER] 非科创板股票,如果卖出的数量不是100股的整数倍,则卖出的数量必须是当前的全部可卖数量; 委托数量 250 VS 当前的全部可卖数量 0"}
{"time":"2026-04-23T13:29:14.2860458+08:00","level":"WARN","body":"委托[clOrdId: 5d7d69b3-3ed5-11f1-a30d-1ece51d839d6]被拒绝, 原因: [GMBROKER] 仓位不足: 委托冻结(500) \u003e 可用持仓(0)"}
{"time":"2026-04-23T13:29:17.5629632+08:00","level":"WARN","body":"委托[clOrdId: 5f6faa52-3ed5-11f1-a30d-1ece51d839d6]被拒绝, 原因: [GMBROKER] 科创板股票当前可卖出数量小于200股是,应当一次性申报卖出; 当前的全部可卖数量 0"}
{"time":"2026-04-23T13:29:17.6758596+08:00","level":"WARN","body":"委托[clOrdId: 5f825607-3ed5-11f1-a30d-1ece51d839d6]被拒绝, 原因: [GMBROKER] 科创板股票当前可卖出数量小于200股是,应当一次性申报卖出; 当前的全部可卖数量 0"}
{"time":"2026-04-23T13:29:18.8431763+08:00","level":"WARN","body":"委托[clOrdId: 6034f02c-3ed5-11f1-a30d-1ece51d839d6]被拒绝, 原因: [GMBROKER] 仓位不足: 委托冻结(500) \u003e 可用持仓(0)"}
{"time":"2026-04-23T13:29:18.9831179+08:00","level":"WARN","body":"委托[clOrdId: 6049bdf1-3ed5-11f1-a30d-1ece51d839d6]被拒绝, 原因: [GMBROKER] 仓位不足: 委托冻结(1000) \u003e 可用持仓(0)"}
{"time":"2026-04-23T13:29:21.2191272+08:00","level":"WARN","body":"委托[clOrdId: 61a02e7c-3ed5-11f1-a30d-1ece51d839d6]被拒绝, 原因: [GMBROKER] 非科创板股票,如果卖出的数量不是100股的整数倍,则卖出的数量必须是当前的全部可卖数量; 委托数量 1750 VS 当前的全部可卖数量 0"}
{"time":"2026-04-23T13:29:23.1579558+08:00","level":"WARN","body":"委托[clOrdId: 62c7214d-3ed5-11f1-a30d-1ece51d839d6]被拒绝, 原因: [GMBROKER] 仓位不足: 委托冻结(3500) \u003e 可用持仓(0)"}
{"time":"2026-04-23T13:29:36.2003188+08:00","level":"WARN","body":"委托[clOrdId: 6a8d1000-3ed5-11f1-a30d-1ece51d839d6]被拒绝, 原因: [GMBROKER] 仓位不足: 委托冻结(500) \u003e 可用持仓(0)"}
{"time":"2026-04-23T13:29:37.171361+08:00","level":"WARN","body":"委托[clOrdId: 6b21bdec-3ed5-11f1-a30d-1ece51d839d6]被拒绝, 原因: [GMBROKER] 仓位不足: 委托冻结(1000) \u003e 可用持仓(0)"}
{"time":"2026-04-23T13:29:40.1909708+08:00","level":"WARN","body":"委托[clOrdId: 6cec77e7-3ed5-11f1-a30d-1ece51d839d6]被拒绝, 原因: [GMBROKER] 非科创板股票,如果卖出的数量不是100股的整数倍,则卖出的数量必须是当前的全部可卖数量; 委托数量 1750 VS 当前的全部可卖数量 0"}
{"time":"2026-04-23T13:29:40.3106905+08:00","level":"WARN","body":"委托[clOrdId: 6d013836-3ed5-11f1-a30d-1ece51d839d6]被拒绝, 原因: [GMBROKER] 仓位不足: 委托冻结(3500) \u003e 可用持仓(0)"}
{"time":"2026-04-23T13:29:43.1755947+08:00","level":"WARN","body":"委托[clOrdId: 6eb64e52-3ed5-11f1-a30d-1ece51d839d6]被拒绝, 原因: [GMBROKER] 科创板股票当前可卖出数量小于200股是,应当一次性申报卖出; 当前的全部可卖数量 0"}
{"time":"2026-04-23T13:29:43.2911935+08:00","level":"WARN","body":"委托[clOrdId: 6ec89c86-3ed5-11f1-a30d-1ece51d839d6]被拒绝, 原因: [GMBROKER] 科创板股票当前可卖出数量小于200股是,应当一次性申报卖出; 当前的全部可卖数量 0"}
{"time":"2026-04-23T13:29:46.3088107+08:00","level":"WARN","body":"委托[clOrdId: 70942912-3ed5-11f1-a30d-1ece51d839d6]被拒绝, 原因: [GMBROKER] 非科创板股票,如果卖出的数量不是100股的整数倍,则卖出的数量必须是当前的全部可卖数量; 委托数量 250 VS 当前的全部可卖数量 0"}
{"time":"2026-04-23T13:29:46.4369574+08:00","level":"WARN","body":"委托[clOrdId: 70a730cb-3ed5-11f1-a30d-1ece51d839d6]被拒绝, 原因: [GMBROKER] 仓位不足: 委托冻结(500) \u003e 可用持仓(0)"}
{"time":"2026-04-23T13:30:02.431542+08:00","level":"WARN","body":"委托[clOrdId: 7a30bfb1-3ed5-11f1-a30d-1ece51d839d6]被拒绝, 原因: [GMBROKER] 仓位不足: 委托冻结(500) \u003e 可用持仓(0)"}
{"time":"2026-04-23T13:30:02.5024303+08:00","level":"WARN","body":"委托[clOrdId: 7a3b72b6-3ed5-11f1-a30d-1ece51d839d6]被拒绝, 原因: [GMBROKER] 仓位不足: 委托冻结(1000) \u003e 可用持仓(0)"}
{"time":"2026-04-23T13:30:02.6623917+08:00","level":"WARN","body":"委托[clOrdId: 7a53db43-3ed5-11f1-a30d-1ece51d839d6]被拒绝, 原因: [GMBROKER] 非科创板股票,如果卖出的数量不是100股的整数倍,则卖出的数量必须是当前的全部可卖数量; 委托数量 1750 VS 当前的全部可卖数量 0"}
{"time":"2026-04-23T13:30:02.8410919+08:00","level":"WARN","body":"委托[clOrdId: 7a6f2d21-3ed5-11f1-a30d-1ece51d839d6]被拒绝, 原因: [GMBROKER] 仓位不足: 委托冻结(3500) \u003e 可用持仓(0)"}
{"time":"2026-04-23T13:30:06.3624317+08:00","level":"WARN","body":"委托[clOrdId: 7c888094-3ed5-11f1-a30d-1ece51d839d6]被拒绝, 原因: [GMBROKER] 科创板股票当前可卖出数量小于200股是,应当一次性申报卖出; 当前的全部可卖数量 0"}
{"time":"2026-04-23T13:30:06.4760927+08:00","level":"WARN","body":"委托[clOrdId: 7c99485f-3ed5-11f1-a30d-1ece51d839d6]被拒绝, 原因: [GMBROKER] 科创板股票当前可卖出数量小于200股是,应当一次性申报卖出; 当前的全部可卖数量 0"}
{"time":"2026-04-23T13:30:09.4075393+08:00","level":"WARN","body":"委托[clOrdId: 7e5760d0-3ed5-11f1-a30d-1ece51d839d6]被拒绝, 原因: [GMBROKER] 非科创板股票,如果卖出的数量不是100股的整数倍,则卖出的数量必须是当前的全部可卖数量; 委托数量 250 VS 当前的全部可卖数量 0"}
{"time":"2026-04-23T13:30:11.5162817+08:00","level":"WARN","body":"委托[clOrdId: 7f9979fd-3ed5-11f1-a30d-1ece51d839d6]被拒绝, 原因: [GMBROKER] 仓位不足: 委托冻结(500) \u003e 可用持仓(0)"}
{"time":"2026-04-23T13:30:31.4080913+08:00","level":"WARN","body":"委托[clOrdId: 8b754c81-3ed5-11f1-a30d-1ece51d839d6]被拒绝, 原因: [GMBROKER] 科创板股票当前可卖出数量小于200股是,应当一次性申报卖出; 当前的全部可卖数量 0"}
{"time":"2026-04-23T13:30:31.4448095+08:00","level":"WARN","body":"委托[clOrdId: 8b7bc411-3ed5-11f1-a30d-1ece51d839d6]被拒绝, 原因: [GMBROKER] 科创板股票当前可卖出数量小于200股是,应当一次性申报卖出; 当前的全部可卖数量 0"}
{"time":"2026-04-23T13:30:31.6497143+08:00","level":"WARN","body":"委托[clOrdId: 8b9a0451-3ed5-11f1-a30d-1ece51d839d6]被拒绝, 原因: [GMBROKER] 非科创板股票,如果卖出的数量不是100股的整数倍,则卖出的数量必须是当前的全部可卖数量; 委托数量 250 VS 当前的全部可卖数量 0"}
{"time":"2026-04-23T13:30:32.8077227+08:00","level":"WARN","body":"委托[clOrdId: 8c4c6cd6-3ed5-11f1-a30d-1ece51d839d6]被拒绝, 原因: [GMBROKER] 仓位不足: 委托冻结(500) \u003e 可用持仓(0)"}
{"time":"2026-04-23T13:30:37.8708452+08:00","level":"WARN","body":"委托[clOrdId: 8f50531d-3ed5-11f1-a30d-1ece51d839d6]被拒绝, 原因: [GMBROKER] 非科创板股票,如果卖出的数量不是100股的整数倍,则卖出的数量必须是当前的全部可卖数量; 委托数量 1750 VS 当前的全部可卖数量 0"}
{"time":"2026-04-23T13:30:38.3596641+08:00","level":"WARN","body":"委托[clOrdId: 8f9ab602-3ed5-11f1-a30d-1ece51d839d6]被拒绝, 原因: [GMBROKER] 仓位不足: 委托冻结(3500) \u003e 可用持仓(0)"}
{"time":"2026-04-23T13:30:40.2921421+08:00","level":"WARN","body":"委托[clOrdId: 90c1e55e-3ed5-11f1-a30d-1ece51d839d6]被拒绝, 原因: [GMBROKER] 仓位不足: 委托冻结(500) \u003e 可用持仓(0)"}
{"time":"2026-04-23T13:30:41.6425471+08:00","level":"WARN","body":"委托[clOrdId: 918e6b55-3ed5-11f1-a30d-1ece51d839d6]被拒绝, 原因: [GMBROKER] 仓位不足: 委托冻结(1000) \u003e 可用持仓(0)"}
{"time":"2026-04-23T13:30:59.5356398+08:00","level":"WARN","body":"委托[clOrdId: 9c3928cc-3ed5-11f1-a30d-1ece51d839d6]被拒绝, 原因: [GMBROKER] 非科创板股票,如果卖出的数量不是100股的整数倍,则卖出的数量必须是当前的全部可卖数量; 委托数量 1750 VS 当前的全部可卖数量 0"}
{"time":"2026-04-23T13:30:59.6571661+08:00","level":"WARN","body":"委托[clOrdId: 9c4c77c9-3ed5-11f1-a30d-1ece51d839d6]被拒绝, 原因: [GMBROKER] 仓位不足: 委托冻结(3500) \u003e 可用持仓(0)"}
{"time":"2026-04-23T13:31:00.1977527+08:00","level":"WARN","body":"委托[clOrdId: 9c9fae97-3ed5-11f1-a30d-1ece51d839d6]被拒绝, 原因: [GMBROKER] 仓位不足: 委托冻结(500) \u003e 可用持仓(0)"}
{"time":"2026-04-23T13:31:00.3963498+08:00","level":"WARN","body":"委托[clOrdId: 9cbd5bc2-3ed5-11f1-a30d-1ece51d839d6]被拒绝, 原因: [GMBROKER] 仓位不足: 委托冻结(1000) \u003e 可用持仓(0)"}
{"time":"2026-04-23T13:31:01.8347359+08:00","level":"WARN","body":"委托[clOrdId: 9d998b61-3ed5-11f1-a30d-1ece51d839d6]被拒绝, 原因: [GMBROKER] 科创板股票当前可卖出数量小于200股是,应当一次性申报卖出; 当前的全部可卖数量 0"}
{"time":"2026-04-23T13:31:01.9159703+08:00","level":"WARN","body":"委托[clOrdId: 9da516e0-3ed5-11f1-a30d-1ece51d839d6]被拒绝, 原因: [GMBROKER] 科创板股票当前可卖出数量小于200股是,应当一次性申报卖出; 当前的全部可卖数量 0"}
{"time":"2026-04-23T13:31:02.7950293+08:00","level":"WARN","body":"委托[clOrdId: 9e2a1610-3ed5-11f1-a30d-1ece51d839d6]被拒绝, 原因: [GMBROKER] 非科创板股票,如果卖出的数量不是100股的整数倍,则卖出的数量必须是当前的全部可卖数量; 委托数量 250 VS 当前的全部可卖数量 0"}
{"time":"2026-04-23T13:31:02.8754423+08:00","level":"WARN","body":"委托[clOrdId: 9e375e17-3ed5-11f1-a30d-1ece51d839d6]被拒绝, 原因: [GMBROKER] 仓位不足: 委托冻结(500) \u003e 可用持仓(0)"}
