{"time":"2026-08-21T09:58:32.0398281+08:00","level":"INFO","body":"交易数据归档服务启动成功"}
{"time":"2026-08-21T09:58:32.0398281+08:00","level":"INFO","body":"文件单-交易数据管理 模块初始化. 目录: C:/Users/49772/.goldminer3 "}
{"time":"2026-08-21T09:58:32.0778743+08:00","level":"INFO","body":"交易数据推送服务启动成功, 推送目录: C:\\Users\\49772\\.goldminer3\\tradedata\\downfiles"}
{"time":"2026-08-21T09:58:32.0785547+08:00","level":"INFO","body":"文件单-交易数据管理 模块初始化完成"}
{"time":"2026-08-21T10:20:31.7653563+08:00","level":"WARN","body":"委托[clOrdId: e23edd3c-9d06-11f1-8938-1ece51d839d6]被拒绝, 原因: [GMBROKER] 资金不足: 委托冻结(46359.73) \u003e 可用资金(2432.24)"}
{"time":"2026-08-21T10:20:47.4676895+08:00","level":"WARN","body":"委托[clOrdId: eb6c2a82-9d06-11f1-8938-1ece51d839d6]被拒绝, 原因: [GMBROKER] 资金不足: 委托冻结(48658.22) \u003e 可用资金(2432.24)"}
{"time":"2026-08-21T10:21:24.1459415+08:00","level":"WARN","body":"委托[clOrdId: 011e6bb0-9d07-11f1-8938-1ece51d839d6]被拒绝, 原因: [GMBROKER] 资金不足: 委托冻结(38767.14) \u003e 可用资金(2432.24)"}
{"time":"2026-08-21T10:21:29.8560348+08:00","level":"WARN","body":"委托[clOrdId: 04b4fa4a-9d07-11f1-8938-1ece51d839d6]被拒绝, 原因: [GMBROKER] 资金不足: 委托冻结(39986.40) \u003e 可用资金(2432.24)"}
{"time":"2026-08-21T10:22:57.3816324+08:00","level":"WARN","body":"委托[clOrdId: 38b7d140-9d07-11f1-8938-1ece51d839d6]被拒绝, 原因: [GMBROKER] 资金不足: 委托冻结(37249.82) \u003e 可用资金(2432.24)"}
{"time":"2026-08-21T10:23:49.7149339+08:00","level":"WARN","body":"委托[clOrdId: 58079782-9d07-11f1-8938-1ece51d839d6]被拒绝, 原因: [GMBROKER] 资金不足: 委托冻结(36729.71) \u003e 可用资金(2432.24)"}
{"time":"2026-08-21T10:23:52.4559446+08:00","level":"WARN","body":"委托[clOrdId: 5994dd47-9d07-11f1-8938-1ece51d839d6]被拒绝, 原因: [GMBROKER] 资金不足: 委托冻结(36637.69) \u003e 可用资金(2432.24)"}
{"time":"2026-08-21T10:24:58.5389434+08:00","level":"WARN","body":"委托[clOrdId: 8140b594-9d07-11f1-8938-1ece51d839d6]被拒绝, 原因: [GMBROKER] 资金不足: 委托冻结(38056.99) \u003e 可用资金(2432.24)"}
{"time":"2026-08-21T10:25:10.4744314+08:00","level":"WARN","body":"委托[clOrdId: 885e731b-9d07-11f1-8938-1ece51d839d6]被拒绝, 原因: [GMBROKER] 资金不足: 委托冻结(49770.45) \u003e 可用资金(47737.36)"}
{"time":"2026-08-21T10:45:38.8104555+08:00","level":"WARN","body":"委托[clOrdId: 5ece2465-9d0a-11f1-8938-1ece51d839d6]被拒绝, 原因: [GMBROKER] 仓位不足: 委托冻结(1100) \u003e 可用持仓(600)"}
{"time":"2026-08-21T10:46:04.4123824+08:00","level":"WARN","body":"委托[clOrdId: 6b8c4d1e-9d0a-11f1-8938-1ece51d839d6]被拒绝, 原因: [GMBROKER] 资金不足: 委托冻结(48851.26) \u003e 可用资金(2247.81)"}
{"time":"2026-08-21T10:47:51.1726891+08:00","level":"WARN","body":"委托[clOrdId: b2cb5b17-9d0a-11f1-8938-1ece51d839d6]被拒绝, 原因: [GMBROKER] 资金不足: 委托冻结(50396.58) \u003e 可用资金(36020.79)"}
{"time":"2026-08-21T10:47:54.1857598+08:00","level":"WARN","body":"委托[clOrdId: b52a3ce2-9d0a-11f1-8938-1ece51d839d6]被拒绝, 原因: [GMBROKER] 资金不足: 委托冻结(41231.66) \u003e 可用资金(36020.79)"}
{"time":"2026-08-21T10:47:56.2142085+08:00","level":"WARN","body":"委托[clOrdId: b668700d-9d0a-11f1-8938-1ece51d839d6]被拒绝, 原因: [GMBROKER] 资金不足: 委托冻结(50279.56) \u003e 可用资金(36020.79)"}
{"time":"2026-08-21T11:11:35.7172173+08:00","level":"WARN","body":"委托[clOrdId: 040d14a4-9d0e-11f1-8938-1ece51d839d6]被拒绝, 原因: [GMBROKER] 通过限价申报买卖科创板股票,单笔申报数量应当不小于200股"}
{"time":"2026-08-21T13:06:48.5331717+08:00","level":"WARN","body":"委托[clOrdId: 1c06467b-9d1e-11f1-8938-1ece51d839d6]被拒绝, 原因: [GMBROKER] 资金不足: 委托冻结(50354.57) \u003e 可用资金(22773.12)"}
{"time":"2026-08-21T13:20:13.6510855+08:00","level":"WARN","body":"委托[clOrdId: fcbbb5a3-9d1f-11f1-8938-1ece51d839d6]被拒绝, 原因: [GMBROKER] 委托价不正确: 委托价超出涨跌停范围"}
{"time":"2026-08-21T13:21:39.6053555+08:00","level":"WARN","body":"委托[clOrdId: 2fc1072c-9d20-11f1-8938-1ece51d839d6]被拒绝, 原因: [GMBROKER] 委托价不正确: 委托价超出涨跌停范围"}
{"time":"2026-08-21T13:36:57.52951+08:00","level":"WARN","body":"委托[clOrdId: 52a2de73-9d22-11f1-8938-1ece51d839d6]被拒绝, 原因: [GMBROKER] 资金不足: 委托冻结(50378.58) \u003e 可用资金(22773.12)"}
{"time":"2026-08-21T13:55:44.4099037+08:00","level":"WARN","body":"委托[clOrdId: f2c5084f-9d24-11f1-8938-1ece51d839d6]被拒绝, 原因: [GMBROKER] 资金不足: 委托冻结(50314.56) \u003e 可用资金(22773.12)"}
{"time":"2026-08-21T13:58:21.5814346+08:00","level":"WARN","body":"委托[clOrdId: 4f6b7871-9d25-11f1-8938-1ece51d839d6]被拒绝, 原因: [GMBROKER] 资金不足: 委托冻结(48226.13) \u003e 可用资金(22773.12)"}
{"time":"2026-08-21T14:25:26.7471604+08:00","level":"WARN","body":"委托[clOrdId: 18d6a3b0-9d29-11f1-8938-1ece51d839d6]被拒绝, 原因: [GMBROKER] 资金不足: 委托冻结(34957.34) \u003e 可用资金(2411.39)"}
{"time":"2026-08-21T14:33:37.0370196+08:00","level":"WARN","body":"委托[clOrdId: 3d257025-9d2a-11f1-8938-1ece51d839d6]被拒绝, 原因: [GMBROKER] 资金不足: 委托冻结(37781.93) \u003e 可用资金(2411.39)"}
{"time":"2026-08-21T14:33:37.0380166+08:00","level":"WARN","body":"委托[clOrdId: 393a029f-9d2a-11f1-8938-1ece51d839d6]被拒绝, 原因: [GMBROKER] 资金不足: 委托冻结(37832.94) \u003e 可用资金(2411.39)"}
{"time":"2026-08-21T14:33:40.280203+08:00","level":"WARN","body":"委托[clOrdId: 3f482184-9d2a-11f1-8938-1ece51d839d6]被拒绝, 原因: [GMBROKER] 资金不足: 委托冻结(39502.29) \u003e 可用资金(2411.39)"}
{"time":"2026-08-21T14:36:00.6848741+08:00","level":"WARN","body":"委托[clOrdId: 92fa0a37-9d2a-11f1-8938-1ece51d839d6]被拒绝, 原因: [GMBROKER] 资金不足: 委托冻结(39806.36) \u003e 可用资金(2411.39)"}
{"time":"2026-08-21T14:39:51.2175191+08:00","level":"WARN","body":"委托[clOrdId: 1af9becf-9d2b-11f1-8938-1ece51d839d6]被拒绝, 原因: [GMBROKER] 资金不足: 委托冻结(36951.76) \u003e 可用资金(2411.39)"}
{"time":"2026-08-21T14:56:14.0668609+08:00","level":"WARN","body":"委托[clOrdId: 664deec1-9d2d-11f1-8938-1ece51d839d6]被拒绝, 原因: [GMTERM] 交易账号未登录"}
