{"time":"2026-04-22T09:54:51.5957912+08:00","level":"INFO","body":"交易数据归档服务启动成功"}
{"time":"2026-04-22T09:54:51.5957912+08:00","level":"INFO","body":"文件单-交易数据管理 模块初始化. 目录: C:/Users/49772/.goldminer3 "}
{"time":"2026-04-22T09:54:51.629457+08:00","level":"INFO","body":"交易数据推送服务启动成功, 推送目录: C:\\Users\\49772\\.goldminer3\\tradedata\\downfiles"}
{"time":"2026-04-22T09:54:51.629457+08:00","level":"INFO","body":"文件单-交易数据管理 模块初始化完成"}
{"time":"2026-04-22T10:37:12.8795428+08:00","level":"WARN","body":"委托[clOrdId: 2b0aad26-3df4-11f1-a3e3-1ece51d839d6]被拒绝, 原因: [GMBROKER] 资金不足: 委托冻结(479000.57) \u003e 可用资金(322362.71)"}
{"time":"2026-04-22T10:45:23.1292936+08:00","level":"WARN","body":"委托[clOrdId: 4f401b52-3df5-11f1-a3e3-1ece51d839d6]被拒绝, 原因: [GMBROKER] 非科创板股票,如果卖出的数量不是100股的整数倍,则卖出的数量必须是当前的全部可卖数量; 委托数量 3250 VS 当前的全部可卖数量 6500"}
{"time":"2026-04-22T10:55:33.0405807+08:00","level":"WARN","body":"委托[clOrdId: bac7ddde-3df6-11f1-a3e3-1ece51d839d6]被拒绝, 原因: [GMBROKER] 非科创板股票,如果卖出的数量不是100股的整数倍,则卖出的数量必须是当前的全部可卖数量; 委托数量 1050 VS 当前的全部可卖数量 0"}
{"time":"2026-04-22T11:06:58.1565299+08:00","level":"WARN","body":"委托[clOrdId: 5326aefb-3df8-11f1-a3e3-1ece51d839d6]被拒绝, 原因: [GMBROKER] 非科创板股票,如果卖出的数量不是100股的整数倍,则卖出的数量必须是当前的全部可卖数量; 委托数量 1050 VS 当前的全部可卖数量 0"}
{"time":"2026-04-22T11:07:01.0489585+08:00","level":"WARN","body":"委托[clOrdId: 54debc50-3df8-11f1-a3e3-1ece51d839d6]被拒绝, 原因: [GMBROKER] 非科创板股票,如果卖出的数量不是100股的整数倍,则卖出的数量必须是当前的全部可卖数量; 委托数量 3250 VS 当前的全部可卖数量 6500"}
{"time":"2026-04-22T11:07:39.3510768+08:00","level":"WARN","body":"委托[clOrdId: 6bb376f2-3df8-11f1-a3e3-1ece51d839d6]被拒绝, 原因: [GMBROKER] 非科创板股票,如果卖出的数量不是100股的整数倍,则卖出的数量必须是当前的全部可卖数量; 委托数量 450 VS 当前的全部可卖数量 900"}
{"time":"2026-04-22T12:52:18.8571876+08:00","level":"INFO","body":"交易数据归档服务启动成功"}
{"time":"2026-04-22T12:52:18.8571876+08:00","level":"INFO","body":"文件单-交易数据管理 模块初始化. 目录: C:/Users/49772/.goldminer3 "}
{"time":"2026-04-22T12:52:18.8711747+08:00","level":"INFO","body":"交易数据推送服务启动成功, 推送目录: C:\\Users\\49772\\.goldminer3\\tradedata\\downfiles"}
{"time":"2026-04-22T12:52:18.8711747+08:00","level":"INFO","body":"文件单-交易数据管理 模块初始化完成"}
{"time":"2026-04-22T12:53:04.4152948+08:00","level":"WARN","body":"委托[clOrdId: 25bb2109-3e07-11f1-b853-1ece51d839d6]被拒绝, 原因: [GMBROKER] 非科创板股票,如果卖出的数量不是100股的整数倍,则卖出的数量必须是当前的全部可卖数量; 委托数量 3250 VS 当前的全部可卖数量 6500"}
{"time":"2026-04-22T13:03:32.9158282+08:00","level":"WARN","body":"委托[clOrdId: 9c5902e3-3e08-11f1-b853-1ece51d839d6]被拒绝, 原因: [GMBROKER] 仓位不足: 委托冻结(1200) \u003e 可用持仓(0)"}
{"time":"2026-04-22T13:05:18.2579849+08:00","level":"WARN","body":"委托[clOrdId: db23b6a4-3e08-11f1-b853-1ece51d839d6]被拒绝, 原因: [GMBROKER] 非科创板股票,如果卖出的数量不是100股的整数倍,则卖出的数量必须是当前的全部可卖数量; 委托数量 150 VS 当前的全部可卖数量 0"}
{"time":"2026-04-22T13:15:46.3579909+08:00","level":"WARN","body":"委托[clOrdId: 5183bd29-3e0a-11f1-b853-1ece51d839d6]被拒绝, 原因: [GMBROKER] 非科创板股票,如果卖出的数量不是100股的整数倍,则卖出的数量必须是当前的全部可卖数量; 委托数量 650 VS 当前的全部可卖数量 1300"}
{"time":"2026-04-22T13:35:39.0788012+08:00","level":"WARN","body":"委托[clOrdId: 186ddfe2-3e0d-11f1-b853-1ece51d839d6]被拒绝, 原因: [GMBROKER] 非科创板股票,如果卖出的数量不是100股的整数倍,则卖出的数量必须是当前的全部可卖数量; 委托数量 1250 VS 当前的全部可卖数量 0"}
{"time":"2026-04-22T14:18:51.1249659+08:00","level":"WARN","body":"委托[clOrdId: 216995b3-3e13-11f1-b853-1ece51d839d6]被拒绝, 原因: [GMBROKER] 非科创板股票,如果卖出的数量不是100股的整数倍,则卖出的数量必须是当前的全部可卖数量; 委托数量 250 VS 当前的全部可卖数量 0"}
{"time":"2026-04-22T14:40:33.2722936+08:00","level":"WARN","body":"委托[clOrdId: 298ce637-3e16-11f1-b853-1ece51d839d6]被拒绝, 原因: [GMBROKER] 仓位不足: 委托冻结(300) \u003e 可用持仓(0)"}
