{"time":"2026-08-07T08:27:00.1187365+08:00","level":"INFO","body":"交易数据归档服务启动成功"}
{"time":"2026-08-07T08:27:00.1192805+08:00","level":"INFO","body":"文件单-交易数据管理 模块初始化. 目录: C:/Users/49772/.goldminer3 "}
{"time":"2026-08-07T08:27:00.1976278+08:00","level":"INFO","body":"交易数据推送服务启动成功, 推送目录: C:\\Users\\49772\\.goldminer3\\tradedata\\downfiles"}
{"time":"2026-08-07T08:27:00.1976278+08:00","level":"INFO","body":"文件单-交易数据管理 模块初始化完成"}
{"time":"2026-08-07T08:58:41.0742176+08:00","level":"INFO","body":"准备停止文件单和交易数据管理服务"}
{"time":"2026-08-07T08:58:41.0742176+08:00","level":"INFO","body":"停止文件单委托执行服务"}
{"time":"2026-08-07T08:58:42.0515998+08:00","level":"INFO","body":"停止交易数据推送服务"}
{"time":"2026-08-07T08:58:42.0515998+08:00","level":"INFO","body":"停止交易数据归档服务的自动归档任务"}
{"time":"2026-08-07T08:58:42.0515998+08:00","level":"INFO","body":"文件单交易数据:退出交易数据接收处理器"}
{"time":"2026-08-07T08:58:42.0515998+08:00","level":"INFO","body":"开始资金,持仓,委托状态数据的归档操作"}
{"time":"2026-08-07T08:58:42.0515998+08:00","level":"INFO","body":"完成资金,持仓,委托状态数据的归档操作"}
{"time":"2026-08-07T08:58:55.8680955+08:00","level":"INFO","body":"交易数据归档服务启动成功"}
{"time":"2026-08-07T08:58:55.8686145+08:00","level":"INFO","body":"文件单-交易数据管理 模块初始化. 目录: C:/Users/49772/.goldminer3 "}
{"time":"2026-08-07T08:58:55.9029153+08:00","level":"INFO","body":"交易数据推送服务启动成功, 推送目录: C:\\Users\\49772\\.goldminer3\\tradedata\\downfiles"}
{"time":"2026-08-07T08:58:55.9035236+08:00","level":"INFO","body":"文件单-交易数据管理 模块初始化完成"}
{"time":"2026-08-07T10:09:05.9103124+08:00","level":"WARN","body":"委托[clOrdId: f7bb4a87-9204-11f1-a2b5-1ece51d839d6]被拒绝, 原因: [GMBROKER] 通过限价申报买卖科创板股票,单笔申报数量应当不小于200 股,且不超过10万股"}
{"time":"2026-08-07T10:12:35.5297129+08:00","level":"WARN","body":"委托[clOrdId: 74ac89d3-9205-11f1-a2b5-1ece51d839d6]被拒绝, 原因: [GMBROKER] 委托价不正确: 委托价超出涨跌停范围"}
{"time":"2026-08-07T10:12:58.6695866+08:00","level":"WARN","body":"委托[clOrdId: 827744a2-9205-11f1-a2b5-1ece51d839d6]被拒绝, 原因: [GMBROKER] 委托价不正确: 委托价超出涨跌停范围"}
{"time":"2026-08-07T10:18:45.6845727+08:00","level":"WARN","body":"委托[clOrdId: 514df25c-9206-11f1-a2b5-1ece51d839d6]被拒绝, 原因: [GMBROKER] 通过限价申报买卖科创板股票,单笔申报数量应当不小于200 股,且不超过10万股"}
{"time":"2026-08-07T10:19:03.7730409+08:00","level":"WARN","body":"委托[clOrdId: 5c15bbc7-9206-11f1-a2b5-1ece51d839d6]被拒绝, 原因: [GMBROKER] 通过限价申报买卖科创板股票,单笔申报数量应当不小于200 股,且不超过10万股"}
{"time":"2026-08-07T14:16:07.154302+08:00","level":"INFO","body":"交易数据归档服务启动成功"}
{"time":"2026-08-07T14:16:07.154302+08:00","level":"INFO","body":"文件单-交易数据管理 模块初始化. 目录: C:/Users/49772/.goldminer3 "}
{"time":"2026-08-07T14:16:07.2405301+08:00","level":"INFO","body":"交易数据推送服务启动成功, 推送目录: C:\\Users\\49772\\.goldminer3\\tradedata\\downfiles"}
{"time":"2026-08-07T14:16:07.2410753+08:00","level":"INFO","body":"文件单-交易数据管理 模块初始化完成"}
