{"time":"2026-08-04T08:58:26.1613244+08:00","level":"INFO","body":"交易数据归档服务启动成功"}
{"time":"2026-08-04T08:58:26.1613244+08:00","level":"INFO","body":"文件单-交易数据管理 模块初始化. 目录: C:/Users/49772/.goldminer3 "}
{"time":"2026-08-04T08:58:26.2218268+08:00","level":"INFO","body":"交易数据推送服务启动成功, 推送目录: C:\\Users\\49772\\.goldminer3\\tradedata\\downfiles"}
{"time":"2026-08-04T08:58:26.2218268+08:00","level":"INFO","body":"文件单-交易数据管理 模块初始化完成"}
{"time":"2026-08-04T08:58:41.0249028+08:00","level":"INFO","body":"准备停止文件单和交易数据管理服务"}
{"time":"2026-08-04T08:58:41.0249028+08:00","level":"INFO","body":"停止文件单委托执行服务"}
{"time":"2026-08-04T08:58:41.3229679+08:00","level":"INFO","body":"停止交易数据推送服务"}
{"time":"2026-08-04T08:58:41.3229679+08:00","level":"INFO","body":"停止交易数据归档服务的自动归档任务"}
{"time":"2026-08-04T08:58:41.3229679+08:00","level":"INFO","body":"文件单交易数据:退出交易数据接收处理器"}
{"time":"2026-08-04T08:58:41.3229679+08:00","level":"INFO","body":"开始资金,持仓,委托状态数据的归档操作"}
{"time":"2026-08-04T08:58:41.3229679+08:00","level":"INFO","body":"完成资金,持仓,委托状态数据的归档操作"}
{"time":"2026-08-04T08:58:47.6492413+08:00","level":"INFO","body":"交易数据归档服务启动成功"}
{"time":"2026-08-04T08:58:47.6492413+08:00","level":"INFO","body":"文件单-交易数据管理 模块初始化. 目录: C:/Users/49772/.goldminer3 "}
{"time":"2026-08-04T08:58:47.6552904+08:00","level":"INFO","body":"交易数据推送服务启动成功, 推送目录: C:\\Users\\49772\\.goldminer3\\tradedata\\downfiles"}
{"time":"2026-08-04T08:58:47.6552904+08:00","level":"INFO","body":"文件单-交易数据管理 模块初始化完成"}
{"time":"2026-08-04T09:36:37.0667942+08:00","level":"WARN","body":"委托[clOrdId: eee37bdd-8fa4-11f1-aee2-1ece51d839d6]被拒绝, 原因: [GMBROKER] 资金不足: 委托冻结(49276.35) \u003e 可用资金(30412.55)"}
{"time":"2026-08-04T09:36:40.0823253+08:00","level":"WARN","body":"委托[clOrdId: f0b0bbb6-8fa4-11f1-aee2-1ece51d839d6]被拒绝, 原因: [GMBROKER] 资金不足: 委托冻结(46989.87) \u003e 可用资金(30412.55)"}
{"time":"2026-08-04T09:40:27.6691784+08:00","level":"WARN","body":"委托[clOrdId: 7856123e-8fa5-11f1-aee2-1ece51d839d6]被拒绝, 原因: [GMBROKER] 资金不足: 委托冻结(46622.79) \u003e 可用资金(30412.55)"}
{"time":"2026-08-04T09:40:27.7200793+08:00","level":"WARN","body":"委托[clOrdId: 785c94a8-8fa5-11f1-aee2-1ece51d839d6]被拒绝, 原因: [GMBROKER] 资金不足: 委托冻结(50296.56) \u003e 可用资金(30412.55)"}
{"time":"2026-08-04T09:47:30.185533+08:00","level":"WARN","body":"委托[clOrdId: 742de70c-8fa6-11f1-aee2-1ece51d839d6]被拒绝, 原因: [GMBROKER] 资金不足: 委托冻结(40661.54) \u003e 可用资金(5795.04)"}
{"time":"2026-08-04T09:47:30.8487292+08:00","level":"WARN","body":"委托[clOrdId: 7493c82b-8fa6-11f1-aee2-1ece51d839d6]被拒绝, 原因: [GMBROKER] 资金不足: 委托冻结(40697.54) \u003e 可用资金(5795.04)"}
{"time":"2026-08-04T09:50:34.4214744+08:00","level":"WARN","body":"委托[clOrdId: e1fe09a3-8fa6-11f1-aee2-1ece51d839d6]被拒绝, 原因: [GMBROKER] 资金不足: 委托冻结(41133.64) \u003e 可用资金(5795.04)"}
{"time":"2026-08-04T09:54:23.1110625+08:00","level":"WARN","body":"委托[clOrdId: 6a4d1e1d-8fa7-11f1-aee2-1ece51d839d6]被拒绝, 原因: [GMBROKER] 资金不足: 委托冻结(42446.91) \u003e 可用资金(5795.04)"}
{"time":"2026-08-04T09:54:31.1679195+08:00","level":"WARN","body":"委托[clOrdId: 6f1aa0ed-8fa7-11f1-aee2-1ece51d839d6]被拒绝, 原因: [GMBROKER] 资金不足: 委托冻结(42116.84) \u003e 可用资金(5795.04)"}
{"time":"2026-08-04T09:54:32.113441+08:00","level":"WARN","body":"委托[clOrdId: 6fa97572-8fa7-11f1-aee2-1ece51d839d6]被拒绝, 原因: [GMBROKER] 资金不足: 委托冻结(42696.96) \u003e 可用资金(5795.04)"}
{"time":"2026-08-04T09:54:32.2575371+08:00","level":"WARN","body":"委托[clOrdId: 6fc15424-8fa7-11f1-aee2-1ece51d839d6]被拒绝, 原因: [GMBROKER] 资金不足: 委托冻结(40555.51) \u003e 可用资金(5795.04)"}
{"time":"2026-08-04T09:59:26.8813428+08:00","level":"WARN","body":"委托[clOrdId: 1f5c19b1-8fa8-11f1-aee2-1ece51d839d6]被拒绝, 原因: [GMBROKER] 资金不足: 委托冻结(43451.12) \u003e 可用资金(5795.04)"}
{"time":"2026-08-04T10:17:01.6741994+08:00","level":"WARN","body":"委托[clOrdId: 941188a7-8faa-11f1-aee2-1ece51d839d6]被拒绝, 原因: [GMBROKER] 资金不足: 委托冻结(48655.22) \u003e 可用资金(18641.22)"}
{"time":"2026-08-04T10:17:02.5861995+08:00","level":"WARN","body":"委托[clOrdId: 949cd093-8faa-11f1-aee2-1ece51d839d6]被拒绝, 原因: [GMBROKER] 资金不足: 委托冻结(49600.41) \u003e 可用资金(18641.22)"}
{"time":"2026-08-04T10:24:29.3856155+08:00","level":"WARN","body":"委托[clOrdId: 9eed22fb-8fab-11f1-aee2-1ece51d839d6]被拒绝, 原因: [GMBROKER] 资金不足: 委托冻结(50038.51) \u003e 可用资金(18641.22)"}
{"time":"2026-08-04T10:24:30.5391474+08:00","level":"WARN","body":"委托[clOrdId: 9f9d2d4f-8fab-11f1-aee2-1ece51d839d6]被拒绝, 原因: [GMBROKER] 资金不足: 委托冻结(49675.43) \u003e 可用资金(18641.22)"}
{"time":"2026-08-04T10:24:31.8711826+08:00","level":"WARN","body":"委托[clOrdId: a0685076-8fab-11f1-aee2-1ece51d839d6]被拒绝, 原因: [GMBROKER] 资金不足: 委托冻结(48010.08) \u003e 可用资金(18641.22)"}
{"time":"2026-08-04T13:55:40.0328856+08:00","level":"INFO","body":"交易数据归档服务启动成功"}
{"time":"2026-08-04T13:55:40.0328856+08:00","level":"INFO","body":"文件单-交易数据管理 模块初始化. 目录: C:/Users/49772/.goldminer3 "}
{"time":"2026-08-04T13:55:40.1054195+08:00","level":"INFO","body":"交易数据推送服务启动成功, 推送目录: C:\\Users\\49772\\.goldminer3\\tradedata\\downfiles"}
{"time":"2026-08-04T13:55:40.1054195+08:00","level":"INFO","body":"文件单-交易数据管理 模块初始化完成"}
{"time":"2026-08-04T14:40:10.0332494+08:00","level":"WARN","body":"委托[clOrdId: 56a879fd-8fcf-11f1-b0c9-1ece51d839d6]被拒绝, 原因: [GMBROKER] 委托价不正确: 委托价超出涨跌停范围"}
