{"time":"2026-07-09T05:00:38.0411823+08:00","level":"INFO","body":"交易数据归档服务启动成功"}
{"time":"2026-07-09T05:00:38.0411823+08:00","level":"INFO","body":"文件单-交易数据管理 模块初始化. 目录: C:/Users/49772/.goldminer3 "}
{"time":"2026-07-09T05:00:38.151092+08:00","level":"INFO","body":"交易数据推送服务启动成功, 推送目录: C:\\Users\\49772\\.goldminer3\\tradedata\\downfiles"}
{"time":"2026-07-09T05:00:38.1521589+08:00","level":"INFO","body":"文件单-交易数据管理 模块初始化完成"}
{"time":"2026-07-09T08:58:41.0833+08:00","level":"INFO","body":"准备停止文件单和交易数据管理服务"}
{"time":"2026-07-09T08:58:41.0838178+08:00","level":"INFO","body":"停止文件单委托执行服务"}
{"time":"2026-07-09T08:58:41.1861037+08:00","level":"INFO","body":"停止交易数据推送服务"}
{"time":"2026-07-09T08:58:41.1861037+08:00","level":"INFO","body":"停止交易数据归档服务的自动归档任务"}
{"time":"2026-07-09T08:58:41.1861037+08:00","level":"INFO","body":"文件单交易数据:退出交易数据接收处理器"}
{"time":"2026-07-09T08:58:41.1861037+08:00","level":"INFO","body":"开始资金,持仓,委托状态数据的归档操作"}
{"time":"2026-07-09T08:58:41.1861037+08:00","level":"INFO","body":"完成资金,持仓,委托状态数据的归档操作"}
{"time":"2026-07-09T08:59:30.8398578+08:00","level":"INFO","body":"交易数据归档服务启动成功"}
{"time":"2026-07-09T08:59:30.8398578+08:00","level":"INFO","body":"文件单-交易数据管理 模块初始化. 目录: C:/Users/49772/.goldminer3 "}
{"time":"2026-07-09T08:59:30.8585022+08:00","level":"INFO","body":"交易数据推送服务启动成功, 推送目录: C:\\Users\\49772\\.goldminer3\\tradedata\\downfiles"}
{"time":"2026-07-09T08:59:30.8585022+08:00","level":"INFO","body":"文件单-交易数据管理 模块初始化完成"}
{"time":"2026-07-09T10:13:01.7713247+08:00","level":"WARN","body":"委托[clOrdId: b655a211-7b3b-11f1-aa55-1ece51d839d6]被拒绝, 原因: [GMBROKER] 通过限价申报买卖科创板股票,单笔申报数量应当不小于200 股,且不超过10万股"}
{"time":"2026-07-09T10:13:28.4502843+08:00","level":"WARN","body":"委托[clOrdId: c63cf892-7b3b-11f1-aa55-1ece51d839d6]被拒绝, 原因: [GMBROKER] 通过限价申报买卖科创板股票,单笔申报数量应当不小于200 股,且不超过10万股"}
{"time":"2026-07-09T10:45:00.965428+08:00","level":"WARN","body":"委托[clOrdId: 2e44176b-7b40-11f1-aa55-1ece51d839d6]被拒绝, 原因: [GMBROKER] 仓位不足: 委托冻结(5000) \u003e 可用持仓(2500)"}
{"time":"2026-07-09T10:45:01.4150174+08:00","level":"WARN","body":"委托[clOrdId: 2e8854e8-7b40-11f1-aa55-1ece51d839d6]被拒绝, 原因: [GMBROKER] 仓位不足: 委托冻结(200) \u003e 可用持仓(0)"}
{"time":"2026-07-09T10:45:01.531217+08:00","level":"WARN","body":"委托[clOrdId: 2e994eb3-7b40-11f1-aa56-1ece51d839d6]被拒绝, 原因: [GMBROKER] 仓位不足: 委托冻结(500) \u003e 可用持仓(300)"}
{"time":"2026-07-09T10:45:02.2122308+08:00","level":"WARN","body":"委托[clOrdId: 2f02157a-7b40-11f1-aa56-1ece51d839d6]被拒绝, 原因: [GMBROKER] 仓位不足: 委托冻结(800) \u003e 可用持仓(400)"}
{"time":"2026-07-09T10:45:02.3052999+08:00","level":"WARN","body":"委托[clOrdId: 2f10340a-7b40-11f1-aa56-1ece51d839d6]被拒绝, 原因: [GMBROKER] 仓位不足: 委托冻结(400) \u003e 可用持仓(200)"}
{"time":"2026-07-09T10:45:02.3675028+08:00","level":"WARN","body":"委托[clOrdId: 2f199967-7b40-11f1-aa56-1ece51d839d6]被拒绝, 原因: [GMBROKER] 仓位不足: 委托冻结(7800) \u003e 可用持仓(3900)"}
{"time":"2026-07-09T10:45:02.4187907+08:00","level":"WARN","body":"委托[clOrdId: 2f2176e8-7b40-11f1-aa56-1ece51d839d6]被拒绝, 原因: [GMBROKER] 仓位不足: 委托冻结(5000) \u003e 可用持仓(2500)"}
{"time":"2026-07-09T10:45:02.5059585+08:00","level":"WARN","body":"委托[clOrdId: 2f2f1d6a-7b40-11f1-aa56-1ece51d839d6]被拒绝, 原因: [GMBROKER] 仓位不足: 委托冻结(1400) \u003e 可用持仓(700)"}
{"time":"2026-07-09T10:45:02.5974666+08:00","level":"WARN","body":"委托[clOrdId: 2f3d01cc-7b40-11f1-aa56-1ece51d839d6]被拒绝, 原因: [GMBROKER] 仓位不足: 委托冻结(1000) \u003e 可用持仓(500)"}
{"time":"2026-07-09T10:45:23.9733923+08:00","level":"WARN","body":"委托[clOrdId: 3bfb042e-7b40-11f1-aa56-1ece51d839d6]被拒绝, 原因: [GMBROKER] 仓位不足: 委托冻结(200) \u003e 可用持仓(100)"}
