{"time":"2026-08-28T10:08:50.4259318+08:00","level":"INFO","body":"交易数据归档服务启动成功"}
{"time":"2026-08-28T10:08:50.4259318+08:00","level":"INFO","body":"文件单-交易数据管理 模块初始化. 目录: C:/Users/49772/.goldminer3 "}
{"time":"2026-08-28T10:08:50.4667799+08:00","level":"INFO","body":"交易数据推送服务启动成功, 推送目录: C:\\Users\\49772\\.goldminer3\\tradedata\\downfiles"}
{"time":"2026-08-28T10:08:50.4667799+08:00","level":"INFO","body":"文件单-交易数据管理 模块初始化完成"}
{"time":"2026-08-28T10:10:27.8039838+08:00","level":"WARN","body":"委托[clOrdId: a1cc53b0-a285-11f1-8725-1ece51d839d6]被拒绝, 原因: [GMBROKER] 沪市的市价单委托,保护限价 29.76 不能低于跌停价 31.39"}
{"time":"2026-08-28T10:10:27.8049952+08:00","level":"WARN","body":"委托[clOrdId: a1cc53b0-a285-11f1-8726-1ece51d839d6]被拒绝, 原因: [GMBROKER] 沪市的市价单委托,保护限价 31.1 不能低于跌停价 33.52"}
{"time":"2026-08-28T10:10:27.8049952+08:00","level":"WARN","body":"委托[clOrdId: a1cc53b0-a285-11f1-8728-1ece51d839d6]被拒绝, 原因: [GMBROKER] 沪市的市价单委托,保护限价 27.75 不能低于跌停价 28.93"}
{"time":"2026-08-28T10:10:27.8049952+08:00","level":"WARN","body":"委托[clOrdId: a1cc53b0-a285-11f1-872a-1ece51d839d6]被拒绝, 原因: [GMBROKER] 沪市的市价单委托,保护限价 23.92 不能低于跌停价 24.86"}
{"time":"2026-08-28T10:10:28.0147838+08:00","level":"WARN","body":"委托[clOrdId: a1cc53b0-a285-11f1-872c-1ece51d839d6]被拒绝, 原因: [GMBROKER] 沪市的市价单委托,保护限价 72.32 不能低于跌停价 76.46"}
{"time":"2026-08-28T10:10:28.0147838+08:00","level":"WARN","body":"委托[clOrdId: a1cc53b0-a285-11f1-872d-1ece51d839d6]被拒绝, 原因: [GMBROKER] 沪市的市价单委托,保护限价 28.73 不能低于跌停价 31.6"}
{"time":"2026-08-28T10:10:28.0160993+08:00","level":"WARN","body":"委托[clOrdId: a1cc53b0-a285-11f1-872e-1ece51d839d6]被拒绝, 原因: [GMBROKER] 沪市的市价单委托,保护限价 90.72 不能低于跌停价 94.68"}
{"time":"2026-08-28T10:10:28.0160993+08:00","level":"WARN","body":"委托[clOrdId: a1cc53b0-a285-11f1-8730-1ece51d839d6]被拒绝, 原因: [GMBROKER] 沪市的市价单委托,保护限价 18.48 不能低于跌停价 19.42"}
{"time":"2026-08-28T10:10:28.0160993+08:00","level":"WARN","body":"委托[clOrdId: a1cc53b0-a285-11f1-8731-1ece51d839d6]被拒绝, 原因: [GMBROKER] 沪市的市价单委托,保护限价 55.16 不能低于跌停价 59.53"}
{"time":"2026-08-28T10:10:28.0178526+08:00","level":"WARN","body":"委托[clOrdId: a1cc53b0-a285-11f1-8732-1ece51d839d6]被拒绝, 原因: [GMBROKER] 沪市的市价单委托,保护限价 32.54 不能低于跌停价 33.83"}
{"time":"2026-08-28T10:10:28.0178526+08:00","level":"WARN","body":"委托[clOrdId: a1cc53b0-a285-11f1-8733-1ece51d839d6]被拒绝, 原因: [GMBROKER] 沪市的市价单委托,保护限价 16.81 不能低于跌停价 18.17"}
{"time":"2026-08-28T10:10:37.0291165+08:00","level":"WARN","body":"委托[clOrdId: a8713c17-a285-11f1-873f-1ece51d839d6]被拒绝, 原因: [GMBROKER] 沪市的市价单委托,保护限价 23.92 不能低于跌停价 24.86"}
{"time":"2026-08-28T10:10:37.0342669+08:00","level":"WARN","body":"委托[clOrdId: a8713c17-a285-11f1-8740-1ece51d839d6]被拒绝, 原因: [GMBROKER] 沪市的市价单委托,保护限价 27.75 不能低于跌停价 28.93"}
{"time":"2026-08-28T10:10:37.0353769+08:00","level":"WARN","body":"委托[clOrdId: a8713c17-a285-11f1-8741-1ece51d839d6]被拒绝, 原因: [GMBROKER] 沪市的市价单委托,保护限价 16.81 不能低于跌停价 18.17"}
{"time":"2026-08-28T10:10:37.0353769+08:00","level":"WARN","body":"委托[clOrdId: a8713c17-a285-11f1-8742-1ece51d839d6]被拒绝, 原因: [GMBROKER] 沪市的市价单委托,保护限价 72.32 不能低于跌停价 76.46"}
{"time":"2026-08-28T10:10:37.0353769+08:00","level":"WARN","body":"委托[clOrdId: a8713c17-a285-11f1-8743-1ece51d839d6]被拒绝, 原因: [GMBROKER] 沪市的市价单委托,保护限价 31.1 不能低于跌停价 33.52"}
{"time":"2026-08-28T10:10:37.0353769+08:00","level":"WARN","body":"委托[clOrdId: a8713c17-a285-11f1-8744-1ece51d839d6]被拒绝, 原因: [GMBROKER] 沪市的市价单委托,保护限价 28.73 不能低于跌停价 31.6"}
{"time":"2026-08-28T10:10:37.0375738+08:00","level":"WARN","body":"委托[clOrdId: a8713c17-a285-11f1-8745-1ece51d839d6]被拒绝, 原因: [GMBROKER] 沪市的市价单委托,保护限价 32.54 不能低于跌停价 33.83"}
{"time":"2026-08-28T10:10:37.0375738+08:00","level":"WARN","body":"委托[clOrdId: a8713c17-a285-11f1-8746-1ece51d839d6]被拒绝, 原因: [GMBROKER] 沪市的市价单委托,保护限价 29.76 不能低于跌停价 31.39"}
{"time":"2026-08-28T10:10:37.0375738+08:00","level":"WARN","body":"委托[clOrdId: a8713c17-a285-11f1-8747-1ece51d839d6]被拒绝, 原因: [GMBROKER] 沪市的市价单委托,保护限价 90.72 不能低于跌停价 94.68"}
{"time":"2026-08-28T10:10:37.0375738+08:00","level":"WARN","body":"委托[clOrdId: a8713c17-a285-11f1-8748-1ece51d839d6]被拒绝, 原因: [GMBROKER] 沪市的市价单委托,保护限价 18.48 不能低于跌停价 19.42"}
{"time":"2026-08-28T10:10:37.0375738+08:00","level":"WARN","body":"委托[clOrdId: a8713c17-a285-11f1-8749-1ece51d839d6]被拒绝, 原因: [GMBROKER] 沪市的市价单委托,保护限价 55.16 不能低于跌停价 59.53"}
{"time":"2026-08-28T10:10:58.5741332+08:00","level":"WARN","body":"委托[clOrdId: b4e0ee02-a285-11f1-8755-1ece51d839d6]被拒绝, 原因: [GMBROKER] 沪市的市价单委托,保护限价 23.92 不能低于跌停价 24.86"}
{"time":"2026-08-28T10:10:58.5754016+08:00","level":"WARN","body":"委托[clOrdId: b4e0ee02-a285-11f1-8756-1ece51d839d6]被拒绝, 原因: [GMBROKER] 沪市的市价单委托,保护限价 27.75 不能低于跌停价 28.93"}
{"time":"2026-08-28T10:10:58.5767956+08:00","level":"WARN","body":"委托[clOrdId: b4e0ee02-a285-11f1-8757-1ece51d839d6]被拒绝, 原因: [GMBROKER] 沪市的市价单委托,保护限价 16.81 不能低于跌停价 18.17"}
{"time":"2026-08-28T10:10:58.5767956+08:00","level":"WARN","body":"委托[clOrdId: b4e0ee02-a285-11f1-8758-1ece51d839d6]被拒绝, 原因: [GMBROKER] 沪市的市价单委托,保护限价 72.32 不能低于跌停价 76.46"}
{"time":"2026-08-28T10:10:58.5776662+08:00","level":"WARN","body":"委托[clOrdId: b4e0ee02-a285-11f1-8759-1ece51d839d6]被拒绝, 原因: [GMBROKER] 沪市的市价单委托,保护限价 31.1 不能低于跌停价 33.52"}
{"time":"2026-08-28T10:10:58.5776662+08:00","level":"WARN","body":"委托[clOrdId: b4e0ee02-a285-11f1-875a-1ece51d839d6]被拒绝, 原因: [GMBROKER] 沪市的市价单委托,保护限价 28.73 不能低于跌停价 31.6"}
{"time":"2026-08-28T10:10:58.5776662+08:00","level":"WARN","body":"委托[clOrdId: b4e0ee02-a285-11f1-875b-1ece51d839d6]被拒绝, 原因: [GMBROKER] 沪市的市价单委托,保护限价 18.48 不能低于跌停价 19.42"}
{"time":"2026-08-28T10:10:58.5776662+08:00","level":"WARN","body":"委托[clOrdId: b4e0ee02-a285-11f1-875c-1ece51d839d6]被拒绝, 原因: [GMBROKER] 沪市的市价单委托,保护限价 55.16 不能低于跌停价 59.53"}
{"time":"2026-08-28T10:10:58.5776662+08:00","level":"WARN","body":"委托[clOrdId: b4e0ee02-a285-11f1-875d-1ece51d839d6]被拒绝, 原因: [GMBROKER] 沪市的市价单委托,保护限价 32.54 不能低于跌停价 33.83"}
{"time":"2026-08-28T10:10:58.5776662+08:00","level":"WARN","body":"委托[clOrdId: b4e0ee02-a285-11f1-875e-1ece51d839d6]被拒绝, 原因: [GMBROKER] 沪市的市价单委托,保护限价 29.76 不能低于跌停价 31.39"}
{"time":"2026-08-28T10:10:58.5776662+08:00","level":"WARN","body":"委托[clOrdId: b4e0ee02-a285-11f1-875f-1ece51d839d6]被拒绝, 原因: [GMBROKER] 沪市的市价单委托,保护限价 90.72 不能低于跌停价 94.68"}
{"time":"2026-08-28T10:13:08.3724365+08:00","level":"WARN","body":"委托[clOrdId: 0249770e-a286-11f1-876b-1ece51d839d6]被拒绝, 原因: [GMBROKER] 沪市的市价单委托,保护限价 27.75 不能低于跌停价 28.93"}
{"time":"2026-08-28T10:13:08.3724365+08:00","level":"WARN","body":"委托[clOrdId: 0249770e-a286-11f1-876c-1ece51d839d6]被拒绝, 原因: [GMBROKER] 沪市的市价单委托,保护限价 29.76 不能低于跌停价 31.39"}
{"time":"2026-08-28T10:13:08.3732107+08:00","level":"WARN","body":"委托[clOrdId: 0249770e-a286-11f1-876d-1ece51d839d6]被拒绝, 原因: [GMBROKER] 沪市的市价单委托,保护限价 31.1 不能低于跌停价 33.52"}
{"time":"2026-08-28T10:13:08.3737217+08:00","level":"WARN","body":"委托[clOrdId: 0249770e-a286-11f1-876e-1ece51d839d6]被拒绝, 原因: [GMBROKER] 沪市的市价单委托,保护限价 16.81 不能低于跌停价 18.17"}
{"time":"2026-08-28T10:13:08.3744894+08:00","level":"WARN","body":"委托[clOrdId: 0249770e-a286-11f1-876f-1ece51d839d6]被拒绝, 原因: [GMBROKER] 沪市的市价单委托,保护限价 28.73 不能低于跌停价 31.6"}
{"time":"2026-08-28T10:13:08.3744894+08:00","level":"WARN","body":"委托[clOrdId: 0249770e-a286-11f1-8770-1ece51d839d6]被拒绝, 原因: [GMBROKER] 沪市的市价单委托,保护限价 55.16 不能低于跌停价 59.53"}
{"time":"2026-08-28T10:13:08.3744894+08:00","level":"WARN","body":"委托[clOrdId: 0249770e-a286-11f1-8771-1ece51d839d6]被拒绝, 原因: [GMBROKER] 沪市的市价单委托,保护限价 32.54 不能低于跌停价 33.83"}
{"time":"2026-08-28T10:13:08.3744894+08:00","level":"WARN","body":"委托[clOrdId: 0249770e-a286-11f1-8772-1ece51d839d6]被拒绝, 原因: [GMBROKER] 沪市的市价单委托,保护限价 72.32 不能低于跌停价 76.46"}
{"time":"2026-08-28T10:13:08.3744894+08:00","level":"WARN","body":"委托[clOrdId: 0249770e-a286-11f1-8773-1ece51d839d6]被拒绝, 原因: [GMBROKER] 沪市的市价单委托,保护限价 18.48 不能低于跌停价 19.42"}
{"time":"2026-08-28T10:13:08.3744894+08:00","level":"WARN","body":"委托[clOrdId: 0249770e-a286-11f1-8774-1ece51d839d6]被拒绝, 原因: [GMBROKER] 沪市的市价单委托,保护限价 90.72 不能低于跌停价 94.68"}
{"time":"2026-08-28T10:13:08.6013911+08:00","level":"WARN","body":"委托[clOrdId: 0249770e-a286-11f1-8775-1ece51d839d6]被拒绝, 原因: [GMBROKER] 沪市的市价单委托,保护限价 23.92 不能低于跌停价 24.86"}
{"time":"2026-08-28T10:13:52.8249784+08:00","level":"WARN","body":"委托[clOrdId: 1d263d01-a286-11f1-8797-1ece51d839d6]被拒绝, 原因: [GMBROKER] 沪市的市价单委托,保护限价 27.75 不能低于跌停价 28.93"}
{"time":"2026-08-28T10:13:52.8249784+08:00","level":"WARN","body":"委托[clOrdId: 1d263d01-a286-11f1-8798-1ece51d839d6]被拒绝, 原因: [GMBROKER] 沪市的市价单委托,保护限价 55.16 不能低于跌停价 59.53"}
{"time":"2026-08-28T10:13:52.8265352+08:00","level":"WARN","body":"委托[clOrdId: 1d263d01-a286-11f1-8799-1ece51d839d6]被拒绝, 原因: [GMBROKER] 沪市的市价单委托,保护限价 32.54 不能低于跌停价 33.83"}
{"time":"2026-08-28T10:13:52.8280535+08:00","level":"WARN","body":"委托[clOrdId: 1d263d01-a286-11f1-879a-1ece51d839d6]被拒绝, 原因: [GMBROKER] 沪市的市价单委托,保护限价 72.32 不能低于跌停价 76.46"}
{"time":"2026-08-28T10:13:52.8280535+08:00","level":"WARN","body":"委托[clOrdId: 1d263d01-a286-11f1-879b-1ece51d839d6]被拒绝, 原因: [GMBROKER] 沪市的市价单委托,保护限价 90.72 不能低于跌停价 94.68"}
{"time":"2026-08-28T10:13:52.8291745+08:00","level":"WARN","body":"委托[clOrdId: 1d263d01-a286-11f1-879c-1ece51d839d6]被拒绝, 原因: [GMBROKER] 沪市的市价单委托,保护限价 29.76 不能低于跌停价 31.39"}
{"time":"2026-08-28T10:13:52.8291745+08:00","level":"WARN","body":"委托[clOrdId: 1d263d01-a286-11f1-879d-1ece51d839d6]被拒绝, 原因: [GMBROKER] 沪市的市价单委托,保护限价 18.48 不能低于跌停价 19.42"}
{"time":"2026-08-28T10:13:52.8309268+08:00","level":"WARN","body":"委托[clOrdId: 1d263d01-a286-11f1-879e-1ece51d839d6]被拒绝, 原因: [GMBROKER] 沪市的市价单委托,保护限价 31.1 不能低于跌停价 33.52"}
{"time":"2026-08-28T10:13:52.8309268+08:00","level":"WARN","body":"委托[clOrdId: 1d263d01-a286-11f1-879f-1ece51d839d6]被拒绝, 原因: [GMBROKER] 沪市的市价单委托,保护限价 16.81 不能低于跌停价 18.17"}
{"time":"2026-08-28T10:13:52.8309268+08:00","level":"WARN","body":"委托[clOrdId: 1d263d01-a286-11f1-87a0-1ece51d839d6]被拒绝, 原因: [GMBROKER] 沪市的市价单委托,保护限价 28.73 不能低于跌停价 31.6"}
{"time":"2026-08-28T10:13:53.3182515+08:00","level":"WARN","body":"委托[clOrdId: 1d263d01-a286-11f1-87a1-1ece51d839d6]被拒绝, 原因: [GMBROKER] 沪市的市价单委托,保护限价 23.92 不能低于跌停价 24.86"}
{"time":"2026-08-28T10:13:57.4171958+08:00","level":"WARN","body":"委托[clOrdId: 0f2b1b77-a286-11f1-8781-1ece51d839d6]被拒绝, 原因: [GMBROKER] 沪市的市价单委托,保护限价 55.16 不能低于跌停价 59.53"}
{"time":"2026-08-28T10:13:57.4171958+08:00","level":"WARN","body":"委托[clOrdId: 0f2b1b77-a286-11f1-8782-1ece51d839d6]被拒绝, 原因: [GMBROKER] 沪市的市价单委托,保护限价 32.54 不能低于跌停价 33.83"}
{"time":"2026-08-28T10:13:57.4192076+08:00","level":"WARN","body":"委托[clOrdId: 0f2b1b77-a286-11f1-8783-1ece51d839d6]被拒绝, 原因: [GMBROKER] 沪市的市价单委托,保护限价 72.32 不能低于跌停价 76.46"}
{"time":"2026-08-28T10:13:57.4192076+08:00","level":"WARN","body":"委托[clOrdId: 0f2b1b77-a286-11f1-8784-1ece51d839d6]被拒绝, 原因: [GMBROKER] 沪市的市价单委托,保护限价 18.48 不能低于跌停价 19.42"}
{"time":"2026-08-28T10:13:57.4192076+08:00","level":"WARN","body":"委托[clOrdId: 0f2b1b77-a286-11f1-8785-1ece51d839d6]被拒绝, 原因: [GMBROKER] 沪市的市价单委托,保护限价 90.72 不能低于跌停价 94.68"}
{"time":"2026-08-28T10:13:57.4192076+08:00","level":"WARN","body":"委托[clOrdId: 0f2b1b77-a286-11f1-8786-1ece51d839d6]被拒绝, 原因: [GMBROKER] 沪市的市价单委托,保护限价 23.92 不能低于跌停价 24.86"}
{"time":"2026-08-28T10:13:57.4212224+08:00","level":"WARN","body":"委托[clOrdId: 0f2b1b77-a286-11f1-8787-1ece51d839d6]被拒绝, 原因: [GMBROKER] 沪市的市价单委托,保护限价 27.75 不能低于跌停价 28.93"}
{"time":"2026-08-28T10:13:57.4212224+08:00","level":"WARN","body":"委托[clOrdId: 0f2b1b77-a286-11f1-8788-1ece51d839d6]被拒绝, 原因: [GMBROKER] 沪市的市价单委托,保护限价 29.76 不能低于跌停价 31.39"}
{"time":"2026-08-28T10:13:57.4241976+08:00","level":"WARN","body":"委托[clOrdId: 0f2b1b77-a286-11f1-8789-1ece51d839d6]被拒绝, 原因: [GMBROKER] 沪市的市价单委托,保护限价 31.1 不能低于跌停价 33.52"}
{"time":"2026-08-28T10:13:57.4241976+08:00","level":"WARN","body":"委托[clOrdId: 0f2b1b77-a286-11f1-878a-1ece51d839d6]被拒绝, 原因: [GMBROKER] 沪市的市价单委托,保护限价 16.81 不能低于跌停价 18.17"}
{"time":"2026-08-28T10:13:57.4241976+08:00","level":"WARN","body":"委托[clOrdId: 0f2b1b77-a286-11f1-878b-1ece51d839d6]被拒绝, 原因: [GMBROKER] 沪市的市价单委托,保护限价 28.73 不能低于跌停价 31.6"}
{"time":"2026-08-28T10:14:07.0432183+08:00","level":"WARN","body":"委托[clOrdId: 25458ac6-a286-11f1-87ad-1ece51d839d6]被拒绝, 原因: [GMBROKER] 沪市的市价单委托,保护限价 27.75 不能低于跌停价 28.93"}
{"time":"2026-08-28T10:14:07.0432183+08:00","level":"WARN","body":"委托[clOrdId: 25458ac6-a286-11f1-87ae-1ece51d839d6]被拒绝, 原因: [GMBROKER] 沪市的市价单委托,保护限价 55.16 不能低于跌停价 59.53"}
{"time":"2026-08-28T10:14:07.0463381+08:00","level":"WARN","body":"委托[clOrdId: 25458ac6-a286-11f1-87af-1ece51d839d6]被拒绝, 原因: [GMBROKER] 沪市的市价单委托,保护限价 32.54 不能低于跌停价 33.83"}
{"time":"2026-08-28T10:14:07.0473737+08:00","level":"WARN","body":"委托[clOrdId: 25458ac6-a286-11f1-87b0-1ece51d839d6]被拒绝, 原因: [GMBROKER] 沪市的市价单委托,保护限价 72.32 不能低于跌停价 76.46"}
{"time":"2026-08-28T10:14:07.0473737+08:00","level":"WARN","body":"委托[clOrdId: 25458ac6-a286-11f1-87b1-1ece51d839d6]被拒绝, 原因: [GMBROKER] 沪市的市价单委托,保护限价 90.72 不能低于跌停价 94.68"}
{"time":"2026-08-28T10:14:07.0473737+08:00","level":"WARN","body":"委托[clOrdId: 25458ac6-a286-11f1-87b2-1ece51d839d6]被拒绝, 原因: [GMBROKER] 沪市的市价单委托,保护限价 28.73 不能低于跌停价 31.6"}
{"time":"2026-08-28T10:14:07.0488856+08:00","level":"WARN","body":"委托[clOrdId: 25458ac6-a286-11f1-87b3-1ece51d839d6]被拒绝, 原因: [GMBROKER] 沪市的市价单委托,保护限价 23.92 不能低于跌停价 24.86"}
{"time":"2026-08-28T10:14:07.0492932+08:00","level":"WARN","body":"委托[clOrdId: 25458ac6-a286-11f1-87b4-1ece51d839d6]被拒绝, 原因: [GMBROKER] 沪市的市价单委托,保护限价 29.76 不能低于跌停价 31.39"}
{"time":"2026-08-28T10:14:07.0492932+08:00","level":"WARN","body":"委托[clOrdId: 25458ac6-a286-11f1-87b5-1ece51d839d6]被拒绝, 原因: [GMBROKER] 沪市的市价单委托,保护限价 18.48 不能低于跌停价 19.42"}
{"time":"2026-08-28T10:14:07.0492932+08:00","level":"WARN","body":"委托[clOrdId: 25458ac6-a286-11f1-87b6-1ece51d839d6]被拒绝, 原因: [GMBROKER] 沪市的市价单委托,保护限价 31.1 不能低于跌停价 33.52"}
{"time":"2026-08-28T10:14:07.0492932+08:00","level":"WARN","body":"委托[clOrdId: 25458ac6-a286-11f1-87b7-1ece51d839d6]被拒绝, 原因: [GMBROKER] 沪市的市价单委托,保护限价 16.81 不能低于跌停价 18.17"}
{"time":"2026-08-28T10:15:12.2213099+08:00","level":"WARN","body":"委托[clOrdId: 4c1baa6e-a286-11f1-87c1-1ece51d839d6]被拒绝, 原因: [GMBROKER] 沪市的市价单委托,保护限价 27.75 不能低于跌停价 28.93"}
{"time":"2026-08-28T10:15:12.2213099+08:00","level":"WARN","body":"委托[clOrdId: 4c1baa6e-a286-11f1-87c3-1ece51d839d6]被拒绝, 原因: [GMBROKER] 沪市的市价单委托,保护限价 29.76 不能低于跌停价 31.39"}
{"time":"2026-08-28T10:15:46.3681699+08:00","level":"WARN","body":"委托[clOrdId: 60d2de3d-a286-11f1-87d0-1ece51d839d6]被拒绝, 原因: [GMBROKER] 沪市的市价单委托,保护限价 27.75 不能低于跌停价 28.93"}
{"time":"2026-08-28T10:15:46.3699784+08:00","level":"WARN","body":"委托[clOrdId: 60d2de3d-a286-11f1-87d1-1ece51d839d6]被拒绝, 原因: [GMBROKER] 沪市的市价单委托,保护限价 55.16 不能低于跌停价 59.53"}
{"time":"2026-08-28T10:15:46.3699784+08:00","level":"WARN","body":"委托[clOrdId: 60d2de3d-a286-11f1-87d2-1ece51d839d6]被拒绝, 原因: [GMBROKER] 沪市的市价单委托,保护限价 32.54 不能低于跌停价 33.83"}
{"time":"2026-08-28T10:15:46.3709663+08:00","level":"WARN","body":"委托[clOrdId: 60d2de3d-a286-11f1-87d3-1ece51d839d6]被拒绝, 原因: [GMBROKER] 沪市的市价单委托,保护限价 72.32 不能低于跌停价 76.46"}
{"time":"2026-08-28T10:15:46.3709663+08:00","level":"WARN","body":"委托[clOrdId: 60d2de3d-a286-11f1-87d4-1ece51d839d6]被拒绝, 原因: [GMBROKER] 沪市的市价单委托,保护限价 90.72 不能低于跌停价 94.68"}
{"time":"2026-08-28T10:15:46.3709663+08:00","level":"WARN","body":"委托[clOrdId: 60d2de3d-a286-11f1-87d5-1ece51d839d6]被拒绝, 原因: [GMBROKER] 沪市的市价单委托,保护限价 28.73 不能低于跌停价 31.6"}
{"time":"2026-08-28T10:15:46.3709663+08:00","level":"WARN","body":"委托[clOrdId: 60d2de3d-a286-11f1-87d6-1ece51d839d6]被拒绝, 原因: [GMBROKER] 沪市的市价单委托,保护限价 23.92 不能低于跌停价 24.86"}
{"time":"2026-08-28T10:15:46.3709663+08:00","level":"WARN","body":"委托[clOrdId: 60d2de3d-a286-11f1-87d7-1ece51d839d6]被拒绝, 原因: [GMBROKER] 沪市的市价单委托,保护限价 29.76 不能低于跌停价 31.39"}
{"time":"2026-08-28T10:15:46.3709663+08:00","level":"WARN","body":"委托[clOrdId: 60d2de3d-a286-11f1-87d8-1ece51d839d6]被拒绝, 原因: [GMBROKER] 沪市的市价单委托,保护限价 18.48 不能低于跌停价 19.42"}
{"time":"2026-08-28T10:15:46.3709663+08:00","level":"WARN","body":"委托[clOrdId: 60d2de3d-a286-11f1-87d9-1ece51d839d6]被拒绝, 原因: [GMBROKER] 沪市的市价单委托,保护限价 31.1 不能低于跌停价 33.52"}
{"time":"2026-08-28T10:15:46.3709663+08:00","level":"WARN","body":"委托[clOrdId: 60d2de3d-a286-11f1-87da-1ece51d839d6]被拒绝, 原因: [GMBROKER] 沪市的市价单委托,保护限价 16.81 不能低于跌停价 18.17"}
{"time":"2026-08-28T10:16:04.8486825+08:00","level":"WARN","body":"委托[clOrdId: 6b1e10a5-a286-11f1-87e5-1ece51d839d6]被拒绝, 原因: [GMBROKER] 沪市的市价单委托,保护限价 27.75 不能低于跌停价 28.93"}
{"time":"2026-08-28T10:16:04.8486825+08:00","level":"WARN","body":"委托[clOrdId: 6b1e10a5-a286-11f1-87e6-1ece51d839d6]被拒绝, 原因: [GMBROKER] 沪市的市价单委托,保护限价 55.16 不能低于跌停价 59.53"}
{"time":"2026-08-28T10:16:04.8507445+08:00","level":"WARN","body":"委托[clOrdId: 6b1e10a5-a286-11f1-87e7-1ece51d839d6]被拒绝, 原因: [GMBROKER] 沪市的市价单委托,保护限价 32.54 不能低于跌停价 33.83"}
{"time":"2026-08-28T10:16:04.8507445+08:00","level":"WARN","body":"委托[clOrdId: 6b1e10a5-a286-11f1-87e8-1ece51d839d6]被拒绝, 原因: [GMBROKER] 沪市的市价单委托,保护限价 72.32 不能低于跌停价 76.46"}
{"time":"2026-08-28T10:16:04.8507445+08:00","level":"WARN","body":"委托[clOrdId: 6b1e10a5-a286-11f1-87e9-1ece51d839d6]被拒绝, 原因: [GMBROKER] 沪市的市价单委托,保护限价 90.72 不能低于跌停价 94.68"}
{"time":"2026-08-28T10:16:04.8527875+08:00","level":"WARN","body":"委托[clOrdId: 6b1e10a5-a286-11f1-87ea-1ece51d839d6]被拒绝, 原因: [GMBROKER] 沪市的市价单委托,保护限价 29.76 不能低于跌停价 31.39"}
{"time":"2026-08-28T10:16:04.8527875+08:00","level":"WARN","body":"委托[clOrdId: 6b1e10a5-a286-11f1-87eb-1ece51d839d6]被拒绝, 原因: [GMBROKER] 沪市的市价单委托,保护限价 18.48 不能低于跌停价 19.42"}
{"time":"2026-08-28T10:16:04.8527875+08:00","level":"WARN","body":"委托[clOrdId: 6b1e10a5-a286-11f1-87ec-1ece51d839d6]被拒绝, 原因: [GMBROKER] 沪市的市价单委托,保护限价 31.1 不能低于跌停价 33.52"}
{"time":"2026-08-28T10:16:04.8527875+08:00","level":"WARN","body":"委托[clOrdId: 6b1e10a5-a286-11f1-87ed-1ece51d839d6]被拒绝, 原因: [GMBROKER] 沪市的市价单委托,保护限价 16.81 不能低于跌停价 18.17"}
{"time":"2026-08-28T10:16:04.8527875+08:00","level":"WARN","body":"委托[clOrdId: 6b1e10a5-a286-11f1-87ee-1ece51d839d6]被拒绝, 原因: [GMBROKER] 沪市的市价单委托,保护限价 28.73 不能低于跌停价 31.6"}
{"time":"2026-08-28T10:16:04.8548021+08:00","level":"WARN","body":"委托[clOrdId: 6b1e10a5-a286-11f1-87ef-1ece51d839d6]被拒绝, 原因: [GMBROKER] 沪市的市价单委托,保护限价 23.92 不能低于跌停价 24.86"}
{"time":"2026-08-28T10:16:27.1168111+08:00","level":"WARN","body":"委托[clOrdId: 793dcf14-a286-11f1-87f0-1ece51d839d6]被拒绝, 原因: [GMBROKER] 沪市的市价单委托,保护限价 27.75 不能低于跌停价 28.93"}
{"time":"2026-08-28T10:16:32.6297709+08:00","level":"WARN","body":"委托[clOrdId: 7c49c90b-a286-11f1-87f1-1ece51d839d6]被拒绝, 原因: [GMBROKER] 沪市的市价单委托,保护限价 27.75 不能低于跌停价 28.93"}
{"time":"2026-08-28T10:16:44.7397928+08:00","level":"WARN","body":"委托[clOrdId: 8308685d-a286-11f1-87fd-1ece51d839d6]被拒绝, 原因: [GMBROKER] 沪市的市价单委托,保护限价 31.1 不能低于跌停价 33.52"}
{"time":"2026-08-28T10:16:44.7407547+08:00","level":"WARN","body":"委托[clOrdId: 8308685d-a286-11f1-87fe-1ece51d839d6]被拒绝, 原因: [GMBROKER] 沪市的市价单委托,保护限价 16.81 不能低于跌停价 18.17"}
{"time":"2026-08-28T10:16:44.7407547+08:00","level":"WARN","body":"委托[clOrdId: 8308685d-a286-11f1-87ff-1ece51d839d6]被拒绝, 原因: [GMBROKER] 沪市的市价单委托,保护限价 28.73 不能低于跌停价 31.6"}
{"time":"2026-08-28T10:16:44.7407547+08:00","level":"WARN","body":"委托[clOrdId: 8308685d-a286-11f1-8800-1ece51d839d6]被拒绝, 原因: [GMBROKER] 沪市的市价单委托,保护限价 23.92 不能低于跌停价 24.86"}
{"time":"2026-08-28T10:16:44.7407547+08:00","level":"WARN","body":"委托[clOrdId: 8308685d-a286-11f1-8801-1ece51d839d6]被拒绝, 原因: [GMBROKER] 沪市的市价单委托,保护限价 29.76 不能低于跌停价 31.39"}
{"time":"2026-08-28T10:16:44.7407547+08:00","level":"WARN","body":"委托[clOrdId: 8308685d-a286-11f1-8802-1ece51d839d6]被拒绝, 原因: [GMBROKER] 沪市的市价单委托,保护限价 18.48 不能低于跌停价 19.42"}
{"time":"2026-08-28T10:16:44.7427705+08:00","level":"WARN","body":"委托[clOrdId: 8308685d-a286-11f1-8803-1ece51d839d6]被拒绝, 原因: [GMBROKER] 沪市的市价单委托,保护限价 72.32 不能低于跌停价 76.46"}
{"time":"2026-08-28T10:16:44.7427705+08:00","level":"WARN","body":"委托[clOrdId: 8308685d-a286-11f1-8804-1ece51d839d6]被拒绝, 原因: [GMBROKER] 沪市的市价单委托,保护限价 90.72 不能低于跌停价 94.68"}
{"time":"2026-08-28T10:16:44.7427705+08:00","level":"WARN","body":"委托[clOrdId: 8308685d-a286-11f1-8805-1ece51d839d6]被拒绝, 原因: [GMBROKER] 沪市的市价单委托,保护限价 27.75 不能低于跌停价 28.93"}
{"time":"2026-08-28T10:16:44.7427705+08:00","level":"WARN","body":"委托[clOrdId: 8308685d-a286-11f1-8806-1ece51d839d6]被拒绝, 原因: [GMBROKER] 沪市的市价单委托,保护限价 55.16 不能低于跌停价 59.53"}
{"time":"2026-08-28T10:16:44.7427705+08:00","level":"WARN","body":"委托[clOrdId: 8308685d-a286-11f1-8807-1ece51d839d6]被拒绝, 原因: [GMBROKER] 沪市的市价单委托,保护限价 32.54 不能低于跌停价 33.83"}
{"time":"2026-08-28T10:17:08.0858081+08:00","level":"WARN","body":"委托[clOrdId: 8ff266d8-a286-11f1-8813-1ece51d839d6]被拒绝, 原因: [GMBROKER] 沪市的市价单委托,保护限价 90.72 不能低于跌停价 94.68"}
{"time":"2026-08-28T10:17:08.0858081+08:00","level":"WARN","body":"委托[clOrdId: 8ff266d8-a286-11f1-8814-1ece51d839d6]被拒绝, 原因: [GMBROKER] 沪市的市价单委托,保护限价 27.75 不能低于跌停价 28.93"}
{"time":"2026-08-28T10:17:08.0858081+08:00","level":"WARN","body":"委托[clOrdId: 8ff266d8-a286-11f1-8815-1ece51d839d6]被拒绝, 原因: [GMBROKER] 沪市的市价单委托,保护限价 55.16 不能低于跌停价 59.53"}
{"time":"2026-08-28T10:17:08.0869867+08:00","level":"WARN","body":"委托[clOrdId: 8ff266d8-a286-11f1-8816-1ece51d839d6]被拒绝, 原因: [GMBROKER] 沪市的市价单委托,保护限价 32.54 不能低于跌停价 33.83"}
{"time":"2026-08-28T10:17:08.0869867+08:00","level":"WARN","body":"委托[clOrdId: 8ff266d8-a286-11f1-8817-1ece51d839d6]被拒绝, 原因: [GMBROKER] 沪市的市价单委托,保护限价 72.32 不能低于跌停价 76.46"}
{"time":"2026-08-28T10:17:08.0869867+08:00","level":"WARN","body":"委托[clOrdId: 8ff266d8-a286-11f1-8818-1ece51d839d6]被拒绝, 原因: [GMBROKER] 沪市的市价单委托,保护限价 16.81 不能低于跌停价 18.17"}
{"time":"2026-08-28T10:17:08.0869867+08:00","level":"WARN","body":"委托[clOrdId: 8ff266d8-a286-11f1-8819-1ece51d839d6]被拒绝, 原因: [GMBROKER] 沪市的市价单委托,保护限价 28.73 不能低于跌停价 31.6"}
{"time":"2026-08-28T10:17:08.0869867+08:00","level":"WARN","body":"委托[clOrdId: 8ff266d8-a286-11f1-881a-1ece51d839d6]被拒绝, 原因: [GMBROKER] 沪市的市价单委托,保护限价 23.92 不能低于跌停价 24.86"}
{"time":"2026-08-28T10:17:08.0869867+08:00","level":"WARN","body":"委托[clOrdId: 8ff266d8-a286-11f1-881b-1ece51d839d6]被拒绝, 原因: [GMBROKER] 沪市的市价单委托,保护限价 29.76 不能低于跌停价 31.39"}
{"time":"2026-08-28T10:17:08.0869867+08:00","level":"WARN","body":"委托[clOrdId: 8ff266d8-a286-11f1-881c-1ece51d839d6]被拒绝, 原因: [GMBROKER] 沪市的市价单委托,保护限价 18.48 不能低于跌停价 19.42"}
{"time":"2026-08-28T10:17:08.0885061+08:00","level":"WARN","body":"委托[clOrdId: 8ff266d8-a286-11f1-881d-1ece51d839d6]被拒绝, 原因: [GMBROKER] 沪市的市价单委托,保护限价 31.1 不能低于跌停价 33.52"}
{"time":"2026-08-28T10:17:22.1068989+08:00","level":"WARN","body":"委托[clOrdId: 99c5166d-a286-11f1-8829-1ece51d839d6]被拒绝, 原因: [GMBROKER] 沪市的市价单委托,保护限价 72.32 不能低于跌停价 76.46"}
{"time":"2026-08-28T10:17:22.110925+08:00","level":"WARN","body":"委托[clOrdId: 99c5166d-a286-11f1-882a-1ece51d839d6]被拒绝, 原因: [GMBROKER] 沪市的市价单委托,保护限价 28.73 不能低于跌停价 31.6"}
{"time":"2026-08-28T10:17:22.110925+08:00","level":"WARN","body":"委托[clOrdId: 99c5166d-a286-11f1-882b-1ece51d839d6]被拒绝, 原因: [GMBROKER] 沪市的市价单委托,保护限价 55.16 不能低于跌停价 59.53"}
{"time":"2026-08-28T10:17:22.5596742+08:00","level":"WARN","body":"委托[clOrdId: 99c5166d-a286-11f1-882c-1ece51d839d6]被拒绝, 原因: [GMBROKER] 沪市的市价单委托,保护限价 29.76 不能低于跌停价 31.39"}
{"time":"2026-08-28T10:17:22.8347881+08:00","level":"WARN","body":"委托[clOrdId: 99c5166d-a286-11f1-882d-1ece51d839d6]被拒绝, 原因: [GMBROKER] 沪市的市价单委托,保护限价 27.75 不能低于跌停价 28.93"}
{"time":"2026-08-28T10:17:22.8347881+08:00","level":"WARN","body":"委托[clOrdId: 99c5166d-a286-11f1-882e-1ece51d839d6]被拒绝, 原因: [GMBROKER] 沪市的市价单委托,保护限价 32.54 不能低于跌停价 33.83"}
{"time":"2026-08-28T10:17:22.8347881+08:00","level":"WARN","body":"委托[clOrdId: 99c5166d-a286-11f1-882f-1ece51d839d6]被拒绝, 原因: [GMBROKER] 沪市的市价单委托,保护限价 16.81 不能低于跌停价 18.17"}
{"time":"2026-08-28T10:17:22.8368215+08:00","level":"WARN","body":"委托[clOrdId: 99c5166d-a286-11f1-8830-1ece51d839d6]被拒绝, 原因: [GMBROKER] 沪市的市价单委托,保护限价 23.92 不能低于跌停价 24.86"}
{"time":"2026-08-28T10:17:22.8368215+08:00","level":"WARN","body":"委托[clOrdId: 99c5166d-a286-11f1-8831-1ece51d839d6]被拒绝, 原因: [GMBROKER] 沪市的市价单委托,保护限价 31.1 不能低于跌停价 33.52"}
{"time":"2026-08-28T10:17:22.8373826+08:00","level":"WARN","body":"委托[clOrdId: 99c5166d-a286-11f1-8832-1ece51d839d6]被拒绝, 原因: [GMBROKER] 沪市的市价单委托,保护限价 18.48 不能低于跌停价 19.42"}
{"time":"2026-08-28T10:17:22.8373826+08:00","level":"WARN","body":"委托[clOrdId: 99c5166d-a286-11f1-8833-1ece51d839d6]被拒绝, 原因: [GMBROKER] 沪市的市价单委托,保护限价 90.72 不能低于跌停价 94.68"}
{"time":"2026-08-28T10:17:58.6671231+08:00","level":"WARN","body":"委托[clOrdId: af2e1a99-a286-11f1-8837-1ece51d839d6]被拒绝, 原因: [GMBROKER] 沪市的市价单委托,保护限价 29.76 不能低于跌停价 31.39"}
{"time":"2026-08-28T10:17:58.6671231+08:00","level":"WARN","body":"委托[clOrdId: af2e1a99-a286-11f1-8838-1ece51d839d6]被拒绝, 原因: [GMBROKER] 沪市的市价单委托,保护限价 27.75 不能低于跌停价 28.93"}
{"time":"2026-08-28T10:27:14.0440865+08:00","level":"WARN","body":"委托[clOrdId: fa44decc-a287-11f1-883d-1ece51d839d6]被拒绝, 原因: [GMBROKER] 沪市的市价单委托,保护限价 27.75 不能低于跌停价 28.93"}
{"time":"2026-08-28T10:27:14.045086+08:00","level":"WARN","body":"委托[clOrdId: fa44decc-a287-11f1-883e-1ece51d839d6]被拒绝, 原因: [GMBROKER] 沪市的市价单委托,保护限价 29.76 不能低于跌停价 31.39"}
{"time":"2026-08-28T10:27:50.6506678+08:00","level":"WARN","body":"委托[clOrdId: 105d78d3-a288-11f1-8850-1ece51d839d6]被拒绝, 原因: [GMBROKER] 沪市的市价单委托,保护限价 18.48 不能低于跌停价 19.42"}
{"time":"2026-08-28T10:27:50.6506678+08:00","level":"WARN","body":"委托[clOrdId: 105d78d3-a288-11f1-8851-1ece51d839d6]被拒绝, 原因: [GMBROKER] 沪市的市价单委托,保护限价 31.1 不能低于跌停价 33.52"}
{"time":"2026-08-28T10:27:50.651715+08:00","level":"WARN","body":"委托[clOrdId: 105d78d3-a288-11f1-8852-1ece51d839d6]被拒绝, 原因: [GMBROKER] 沪市的市价单委托,保护限价 16.81 不能低于跌停价 18.17"}
{"time":"2026-08-28T10:27:50.651715+08:00","level":"WARN","body":"委托[clOrdId: 105d78d3-a288-11f1-8853-1ece51d839d6]被拒绝, 原因: [GMBROKER] 沪市的市价单委托,保护限价 90.72 不能低于跌停价 94.68"}
{"time":"2026-08-28T10:27:50.651715+08:00","level":"WARN","body":"委托[clOrdId: 105d78d3-a288-11f1-8854-1ece51d839d6]被拒绝, 原因: [GMBROKER] 沪市的市价单委托,保护限价 72.32 不能低于跌停价 76.46"}
{"time":"2026-08-28T10:27:50.651715+08:00","level":"WARN","body":"委托[clOrdId: 105d78d3-a288-11f1-8855-1ece51d839d6]被拒绝, 原因: [GMBROKER] 沪市的市价单委托,保护限价 27.75 不能低于跌停价 28.93"}
{"time":"2026-08-28T10:27:50.651715+08:00","level":"WARN","body":"委托[clOrdId: 105d78d3-a288-11f1-8856-1ece51d839d6]被拒绝, 原因: [GMBROKER] 沪市的市价单委托,保护限价 55.16 不能低于跌停价 59.53"}
{"time":"2026-08-28T10:27:50.651715+08:00","level":"WARN","body":"委托[clOrdId: 105d78d3-a288-11f1-8857-1ece51d839d6]被拒绝, 原因: [GMBROKER] 沪市的市价单委托,保护限价 32.54 不能低于跌停价 33.83"}
{"time":"2026-08-28T10:27:50.651715+08:00","level":"WARN","body":"委托[clOrdId: 105d78d3-a288-11f1-8858-1ece51d839d6]被拒绝, 原因: [GMBROKER] 沪市的市价单委托,保护限价 23.92 不能低于跌停价 24.86"}
{"time":"2026-08-28T10:27:50.651715+08:00","level":"WARN","body":"委托[clOrdId: 105d78d3-a288-11f1-8859-1ece51d839d6]被拒绝, 原因: [GMBROKER] 沪市的市价单委托,保护限价 29.76 不能低于跌停价 31.39"}
{"time":"2026-08-28T10:27:55.6322897+08:00","level":"WARN","body":"委托[clOrdId: 09bcc2e8-a288-11f1-8845-1ece51d839d6]被拒绝, 原因: [GMBROKER] 沪市的市价单委托,保护限价 27.75 不能低于跌停价 28.93"}
{"time":"2026-08-28T10:27:57.0500779+08:00","level":"WARN","body":"委托[clOrdId: 0019808b-a288-11f1-8844-1ece51d839d6]被拒绝, 原因: [GMBROKER] 沪市的市价单委托,保护限价 29.76 不能低于跌停价 31.39"}
{"time":"2026-08-28T10:27:57.0500779+08:00","level":"WARN","body":"委托[clOrdId: 0019808b-a288-11f1-8843-1ece51d839d6]被拒绝, 原因: [GMBROKER] 沪市的市价单委托,保护限价 27.75 不能低于跌停价 28.93"}
