{"time":"2026-07-06T08:58:57.5288127+08:00","level":"INFO","body":"交易数据归档服务启动成功"}
{"time":"2026-07-06T08:58:57.5288127+08:00","level":"INFO","body":"文件单-交易数据管理 模块初始化. 目录: C:/Users/49772/.goldminer3 "}
{"time":"2026-07-06T08:58:57.5479043+08:00","level":"INFO","body":"交易数据推送服务启动成功, 推送目录: C:\\Users\\49772\\.goldminer3\\tradedata\\downfiles"}
{"time":"2026-07-06T08:58:57.5485627+08:00","level":"INFO","body":"文件单-交易数据管理 模块初始化完成"}
{"time":"2026-07-06T09:43:32.5346679+08:00","level":"WARN","body":"委托[clOrdId: 188d3881-78dc-11f1-bef3-1ece51d839d6]被拒绝, 原因: [GMBROKER] 资金不足: 委托冻结(44954.44) \u003e 可用资金(22973.42)"}
{"time":"2026-07-06T09:53:05.7135647+08:00","level":"WARN","body":"委托[clOrdId: 6e310f7e-78dd-11f1-bef3-1ece51d839d6]被拒绝, 原因: [GMBROKER] 资金不足: 委托冻结(18630.00) \u003e 可用资金(6118.70)"}
{"time":"2026-07-06T09:53:05.865947+08:00","level":"WARN","body":"委托[clOrdId: 6e47d027-78dd-11f1-bef3-1ece51d839d6]被拒绝, 原因: [GMBROKER] 资金不足: 委托冻结(17901.00) \u003e 可用资金(6118.70)"}
{"time":"2026-07-06T09:55:57.5700633+08:00","level":"WARN","body":"委托[clOrdId: d4a0b70f-78dd-11f1-bef3-1ece51d839d6]被拒绝, 原因: [GMBROKER] 资金不足: 委托冻结(15041.00) \u003e 可用资金(6118.70)"}
{"time":"2026-07-06T10:45:02.4410482+08:00","level":"WARN","body":"委托[clOrdId: afe7c1ca-78e4-11f1-bef3-1ece51d839d6]被拒绝, 原因: [GMBROKER] 仓位不足: 委托冻结(15000) \u003e 可用持仓(7500)"}
{"time":"2026-07-06T10:45:02.5226191+08:00","level":"WARN","body":"委托[clOrdId: aff42651-78e4-11f1-bef3-1ece51d839d6]被拒绝, 原因: [GMBROKER] 仓位不足: 委托冻结(4000) \u003e 可用持仓(2000)"}
{"time":"2026-07-06T10:45:06.1996568+08:00","level":"WARN","body":"委托[clOrdId: b22528a7-78e4-11f1-bef3-1ece51d839d6]被拒绝, 原因: [GMBROKER] 仓位不足: 委托冻结(1400) \u003e 可用持仓(700)"}
{"time":"2026-07-06T10:45:06.3922823+08:00","level":"WARN","body":"委托[clOrdId: b242998a-78e4-11f1-bef3-1ece51d839d6]被拒绝, 原因: [GMBROKER] 仓位不足: 委托冻结(7500) \u003e 可用持仓(3800)"}
{"time":"2026-07-06T10:45:06.5639273+08:00","level":"WARN","body":"委托[clOrdId: b25c7da2-78e4-11f1-bef3-1ece51d839d6]被拒绝, 原因: [GMBROKER] 仓位不足: 委托冻结(400) \u003e 可用持仓(200)"}
{"time":"2026-07-06T10:45:06.8148758+08:00","level":"WARN","body":"委托[clOrdId: b283279c-78e4-11f1-bef3-1ece51d839d6]被拒绝, 原因: [GMBROKER] 通过限价申报买卖科创板股票,单笔申报数量应当不小于200股"}
{"time":"2026-07-06T10:45:07.2242848+08:00","level":"WARN","body":"委托[clOrdId: b2c1a8b8-78e4-11f1-bef3-1ece51d839d6]被拒绝, 原因: [GMBROKER] 通过限价申报买卖科创板股票,单笔申报数量应当不小于200股"}
{"time":"2026-07-07T08:58:41.0725748+08:00","level":"INFO","body":"准备停止文件单和交易数据管理服务"}
{"time":"2026-07-07T08:58:41.0735481+08:00","level":"INFO","body":"停止文件单委托执行服务"}
{"time":"2026-07-07T08:58:42.0454378+08:00","level":"INFO","body":"停止交易数据推送服务"}
{"time":"2026-07-07T08:58:42.0454378+08:00","level":"INFO","body":"停止交易数据归档服务的自动归档任务"}
{"time":"2026-07-07T08:58:42.0454378+08:00","level":"INFO","body":"文件单交易数据:退出交易数据接收处理器"}
{"time":"2026-07-07T08:58:42.0454378+08:00","level":"INFO","body":"开始资金,持仓,委托状态数据的归档操作"}
{"time":"2026-07-07T08:58:42.046449+08:00","level":"INFO","body":"完成资金,持仓,委托状态数据的归档操作"}
