{"time":"2026-07-08T08:58:57.7877791+08:00","level":"INFO","body":"交易数据归档服务启动成功"}
{"time":"2026-07-08T08:58:57.7877791+08:00","level":"INFO","body":"文件单-交易数据管理 模块初始化. 目录: C:/Users/49772/.goldminer3 "}
{"time":"2026-07-08T08:58:57.8193376+08:00","level":"INFO","body":"交易数据推送服务启动成功, 推送目录: C:\\Users\\49772\\.goldminer3\\tradedata\\downfiles"}
{"time":"2026-07-08T08:58:57.8198596+08:00","level":"INFO","body":"文件单-交易数据管理 模块初始化完成"}
{"time":"2026-07-08T09:30:25.2132351+08:00","level":"WARN","body":"委托[clOrdId: 98188950-7a6c-11f1-a434-1ece51d839d6]被拒绝, 原因: [GMBROKER] 资金不足: 委托冻结(49730.44) \u003e 可用资金(32178.59)"}
{"time":"2026-07-08T09:31:58.3649253+08:00","level":"WARN","body":"委托[clOrdId: cf9fd805-7a6c-11f1-a434-1ece51d839d6]被拒绝, 原因: [GMBROKER] 资金不足: 委托冻结(48226.13) \u003e 可用资金(23779.40)"}
{"time":"2026-07-08T09:31:58.5399327+08:00","level":"WARN","body":"委托[clOrdId: cfb8ea15-7a6c-11f1-a434-1ece51d839d6]被拒绝, 原因: [GMBROKER] 资金不足: 委托冻结(41264.66) \u003e 可用资金(23779.40)"}
{"time":"2026-07-08T09:31:59.3233294+08:00","level":"WARN","body":"委托[clOrdId: d030803b-7a6c-11f1-a434-1ece51d839d6]被拒绝, 原因: [GMBROKER] 资金不足: 委托冻结(48508.18) \u003e 可用资金(23779.40)"}
{"time":"2026-07-08T09:31:59.3957508+08:00","level":"WARN","body":"委托[clOrdId: d03b6fe5-7a6c-11f1-a434-1ece51d839d6]被拒绝, 原因: [GMBROKER] 资金不足: 委托冻结(48874.26) \u003e 可用资金(23779.40)"}
{"time":"2026-07-08T09:31:59.8123672+08:00","level":"WARN","body":"委托[clOrdId: d07ad1f7-7a6c-11f1-a434-1ece51d839d6]被拒绝, 原因: [GMBROKER] 资金不足: 委托冻结(48938.27) \u003e 可用资金(23779.40)"}
{"time":"2026-07-08T09:32:26.1392991+08:00","level":"WARN","body":"委托[clOrdId: e02c1395-7a6c-11f1-a434-1ece51d839d6]被拒绝, 原因: [GMBROKER] 资金不足: 委托冻结(48508.18) \u003e 可用资金(32178.59)"}
{"time":"2026-07-08T09:32:27.3156475+08:00","level":"WARN","body":"委托[clOrdId: e0dedc75-7a6c-11f1-a434-1ece51d839d6]被拒绝, 原因: [GMBROKER] 资金不足: 委托冻结(48050.09) \u003e 可用资金(32178.59)"}
{"time":"2026-07-08T09:32:27.3555734+08:00","level":"WARN","body":"委托[clOrdId: e0e5ed7b-7a6c-11f1-a434-1ece51d839d6]被拒绝, 原因: [GMBROKER] 资金不足: 委托冻结(48874.26) \u003e 可用资金(32178.59)"}
{"time":"2026-07-08T09:32:28.5883569+08:00","level":"WARN","body":"委托[clOrdId: e1a218b9-7a6c-11f1-a434-1ece51d839d6]被拒绝, 原因: [GMBROKER] 资金不足: 委托冻结(41141.64) \u003e 可用资金(23935.44)"}
{"time":"2026-07-08T09:32:28.8548012+08:00","level":"WARN","body":"委托[clOrdId: e1cae4bd-7a6c-11f1-a434-1ece51d839d6]被拒绝, 原因: [GMBROKER] 资金不足: 委托冻结(45559.57) \u003e 可用资金(23935.44)"}
{"time":"2026-07-08T09:32:29.3610407+08:00","level":"WARN","body":"委托[clOrdId: e217c99a-7a6c-11f1-a434-1ece51d839d6]被拒绝, 原因: [GMBROKER] 资金不足: 委托冻结(46773.82) \u003e 可用资金(23935.44)"}
{"time":"2026-07-08T09:32:29.6280916+08:00","level":"WARN","body":"委托[clOrdId: e240b712-7a6c-11f1-a434-1ece51d839d6]被拒绝, 原因: [GMBROKER] 资金不足: 委托冻结(48592.20) \u003e 可用资金(23935.44)"}
{"time":"2026-07-08T09:32:29.9065631+08:00","level":"WARN","body":"委托[clOrdId: e26c4138-7a6c-11f1-a434-1ece51d839d6]被拒绝, 原因: [GMBROKER] 资金不足: 委托冻结(41420.70) \u003e 可用资金(23935.44)"}
{"time":"2026-07-08T10:45:01.5624284+08:00","level":"WARN","body":"委托[clOrdId: 04354570-7a77-11f1-a434-1ece51d839d6]被拒绝, 原因: [GMBROKER] 仓位不足: 委托冻结(900) \u003e 可用持仓(500)"}
{"time":"2026-07-08T10:45:01.6396772+08:00","level":"WARN","body":"委托[clOrdId: 04410ae0-7a77-11f1-a434-1ece51d839d6]被拒绝, 原因: [GMBROKER] 仓位不足: 委托冻结(400) \u003e 可用持仓(200)"}
{"time":"2026-07-08T10:45:01.7936186+08:00","level":"WARN","body":"委托[clOrdId: 0458ba3f-7a77-11f1-a434-1ece51d839d6]被拒绝, 原因: [GMBROKER] 仓位不足: 委托冻结(500) \u003e 可用持仓(300)"}
{"time":"2026-07-08T10:45:01.8588424+08:00","level":"WARN","body":"委托[clOrdId: 04627d6f-7a77-11f1-a434-1ece51d839d6]被拒绝, 原因: [GMBROKER] 仓位不足: 委托冻结(1600) \u003e 可用持仓(800)"}
{"time":"2026-07-08T10:45:02.9278623+08:00","level":"WARN","body":"委托[clOrdId: 0502e14e-7a77-11f1-a435-1ece51d839d6]被拒绝, 原因: [GMBROKER] 仓位不足: 委托冻结(2500) \u003e 可用持仓(1300)"}
{"time":"2026-07-08T10:45:03.3994046+08:00","level":"WARN","body":"委托[clOrdId: 054d3245-7a77-11f1-a435-1ece51d839d6]被拒绝, 原因: [GMBROKER] 仓位不足: 委托冻结(2000) \u003e 可用持仓(1000)"}
{"time":"2026-07-08T10:45:14.3829423+08:00","level":"WARN","body":"委托[clOrdId: 0bd9bbfb-7a77-11f1-a435-1ece51d839d6]被拒绝, 原因: [GMBROKER] 通过限价申报买卖科创板股票,单笔申报数量应当不小于200股"}
{"time":"2026-07-08T11:10:35.5664228+08:00","level":"WARN","body":"委托[clOrdId: 968b5112-7a7a-11f1-a435-1ece51d839d6]被拒绝, 原因: [GMBROKER] 通过限价申报买卖科创板股票,单笔申报数量应当不小于200 股,且不超过10万股"}
{"time":"2026-07-08T11:10:59.7069016+08:00","level":"WARN","body":"委托[clOrdId: a4eecbe4-7a7a-11f1-a435-1ece51d839d6]被拒绝, 原因: [GMBROKER] 通过限价申报买卖科创板股票,单笔申报数量应当不小于200 股,且不超过10万股"}
{"time":"2026-07-08T14:37:23.7263464+08:00","level":"INFO","body":"交易数据归档服务启动成功"}
{"time":"2026-07-08T14:37:23.7263464+08:00","level":"INFO","body":"文件单-交易数据管理 模块初始化. 目录: C:/Users/49772/.goldminer3 "}
{"time":"2026-07-08T14:37:23.7730047+08:00","level":"INFO","body":"交易数据推送服务启动成功, 推送目录: C:\\Users\\49772\\.goldminer3\\tradedata\\downfiles"}
{"time":"2026-07-08T14:37:23.7735822+08:00","level":"INFO","body":"文件单-交易数据管理 模块初始化完成"}
