[2026-04-16 19:31:02]  AlphaPilot 监听服务 (Pro 多邮箱版) 启动...
[2026-04-16 19:31:02]  信号保存目录: d:\mpython\signals
[2026-04-16 19:31:02]  日志文件: d:\mpython\logs_receiver\receiver_20260416.log
[2026-04-16 19:31:02]  正在连接 QQ-主 邮箱服务器 (497720537@qq.com) ...
[2026-04-16 19:31:03]  QQ-主 因子处理主循环异常: b'Login fail. Account is abnormal, service is not open, password is incorrect, login frequency limited, or system is busy. More information at https://help.mail.qq.com/detail/108/1023'
[2026-04-16 19:31:13]  正在连接 QQ-备用 邮箱服务器 (shouqianbadavid@qq.com) ...
[2026-04-16 19:31:13]  QQ-备用 因子处理主循环异常: b'Login fail. Account is abnormal, service is not open, password is incorrect, login frequency limited, or system is busy. More information at https://help.mail.qq.com/detail/108/1023'
[2026-04-16 19:31:58]  正在连接 QQ-主 邮箱服务器 (497720537@qq.com) ...
[2026-04-16 19:31:59]  QQ-主 因子处理主循环异常: b'Login fail. Account is abnormal, service is not open, password is incorrect, login frequency limited, or system is busy. More information at https://help.mail.qq.com/detail/108/1023'
[2026-04-16 19:32:09]  正在连接 QQ-备用 邮箱服务器 (shouqianbadavid@qq.com) ...
[2026-04-16 19:32:09]  QQ-备用 因子处理主循环异常: b'Login fail. Account is abnormal, service is not open, password is incorrect, login frequency limited, or system is busy. More information at https://help.mail.qq.com/detail/108/1023'
[2026-04-16 19:32:54]  正在连接 QQ-主 邮箱服务器 (497720537@qq.com) ...
[2026-04-16 19:32:54]  QQ-主 因子处理主循环异常: b'Login fail. Account is abnormal, service is not open, password is incorrect, login frequency limited, or system is busy. More information at https://help.mail.qq.com/detail/108/1023'
[2026-04-16 19:33:04]  正在连接 QQ-备用 邮箱服务器 (shouqianbadavid@qq.com) ...
[2026-04-16 19:33:04]  QQ-备用 因子处理主循环异常: b'Login fail. Account is abnormal, service is not open, password is incorrect, login frequency limited, or system is busy. More information at https://help.mail.qq.com/detail/108/1023'
[2026-04-16 19:33:49]  正在连接 QQ-主 邮箱服务器 (497720537@qq.com) ...
[2026-04-16 19:33:50]  QQ-主 因子处理主循环异常: b'Login fail. Account is abnormal, service is not open, password is incorrect, login frequency limited, or system is busy. More information at https://help.mail.qq.com/detail/108/1023'
[2026-04-16 19:34:00]  正在连接 QQ-备用 邮箱服务器 (shouqianbadavid@qq.com) ...
[2026-04-16 19:34:00]  QQ-备用 因子处理主循环异常: b'Login fail. Account is abnormal, service is not open, password is incorrect, login frequency limited, or system is busy. More information at https://help.mail.qq.com/detail/108/1023'
[2026-04-16 19:34:45]  正在连接 QQ-主 邮箱服务器 (497720537@qq.com) ...
[2026-04-16 19:34:45]  QQ-主 因子处理主循环异常: b'Login fail. Account is abnormal, service is not open, password is incorrect, login frequency limited, or system is busy. More information at https://help.mail.qq.com/detail/108/1023'
[2026-04-16 19:34:55]  正在连接 QQ-备用 邮箱服务器 (shouqianbadavid@qq.com) ...
[2026-04-16 19:34:55]  QQ-备用 因子处理主循环异常: b'Login fail. Account is abnormal, service is not open, password is incorrect, login frequency limited, or system is busy. More information at https://help.mail.qq.com/detail/108/1023'
[2026-04-16 19:35:40]  正在连接 QQ-主 邮箱服务器 (497720537@qq.com) ...
[2026-04-16 19:35:41]  QQ-主 因子处理主循环异常: b'Login fail. Account is abnormal, service is not open, password is incorrect, login frequency limited, or system is busy. More information at https://help.mail.qq.com/detail/108/1023'
[2026-04-16 19:35:51]  正在连接 QQ-备用 邮箱服务器 (shouqianbadavid@qq.com) ...
[2026-04-16 19:35:51]  QQ-备用 因子处理主循环异常: b'Login fail. Account is abnormal, service is not open, password is incorrect, login frequency limited, or system is busy. More information at https://help.mail.qq.com/detail/108/1023'
[2026-04-16 19:36:36]  正在连接 QQ-主 邮箱服务器 (497720537@qq.com) ...
[2026-04-16 19:36:36]  QQ-主 因子处理主循环异常: b'Login fail. Account is abnormal, service is not open, password is incorrect, login frequency limited, or system is busy. More information at https://help.mail.qq.com/detail/108/1023'
[2026-04-16 19:36:46]  正在连接 QQ-备用 邮箱服务器 (shouqianbadavid@qq.com) ...
[2026-04-16 19:36:46]  QQ-备用 因子处理主循环异常: b'Login fail. Account is abnormal, service is not open, password is incorrect, login frequency limited, or system is busy. More information at https://help.mail.qq.com/detail/108/1023'
[2026-04-16 19:37:31]  正在连接 QQ-主 邮箱服务器 (497720537@qq.com) ...
[2026-04-16 19:37:32]  QQ-主 因子处理主循环异常: b'Login fail. Account is abnormal, service is not open, password is incorrect, login frequency limited, or system is busy. More information at https://help.mail.qq.com/detail/108/1023'
[2026-04-16 19:37:42]  正在连接 QQ-备用 邮箱服务器 (shouqianbadavid@qq.com) ...
[2026-04-16 19:37:42]  QQ-备用 因子处理主循环异常: b'Login fail. Account is abnormal, service is not open, password is incorrect, login frequency limited, or system is busy. More information at https://help.mail.qq.com/detail/108/1023'
[2026-04-16 19:38:27]  正在连接 QQ-主 邮箱服务器 (497720537@qq.com) ...
[2026-04-16 19:38:28]  QQ-主 因子处理主循环异常: b'Login fail. Account is abnormal, service is not open, password is incorrect, login frequency limited, or system is busy. More information at https://help.mail.qq.com/detail/108/1023'
[2026-04-16 19:38:38]  正在连接 QQ-备用 邮箱服务器 (shouqianbadavid@qq.com) ...
[2026-04-16 19:38:38]  QQ-备用 因子处理主循环异常: b'Login fail. Account is abnormal, service is not open, password is incorrect, login frequency limited, or system is busy. More information at https://help.mail.qq.com/detail/108/1023'
[2026-04-16 19:39:23]  正在连接 QQ-主 邮箱服务器 (497720537@qq.com) ...
[2026-04-16 19:39:23]  QQ-主 因子处理主循环异常: b'Login fail. Account is abnormal, service is not open, password is incorrect, login frequency limited, or system is busy. More information at https://help.mail.qq.com/detail/108/1023'
[2026-04-16 19:39:33]  正在连接 QQ-备用 邮箱服务器 (shouqianbadavid@qq.com) ...
[2026-04-16 19:39:34]  QQ-备用 因子处理主循环异常: b'Login fail. Account is abnormal, service is not open, password is incorrect, login frequency limited, or system is busy. More information at https://help.mail.qq.com/detail/108/1023'
[2026-04-16 19:45:09]  AlphaPilot 监听服务 (Pro 多邮箱版) 启动...
[2026-04-16 19:45:09]  信号保存目录: d:\mpython\signals
[2026-04-16 19:45:09]  日志文件: d:\mpython\logs_receiver\receiver_20260416.log
[2026-04-16 19:45:09]  正在连接 QQ-主 邮箱服务器 (497720537@qq.com) ...
[2026-04-16 19:45:09]  QQ-主 正在解析因子: =?UTF-8?B?SG9jayBMaW9uZyBNb3Rv?=
 =?UTF-8?B?cu+8muKAnFBST01PU0kgVEVSSA==?=
 =?UTF-8?B?QUQtIEFQUklMIElOSSBz?=
 =?UTF-8?B?ZXJlbmRhaCAwLjcwJSBT?=
 =?UTF-8?B?RUJVTEFOISDigLzvuI9TVE9DSw==?=
 =?UTF-8?B?IENFUEFU4oCm4oCd?=
[2026-04-16 19:45:10]  发现表格，共 32 行数据
[2026-04-16 19:45:10]  表头映射失败，未找到指定列名。当前表头: ['David Liang，这里是 Hock Liong Motor 最近发布的新照片哦。📷Hock Liong Motor发布了新照片。4月16日 10:25查看照片这封邮件：有用|没用此邮件发给497720537@qq.com。 如果不希望再收到 Meta 的这类邮件，请退订。Meta Platforms, Inc., Attention: Community Support, 1 Meta Way, Menlo Park, CA 94025为保护你的主页安全，请勿转发这封邮件。详细了解', 'David Liang，这里是 Hock Liong Motor 最近发布的新照片哦。📷Hock Liong Motor发布了新照片。4月16日 10:25查看照片这封邮件：有用|没用此邮件发给497720537@qq.com。 如果不希望再收到 Meta 的这类邮件，请退订。Meta Platforms, Inc., Attention: Community Support, 1 Meta Way, Menlo Park, CA 94025为保护你的主页安全，请勿转发这封邮件。详细了解', 'David Liang，这里是 Hock Liong Motor 最近发布的新照片哦。📷Hock Liong Motor发布了新照片。4月16日 10:25查看照片这封邮件：有用|没用此邮件发给497720537@qq.com。 如果不希望再收到 Meta 的这类邮件，请退订。Meta Platforms, Inc., Attention: Community Support, 1 Meta Way, Menlo Park, CA 94025为保护你的主页安全，请勿转发这封邮件。详细了解', '', 'David Liang，这里是 Hock Liong Motor 最近发布的新照片哦。', '', '', '', '', '', '', '', '', '', '', '', '', '', '', '📷Hock Liong Motor发布了新照片。4月16日 10:25查看照片', '', '📷Hock Liong Motor发布了新照片。4月16日 10:25查看照片', '📷Hock Liong Motor发布了新照片。4月16日 10:25查看照片', '', '', '📷Hock Liong Motor发布了新照片。4月16日 10:25查看照片', '📷Hock Liong Motor发布了新照片。4月16日 10:25', '📷Hock Liong Motor发布了新照片。', '', '4月16日 10:25', '', '查看照片', '查看照片', '', '', '', '', '', '这封邮件：有用|没用', '这封邮件：有用|没用', '', '', '', '此邮件发给497720537@qq.com。 如果不希望再收到 Meta 的这类邮件，请退订。Meta Platforms, Inc., Attention: Community Support, 1 Meta Way, Menlo Park, CA 94025', '', '此邮件发给497720537@qq.com。 如果不希望再收到 Meta 的这类邮件，请退订。Meta Platforms, Inc., Attention: Community Support, 1 Meta Way, Menlo Park, CA 94025', '', '', '为保护你的主页安全，请勿转发这封邮件。详细了解', '为保护你的主页安全，请勿转发这封邮件。详细了解', '', '']
[2026-04-16 19:45:10] QQ-主 邮件 2960 无有效信号
[2026-04-16 19:45:10]  正在连接 QQ-备用 邮箱服务器 (shouqianbadavid@qq.com) ...
[2026-04-16 19:45:11]  QQ-备用 正在解析因子: =?UTF-8?B?5Lqn5ZOB6YCA6K6i5oiQ5Yqf?=
[2026-04-16 19:45:11]  发现表格，共 1 行数据
[2026-04-16 19:45:11]  表头映射失败，未找到指定列名。当前表头: ['商品名称', '配置详情', '实例/资源ID', '实例/资源名称', '退订时间']
[2026-04-16 19:45:11] QQ-备用 邮件 255 无有效信号
[2026-04-16 19:45:11]  QQ-备用 正在解析因子: =?utf-8?b?QWxwaGFQaWxvdCDlpIfku73kv6Hlj7cgKGFscGhhX3NpZ25hbF90aHJfMjAyNjA0MTZfMDk0MC5qc29uKSBb5aSHUVEt6Ieq5L+dXQ==?=
[2026-04-16 19:45:11]  发现表格，共 20 行数据
[2026-04-16 19:45:11]  动态索引映射: ['股票代码', '股票名称', '信号', '当前价格', '量比', '来源过滤']
[2026-04-16 19:45:11]  [行1] 解析成功: SZSE.300285 [国瓷材料] BUY @ 33.39 (VR:0.22)
[2026-04-16 19:45:11]  [行2] 解析成功: SZSE.000958 [电投产融] SELL @ 6.04 (VR:0.19)
[2026-04-16 19:45:11]  [行3] 解析成功: SZSE.002015 [协鑫能科] BUY @ 17.94 (VR:0.5)
[2026-04-16 19:45:11]  [行4] 解析成功: SZSE.000533 [顺钠股份] SELL @ 15.05 (VR:3.16)
[2026-04-16 19:45:11]  [行5] 解析成功: SZSE.002445 [中南文化] SELL @ 3.34 (VR:0.7)
[2026-04-16 19:45:11]  [行6] 解析成功: SHSE.600821 [金发科技] BUY @ 8.43 (VR:2.85)
[2026-04-16 19:45:11]  [行7] 解析成功: SHSE.601016 [节能风电] BUY @ 3.99 (VR:0.02)
[2026-04-16 19:45:11]  [行8] 解析成功: SHSE.600726 [华电能源] BUY @ 4.54 (VR:0.11)
[2026-04-16 19:45:11]  [行9] 解析成功: SZSE.300724 [捷佳伟创] BUY @ 108.26 (VR:1.06)
[2026-04-16 19:45:11]  [行10] 解析成功: SZSE.300763 [锦浪科技] SELL @ 91.67 (VR:0.27)
[2026-04-16 19:45:11]  [行11] 解析成功: SZSE.300285 [国瓷材料] BUY @ 33.44 (VR:0.39)
[2026-04-16 19:45:11]  [行12] 解析成功: SZSE.000958 [电投产融] SELL @ 6.02 (VR:0.51)
[2026-04-16 19:45:11]  [行13] 解析成功: SZSE.002015 [协鑫能科] BUY @ 18.4 (VR:1.55)
[2026-04-16 19:45:11]  [行14] 解析成功: SZSE.000533 [顺钠股份] SELL @ 15.0 (VR:0.67)
[2026-04-16 19:45:11]  [行15] 解析成功: SZSE.301226 [祥明智能] SELL @ 40.08 (VR:0.22)
[2026-04-16 19:45:11]  [行16] 解析成功: SZSE.002445 [中南文化] SELL @ 3.34 (VR:0.5)
[2026-04-16 19:45:11]  [行17] 解析成功: SHSE.600821 [金发科技] BUY @ 8.57 (VR:0.14)
[2026-04-16 19:45:11]  [行18] 解析成功: SHSE.601016 [节能风电] BUY @ 4.01 (VR:0.26)
[2026-04-16 19:45:11]  [行19] 解析成功: SHSE.600726 [华电能源] BUY @ 4.55 (VR:0.32)
[2026-04-16 19:45:11]  [行20] 解析成功: SZSE.300724 [捷佳伟创] BUY @ 109.28 (VR:0.43)
[2026-04-16 19:45:11] 成功保存 20 条因子至: signal_batch_20260416_194511_598668.txt
[2026-04-16 19:45:11]  QQ-备用 邮件 256 处理完成
[2026-04-16 19:45:12]  QQ-备用 正在解析因子: =?utf-8?b?QWxwaGFQaWxvdCDlpIfku73kv6Hlj7cgKGFscGhhX3NpZ25hbF90aHJfMjAyNjA0MTZfMDk1NC5qc29uKSBb5aSHUVEt6Ieq5L+dXQ==?=
[2026-04-16 19:45:12]  发现表格，共 26 行数据
[2026-04-16 19:45:12]  动态索引映射: ['股票代码', '股票名称', '信号', '当前价格', '量比', '来源过滤']
[2026-04-16 19:45:12]  [行1] 解析成功: SHSE.600815 [厦工股份] SELL @ 4.12 (VR:1.01)
[2026-04-16 19:45:12]  [行2] 解析成功: SHSE.688667 [安集科技] BUY @ 133.87 (VR:0.29)
[2026-04-16 19:45:12]  [行3] 解析成功: SZSE.301419 [德赛西威] SELL @ 44.73 (VR:0.65)
[2026-04-16 19:45:12]  [行4] 解析成功: SZSE.300626 [华测导航] BUY @ 25.78 (VR:0.33)
[2026-04-16 19:45:12]  [行5] 解析成功: SZSE.301210 [金杨精密] BUY @ 39.76 (VR:2.64)
[2026-04-16 19:45:12]  [行6] 解析成功: SZSE.301658 [首航新能] BUY @ 41.06 (VR:0.11)
[2026-04-16 19:45:12]  [行7] 解析成功: SZSE.001258 [立新能源] BUY @ 8.87 (VR:0.46)
[2026-04-16 19:45:12]  [行8] 解析成功: SZSE.300142 [沃森生物] BUY @ 12.68 (VR:0.39)
[2026-04-16 19:45:12]  [行9] 解析成功: SZSE.300014 [亿纬锂能] BUY @ 71.94 (VR:0.96)
[2026-04-16 19:45:12]  [行10] 解析成功: SZSE.300383 [光环新网] SELL @ 18.42 (VR:0.56)
[2026-04-16 19:45:12]  [行11] 解析成功: SZSE.300308 [中际旭创] BUY @ 780.97 (VR:0.9)
[2026-04-16 19:45:12]  [行12] 解析成功: SZSE.300433 [蓝思科技] SELL @ 25.14 (VR:1.72)
[2026-04-16 19:45:12]  [行13] 解析成功: SZSE.000677 [恒天海龙] BUY @ 4.26 (VR:0.18)
[2026-04-16 19:45:12]  [行14] 解析成功: SHSE.600815 [厦工股份] SELL @ 4.11 (VR:0.04)
[2026-04-16 19:45:12]  [行15] 解析成功: SHSE.600509 [天富能源] BUY @ 7.97 (VR:1.38)
[2026-04-16 19:45:12]  [行16] 解析成功: SZSE.300626 [华测导航] BUY @ 25.8 (VR:0.03)
[2026-04-16 19:45:12]  [行17] 解析成功: SZSE.301210 [金杨精密] BUY @ 40.17 (VR:6.12)
[2026-04-16 19:45:12]  [行18] 解析成功: SZSE.301361 [新洁能源] BUY @ 38.29 (VR:0.07)
[2026-04-16 19:45:12]  [行19] 解析成功: SZSE.301658 [首航新能] BUY @ 41.33 (VR:0.33)
[2026-04-16 19:45:12]  [行20] 解析成功: SZSE.301358 [湖南裕能] BUY @ 84.4 (VR:0.01)
[2026-04-16 19:45:12]  [行21] 解析成功: SZSE.300142 [沃森生物] BUY @ 12.7 (VR:0.62)
[2026-04-16 19:45:12]  [行22] 解析成功: SZSE.300014 [亿纬锂能] BUY @ 71.94 (VR:0.29)
[2026-04-16 19:45:12]  [行23] 解析成功: SZSE.300383 [光环新网] SELL @ 18.34 (VR:0.19)
[2026-04-16 19:45:12]  [行24] 解析成功: SZSE.300433 [蓝思科技] SELL @ 25.04 (VR:0.97)
[2026-04-16 19:45:12]  [行25] 解析成功: SHSE.688392 [娇成超声] BUY @ 128.87 (VR:0.08)
[2026-04-16 19:45:12]  [行26] 解析成功: SZSE.000677 [恒天海龙] BUY @ 4.29 (VR:0.36)
[2026-04-16 19:45:12] 成功保存 26 条因子至: signal_batch_20260416_194512_120522.txt
[2026-04-16 19:45:12]  QQ-备用 邮件 257 处理完成
[2026-04-16 19:45:12]  QQ-备用 正在解析因子: =?utf-8?b?QWxwaGFQaWxvdCDlpIfku73kv6Hlj7cgKGFscGhhX3NpZ25hbF90aHJfMjAyNjA0MTZfMTAxMC5qc29uKSBb5aSHUVEt6Ieq5L+dXQ==?=
[2026-04-16 19:45:12]  发现表格，共 32 行数据
[2026-04-16 19:45:12]  动态索引映射: ['股票代码', '股票名称', '信号', '当前价格', '量比', '来源过滤']
[2026-04-16 19:45:12]  [行1] 解析成功: SZSE.002460 [赣锋锂业] BUY @ 84.52 (VR:0.84)
[2026-04-16 19:45:12]  [行2] 解析成功: SZSE.002498 [汉缆股份] BUY @ 8.5 (VR:2.5)
[2026-04-16 19:45:12]  [行3] 解析成功: SZSE.002364 [中恒电器] BUY @ 42.9 (VR:2.11)
[2026-04-16 19:45:12]  [行4] 解析成功: SZSE.000537 [绿发电力] SELL @ 10.07 (VR:0.63)
[2026-04-16 19:45:12]  [行5] 解析成功: SZSE.002679 [福建金森] BUY @ 10.4 (VR:2.07)
[2026-04-16 19:45:12]  [行6] 解析成功: SZSE.000338 [潍柴动力] SELL @ 26.68 (VR:0.14)
[2026-04-16 19:45:12]  [行7] 解析成功: SZSE.002925 [盈趣科技] BUY @ 19.9 (VR:0.35)
[2026-04-16 19:45:12]  [行8] 解析成功: SZSE.000407 [胜利股份] BUY @ 4.57 (VR:0.0)
[2026-04-16 19:45:12]  [行9] 解析成功: SZSE.000510 [新金路] SELL @ 14.12 (VR:0.24)
[2026-04-16 19:45:12]  [行10] 解析成功: SZSE.000536 [华映科技] BUY @ 4.23 (VR:0.37)
[2026-04-16 19:45:12]  [行11] 解析成功: SZSE.002828 [贝肯能源] SELL @ 11.81 (VR:0.14)
[2026-04-16 19:45:12]  [行12] 解析成功: SZSE.300693 [盛弘股份] SELL @ 50.76 (VR:1.33)
[2026-04-16 19:45:12]  [行13] 解析成功: SZSE.001309 [德利明] BUY @ 520.02 (VR:1.97)
[2026-04-16 19:45:12]  [行14] 解析成功: SHSE.688617 [惠泰医疗] BUY @ 258.89 (VR:0.06)
[2026-04-16 19:45:12]  [行15] 解析成功: SHSE.688331 [荣昌生物] SELL @ 152.88 (VR:0.53)
[2026-04-16 19:45:12]  [行16] 解析成功: SHSE.688617 [惠泰医疗] BUY @ 258.87 (VR:0.22)
[2026-04-16 19:45:12]  [行17] 解析成功: SZSE.002460 [赣锋锂业] BUY @ 86.58 (VR:1.97)
[2026-04-16 19:45:12]  [行18] 解析成功: SZSE.002498 [汉缆股份] BUY @ 8.52 (VR:1.7)
[2026-04-16 19:45:12]  [行19] 解析成功: SZSE.002364 [中恒电器] SELL @ 42.98 (VR:2.15)
[2026-04-16 19:45:12]  [行20] 解析成功: SZSE.000537 [绿发电力] SELL @ 10.04 (VR:0.11)
[2026-04-16 19:45:12]  [行21] 解析成功: SZSE.002679 [福建金森] BUY @ 10.42 (VR:0.11)
[2026-04-16 19:45:12]  [行22] 解析成功: SZSE.300048 [合康新能] SELL @ 6.81 (VR:0.91)
[2026-04-16 19:45:12]  [行23] 解析成功: SZSE.000338 [潍柴动力] SELL @ 26.6 (VR:1.03)
[2026-04-16 19:45:12]  [行24] 解析成功: SZSE.002925 [盈趣科技] BUY @ 19.93 (VR:0.02)
[2026-04-16 19:45:12]  [行25] 解析成功: SZSE.002046 [国机精工] BUY @ 49.6 (VR:0.03)
[2026-04-16 19:45:12]  [行26] 解析成功: SZSE.000510 [新金路] SELL @ 14.04 (VR:0.56)
[2026-04-16 19:45:12]  [行27] 解析成功: SZSE.000536 [华映科技] BUY @ 4.23 (VR:0.01)
[2026-04-16 19:45:12]  [行28] 解析成功: SZSE.002240 [盛新锂能] SELL @ 50.19 (VR:0.67)
[2026-04-16 19:45:12]  [行29] 解析成功: SZSE.300693 [盛弘股份] SELL @ 50.5 (VR:0.33)
[2026-04-16 19:45:12]  [行30] 解析成功: SHSE.688617 [惠泰医疗] BUY @ 258.86 (VR:0.54)
[2026-04-16 19:45:12]  [行31] 解析成功: SHSE.688331 [荣昌生物] SELL @ 151.76 (VR:0.05)
[2026-04-16 19:45:12]  [行32] 解析成功: SHSE.688617 [惠泰医疗] BUY @ 259.01 (VR:0.69)
[2026-04-16 19:45:12] 成功保存 32 条因子至: signal_batch_20260416_194512_428997.txt
[2026-04-16 19:45:12]  QQ-备用 邮件 258 处理完成
[2026-04-16 19:45:12]  QQ-备用 正在解析因子: =?utf-8?b?QWxwaGFQaWxvdCDlpIfku73kv6Hlj7cgKGFscGhhX3NpZ25hbF90aHJfMjAyNjA0MTZfMTAyMy5qc29uKSBb5aSHUVEt6Ieq5L+dXQ==?=
[2026-04-16 19:45:12]  发现表格，共 36 行数据
[2026-04-16 19:45:12]  动态索引映射: ['股票代码', '股票名称', '信号', '当前价格', '量比', '来源过滤']
[2026-04-16 19:45:12]  [行1] 解析成功: SHSE.600989 [宝丰能源] BUY @ 28.37 (VR:0.04)
[2026-04-16 19:45:12]  [行2] 解析成功: SZSE.002455 [百川股份] BUY @ 11.84 (VR:2.1)
[2026-04-16 19:45:12]  [行3] 解析成功: SZSE.003035 [南网能源] SELL @ 7.78 (VR:0.46)
[2026-04-16 19:45:12]  [行4] 解析成功: SZSE.002202 [金风科技] BUY @ 24.9 (VR:0.14)
[2026-04-16 19:45:12]  [行5] 解析成功: SZSE.301165 [锐捷网络] SELL @ 94.65 (VR:0.8)
[2026-04-16 19:45:12]  [行6] 解析成功: SZSE.300207 [欣旺达] SELL @ 29.81 (VR:0.06)
[2026-04-16 19:45:12]  [行7] 解析成功: SZSE.300274 [阳光电源] SELL @ 134.34 (VR:0.63)
[2026-04-16 19:45:12]  [行8] 解析成功: SZSE.002506 [协鑫集成] BUY @ 4.41 (VR:0.16)
[2026-04-16 19:45:12]  [行9] 解析成功: SZSE.300393 [中来股份] SELL @ 9.63 (VR:1.15)
[2026-04-16 19:45:12]  [行10] 解析成功: SZSE.300228 [富瑞特装] BUY @ 9.26 (VR:0.35)
[2026-04-16 19:45:12]  [行11] 解析成功: SZSE.301419 [瑞可达] BUY @ 45.34 (VR:0.12)
[2026-04-16 19:45:12]  [行12] 解析成功: SZSE.300930 [屹通新材] BUY @ 30.16 (VR:0.33)
[2026-04-16 19:45:12]  [行13] 解析成功: SZSE.300643 [万通智控] BUY @ 17.97 (VR:0.49)
[2026-04-16 19:45:12]  [行14] 解析成功: SZSE.300868 [杰美特] SELL @ 77.96 (VR:0.35)
[2026-04-16 19:45:12]  [行15] 解析成功: SZSE.300390 [天华超净] SELL @ 85.88 (VR:0.47)
[2026-04-16 19:45:12]  [行16] 解析成功: SZSE.300953 [震裕科技] SELL @ 204.79 (VR:1.13)
[2026-04-16 19:45:12]  [行17] 解析成功: SZSE.300568 [星源材质] SELL @ 15.89 (VR:0.16)
[2026-04-16 19:45:12]  [行18] 解析成功: SZSE.300054 [鼎龙股份] SELL @ 52.06 (VR:0.44)
[2026-04-16 19:45:12]  [行19] 解析成功: SHSE.600989 [宝丰能源] BUY @ 28.38 (VR:0.5)
[2026-04-16 19:45:12]  [行20] 解析成功: SZSE.002455 [百川股份] BUY @ 11.87 (VR:1.5)
[2026-04-16 19:45:12]  [行21] 解析成功: SZSE.002202 [金风科技] BUY @ 24.99 (VR:0.06)
[2026-04-16 19:45:12]  [行22] 解析成功: SZSE.301165 [锐捷网络] BUY @ 94.65 (VR:0.26)
[2026-04-16 19:45:12]  [行23] 解析成功: SZSE.300207 [欣旺达] SELL @ 29.62 (VR:1.59)
[2026-04-16 19:45:12]  [行24] 解析成功: SZSE.300677 [英科医疗] SELL @ 52.58 (VR:0.46)
[2026-04-16 19:45:12]  [行25] 解析成功: SZSE.300274 [阳光电源] SELL @ 133.69 (VR:1.39)
[2026-04-16 19:45:12]  [行26] 解析成功: SZSE.300285 [国瓷材料] SELL @ 33.67 (VR:0.16)
[2026-04-16 19:45:12]  [行27] 解析成功: SZSE.300393 [中来股份] SELL @ 9.59 (VR:0.39)
[2026-04-16 19:45:12]  [行28] 解析成功: SZSE.301278 [快克股份] SELL @ 38.29 (VR:0.02)
[2026-04-16 19:45:12]  [行29] 解析成功: SZSE.300228 [富瑞特装] BUY @ 9.27 (VR:0.51)
[2026-04-16 19:45:12]  [行30] 解析成功: SZSE.301419 [瑞可达] BUY @ 45.73 (VR:1.81)
[2026-04-16 19:45:12]  [行31] 解析成功: SZSE.300930 [屹通新材] BUY @ 30.18 (VR:1.5)
[2026-04-16 19:45:12]  [行32] 解析成功: SZSE.300449 [汉邦高科] BUY @ 7.01 (VR:0.59)
[2026-04-16 19:45:12]  [行33] 解析成功: SZSE.300868 [杰美特] SELL @ 77.75 (VR:0.4)
[2026-04-16 19:45:12]  [行34] 解析成功: SZSE.300390 [天华超净] SELL @ 85.72 (VR:0.18)
[2026-04-16 19:45:12]  [行35] 解析成功: SZSE.300568 [星源材质] SELL @ 15.79 (VR:0.79)
[2026-04-16 19:45:12]  [行36] 解析成功: SZSE.300054 [鼎龙股份] SELL @ 51.84 (VR:0.52)
[2026-04-16 19:45:12] 成功保存 36 条因子至: signal_batch_20260416_194512_746349.txt
[2026-04-16 19:45:12]  QQ-备用 邮件 259 处理完成
[2026-04-16 19:45:12]  QQ-备用 正在解析因子: =?utf-8?b?QWxwaGFQaWxvdCDlpIfku73kv6Hlj7cgKGFscGhhX3NpZ25hbF90aHJfMjAyNjA0MTZfMTAzMC5qc29uKSBb5aSHUVEt6Ieq5L+dXQ==?=
[2026-04-16 19:45:12]  发现表格，共 14 行数据
[2026-04-16 19:45:12]  动态索引映射: ['股票代码', '股票名称', '信号', '当前价格', '量比', '来源过滤']
[2026-04-16 19:45:12]  [行1] 解析成功: SZSE.300722 [新余国科] SELL @ 31.06 (VR:0.32)
[2026-04-16 19:45:12]  [行2] 解析成功: SZSE.301018 [申菱环境] SELL @ 122.78 (VR:1.15)
[2026-04-16 19:45:12]  [行3] 解析成功: SZSE.301120 [新特电器] SELL @ 23.4 (VR:1.18)
[2026-04-16 19:45:12]  [行4] 解析成功: SHSE.603353 [和顺电气] SELL @ 38.41 (VR:0.34)
[2026-04-16 19:45:12]  [行5] 解析成功: SZSE.300243 [瑞丰光电] SELL @ 15.91 (VR:0.39)
[2026-04-16 19:45:12]  [行6] 解析成功: SZSE.301220 [亚香股份] SELL @ 41.29 (VR:0.68)
[2026-04-16 19:45:12]  [行7] 解析成功: SZSE.300672 [国科微] SELL @ 164.55 (VR:0.02)
[2026-04-16 19:45:12]  [行8] 解析成功: SZSE.300722 [新余国科] SELL @ 31.03 (VR:0.48)
[2026-04-16 19:45:13]  [行9] 解析成功: SZSE.301018 [申菱环境] SELL @ 121.92 (VR:2.82)
[2026-04-16 19:45:13]  [行10] 解析成功: SZSE.301120 [新特电器] SELL @ 23.38 (VR:1.03)
[2026-04-16 19:45:13]  [行11] 解析成功: SHSE.603353 [和顺电气] SELL @ 38.31 (VR:0.33)
[2026-04-16 19:45:13]  [行12] 解析成功: SZSE.300243 [瑞丰光电] SELL @ 15.84 (VR:0.41)
[2026-04-16 19:45:13]  [行13] 解析成功: SZSE.301220 [亚香股份] SELL @ 41.22 (VR:0.27)
[2026-04-16 19:45:13]  [行14] 解析成功: SZSE.300672 [国科微] SELL @ 163.88 (VR:0.6)
[2026-04-16 19:45:13] 成功保存 14 条因子至: signal_batch_20260416_194513_008549.txt
[2026-04-16 19:45:13]  QQ-备用 邮件 260 处理完成
[2026-04-16 19:45:13]  QQ-备用 正在解析因子: =?utf-8?b?QWxwaGFQaWxvdCDlpIfku73kv6Hlj7cgKGFscGhhX3NpZ25hbF90aHJfMjAyNjA0MTZfMTAzNy5qc29uKSBb5aSHUVEt6Ieq5L+dXQ==?=
[2026-04-16 19:45:13]  发现表格，共 18 行数据
[2026-04-16 19:45:13]  动态索引映射: ['股票代码', '股票名称', '信号', '当前价格', '量比', '来源过滤']
[2026-04-16 19:45:13]  [行1] 解析成功: SZSE.300763 [锦浪科技] SELL @ 92.57 (VR:0.56)
[2026-04-16 19:45:13]  [行2] 解析成功: SZSE.002015 [协鑫能科] SELL @ 18.52 (VR:0.22)
[2026-04-16 19:45:13]  [行3] 解析成功: SZSE.301226 [祥明智能] SELL @ 39.97 (VR:0.23)
[2026-04-16 19:45:13]  [行4] 解析成功: SHSE.688295 [奥林德] BUY @ 52.66 (VR:1.98)
[2026-04-16 19:45:13]  [行5] 解析成功: SHSE.600821 [金发科技] BUY @ 8.79 (VR:0.41)
[2026-04-16 19:45:13]  [行6] 解析成功: SHSE.688295 [中复神鹰] BUY @ 52.38 (VR:0.6)
[2026-04-16 19:45:13]  [行7] 解析成功: SZSE.300866 [安克创新] BUY @ 115.66 (VR:0.35)
[2026-04-16 19:45:13]  [行8] 解析成功: SZSE.300724 [捷佳伟创] BUY @ 111.02 (VR:0.24)
[2026-04-16 19:45:13]  [行9] 解析成功: SZSE.301281 [利源制药] BUY @ 38.48 (VR:0.17)
[2026-04-16 19:45:13]  [行10] 解析成功: SZSE.300763 [锦浪科技] SELL @ 92.51 (VR:0.48)
[2026-04-16 19:45:13]  [行11] 解析成功: SZSE.002015 [协鑫能科] SELL @ 18.5 (VR:0.19)
[2026-04-16 19:45:13]  [行12] 解析成功: SZSE.301226 [祥明智能] SELL @ 39.81 (VR:1.37)
[2026-04-16 19:45:13]  [行13] 解析成功: SHSE.688295 [奥林德] BUY @ 52.4 (VR:0.05)
[2026-04-16 19:45:13]  [行14] 解析成功: SHSE.600821 [金发科技] BUY @ 8.8 (VR:0.48)
[2026-04-16 19:45:13]  [行15] 解析成功: SHSE.688295 [中复神鹰] BUY @ 52.45 (VR:0.5)
[2026-04-16 19:45:13]  [行16] 解析成功: SZSE.300866 [安克创新] BUY @ 116.49 (VR:0.86)
[2026-04-16 19:45:13]  [行17] 解析成功: SZSE.300724 [捷佳伟创] BUY @ 111.2 (VR:0.77)
[2026-04-16 19:45:13]  [行18] 解析成功: SZSE.301281 [利源制药] BUY @ 38.56 (VR:0.26)
[2026-04-16 19:45:13] 成功保存 18 条因子至: signal_batch_20260416_194513_330208.txt
[2026-04-16 19:45:13]  QQ-备用 邮件 261 处理完成
[2026-04-16 19:45:13]  QQ-备用 正在解析因子: =?utf-8?b?QWxwaGFQaWxvdCDlpIfku73kv6Hlj7cgKGFscGhhX3NpZ25hbF90aHJfMjAyNjA0MTZfMTA0Ni5qc29uKSBb5aSHUVEt6Ieq5L+dXQ==?=
[2026-04-16 19:45:13]  发现表格，共 22 行数据
[2026-04-16 19:45:13]  动态索引映射: ['股票代码', '股票名称', '信号', '当前价格', '量比', '来源过滤']
[2026-04-16 19:45:13]  [行1] 解析成功: SZSE.300868 [绿盟科技] SELL @ 77.1 (VR:0.19)
[2026-04-16 19:45:13]  [行2] 解析成功: SHSE.688667 [安集科技] BUY @ 136.0 (VR:0.77)
[2026-04-16 19:45:13]  [行3] 解析成功: SZSE.301419 [德赛西威] SELL @ 45.65 (VR:0.54)
[2026-04-16 19:45:13]  [行4] 解析成功: SZSE.300565 [科信技术] BUY @ 14.23 (VR:0.09)
[2026-04-16 19:45:13]  [行5] 解析成功: SZSE.300626 [华测导航] SELL @ 25.91 (VR:0.53)
[2026-04-16 19:45:13]  [行6] 解析成功: SZSE.301658 [首航新能] SELL @ 41.24 (VR:0.04)
[2026-04-16 19:45:13]  [行7] 解析成功: SZSE.301358 [湖南裕能] SELL @ 82.7 (VR:0.11)
[2026-04-16 19:45:13]  [行8] 解析成功: SZSE.300014 [亿纬锂能] SELL @ 71.31 (VR:0.15)
[2026-04-16 19:45:13]  [行9] 解析成功: SZSE.300383 [光环新网] SELL @ 18.83 (VR:0.16)
[2026-04-16 19:45:13]  [行10] 解析成功: SZSE.300308 [中际旭创] SELL @ 794.58 (VR:0.95)
[2026-04-16 19:45:13]  [行11] 解析成功: SZSE.300936 [中英科技] BUY @ 71.91 (VR:2.86)
[2026-04-16 19:45:13]  [行12] 解析成功: SZSE.300868 [绿盟科技] SELL @ 77.09 (VR:1.33)
[2026-04-16 19:45:13]  [行13] 解析成功: SHSE.688667 [安集科技] BUY @ 136.48 (VR:1.19)
[2026-04-16 19:45:13]  [行14] 解析成功: SZSE.301419 [德赛西威] SELL @ 45.53 (VR:0.11)
[2026-04-16 19:45:13]  [行15] 解析成功: SZSE.300565 [科信技术] BUY @ 14.29 (VR:0.29)
[2026-04-16 19:45:13]  [行16] 解析成功: SZSE.300626 [华测导航] SELL @ 25.82 (VR:1.21)
[2026-04-16 19:45:13]  [行17] 解析成功: SZSE.301658 [首航新能] SELL @ 41.16 (VR:0.11)
[2026-04-16 19:45:13]  [行18] 解析成功: SZSE.301358 [湖南裕能] SELL @ 82.42 (VR:0.42)
[2026-04-16 19:45:13]  [行19] 解析成功: SZSE.300014 [亿纬锂能] SELL @ 71.23 (VR:0.27)
[2026-04-16 19:45:13]  [行20] 解析成功: SZSE.300383 [光环新网] SELL @ 18.77 (VR:1.05)
[2026-04-16 19:45:13]  [行21] 解析成功: SZSE.300308 [中际旭创] SELL @ 793.0 (VR:0.03)
[2026-04-16 19:45:13]  [行22] 解析成功: SZSE.300936 [中英科技] BUY @ 72.84 (VR:1.68)
[2026-04-16 19:45:13] 成功保存 22 条因子至: signal_batch_20260416_194513_609564.txt
[2026-04-16 19:45:13]  QQ-备用 邮件 262 处理完成
[2026-04-16 19:45:13]  QQ-备用 正在解析因子: =?utf-8?b?QWxwaGFQaWxvdCDlpIfku73kv6Hlj7cgKGFscGhhX3NpZ25hbF90aHJfMjAyNjA0MTZfMTA1Ny5qc29uKSBb5aSHUVEt6Ieq5L+dXQ==?=
[2026-04-16 19:45:13]  发现表格，共 10 行数据
[2026-04-16 19:45:13]  动态索引映射: ['股票代码', '股票名称', '信号', '当前价格', '量比', '来源过滤']
[2026-04-16 19:45:13]  [行1] 解析成功: SZSE.000510 [新金路] SELL @ 14.49 (VR:0.82)
[2026-04-16 19:45:13]  [行2] 解析成功: SZSE.000536 [华映科技] SELL @ 4.24 (VR:0.07)
[2026-04-16 19:45:13]  [行3] 解析成功: SZSE.001309 [德利明] SELL @ 517.69 (VR:0.03)
[2026-04-16 19:45:13]  [行4] 解析成功: SZSE.002285 [世联行] BUY @ 3.06 (VR:0.32)
[2026-04-16 19:45:13]  [行5] 解析成功: SZSE.300432 [富临精工] SELL @ 25.89 (VR:0.27)
[2026-04-16 19:45:13]  [行6] 解析成功: SZSE.000510 [新金路] SELL @ 14.44 (VR:0.65)
[2026-04-16 19:45:13]  [行7] 解析成功: SZSE.000536 [华映科技] SELL @ 4.23 (VR:1.6)
[2026-04-16 19:45:13]  [行8] 解析成功: SZSE.001309 [德利明] SELL @ 516.32 (VR:0.12)
[2026-04-16 19:45:13]  [行9] 解析成功: SZSE.002285 [世联行] BUY @ 3.07 (VR:1.32)
[2026-04-16 19:45:13]  [行10] 解析成功: SZSE.300432 [富临精工] SELL @ 25.81 (VR:2.66)
[2026-04-16 19:45:13] 成功保存 10 条因子至: signal_batch_20260416_194513_986800.txt
[2026-04-16 19:45:14]  QQ-备用 邮件 263 处理完成
[2026-04-16 19:45:14]  QQ-备用 正在解析因子: =?utf-8?b?QWxwaGFQaWxvdCDlpIfku73kv6Hlj7cgKGFscGhhX3NpZ25hbF90aHJfMjAyNjA0MTZfMTEwNC5qc29uKSBb5aSHUVEt6Ieq5L+dXQ==?=
[2026-04-16 19:45:14]  发现表格，共 34 行数据
[2026-04-16 19:45:14]  动态索引映射: ['股票代码', '股票名称', '信号', '当前价格', '量比', '来源过滤']
[2026-04-16 19:45:14]  [行1] 解析成功: SZSE.301171 [易点天下] BUY @ 47.71 (VR:0.25)
[2026-04-16 19:45:14]  [行2] 解析成功: SHSE.600989 [宝丰能源] SELL @ 28.25 (VR:0.09)
[2026-04-16 19:45:14]  [行3] 解析成功: SZSE.002455 [百川股份] BUY @ 11.77 (VR:0.44)
[2026-04-16 19:45:14]  [行4] 解析成功: SZSE.003035 [南网能源] BUY @ 7.76 (VR:0.3)
[2026-04-16 19:45:14]  [行5] 解析成功: SZSE.002202 [金风科技] SELL @ 24.93 (VR:0.36)
[2026-04-16 19:45:14]  [行6] 解析成功: SZSE.300037 [新宙邦] SELL @ 63.52 (VR:0.55)
[2026-04-16 19:45:14]  [行7] 解析成功: SZSE.300207 [欣旺达] SELL @ 29.47 (VR:0.07)
[2026-04-16 19:45:14]  [行8] 解析成功: SZSE.300274 [阳光电源] BUY @ 134.06 (VR:0.35)
[2026-04-16 19:45:14]  [行9] 解析成功: SZSE.002195 [岩山科技] SELL @ 9.16 (VR:1.05)
[2026-04-16 19:45:14]  [行10] 解析成功: SZSE.300393 [中来股份] BUY @ 9.58 (VR:0.39)
[2026-04-16 19:45:14]  [行11] 解析成功: SZSE.301278 [快克股份] BUY @ 38.49 (VR:0.31)
[2026-04-16 19:45:14]  [行12] 解析成功: SZSE.300228 [富瑞特装] SELL @ 9.29 (VR:0.02)
[2026-04-16 19:45:14]  [行13] 解析成功: SZSE.301419 [瑞可达] BUY @ 47.13 (VR:0.97)
[2026-04-16 19:45:14]  [行14] 解析成功: SZSE.300643 [万通智控] SELL @ 17.97 (VR:0.01)
[2026-04-16 19:45:14]  [行15] 解析成功: SZSE.300868 [杰美特] BUY @ 76.92 (VR:0.49)
[2026-04-16 19:45:14]  [行16] 解析成功: SZSE.300390 [天华超净] SELL @ 86.31 (VR:0.17)
[2026-04-16 19:45:14]  [行17] 解析成功: SZSE.300054 [鼎龙股份] BUY @ 51.64 (VR:0.29)
[2026-04-16 19:45:14]  [行18] 解析成功: SZSE.301171 [易点天下] BUY @ 47.78 (VR:0.51)
[2026-04-16 19:45:14]  [行19] 解析成功: SHSE.600989 [宝丰能源] SELL @ 28.22 (VR:0.48)
[2026-04-16 19:45:14]  [行20] 解析成功: SZSE.002455 [百川股份] BUY @ 11.81 (VR:0.57)
[2026-04-16 19:45:14]  [行21] 解析成功: SZSE.003035 [南网能源] BUY @ 7.8 (VR:2.17)
[2026-04-16 19:45:14]  [行22] 解析成功: SZSE.002202 [金风科技] SELL @ 24.91 (VR:0.08)
[2026-04-16 19:45:14]  [行23] 解析成功: SZSE.300037 [新宙邦] SELL @ 63.35 (VR:0.09)
[2026-04-16 19:45:14]  [行24] 解析成功: SZSE.300207 [欣旺达] SELL @ 29.38 (VR:0.11)
[2026-04-16 19:45:14]  [行25] 解析成功: SZSE.300274 [阳光电源] BUY @ 134.19 (VR:0.35)
[2026-04-16 19:45:14]  [行26] 解析成功: SZSE.002195 [岩山科技] SELL @ 9.15 (VR:0.12)
[2026-04-16 19:45:14]  [行27] 解析成功: SZSE.300393 [中来股份] BUY @ 9.61 (VR:0.07)
[2026-04-16 19:45:14]  [行28] 解析成功: SZSE.301278 [快克股份] BUY @ 38.64 (VR:3.21)
[2026-04-16 19:45:14]  [行29] 解析成功: SZSE.300228 [富瑞特装] SELL @ 9.28 (VR:0.2)
[2026-04-16 19:45:14]  [行30] 解析成功: SZSE.301419 [瑞可达] BUY @ 47.36 (VR:2.27)
[2026-04-16 19:45:14]  [行31] 解析成功: SZSE.300643 [万通智控] SELL @ 17.96 (VR:0.11)
[2026-04-16 19:45:14]  [行32] 解析成功: SZSE.300868 [杰美特] BUY @ 76.96 (VR:0.13)
[2026-04-16 19:45:14]  [行33] 解析成功: SZSE.300390 [天华超净] SELL @ 86.3 (VR:0.3)
[2026-04-16 19:45:14]  [行34] 解析成功: SZSE.300054 [鼎龙股份] BUY @ 51.67 (VR:0.3)
[2026-04-16 19:45:14] 成功保存 34 条因子至: signal_batch_20260416_194514_296514.txt
[2026-04-16 19:45:14]  QQ-备用 邮件 264 处理完成
[2026-04-16 19:45:14]  QQ-备用 正在解析因子: =?utf-8?b?QWxwaGFQaWxvdCDlpIfku73kv6Hlj7cgKGFscGhhX3NpZ25hbF90aHJfMjAyNjA0MTZfMTExMS5qc29uKSBb5aSHUVEt6Ieq5L+dXQ==?=
[2026-04-16 19:45:14]  发现表格，共 20 行数据
[2026-04-16 19:45:14]  动态索引映射: ['股票代码', '股票名称', '信号', '当前价格', '量比', '来源过滤']
[2026-04-16 19:45:14]  [行1] 解析成功: SZSE.300444 [双杰电气] BUY @ 15.23 (VR:0.27)
[2026-04-16 19:45:14]  [行2] 解析成功: SZSE.300722 [新余国科] BUY @ 30.99 (VR:0.21)
[2026-04-16 19:45:14]  [行3] 解析成功: SZSE.301120 [新特电器] BUY @ 23.56 (VR:1.18)
[2026-04-16 19:45:14]  [行4] 解析成功: SZSE.300641 [正丹股份] BUY @ 18.68 (VR:0.27)
[2026-04-16 19:45:14]  [行5] 解析成功: SZSE.300468 [四方精创] BUY @ 31.65 (VR:0.21)
[2026-04-16 19:45:14]  [行6] 解析成功: SHSE.603353 [和顺电气] BUY @ 38.25 (VR:0.32)
[2026-04-16 19:45:14]  [行7] 解析成功: SHSE.688689 [银河微电] SELL @ 36.2 (VR:0.22)
[2026-04-16 19:45:14]  [行8] 解析成功: SZSE.300243 [瑞丰光电] SELL @ 15.88 (VR:0.12)
[2026-04-16 19:45:14]  [行9] 解析成功: SZSE.301220 [亚香股份] SELL @ 41.23 (VR:0.28)
[2026-04-16 19:45:14]  [行10] 解析成功: SZSE.300672 [国科微] SELL @ 164.94 (VR:0.05)
[2026-04-16 19:45:14]  [行11] 解析成功: SZSE.300444 [双杰电气] BUY @ 15.24 (VR:0.16)
[2026-04-16 19:45:14]  [行12] 解析成功: SZSE.300722 [新余国科] BUY @ 31.0 (VR:0.01)
[2026-04-16 19:45:14]  [行13] 解析成功: SZSE.301120 [新特电器] BUY @ 23.61 (VR:1.73)
[2026-04-16 19:45:14]  [行14] 解析成功: SZSE.300641 [正丹股份] BUY @ 18.7 (VR:0.99)
[2026-04-16 19:45:14]  [行15] 解析成功: SZSE.300468 [四方精创] BUY @ 31.68 (VR:0.16)
[2026-04-16 19:45:14]  [行16] 解析成功: SHSE.603353 [和顺电气] BUY @ 38.26 (VR:0.06)
[2026-04-16 19:45:14]  [行17] 解析成功: SHSE.688689 [银河微电] SELL @ 36.19 (VR:0.33)
[2026-04-16 19:45:14]  [行18] 解析成功: SZSE.300243 [瑞丰光电] SELL @ 15.8 (VR:0.48)
[2026-04-16 19:45:14]  [行19] 解析成功: SZSE.301220 [亚香股份] SELL @ 41.2 (VR:0.17)
[2026-04-16 19:45:14]  [行20] 解析成功: SZSE.300672 [国科微] SELL @ 164.45 (VR:0.67)
[2026-04-16 19:45:14] 成功保存 20 条因子至: signal_batch_20260416_194514_631800.txt
[2026-04-16 19:45:14]  QQ-备用 邮件 265 处理完成
[2026-04-16 19:45:14]  QQ-备用 正在解析因子: =?utf-8?b?QWxwaGFQaWxvdCDlpIfku73kv6Hlj7cgKGFscGhhX3NpZ25hbF90aHJfMjAyNjA0MTZfMTEzOC5qc29uKSBb5aSHUVEt6Ieq5L+dXQ==?=
[2026-04-16 19:45:14]  发现表格，共 6 行数据
[2026-04-16 19:45:14]  动态索引映射: ['股票代码', '股票名称', '信号', '当前价格', '量比', '来源过滤']
[2026-04-16 19:45:14]  [行1] 解析成功: SZSE.002300 [太阳电缆] BUY @ 9.66 (VR:8.56)
[2026-04-16 19:45:14]  [行2] 解析成功: SZSE.002460 [赣锋锂业] BUY @ 84.9 (VR:1.75)
[2026-04-16 19:45:14]  [行3] 解析成功: SZSE.002298 [中电鑫龙] BUY @ 10.4 (VR:0.17)
[2026-04-16 19:45:14]  [行4] 解析成功: SZSE.002300 [太阳电缆] BUY @ 9.67 (VR:1.0)
[2026-04-16 19:45:14]  [行5] 解析成功: SZSE.002460 [赣锋锂业] BUY @ 85.08 (VR:2.67)
[2026-04-16 19:45:14]  [行6] 解析成功: SZSE.002298 [中电鑫龙] BUY @ 10.42 (VR:0.52)
[2026-04-16 19:45:14] 成功保存 6 条因子至: signal_batch_20260416_194514_919365.txt
[2026-04-16 19:45:15]  QQ-备用 邮件 268 处理完成
[2026-04-16 19:45:15]  QQ-备用 正在解析因子: =?utf-8?b?QWxwaGFQaWxvdCDlpIfku73kv6Hlj7cgKGFscGhhX3NpZ25hbF90aHJfMjAyNjA0MTZfMTMwOC5qc29uKSBb5aSHUVEt6Ieq5L+dXQ==?=
[2026-04-16 19:45:15]  发现表格，共 18 行数据
[2026-04-16 19:45:15]  动态索引映射: ['股票代码', '股票名称', '信号', '当前价格', '量比', '来源过滤']
[2026-04-16 19:45:15]  [行1] 解析成功: SZSE.300763 [锦浪科技] SELL @ 93.46 (VR:0.35)
[2026-04-16 19:45:15]  [行2] 解析成功: SZSE.002015 [协鑫能科] SELL @ 18.54 (VR:0.22)
[2026-04-16 19:45:15]  [行3] 解析成功: SZSE.000912 [泸天化] BUY @ 4.95 (VR:0.02)
[2026-04-16 19:45:15]  [行4] 解析成功: SZSE.301226 [祥明智能] SELL @ 40.52 (VR:0.08)
[2026-04-16 19:45:15]  [行5] 解析成功: SHSE.688295 [奥林德] BUY @ 52.0 (VR:0.47)
[2026-04-16 19:45:15]  [行6] 解析成功: SHSE.600821 [金发科技] SELL @ 9.03 (VR:0.13)
[2026-04-16 19:45:15]  [行7] 解析成功: SHSE.600722 [金牛化工] SELL @ 13.85 (VR:0.28)
[2026-04-16 19:45:15]  [行8] 解析成功: SHSE.688295 [中复神鹰] BUY @ 52.0 (VR:0.36)
[2026-04-16 19:45:15]  [行9] 解析成功: SZSE.300866 [安克创新] BUY @ 118.23 (VR:0.32)
[2026-04-16 19:45:15]  [行10] 解析成功: SZSE.300763 [锦浪科技] SELL @ 93.38 (VR:0.3)
[2026-04-16 19:45:15]  [行11] 解析成功: SZSE.002015 [协鑫能科] SELL @ 18.48 (VR:0.08)
[2026-04-16 19:45:15]  [行12] 解析成功: SZSE.000912 [泸天化] BUY @ 4.96 (VR:0.09)
[2026-04-16 19:45:15]  [行13] 解析成功: SZSE.301226 [祥明智能] SELL @ 40.34 (VR:0.25)
[2026-04-16 19:45:15]  [行14] 解析成功: SHSE.688295 [奥林德] BUY @ 51.88 (VR:0.75)
[2026-04-16 19:45:15]  [行15] 解析成功: SHSE.600821 [金发科技] SELL @ 8.99 (VR:0.62)
[2026-04-16 19:45:15]  [行16] 解析成功: SHSE.600722 [金牛化工] SELL @ 13.84 (VR:0.21)
[2026-04-16 19:45:15]  [行17] 解析成功: SHSE.688295 [中复神鹰] BUY @ 51.92 (VR:0.06)
[2026-04-16 19:45:15]  [行18] 解析成功: SZSE.300866 [安克创新] BUY @ 118.33 (VR:2.06)
[2026-04-16 19:45:15] 成功保存 18 条因子至: signal_batch_20260416_194515_251415.txt
[2026-04-16 19:45:15]  QQ-备用 邮件 269 处理完成
[2026-04-16 19:45:15]  QQ-备用 正在解析因子: =?utf-8?b?QWxwaGFQaWxvdCDlpIfku73kv6Hlj7cgKGFscGhhX3NpZ25hbF90aHJfMjAyNjA0MTZfMTMxOC5qc29uKSBb5aSHUVEt6Ieq5L+dXQ==?=
[2026-04-16 19:45:15]  发现表格，共 20 行数据
[2026-04-16 19:45:15]  动态索引映射: ['股票代码', '股票名称', '信号', '当前价格', '量比', '来源过滤']
[2026-04-16 19:45:15]  [行1] 解析成功: SHSE.600353 [旭光电子] BUY @ 15.44 (VR:0.39)
[2026-04-16 19:45:15]  [行2] 解析成功: SHSE.600410 [华胜天成] BUY @ 27.48 (VR:2.52)
[2026-04-16 19:45:15]  [行3] 解析成功: SHSE.600815 [厦工股份] SELL @ 4.05 (VR:0.44)
[2026-04-16 19:45:15]  [行4] 解析成功: SZSE.300868 [绿盟科技] BUY @ 75.66 (VR:1.88)
[2026-04-16 19:45:15]  [行5] 解析成功: SZSE.300471 [厚普股份] BUY @ 12.97 (VR:0.56)
[2026-04-16 19:45:15]  [行6] 解析成功: SZSE.300720 [海川智能] BUY @ 58.77 (VR:0.25)
[2026-04-16 19:45:15]  [行7] 解析成功: SZSE.001258 [立新能源] SELL @ 8.86 (VR:0.17)
[2026-04-16 19:45:15]  [行8] 解析成功: SZSE.300308 [中际旭创] BUY @ 795.69 (VR:0.23)
[2026-04-16 19:45:15]  [行9] 解析成功: SHSE.688392 [娇成超声] BUY @ 128.6 (VR:1.42)
[2026-04-16 19:45:15]  [行10] 解析成功: SZSE.002422 [科伦药业] BUY @ 35.92 (VR:1.34)
[2026-04-16 19:45:15]  [行11] 解析成功: SHSE.600353 [旭光电子] BUY @ 15.47 (VR:0.07)
[2026-04-16 19:45:15]  [行12] 解析成功: SHSE.600410 [华胜天成] BUY @ 27.64 (VR:0.44)
[2026-04-16 19:45:15]  [行13] 解析成功: SHSE.600815 [厦工股份] SELL @ 4.04 (VR:2.58)
[2026-04-16 19:45:15]  [行14] 解析成功: SZSE.300868 [绿盟科技] BUY @ 76.01 (VR:0.19)
[2026-04-16 19:45:15]  [行15] 解析成功: SZSE.300471 [厚普股份] BUY @ 12.98 (VR:2.21)
[2026-04-16 19:45:15]  [行16] 解析成功: SZSE.300720 [海川智能] BUY @ 59.21 (VR:0.44)
[2026-04-16 19:45:15]  [行17] 解析成功: SZSE.001258 [立新能源] SELL @ 8.85 (VR:0.65)
[2026-04-16 19:45:15]  [行18] 解析成功: SZSE.300308 [中际旭创] BUY @ 797.81 (VR:0.19)
[2026-04-16 19:45:15]  [行19] 解析成功: SHSE.688392 [娇成超声] BUY @ 128.78 (VR:0.06)
[2026-04-16 19:45:15]  [行20] 解析成功: SZSE.002422 [科伦药业] BUY @ 36.03 (VR:0.48)
[2026-04-16 19:45:15] 成功保存 20 条因子至: signal_batch_20260416_194515_567496.txt
[2026-04-16 19:45:15]  QQ-备用 邮件 270 处理完成
[2026-04-16 19:45:15]  QQ-备用 正在解析因子: =?utf-8?b?QWxwaGFQaWxvdCDlpIfku73kv6Hlj7cgKGFscGhhX3NpZ25hbF90aHJfMjAyNjA0MTZfMTMyOS5qc29uKSBb5aSHUVEt6Ieq5L+dXQ==?=
[2026-04-16 19:45:15]  发现表格，共 20 行数据
[2026-04-16 19:45:15]  动态索引映射: ['股票代码', '股票名称', '信号', '当前价格', '量比', '来源过滤']
[2026-04-16 19:45:15]  [行1] 解析成功: SZSE.002460 [赣锋锂业] BUY @ 85.08 (VR:0.45)
[2026-04-16 19:45:15]  [行2] 解析成功: SZSE.300352 [北信源] SELL @ 7.22 (VR:12.26)
[2026-04-16 19:45:15]  [行3] 解析成功: SZSE.002925 [盈趣科技] BUY @ 19.97 (VR:0.92)
[2026-04-16 19:45:15]  [行4] 解析成功: SZSE.002429 [兆驰股份] SELL @ 10.13 (VR:0.96)
[2026-04-16 19:45:15]  [行5] 解析成功: SZSE.000407 [胜利股份] SELL @ 4.62 (VR:0.0)
[2026-04-16 19:45:15]  [行6] 解析成功: SZSE.000510 [新金路] BUY @ 15.01 (VR:0.73)
[2026-04-16 19:45:15]  [行7] 解析成功: SZSE.002240 [盛新锂能] SELL @ 49.73 (VR:1.38)
[2026-04-16 19:45:15]  [行8] 解析成功: SZSE.300693 [盛弘股份] SELL @ 51.35 (VR:0.42)
[2026-04-16 19:45:15]  [行9] 解析成功: SZSE.001309 [德利明] SELL @ 515.75 (VR:0.02)
[2026-04-16 19:45:15]  [行10] 解析成功: SZSE.002285 [世联行] BUY @ 3.05 (VR:0.02)
[2026-04-16 19:45:15]  [行11] 解析成功: SZSE.002460 [赣锋锂业] BUY @ 85.18 (VR:0.62)
[2026-04-16 19:45:15]  [行12] 解析成功: SZSE.300352 [北信源] SELL @ 7.2 (VR:1.7)
[2026-04-16 19:45:15]  [行13] 解析成功: SZSE.002925 [盈趣科技] BUY @ 20.15 (VR:1.82)
[2026-04-16 19:45:15]  [行14] 解析成功: SZSE.002429 [兆驰股份] SELL @ 10.11 (VR:0.15)
[2026-04-16 19:45:15]  [行15] 解析成功: SZSE.000407 [胜利股份] SELL @ 4.61 (VR:0.22)
[2026-04-16 19:45:15]  [行16] 解析成功: SZSE.000510 [新金路] BUY @ 15.03 (VR:0.17)
[2026-04-16 19:45:15]  [行17] 解析成功: SZSE.002240 [盛新锂能] SELL @ 49.6 (VR:0.39)
[2026-04-16 19:45:15]  [行18] 解析成功: SZSE.300693 [盛弘股份] SELL @ 51.32 (VR:1.28)
[2026-04-16 19:45:15]  [行19] 解析成功: SZSE.001309 [德利明] SELL @ 514.59 (VR:0.0)
[2026-04-16 19:45:15]  [行20] 解析成功: SZSE.002285 [世联行] BUY @ 3.07 (VR:0.03)
[2026-04-16 19:45:15] 成功保存 20 条因子至: signal_batch_20260416_194515_806823.txt
[2026-04-16 19:45:16]  QQ-备用 邮件 271 处理完成
[2026-04-16 19:45:16]  QQ-备用 正在解析因子: =?utf-8?b?QWxwaGFQaWxvdCDlpIfku73kv6Hlj7cgKGFscGhhX3NpZ25hbF90aHJfMjAyNjA0MTZfMTM1Mi5qc29uKSBb5aSHUVEt6Ieq5L+dXQ==?=
[2026-04-16 19:45:16]  发现表格，共 31 行数据
[2026-04-16 19:45:16]  动态索引映射: ['股票代码', '股票名称', '信号', '当前价格', '量比', '来源过滤']
[2026-04-16 19:45:16]  [行1] 解析成功: SZSE.300722 [新余国科] SELL @ 31.11 (VR:0.05)
[2026-04-16 19:45:16]  [行2] 解析成功: SZSE.301158 [万集科技] SELL @ 24.33 (VR:2.85)
[2026-04-16 19:45:16]  [行3] 解析成功: SZSE.300641 [正丹股份] BUY @ 18.73 (VR:0.11)
[2026-04-16 19:45:16]  [行4] 解析成功: SZSE.300461 [田中精机] SELL @ 61.27 (VR:0.09)
[2026-04-16 19:45:16]  [行5] 解析成功: SZSE.300385 [雪浪环境] BUY @ 14.44 (VR:0.89)
[2026-04-16 19:45:16]  [行6] 解析成功: SZSE.301389 [隆扬电子] BUY @ 57.48 (VR:0.64)
[2026-04-16 19:45:16]  [行7] 解析成功: SZSE.301449 [天溯计量] BUY @ 79.86 (VR:0.76)
[2026-04-16 19:45:16]  [行8] 解析成功: SHSE.603353 [和顺电气] BUY @ 38.23 (VR:0.32)
[2026-04-16 19:45:16]  [行9] 解析成功: SHSE.688700 [东威科技] BUY @ 58.22 (VR:0.16)
[2026-04-16 19:45:16]  [行10] 解析成功: SHSE.688689 [银河微电] BUY @ 36.02 (VR:0.88)
[2026-04-16 19:45:16]  [行11] 解析成功: SHSE.603538 [美诺华] BUY @ 56.14 (VR:0.14)
[2026-04-16 19:45:16]  [行12] 解析成功: SZSE.300243 [瑞丰光电] BUY @ 15.9 (VR:3.51)
[2026-04-16 19:45:16]  [行13] 解析成功: SZSE.002980 [华盛昌] SELL @ 65.1 (VR:0.11)
[2026-04-16 19:45:16]  [行14] 解析成功: SZSE.300185 [通裕重工] SELL @ 3.2 (VR:0.27)
[2026-04-16 19:45:16]  [行15] 解析成功: SZSE.300672 [国科微] SELL @ 163.29 (VR:0.05)
[2026-04-16 19:45:16]  [行16] 解析成功: SZSE.300722 [新余国科] SELL @ 31.07 (VR:0.17)
[2026-04-16 19:45:16]  [行17] 解析成功: SZSE.301158 [万集科技] SELL @ 24.32 (VR:0.13)
[2026-04-16 19:45:16]  [行18] 解析成功: SZSE.301120 [新特电器] SELL @ 23.52 (VR:0.35)
[2026-04-16 19:45:16]  [行19] 解析成功: SZSE.300461 [田中精机] SELL @ 61.22 (VR:0.2)
[2026-04-16 19:45:16]  [行20] 解析成功: SZSE.301329 [信音电子] BUY @ 23.17 (VR:0.78)
[2026-04-16 19:45:16]  [行21] 解析成功: SZSE.300739 [明阳电路] BUY @ 29.15 (VR:0.94)
[2026-04-16 19:45:16]  [行22] 解析成功: SZSE.300385 [雪浪环境] BUY @ 14.48 (VR:0.67)
[2026-04-16 19:45:16]  [行23] 解析成功: SZSE.301389 [隆扬电子] BUY @ 57.52 (VR:0.21)
[2026-04-16 19:45:16]  [行24] 解析成功: SZSE.301449 [天溯计量] BUY @ 79.86 (VR:0.07)
[2026-04-16 19:45:16]  [行25] 解析成功: SHSE.603353 [和顺电气] BUY @ 38.26 (VR:0.39)
[2026-04-16 19:45:16]  [行26] 解析成功: SHSE.688700 [东威科技] BUY @ 58.25 (VR:0.99)
[2026-04-16 19:45:16]  [行27] 解析成功: SHSE.688689 [银河微电] BUY @ 36.04 (VR:0.03)
[2026-04-16 19:45:16]  [行28] 解析成功: SHSE.603538 [美诺华] BUY @ 56.43 (VR:0.73)
[2026-04-16 19:45:16]  [行29] 解析成功: SZSE.300243 [瑞丰光电] BUY @ 16.0 (VR:8.3)
[2026-04-16 19:45:16]  [行30] 解析成功: SZSE.002980 [华盛昌] SELL @ 65.06 (VR:1.29)
[2026-04-16 19:45:16]  [行31] 解析成功: SZSE.300185 [通裕重工] SELL @ 3.19 (VR:1.2)
[2026-04-16 19:45:16] 成功保存 31 条因子至: signal_batch_20260416_194516_200004.txt
[2026-04-16 19:45:16]  QQ-备用 邮件 272 处理完成
[2026-04-16 19:45:16]  QQ-备用 正在解析因子: =?utf-8?b?QWxwaGFQaWxvdCDlpIfku73kv6Hlj7cgKGFscGhhX3NpZ25hbF90aHJfMjAyNjA0MTZfMTQwNS5qc29uKSBb5aSHUVEt6Ieq5L+dXQ==?=
[2026-04-16 19:45:16]  发现表格，共 36 行数据
[2026-04-16 19:45:16]  动态索引映射: ['股票代码', '股票名称', '信号', '当前价格', '量比', '来源过滤']
[2026-04-16 19:45:16]  [行1] 解析成功: SZSE.300763 [锦浪科技] BUY @ 92.94 (VR:0.18)
[2026-04-16 19:45:16]  [行2] 解析成功: SZSE.300285 [国瓷材料] SELL @ 35.48 (VR:0.79)
[2026-04-16 19:45:16]  [行3] 解析成功: SZSE.002015 [协鑫能科] SELL @ 18.54 (VR:0.38)
[2026-04-16 19:45:16]  [行4] 解析成功: SZSE.000912 [泸天化] SELL @ 4.92 (VR:0.35)
[2026-04-16 19:45:16]  [行5] 解析成功: SZSE.000533 [顺钠股份] BUY @ 15.73 (VR:2.6)
[2026-04-16 19:45:16]  [行6] 解析成功: SZSE.301226 [祥明智能] BUY @ 40.44 (VR:0.57)
[2026-04-16 19:45:16]  [行7] 解析成功: SZSE.301667 [纳百川] SELL @ 102.1 (VR:0.24)
[2026-04-16 19:45:16]  [行8] 解析成功: SZSE.300345 [华民股份] BUY @ 6.71 (VR:0.18)
[2026-04-16 19:45:16]  [行9] 解析成功: SHSE.688295 [奥林德] BUY @ 51.99 (VR:0.03)
[2026-04-16 19:45:16]  [行10] 解析成功: SZSE.002445 [中南文化] BUY @ 3.41 (VR:0.44)
[2026-04-16 19:45:16]  [行11] 解析成功: SHSE.601868 [中国能建] SELL @ 2.87 (VR:2.0)
[2026-04-16 19:45:16]  [行12] 解析成功: SHSE.600821 [金发科技] SELL @ 8.94 (VR:0.56)
[2026-04-16 19:45:16]  [行13] 解析成功: SHSE.600722 [金牛化工] BUY @ 13.86 (VR:0.24)
[2026-04-16 19:45:16]  [行14] 解析成功: SHSE.688295 [中复神鹰] BUY @ 51.98 (VR:1.28)
[2026-04-16 19:45:16]  [行15] 解析成功: SZSE.300782 [卓胜微] BUY @ 103.5 (VR:0.44)
[2026-04-16 19:45:16]  [行16] 解析成功: SZSE.300866 [安克创新] BUY @ 119.09 (VR:2.22)
[2026-04-16 19:45:16]  [行17] 解析成功: SZSE.300724 [捷佳伟创] BUY @ 110.37 (VR:0.48)
[2026-04-16 19:45:16]  [行18] 解析成功: SZSE.300813 [泰林生物] BUY @ 27.85 (VR:0.26)
[2026-04-16 19:45:16]  [行19] 解析成功: SZSE.301281 [利源制药] BUY @ 38.39 (VR:0.45)
[2026-04-16 19:45:16]  [行20] 解析成功: SZSE.300763 [锦浪科技] BUY @ 93.09 (VR:0.08)
[2026-04-16 19:45:16]  [行21] 解析成功: SZSE.300285 [国瓷材料] SELL @ 35.4 (VR:1.42)
[2026-04-16 19:45:16]  [行22] 解析成功: SZSE.002015 [协鑫能科] SELL @ 18.49 (VR:0.69)
[2026-04-16 19:45:16]  [行23] 解析成功: SZSE.000533 [顺钠股份] BUY @ 15.78 (VR:0.85)
[2026-04-16 19:45:16]  [行24] 解析成功: SZSE.301226 [祥明智能] BUY @ 40.56 (VR:0.03)
[2026-04-16 19:45:16]  [行25] 解析成功: SZSE.301667 [纳百川] SELL @ 102.05 (VR:0.55)
[2026-04-16 19:45:16]  [行26] 解析成功: SZSE.300345 [华民股份] BUY @ 6.72 (VR:1.27)
[2026-04-16 19:45:16]  [行27] 解析成功: SHSE.688295 [奥林德] BUY @ 52.03 (VR:0.4)
[2026-04-16 19:45:16]  [行28] 解析成功: SZSE.002445 [中南文化] BUY @ 3.42 (VR:0.54)
[2026-04-16 19:45:16]  [行29] 解析成功: SHSE.601868 [中国能建] BUY @ 2.89 (VR:0.04)
[2026-04-16 19:45:16]  [行30] 解析成功: SHSE.600821 [金发科技] SELL @ 8.93 (VR:0.52)
[2026-04-16 19:45:16]  [行31] 解析成功: SHSE.600722 [金牛化工] SELL @ 13.86 (VR:0.07)
[2026-04-16 19:45:16]  [行32] 解析成功: SHSE.688295 [中复神鹰] BUY @ 52.04 (VR:0.44)
[2026-04-16 19:45:16]  [行33] 解析成功: SZSE.300782 [卓胜微] BUY @ 103.56 (VR:0.36)
[2026-04-16 19:45:16]  [行34] 解析成功: SZSE.300866 [安克创新] BUY @ 119.4 (VR:0.98)
[2026-04-16 19:45:16]  [行35] 解析成功: SZSE.300724 [捷佳伟创] BUY @ 110.4 (VR:0.77)
[2026-04-16 19:45:16]  [行36] 解析成功: SZSE.301281 [利源制药] BUY @ 38.63 (VR:1.5)
[2026-04-16 19:45:16] 成功保存 36 条因子至: signal_batch_20260416_194516_561446.txt
[2026-04-16 19:45:16]  QQ-备用 邮件 273 处理完成
[2026-04-16 19:45:16]  QQ-备用 正在解析因子: =?utf-8?b?QWxwaGFQaWxvdCDlpIfku73kv6Hlj7cgKGFscGhhX3NpZ25hbF90aHJfMjAyNjA0MTZfMTQyMS5qc29uKSBb5aSHUVEt6Ieq5L+dXQ==?=
[2026-04-16 19:45:16]  发现表格，共 38 行数据
[2026-04-16 19:45:16]  动态索引映射: ['股票代码', '股票名称', '信号', '当前价格', '量比', '来源过滤']
[2026-04-16 19:45:16]  [行1] 解析成功: SHSE.600353 [旭光电子] SELL @ 15.45 (VR:0.0)
[2026-04-16 19:45:16]  [行2] 解析成功: SHSE.600410 [华胜天成] BUY @ 28.0 (VR:1.36)
[2026-04-16 19:45:16]  [行3] 解析成功: SHSE.600815 [厦工股份] BUY @ 4.1 (VR:0.21)
[2026-04-16 19:45:16]  [行4] 解析成功: SZSE.300868 [绿盟科技] BUY @ 76.44 (VR:0.01)
[2026-04-16 19:45:16]  [行5] 解析成功: SHSE.688667 [安集科技] BUY @ 136.34 (VR:0.24)
[2026-04-16 19:45:16]  [行6] 解析成功: SZSE.301419 [德赛西威] SELL @ 45.5 (VR:0.36)
[2026-04-16 19:45:16]  [行7] 解析成功: SZSE.300626 [华测导航] BUY @ 26.24 (VR:0.18)
[2026-04-16 19:45:16]  [行8] 解析成功: SZSE.301210 [金杨精密] SELL @ 39.69 (VR:1.15)
[2026-04-16 19:45:16]  [行9] 解析成功: SZSE.301658 [首航新能] BUY @ 41.21 (VR:0.06)
[2026-04-16 19:45:16]  [行10] 解析成功: SZSE.300811 [铂力特] BUY @ 84.0 (VR:0.09)
[2026-04-16 19:45:16]  [行11] 解析成功: SZSE.300720 [海川智能] BUY @ 58.45 (VR:0.01)
[2026-04-16 19:45:16]  [行12] 解析成功: SZSE.301358 [湖南裕能] BUY @ 85.53 (VR:1.56)
[2026-04-16 19:45:16]  [行13] 解析成功: SZSE.300014 [亿纬锂能] BUY @ 70.71 (VR:1.37)
[2026-04-16 19:45:16]  [行14] 解析成功: SZSE.300383 [光环新网] BUY @ 18.78 (VR:1.43)
[2026-04-16 19:45:16]  [行15] 解析成功: SZSE.300433 [蓝思科技] BUY @ 25.53 (VR:0.18)
[2026-04-16 19:45:16]  [行16] 解析成功: SHSE.688392 [娇成超声] BUY @ 129.29 (VR:0.37)
[2026-04-16 19:45:16]  [行17] 解析成功: SZSE.300054 [鼎龙股份] BUY @ 51.56 (VR:0.89)
[2026-04-16 19:45:16]  [行18] 解析成功: SHSE.600410 [华胜天成] BUY @ 28.04 (VR:1.86)
[2026-04-16 19:45:16]  [行19] 解析成功: SHSE.600815 [厦工股份] BUY @ 4.1 (VR:0.61)
[2026-04-16 19:45:16]  [行20] 解析成功: SZSE.300868 [绿盟科技] BUY @ 76.5 (VR:0.15)
[2026-04-16 19:45:16]  [行21] 解析成功: SHSE.688667 [安集科技] BUY @ 136.42 (VR:1.0)
[2026-04-16 19:45:16]  [行22] 解析成功: SZSE.301419 [德赛西威] SELL @ 45.35 (VR:2.32)
[2026-04-16 19:45:16]  [行23] 解析成功: SZSE.300565 [科信技术] BUY @ 14.34 (VR:1.05)
[2026-04-16 19:45:16]  [行24] 解析成功: SZSE.300228 [富瀚微电] BUY @ 9.33 (VR:0.08)
[2026-04-16 19:45:16]  [行25] 解析成功: SZSE.300626 [华测导航] BUY @ 26.35 (VR:0.86)
[2026-04-16 19:45:16]  [行26] 解析成功: SZSE.301210 [金杨精密] SELL @ 39.68 (VR:1.65)
[2026-04-16 19:45:16]  [行27] 解析成功: SZSE.301658 [首航新能] BUY @ 41.35 (VR:0.36)
[2026-04-16 19:45:16]  [行28] 解析成功: SZSE.300811 [铂力特] BUY @ 84.09 (VR:0.25)
[2026-04-16 19:45:16]  [行29] 解析成功: SZSE.301358 [湖南裕能] BUY @ 85.73 (VR:1.25)
[2026-04-16 19:45:16]  [行30] 解析成功: SZSE.300142 [沃森生物] BUY @ 12.73 (VR:0.02)
[2026-04-16 19:45:16]  [行31] 解析成功: SZSE.300014 [亿纬锂能] BUY @ 70.79 (VR:0.84)
[2026-04-16 19:45:16]  [行32] 解析成功: SZSE.300383 [光环新网] BUY @ 18.81 (VR:0.28)
[2026-04-16 19:45:16]  [行33] 解析成功: SZSE.300308 [中际旭创] SELL @ 802.64 (VR:0.73)
[2026-04-16 19:45:16]  [行34] 解析成功: SZSE.300433 [蓝思科技] BUY @ 25.69 (VR:1.66)
[2026-04-16 19:45:16]  [行35] 解析成功: SHSE.688392 [娇成超声] BUY @ 129.32 (VR:0.92)
[2026-04-16 19:45:16]  [行36] 解析成功: SZSE.300017 [网宿科技] SELL @ 19.09 (VR:0.07)
[2026-04-16 19:45:16]  [行37] 解析成功: SZSE.300054 [鼎龙股份] BUY @ 51.59 (VR:0.11)
[2026-04-16 19:45:16]  [行38] 解析成功: SZSE.300666 [江丰电子] BUY @ 153.54 (VR:0.08)
[2026-04-16 19:45:16] 成功保存 38 条因子至: signal_batch_20260416_194516_971646.txt
[2026-04-16 19:45:17]  QQ-备用 邮件 274 处理完成
[2026-04-16 19:45:17]  QQ-备用 正在解析因子: =?utf-8?b?QWxwaGFQaWxvdCDlpIfku73kv6Hlj7cgKGFscGhhX3NpZ25hbF90aHJfMjAyNjA0MTZfMTQzNS5qc29uKSBb5aSHUVEt6Ieq5L+dXQ==?=
[2026-04-16 19:45:17]  发现表格，共 37 行数据
[2026-04-16 19:45:17]  动态索引映射: ['股票代码', '股票名称', '信号', '当前价格', '量比', '来源过滤']
[2026-04-16 19:45:17]  [行1] 解析成功: SZSE.002364 [中恒电器] BUY @ 42.5 (VR:2.22)
[2026-04-16 19:45:17]  [行2] 解析成功: SZSE.000537 [绿发电力] BUY @ 10.07 (VR:1.48)
[2026-04-16 19:45:17]  [行3] 解析成功: SZSE.002475 [立讯精密] SELL @ 60.52 (VR:0.64)
[2026-04-16 19:45:17]  [行4] 解析成功: SZSE.000338 [潍柴动力] BUY @ 27.22 (VR:1.13)
[2026-04-16 19:45:17]  [行5] 解析成功: SZSE.002925 [盈趣科技] SELL @ 20.15 (VR:0.04)
[2026-04-16 19:45:17]  [行6] 解析成功: SZSE.002429 [兆驰股份] SELL @ 10.18 (VR:0.82)
[2026-04-16 19:45:17]  [行7] 解析成功: SZSE.000407 [胜利股份] SELL @ 4.64 (VR:0.29)
[2026-04-16 19:45:17]  [行8] 解析成功: SZSE.000510 [新金路] BUY @ 15.03 (VR:1.22)
[2026-04-16 19:45:17]  [行9] 解析成功: SZSE.000536 [华映科技] BUY @ 4.24 (VR:0.64)
[2026-04-16 19:45:17]  [行10] 解析成功: SZSE.002828 [贝肯能源] BUY @ 11.94 (VR:0.2)
[2026-04-16 19:45:17]  [行11] 解析成功: SZSE.002240 [盛新锂能] BUY @ 49.69 (VR:0.3)
[2026-04-16 19:45:17]  [行12] 解析成功: SZSE.300693 [盛弘股份] SELL @ 51.04 (VR:0.46)
[2026-04-16 19:45:17]  [行13] 解析成功: SZSE.001309 [德利明] SELL @ 516.23 (VR:0.33)
[2026-04-16 19:45:17]  [行14] 解析成功: SZSE.002285 [世联行] BUY @ 3.09 (VR:0.27)
[2026-04-16 19:45:17]  [行15] 解析成功: SZSE.300432 [富临精工] BUY @ 26.0 (VR:0.37)
[2026-04-16 19:45:17]  [行16] 解析成功: SHSE.688617 [惠泰医疗] BUY @ 257.8 (VR:0.23)
[2026-04-16 19:45:17]  [行17] 解析成功: SHSE.688617 [惠泰医疗] BUY @ 257.69 (VR:0.04)
[2026-04-16 19:45:17]  [行18] 解析成功: SZSE.002683 [宏大爆破] BUY @ 42.24 (VR:0.53)
[2026-04-16 19:45:17]  [行19] 解析成功: SZSE.002460 [赣锋锂业] SELL @ 85.55 (VR:1.1)
[2026-04-16 19:45:17]  [行20] 解析成功: SZSE.002498 [汉缆股份] SELL @ 9.08 (VR:0.35)
[2026-04-16 19:45:17]  [行21] 解析成功: SZSE.002364 [中恒电器] BUY @ 42.58 (VR:0.9)
[2026-04-16 19:45:17]  [行22] 解析成功: SZSE.000537 [绿发电力] BUY @ 10.08 (VR:0.33)
[2026-04-16 19:45:17]  [行23] 解析成功: SZSE.002475 [立讯精密] SELL @ 60.32 (VR:0.58)
[2026-04-16 19:45:17]  [行24] 解析成功: SZSE.000338 [潍柴动力] BUY @ 27.23 (VR:0.4)
[2026-04-16 19:45:17]  [行25] 解析成功: SZSE.002925 [盈趣科技] SELL @ 20.1 (VR:0.4)
[2026-04-16 19:45:17]  [行26] 解析成功: SZSE.002429 [兆驰股份] SELL @ 10.16 (VR:0.53)
[2026-04-16 19:45:17]  [行27] 解析成功: SZSE.000407 [胜利股份] SELL @ 4.63 (VR:0.06)
[2026-04-16 19:45:17]  [行28] 解析成功: SZSE.000510 [新金路] BUY @ 15.05 (VR:0.15)
[2026-04-16 19:45:17]  [行29] 解析成功: SZSE.000536 [华映科技] BUY @ 4.25 (VR:0.05)
[2026-04-16 19:45:17]  [行30] 解析成功: SZSE.002828 [贝肯能源] BUY @ 11.96 (VR:0.44)
[2026-04-16 19:45:17]  [行31] 解析成功: SZSE.002240 [盛新锂能] BUY @ 49.73 (VR:0.77)
[2026-04-16 19:45:17]  [行32] 解析成功: SZSE.300693 [盛弘股份] SELL @ 50.98 (VR:1.03)
[2026-04-16 19:45:17]  [行33] 解析成功: SZSE.001309 [德利明] SELL @ 515.4 (VR:0.71)
[2026-04-16 19:45:17]  [行34] 解析成功: SZSE.002285 [世联行] BUY @ 3.11 (VR:1.59)
[2026-04-16 19:45:17]  [行35] 解析成功: SZSE.300432 [富临精工] BUY @ 26.01 (VR:0.14)
[2026-04-16 19:45:17]  [行36] 解析成功: SHSE.688617 [惠泰医疗] BUY @ 257.67 (VR:0.21)
[2026-04-16 19:45:17]  [行37] 解析成功: SHSE.688617 [惠泰医疗] BUY @ 258.0 (VR:0.34)
[2026-04-16 19:45:17] 成功保存 37 条因子至: signal_batch_20260416_194517_317395.txt
[2026-04-16 19:45:17]  QQ-备用 邮件 275 处理完成
[2026-04-16 19:45:17]  QQ-备用 正在解析因子: =?utf-8?b?QWxwaGFQaWxvdCDlpIfku73kv6Hlj7cgKGFscGhhX3NpZ25hbF90aHJfMjAyNjA0MTZfMTQ0Mi5qc29uKSBb5aSHUVEt6Ieq5L+dXQ==?=
[2026-04-16 19:45:17]  发现表格，共 24 行数据
[2026-04-16 19:45:17]  动态索引映射: ['股票代码', '股票名称', '信号', '当前价格', '量比', '来源过滤']
[2026-04-16 19:45:17]  [行1] 解析成功: SHSE.600989 [宝丰能源] BUY @ 28.12 (VR:1.02)
[2026-04-16 19:45:17]  [行2] 解析成功: SZSE.301165 [锐捷网络] SELL @ 95.47 (VR:0.02)
[2026-04-16 19:45:17]  [行3] 解析成功: SZSE.300037 [新宙邦] SELL @ 63.56 (VR:0.48)
[2026-04-16 19:45:17]  [行4] 解析成功: SZSE.300207 [欣旺达] SELL @ 29.45 (VR:0.2)
[2026-04-16 19:45:17]  [行5] 解析成功: SZSE.300285 [国瓷材料] BUY @ 35.63 (VR:1.21)
[2026-04-16 19:45:17]  [行6] 解析成功: SZSE.002195 [岩山科技] BUY @ 9.18 (VR:0.53)
[2026-04-16 19:45:17]  [行7] 解析成功: SZSE.300393 [中来股份] SELL @ 9.58 (VR:0.06)
[2026-04-16 19:45:17]  [行8] 解析成功: SZSE.300228 [富瑞特装] SELL @ 9.36 (VR:0.16)
[2026-04-16 19:45:17]  [行9] 解析成功: SZSE.301419 [瑞可达] BUY @ 45.32 (VR:0.26)
[2026-04-16 19:45:17]  [行10] 解析成功: SZSE.300449 [汉邦高科] BUY @ 7.18 (VR:0.04)
[2026-04-16 19:45:17]  [行11] 解析成功: SZSE.300868 [杰美特] BUY @ 76.64 (VR:0.03)
[2026-04-16 19:45:17]  [行12] 解析成功: SZSE.300390 [天华超净] BUY @ 85.27 (VR:0.36)
[2026-04-16 19:45:17]  [行13] 解析成功: SHSE.600989 [宝丰能源] BUY @ 28.13 (VR:1.27)
[2026-04-16 19:45:17]  [行14] 解析成功: SZSE.301165 [锐捷网络] SELL @ 95.43 (VR:0.19)
[2026-04-16 19:45:17]  [行15] 解析成功: SZSE.300037 [新宙邦] SELL @ 63.47 (VR:0.27)
[2026-04-16 19:45:17]  [行16] 解析成功: SZSE.300207 [欣旺达] SELL @ 29.4 (VR:0.55)
[2026-04-16 19:45:17]  [行17] 解析成功: SZSE.300285 [国瓷材料] BUY @ 35.66 (VR:0.08)
[2026-04-16 19:45:17]  [行18] 解析成功: SZSE.002195 [岩山科技] BUY @ 9.19 (VR:1.38)
[2026-04-16 19:45:17]  [行19] 解析成功: SZSE.300393 [中来股份] SELL @ 9.57 (VR:0.22)
[2026-04-16 19:45:17]  [行20] 解析成功: SZSE.300228 [富瑞特装] SELL @ 9.35 (VR:0.4)
[2026-04-16 19:45:17]  [行21] 解析成功: SZSE.301419 [瑞可达] BUY @ 45.37 (VR:1.2)
[2026-04-16 19:45:17]  [行22] 解析成功: SZSE.300449 [汉邦高科] BUY @ 7.19 (VR:1.54)
[2026-04-16 19:45:17]  [行23] 解析成功: SZSE.300868 [杰美特] BUY @ 77.0 (VR:1.65)
[2026-04-16 19:45:17]  [行24] 解析成功: SZSE.300390 [天华超净] BUY @ 85.74 (VR:0.33)
[2026-04-16 19:45:17] 成功保存 24 条因子至: signal_batch_20260416_194517_633585.txt
[2026-04-16 19:45:17]  QQ-备用 邮件 276 处理完成
[2026-04-16 19:45:17]  QQ-备用 正在解析因子: =?utf-8?b?QWxwaGFQaWxvdCDlpIfku73kv6Hlj7cgKGFscGhhX3NpZ25hbF90aHJfMjAyNjA0MTZfMTQ0OC5qc29uKSBb5aSHUVEt6Ieq5L+dXQ==?=
[2026-04-16 19:45:17]  发现表格，共 18 行数据
[2026-04-16 19:45:17]  动态索引映射: ['股票代码', '股票名称', '信号', '当前价格', '量比', '来源过滤']
[2026-04-16 19:45:17]  [行1] 解析成功: SZSE.301018 [申菱环境] BUY @ 122.5 (VR:0.44)
[2026-04-16 19:45:17]  [行2] 解析成功: SZSE.300641 [正丹股份] BUY @ 18.9 (VR:0.59)
[2026-04-16 19:45:17]  [行3] 解析成功: SZSE.300461 [田中精机] BUY @ 60.91 (VR:0.54)
[2026-04-16 19:45:17]  [行4] 解析成功: SZSE.300385 [雪浪环境] BUY @ 14.42 (VR:0.63)
[2026-04-16 19:45:17]  [行5] 解析成功: SHSE.603353 [和顺电气] SELL @ 38.63 (VR:0.36)
[2026-04-16 19:45:17]  [行6] 解析成功: SHSE.688700 [东威科技] BUY @ 58.44 (VR:0.34)
[2026-04-16 19:45:17]  [行7] 解析成功: SHSE.688689 [银河微电] BUY @ 36.41 (VR:0.99)
[2026-04-16 19:45:17]  [行8] 解析成功: SZSE.300243 [瑞丰光电] SELL @ 15.88 (VR:0.93)
[2026-04-16 19:45:17]  [行9] 解析成功: SZSE.002980 [华盛昌] BUY @ 66.07 (VR:1.33)
[2026-04-16 19:45:17]  [行10] 解析成功: SZSE.301018 [申菱环境] BUY @ 122.85 (VR:0.39)
[2026-04-16 19:45:17]  [行11] 解析成功: SZSE.300641 [正丹股份] BUY @ 18.91 (VR:0.06)
[2026-04-16 19:45:17]  [行12] 解析成功: SZSE.300461 [田中精机] BUY @ 60.92 (VR:0.29)
[2026-04-16 19:45:17]  [行13] 解析成功: SZSE.300385 [雪浪环境] BUY @ 14.43 (VR:0.13)
[2026-04-16 19:45:17]  [行14] 解析成功: SHSE.603353 [和顺电气] SELL @ 38.59 (VR:0.13)
[2026-04-16 19:45:17]  [行15] 解析成功: SHSE.688700 [东威科技] BUY @ 58.52 (VR:0.09)
[2026-04-16 19:45:17]  [行16] 解析成功: SHSE.688689 [银河微电] BUY @ 36.46 (VR:0.16)
[2026-04-16 19:45:17]  [行17] 解析成功: SZSE.300243 [瑞丰光电] SELL @ 15.87 (VR:0.78)
[2026-04-16 19:45:17]  [行18] 解析成功: SZSE.002980 [华盛昌] BUY @ 66.17 (VR:1.76)
[2026-04-16 19:45:17] 成功保存 18 条因子至: signal_batch_20260416_194517_951165.txt
[2026-04-16 19:45:18]  QQ-备用 邮件 277 处理完成
[2026-04-16 19:45:18]  QQ-备用 正在解析因子: =?utf-8?b?QWxwaGFQaWxvdCDlpIfku73kv6Hlj7cgKGFscGhhX3NpZ25hbF90aHJfMjAyNjA0MTZfMTQ1NS5qc29uKSBb5aSHUVEt6Ieq5L+dXQ==?=
[2026-04-16 19:45:18]  发现表格，共 20 行数据
[2026-04-16 19:45:18]  动态索引映射: ['股票代码', '股票名称', '信号', '当前价格', '量比', '来源过滤']
[2026-04-16 19:45:18]  [行1] 解析成功: SZSE.300763 [锦浪科技] BUY @ 93.33 (VR:0.36)
[2026-04-16 19:45:18]  [行2] 解析成功: SZSE.300285 [国瓷材料] BUY @ 35.68 (VR:0.52)
[2026-04-16 19:45:18]  [行3] 解析成功: SZSE.000533 [顺钠股份] BUY @ 15.67 (VR:0.76)
[2026-04-16 19:45:18]  [行4] 解析成功: SZSE.301226 [祥明智能] BUY @ 40.86 (VR:0.1)
[2026-04-16 19:45:18]  [行5] 解析成功: SHSE.601669 [中国电建] SELL @ 5.73 (VR:0.25)
[2026-04-16 19:45:18]  [行6] 解析成功: SHSE.600821 [金发科技] SELL @ 8.9 (VR:0.17)
[2026-04-16 19:45:18]  [行7] 解析成功: SZSE.300866 [安克创新] SELL @ 120.74 (VR:1.96)
[2026-04-16 19:45:18]  [行8] 解析成功: SZSE.300724 [捷佳伟创] SELL @ 110.44 (VR:0.09)
[2026-04-16 19:45:18]  [行9] 解析成功: SZSE.300813 [泰林生物] BUY @ 28.12 (VR:0.14)
[2026-04-16 19:45:18]  [行10] 解析成功: SZSE.301281 [利源制药] BUY @ 38.73 (VR:0.5)
[2026-04-16 19:45:18]  [行11] 解析成功: SZSE.300763 [锦浪科技] BUY @ 93.37 (VR:0.61)
[2026-04-16 19:45:18]  [行12] 解析成功: SZSE.300285 [国瓷材料] BUY @ 35.69 (VR:0.79)
[2026-04-16 19:45:18]  [行13] 解析成功: SZSE.000533 [顺钠股份] BUY @ 15.68 (VR:0.45)
[2026-04-16 19:45:18]  [行14] 解析成功: SZSE.301226 [祥明智能] BUY @ 40.92 (VR:0.44)
[2026-04-16 19:45:18]  [行15] 解析成功: SHSE.601669 [中国电建] SELL @ 5.72 (VR:0.39)
[2026-04-16 19:45:18]  [行16] 解析成功: SHSE.600821 [金发科技] SELL @ 8.87 (VR:0.43)
[2026-04-16 19:45:18]  [行17] 解析成功: SZSE.300866 [安克创新] SELL @ 120.42 (VR:2.34)
[2026-04-16 19:45:18]  [行18] 解析成功: SZSE.300724 [捷佳伟创] SELL @ 110.39 (VR:0.23)
[2026-04-16 19:45:18]  [行19] 解析成功: SZSE.300813 [泰林生物] BUY @ 28.14 (VR:0.7)
[2026-04-16 19:45:18]  [行20] 解析成功: SZSE.301281 [利源制药] BUY @ 38.84 (VR:0.45)
[2026-04-16 19:45:18] 成功保存 20 条因子至: signal_batch_20260416_194518_353608.txt
[2026-04-16 19:45:18]  QQ-备用 邮件 278 处理完成
[2026-04-16 19:45:18]  QQ-备用 正在解析因子: =?utf-8?b?QWxwaGFQaWxvdCDlpIfku73kv6Hlj7cgKGFscGhhX3NpZ25hbF90aHJfMjAyNjA0MTZfMTUwNS5qc29uKSBb5aSHUVEt6Ieq5L+dXQ==?=
[2026-04-16 19:45:18]  发现表格，共 4 行数据
[2026-04-16 19:45:18]  动态索引映射: ['股票代码', '股票名称', '信号', '当前价格', '量比', '来源过滤']
[2026-04-16 19:45:18]  [行1] 解析成功: SZSE.300565 [科信技术] BUY @ 14.4 (VR:0.78)
[2026-04-16 19:45:18]  [行2] 解析成功: SZSE.300626 [华测导航] SELL @ 26.2 (VR:0.58)
[2026-04-16 19:45:18]  [行3] 解析成功: SZSE.300565 [科信技术] BUY @ 14.42 (VR:nan)
[2026-04-16 19:45:18]  [行4] 解析成功: SZSE.300626 [华测导航] SELL @ 26.15 (VR:nan)
[2026-04-16 19:45:18] 成功保存 4 条因子至: signal_batch_20260416_194518_764167.txt
[2026-04-16 19:45:18]  QQ-备用 邮件 279 处理完成
[2026-04-16 19:45:18]  QQ-备用 本轮共成功处理 22 封有效信号邮件
[2026-04-16 19:45:54]  正在连接 QQ-主 邮箱服务器 (497720537@qq.com) ...
[2026-04-16 19:45:55]  正在连接 QQ-备用 邮箱服务器 (shouqianbadavid@qq.com) ...
[2026-04-16 19:46:31]  正在连接 QQ-主 邮箱服务器 (497720537@qq.com) ...
[2026-04-16 19:46:31]  正在连接 QQ-备用 邮箱服务器 (shouqianbadavid@qq.com) ...
[2026-04-16 19:47:07]  正在连接 QQ-主 邮箱服务器 (497720537@qq.com) ...
[2026-04-16 19:47:07]  正在连接 QQ-备用 邮箱服务器 (shouqianbadavid@qq.com) ...
[2026-04-16 19:47:43]  正在连接 QQ-主 邮箱服务器 (497720537@qq.com) ...
[2026-04-16 19:47:44]  正在连接 QQ-备用 邮箱服务器 (shouqianbadavid@qq.com) ...
[2026-04-16 19:48:20]  正在连接 QQ-主 邮箱服务器 (497720537@qq.com) ...
[2026-04-16 19:48:21]  正在连接 QQ-备用 邮箱服务器 (shouqianbadavid@qq.com) ...
[2026-04-16 19:48:56]  正在连接 QQ-主 邮箱服务器 (497720537@qq.com) ...
[2026-04-16 19:48:57]  正在连接 QQ-备用 邮箱服务器 (shouqianbadavid@qq.com) ...
[2026-04-16 19:49:33]  正在连接 QQ-主 邮箱服务器 (497720537@qq.com) ...
[2026-04-16 19:49:34]  正在连接 QQ-备用 邮箱服务器 (shouqianbadavid@qq.com) ...
[2026-04-16 19:50:09]  正在连接 QQ-主 邮箱服务器 (497720537@qq.com) ...
[2026-04-16 19:50:10]  正在连接 QQ-备用 邮箱服务器 (shouqianbadavid@qq.com) ...
[2026-04-16 19:50:46]  正在连接 QQ-主 邮箱服务器 (497720537@qq.com) ...
[2026-04-16 19:50:46]  正在连接 QQ-备用 邮箱服务器 (shouqianbadavid@qq.com) ...
[2026-04-16 19:51:22]  正在连接 QQ-主 邮箱服务器 (497720537@qq.com) ...
[2026-04-16 19:51:23]  正在连接 QQ-备用 邮箱服务器 (shouqianbadavid@qq.com) ...
[2026-04-16 19:51:59]  正在连接 QQ-主 邮箱服务器 (497720537@qq.com) ...
[2026-04-16 19:51:59]  正在连接 QQ-备用 邮箱服务器 (shouqianbadavid@qq.com) ...
[2026-04-16 19:52:35]  正在连接 QQ-主 邮箱服务器 (497720537@qq.com) ...
[2026-04-16 19:52:36]  正在连接 QQ-备用 邮箱服务器 (shouqianbadavid@qq.com) ...
[2026-04-16 19:53:12]  正在连接 QQ-主 邮箱服务器 (497720537@qq.com) ...
[2026-04-16 19:53:13]  正在连接 QQ-备用 邮箱服务器 (shouqianbadavid@qq.com) ...
[2026-04-16 19:53:48]  正在连接 QQ-主 邮箱服务器 (497720537@qq.com) ...
[2026-04-16 19:53:49]  正在连接 QQ-备用 邮箱服务器 (shouqianbadavid@qq.com) ...
[2026-04-16 19:54:24]  正在连接 QQ-主 邮箱服务器 (497720537@qq.com) ...
[2026-04-16 19:54:25]  正在连接 QQ-备用 邮箱服务器 (shouqianbadavid@qq.com) ...
[2026-04-16 19:55:01]  正在连接 QQ-主 邮箱服务器 (497720537@qq.com) ...
[2026-04-16 19:55:01]  正在连接 QQ-备用 邮箱服务器 (shouqianbadavid@qq.com) ...
[2026-04-16 19:55:37]  正在连接 QQ-主 邮箱服务器 (497720537@qq.com) ...
[2026-04-16 19:55:37]  正在连接 QQ-备用 邮箱服务器 (shouqianbadavid@qq.com) ...
[2026-04-16 19:56:13]  正在连接 QQ-主 邮箱服务器 (497720537@qq.com) ...
[2026-04-16 19:56:14]  正在连接 QQ-备用 邮箱服务器 (shouqianbadavid@qq.com) ...
[2026-04-16 19:56:50]  正在连接 QQ-主 邮箱服务器 (497720537@qq.com) ...
[2026-04-16 19:56:50]  正在连接 QQ-备用 邮箱服务器 (shouqianbadavid@qq.com) ...
[2026-04-16 19:57:26]  正在连接 QQ-主 邮箱服务器 (497720537@qq.com) ...
[2026-04-16 19:57:27]  正在连接 QQ-备用 邮箱服务器 (shouqianbadavid@qq.com) ...
[2026-04-16 19:58:02]  正在连接 QQ-主 邮箱服务器 (497720537@qq.com) ...
[2026-04-16 19:58:03]  正在连接 QQ-备用 邮箱服务器 (shouqianbadavid@qq.com) ...
[2026-04-16 19:58:38]  正在连接 QQ-主 邮箱服务器 (497720537@qq.com) ...
[2026-04-16 19:58:39]  正在连接 QQ-备用 邮箱服务器 (shouqianbadavid@qq.com) ...
[2026-04-16 19:59:14]  正在连接 QQ-主 邮箱服务器 (497720537@qq.com) ...
[2026-04-16 19:59:16]  正在连接 QQ-备用 邮箱服务器 (shouqianbadavid@qq.com) ...
