{"time":"2026-04-21T02:25:10.306001+08:00","level":"INFO","body":"交易数据归档服务启动成功"}
{"time":"2026-04-21T02:25:10.306001+08:00","level":"INFO","body":"文件单-交易数据管理 模块初始化. 目录: C:/Users/49772/.goldminer3 "}
{"time":"2026-04-21T02:25:10.3582304+08:00","level":"INFO","body":"交易数据推送服务启动成功, 推送目录: C:\\Users\\49772\\.goldminer3\\tradedata\\downfiles"}
{"time":"2026-04-21T02:25:10.3589299+08:00","level":"INFO","body":"文件单-交易数据管理 模块初始化完成"}
{"time":"2026-04-21T09:23:04.8783761+08:00","level":"INFO","body":"准备停止文件单和交易数据管理服务"}
{"time":"2026-04-21T09:23:04.8839941+08:00","level":"INFO","body":"停止文件单委托执行服务"}
{"time":"2026-04-21T09:23:05.2692274+08:00","level":"INFO","body":"停止交易数据推送服务"}
{"time":"2026-04-21T09:23:05.2692274+08:00","level":"INFO","body":"停止交易数据归档服务的自动归档任务"}
{"time":"2026-04-21T09:23:05.2692274+08:00","level":"INFO","body":"文件单交易数据:退出交易数据接收处理器"}
{"time":"2026-04-21T09:23:05.2712342+08:00","level":"INFO","body":"开始资金,持仓,委托状态数据的归档操作"}
{"time":"2026-04-21T09:23:05.2712342+08:00","level":"INFO","body":"完成资金,持仓,委托状态数据的归档操作"}
{"time":"2026-04-21T09:23:21.1981329+08:00","level":"INFO","body":"交易数据归档服务启动成功"}
{"time":"2026-04-21T09:23:21.1981329+08:00","level":"INFO","body":"文件单-交易数据管理 模块初始化. 目录: C:/Users/49772/.goldminer3 "}
{"time":"2026-04-21T09:23:21.2244141+08:00","level":"INFO","body":"交易数据推送服务启动成功, 推送目录: C:\\Users\\49772\\.goldminer3\\tradedata\\downfiles"}
{"time":"2026-04-21T09:23:21.2244141+08:00","level":"INFO","body":"文件单-交易数据管理 模块初始化完成"}
{"time":"2026-04-21T12:58:48.6419774+08:00","level":"INFO","body":"交易数据归档服务启动成功"}
{"time":"2026-04-21T12:58:48.6419774+08:00","level":"INFO","body":"文件单-交易数据管理 模块初始化. 目录: C:/Users/49772/.goldminer3 "}
{"time":"2026-04-21T12:58:48.6670657+08:00","level":"INFO","body":"交易数据推送服务启动成功, 推送目录: C:\\Users\\49772\\.goldminer3\\tradedata\\downfiles"}
{"time":"2026-04-21T12:58:48.6675725+08:00","level":"INFO","body":"文件单-交易数据管理 模块初始化完成"}
{"time":"2026-04-21T13:14:00.3444114+08:00","level":"WARN","body":"委托[clOrdId: e7e7632b-3d40-11f1-bb29-1ece51d839d6]被拒绝, 原因: [GMBROKER] 仓位不足: 委托冻结(5500) \u003e 可用持仓(0)"}
{"time":"2026-04-21T14:04:57.7472781+08:00","level":"WARN","body":"委托[clOrdId: 0647510d-3d48-11f1-bb29-1ece51d839d6]被拒绝, 原因: [GMTERM] 交易账号未登录"}
{"time":"2026-04-21T14:05:50.1422803+08:00","level":"INFO","body":"交易数据归档服务启动成功"}
{"time":"2026-04-21T14:05:50.1428077+08:00","level":"INFO","body":"文件单-交易数据管理 模块初始化. 目录: C:/Users/49772/.goldminer3 "}
{"time":"2026-04-21T14:05:50.160046+08:00","level":"INFO","body":"交易数据推送服务启动成功, 推送目录: C:\\Users\\49772\\.goldminer3\\tradedata\\downfiles"}
{"time":"2026-04-21T14:05:50.160046+08:00","level":"INFO","body":"文件单-交易数据管理 模块初始化完成"}
{"time":"2026-04-21T14:39:01.6422958+08:00","level":"WARN","body":"委托[clOrdId: c886591d-3d4c-11f1-962d-1ece51d839d6]被拒绝, 原因: [GMBROKER] 通过限价申报买卖科创板股票,单笔申报数量应当不小于200 股,且不超过10万股"}
{"time":"2026-04-21T17:02:44.3235672+08:00","level":"INFO","body":"交易数据归档服务启动成功"}
{"time":"2026-04-21T17:02:44.3235672+08:00","level":"INFO","body":"文件单-交易数据管理 模块初始化. 目录: C:/Users/49772/.goldminer3 "}
{"time":"2026-04-21T17:02:44.3554068+08:00","level":"INFO","body":"交易数据推送服务启动成功, 推送目录: C:\\Users\\49772\\.goldminer3\\tradedata\\downfiles"}
{"time":"2026-04-21T17:02:44.3559873+08:00","level":"INFO","body":"文件单-交易数据管理 模块初始化完成"}
{"time":"2026-04-21T19:33:53.5719074+08:00","level":"WARN","body":"委托[clOrdId: f9bb6a95-3d75-11f1-a5c8-1ece51d839d6]被拒绝, 原因: [GMBROKER] 非科创板股票,如果卖出的数量不是100股的整数倍,则卖出的数量必须是当前的全部可卖数量; 委托数量 650 VS 当前的全部可卖数量 0"}
{"time":"2026-04-21T19:33:53.6048221+08:00","level":"WARN","body":"委托[clOrdId: f9c1b855-3d75-11f1-a5c8-1ece51d839d6]被拒绝, 原因: [GMBROKER] 非科创板股票,如果卖出的数量不是100股的整数倍,则卖出的数量必须是当前的全部可卖数量; 委托数量 250 VS 当前的全部可卖数量 500"}
{"time":"2026-04-21T19:33:53.6759867+08:00","level":"WARN","body":"委托[clOrdId: f9cac25e-3d75-11f1-a5c8-1ece51d839d6]被拒绝, 原因: [GMBROKER] 非科创板股票,如果卖出的数量不是100股的整数倍,则卖出的数量必须是当前的全部可卖数量; 委托数量 8050 VS 当前的全部可卖数量 16100"}
{"time":"2026-04-21T19:33:53.7098202+08:00","level":"WARN","body":"委托[clOrdId: f9d188d0-3d75-11f1-a5c8-1ece51d839d6]被拒绝, 原因: [GMBROKER] 非科创板股票,如果卖出的数量不是100股的整数倍,则卖出的数量必须是当前的全部可卖数量; 委托数量 3250 VS 当前的全部可卖数量 6500"}
{"time":"2026-04-21T19:33:53.7402795+08:00","level":"WARN","body":"委托[clOrdId: f9d6bc20-3d75-11f1-a5c8-1ece51d839d6]被拒绝, 原因: [GMBROKER] 非科创板股票,如果卖出的数量不是100股的整数倍,则卖出的数量必须是当前的全部可卖数量; 委托数量 2750 VS 当前的全部可卖数量 0"}
{"time":"2026-04-21T19:33:53.8550083+08:00","level":"WARN","body":"委托[clOrdId: f9e6c4aa-3d75-11f1-a5c8-1ece51d839d6]被拒绝, 原因: [GMBROKER] 仓位不足: 委托冻结(600) \u003e 可用持仓(0)"}
{"time":"2026-04-21T19:48:34.3332669+08:00","level":"WARN","body":"委托[clOrdId: 06b6451e-3d78-11f1-a5c8-1ece51d839d6]被拒绝, 原因: [GMBROKER] 非科创板股票,如果卖出的数量不是100股的整数倍,则卖出的数量必须是当前的全部可卖数量; 委托数量 1150 VS 当前的全部可卖数量 2300"}
{"time":"2026-04-21T19:48:35.5864124+08:00","level":"WARN","body":"委托[clOrdId: 0773109f-3d78-11f1-a5c8-1ece51d839d6]被拒绝, 原因: [GMBROKER] 仓位不足: 委托冻结(600) \u003e 可用持仓(0)"}
{"time":"2026-04-21T19:48:39.1008152+08:00","level":"WARN","body":"委托[clOrdId: 098dd895-3d78-11f1-a5c8-1ece51d839d6]被拒绝, 原因: [GMBROKER] 非科创板股票,如果卖出的数量不是100股的整数倍,则卖出的数量必须是当前的全部可卖数量; 委托数量 650 VS 当前的全部可卖数量 0"}
{"time":"2026-04-21T19:48:40.5473701+08:00","level":"WARN","body":"委托[clOrdId: 0a6a7098-3d78-11f1-a5c8-1ece51d839d6]被拒绝, 原因: [GMBROKER] 非科创板股票,如果卖出的数量不是100股的整数倍,则卖出的数量必须是当前的全部可卖数量; 委托数量 8050 VS 当前的全部可卖数量 16100"}
{"time":"2026-04-21T19:48:41.7340468+08:00","level":"WARN","body":"委托[clOrdId: 0b1fa2e4-3d78-11f1-a5c8-1ece51d839d6]被拒绝, 原因: [GMBROKER] 非科创板股票,如果卖出的数量不是100股的整数倍,则卖出的数量必须是当前的全部可卖数量; 委托数量 3250 VS 当前的全部可卖数量 6500"}
{"time":"2026-04-21T19:48:41.8726043+08:00","level":"WARN","body":"委托[clOrdId: 0b34ccc0-3d78-11f1-a5c8-1ece51d839d6]被拒绝, 原因: [GMBROKER] 非科创板股票,如果卖出的数量不是100股的整数倍,则卖出的数量必须是当前的全部可卖数量; 委托数量 2750 VS 当前的全部可卖数量 0"}
{"time":"2026-04-21T23:24:04.2468901+08:00","level":"INFO","body":"交易数据归档服务启动成功"}
{"time":"2026-04-21T23:24:04.2468901+08:00","level":"INFO","body":"文件单-交易数据管理 模块初始化. 目录: C:/Users/49772/.goldminer3 "}
{"time":"2026-04-21T23:24:04.272648+08:00","level":"INFO","body":"交易数据推送服务启动成功, 推送目录: C:\\Users\\49772\\.goldminer3\\tradedata\\downfiles"}
{"time":"2026-04-21T23:24:04.2731689+08:00","level":"INFO","body":"文件单-交易数据管理 模块初始化完成"}
{"time":"2026-04-21T23:39:15.7799439+08:00","level":"INFO","body":"交易数据归档服务启动成功"}
{"time":"2026-04-21T23:39:15.7799439+08:00","level":"INFO","body":"文件单-交易数据管理 模块初始化. 目录: C:/Users/49772/.goldminer3 "}
{"time":"2026-04-21T23:39:15.8302923+08:00","level":"INFO","body":"交易数据推送服务启动成功, 推送目录: C:\\Users\\49772\\.goldminer3\\tradedata\\downfiles"}
{"time":"2026-04-21T23:39:15.8308047+08:00","level":"INFO","body":"文件单-交易数据管理 模块初始化完成"}
{"time":"2026-04-22T09:54:41.6398545+08:00","level":"INFO","body":"准备停止文件单和交易数据管理服务"}
{"time":"2026-04-22T09:54:41.6517625+08:00","level":"INFO","body":"停止文件单委托执行服务"}
{"time":"2026-04-22T09:54:42.2640125+08:00","level":"INFO","body":"停止交易数据推送服务"}
{"time":"2026-04-22T09:54:42.2640125+08:00","level":"INFO","body":"停止交易数据归档服务的自动归档任务"}
{"time":"2026-04-22T09:54:42.2640125+08:00","level":"INFO","body":"文件单交易数据:退出交易数据接收处理器"}
{"time":"2026-04-22T09:54:42.2640125+08:00","level":"INFO","body":"开始资金,持仓,委托状态数据的归档操作"}
{"time":"2026-04-22T09:54:42.2668124+08:00","level":"INFO","body":"完成资金,持仓,委托状态数据的归档操作"}
