{"time":"2026-07-30T07:49:28.3814119+08:00","level":"INFO","body":"交易数据归档服务启动成功"}
{"time":"2026-07-30T07:49:28.3814119+08:00","level":"INFO","body":"文件单-交易数据管理 模块初始化. 目录: C:/Users/49772/.goldminer3 "}
{"time":"2026-07-30T07:49:28.4553096+08:00","level":"INFO","body":"交易数据推送服务启动成功, 推送目录: C:\\Users\\49772\\.goldminer3\\tradedata\\downfiles"}
{"time":"2026-07-30T07:49:28.4553096+08:00","level":"INFO","body":"文件单-交易数据管理 模块初始化完成"}
{"time":"2026-07-30T08:58:41.0923987+08:00","level":"INFO","body":"准备停止文件单和交易数据管理服务"}
{"time":"2026-07-30T08:58:41.0923987+08:00","level":"INFO","body":"停止文件单委托执行服务"}
{"time":"2026-07-30T08:58:41.6396394+08:00","level":"INFO","body":"停止交易数据推送服务"}
{"time":"2026-07-30T08:58:41.6396394+08:00","level":"INFO","body":"停止交易数据归档服务的自动归档任务"}
{"time":"2026-07-30T08:58:41.6396394+08:00","level":"INFO","body":"文件单交易数据:退出交易数据接收处理器"}
{"time":"2026-07-30T08:58:41.6396394+08:00","level":"INFO","body":"开始资金,持仓,委托状态数据的归档操作"}
{"time":"2026-07-30T08:58:41.6396394+08:00","level":"INFO","body":"完成资金,持仓,委托状态数据的归档操作"}
{"time":"2026-07-30T08:58:57.9298391+08:00","level":"INFO","body":"交易数据归档服务启动成功"}
{"time":"2026-07-30T08:58:57.9298391+08:00","level":"INFO","body":"文件单-交易数据管理 模块初始化. 目录: C:/Users/49772/.goldminer3 "}
{"time":"2026-07-30T08:58:57.9377903+08:00","level":"INFO","body":"交易数据推送服务启动成功, 推送目录: C:\\Users\\49772\\.goldminer3\\tradedata\\downfiles"}
{"time":"2026-07-30T08:58:57.9399516+08:00","level":"INFO","body":"文件单-交易数据管理 模块初始化完成"}
{"time":"2026-07-30T10:45:02.6731709+08:00","level":"WARN","body":"委托[clOrdId: a9f56cc4-8bc0-11f1-ba38-1ece51d839d6]被拒绝, 原因: [GMBROKER] 仓位不足: 委托冻结(900) \u003e 可用持仓(500)"}
{"time":"2026-07-30T10:45:02.7232412+08:00","level":"WARN","body":"委托[clOrdId: a9fd40ae-8bc0-11f1-ba38-1ece51d839d6]被拒绝, 原因: [GMBROKER] 仓位不足: 委托冻结(1200) \u003e 可用持仓(600)"}
{"time":"2026-07-30T10:47:13.0082245+08:00","level":"WARN","body":"委托[clOrdId: f7a4537f-8bc0-11f1-ba38-1ece51d839d6]被拒绝, 原因: [GMBROKER] 资金不足: 委托冻结(44901.43) \u003e 可用资金(11880.85)"}
{"time":"2026-07-31T08:58:41.0915205+08:00","level":"INFO","body":"准备停止文件单和交易数据管理服务"}
{"time":"2026-07-31T08:58:41.0945238+08:00","level":"INFO","body":"停止文件单委托执行服务"}
{"time":"2026-07-31T08:58:41.8601697+08:00","level":"INFO","body":"停止交易数据推送服务"}
{"time":"2026-07-31T08:58:41.8601697+08:00","level":"INFO","body":"停止交易数据归档服务的自动归档任务"}
{"time":"2026-07-31T08:58:41.8610228+08:00","level":"INFO","body":"文件单交易数据:退出交易数据接收处理器"}
{"time":"2026-07-31T08:58:41.8610228+08:00","level":"INFO","body":"开始资金,持仓,委托状态数据的归档操作"}
{"time":"2026-07-31T08:58:41.8635296+08:00","level":"INFO","body":"完成资金,持仓,委托状态数据的归档操作"}
