{"time":"2026-07-07T08:58:58.7086063+08:00","level":"INFO","body":"交易数据归档服务启动成功"}
{"time":"2026-07-07T08:58:58.7086063+08:00","level":"INFO","body":"文件单-交易数据管理 模块初始化. 目录: C:/Users/49772/.goldminer3 "}
{"time":"2026-07-07T08:58:58.7308821+08:00","level":"INFO","body":"交易数据推送服务启动成功, 推送目录: C:\\Users\\49772\\.goldminer3\\tradedata\\downfiles"}
{"time":"2026-07-07T08:58:58.7316395+08:00","level":"INFO","body":"文件单-交易数据管理 模块初始化完成"}
{"time":"2026-07-07T09:30:26.0465942+08:00","level":"WARN","body":"委托[clOrdId: 6e2d57b5-79a3-11f1-85fe-1ece51d839d6]被拒绝, 原因: [GMBROKER] 委托价不正确: 委托价超出涨跌停范围"}
{"time":"2026-07-07T09:45:19.3590993+08:00","level":"WARN","body":"委托[clOrdId: 82a09570-79a5-11f1-85fe-1ece51d839d6]被拒绝, 原因: [GMBROKER] 通过限价申报买卖科创板股票,单笔申报数量应当不小于200 股,且不超过10万股"}
{"time":"2026-07-07T09:45:56.6587615+08:00","level":"WARN","body":"委托[clOrdId: 98de693c-79a5-11f1-85fe-1ece51d839d6]被拒绝, 原因: [GMBROKER] 资金不足: 委托冻结(48849.26) \u003e 可用资金(10940.63)"}
{"time":"2026-07-07T09:45:57.8265272+08:00","level":"WARN","body":"委托[clOrdId: 99909080-79a5-11f1-85fe-1ece51d839d6]被拒绝, 原因: [GMBROKER] 通过限价申报买卖科创板股票,单笔申报数量应当不小于200 股,且不超过10万股"}
{"time":"2026-07-07T09:50:28.3556357+08:00","level":"WARN","body":"委托[clOrdId: 3acf19f2-79a6-11f1-85fe-1ece51d839d6]被拒绝, 原因: [GMBROKER] 资金不足: 委托冻结(47537.98) \u003e 可用资金(10940.63)"}
{"time":"2026-07-07T09:50:28.8331013+08:00","level":"WARN","body":"委托[clOrdId: 3b1867cd-79a6-11f1-85fe-1ece51d839d6]被拒绝, 原因: [GMBROKER] 资金不足: 委托冻结(48851.26) \u003e 可用资金(10940.63)"}
{"time":"2026-07-07T09:52:05.5824873+08:00","level":"WARN","body":"委托[clOrdId: 74c2304a-79a6-11f1-85fe-1ece51d839d6]被拒绝, 原因: [GMBROKER] 资金不足: 委托冻结(44139.27) \u003e 可用资金(10940.63)"}
{"time":"2026-07-07T10:40:38.5436379+08:00","level":"WARN","body":"委托[clOrdId: 3d05c0fd-79ad-11f1-85fe-1ece51d839d6]被拒绝, 原因: [GMBROKER] 资金不足: 委托冻结(47441.96) \u003e 可用资金(37055.48)"}
{"time":"2026-07-07T10:45:03.7927672+08:00","level":"WARN","body":"委托[clOrdId: db1e1216-79ad-11f1-85fe-1ece51d839d6]被拒绝, 原因: [GMBROKER] 仓位不足: 委托冻结(9300) \u003e 可用持仓(4700)"}
{"time":"2026-07-07T10:45:04.0202607+08:00","level":"WARN","body":"委托[clOrdId: db42aa8b-79ad-11f1-85fe-1ece51d839d6]被拒绝, 原因: [GMBROKER] 仓位不足: 委托冻结(1200) \u003e 可用持仓(600)"}
{"time":"2026-07-07T10:45:45.7028787+08:00","level":"WARN","body":"委托[clOrdId: f4183f53-79ad-11f1-85fe-1ece51d839d6]被拒绝, 原因: [GMBROKER] 仓位不足: 委托冻结(400) \u003e 可用持仓(0)"}
{"time":"2026-07-07T10:53:38.8096911+08:00","level":"WARN","body":"委托[clOrdId: 0e19f9d2-79af-11f1-85fe-1ece51d839d6]被拒绝, 原因: [GMBROKER] 通过限价申报买卖科创板股票,单笔申报数量应当不小于200 股,且不超过10万股"}
{"time":"2026-07-07T10:54:09.8190799+08:00","level":"WARN","body":"委托[clOrdId: 2094dadb-79af-11f1-85fe-1ece51d839d6]被拒绝, 原因: [GMBROKER] 通过限价申报买卖科创板股票,单笔申报数量应当不小于200 股,且不超过10万股"}
{"time":"2026-07-08T08:58:41.0804933+08:00","level":"INFO","body":"准备停止文件单和交易数据管理服务"}
{"time":"2026-07-08T08:58:41.0804933+08:00","level":"INFO","body":"停止文件单委托执行服务"}
{"time":"2026-07-08T08:58:41.7587726+08:00","level":"INFO","body":"停止交易数据推送服务"}
{"time":"2026-07-08T08:58:41.7587726+08:00","level":"INFO","body":"停止交易数据归档服务的自动归档任务"}
{"time":"2026-07-08T08:58:41.7587726+08:00","level":"INFO","body":"文件单交易数据:退出交易数据接收处理器"}
{"time":"2026-07-08T08:58:41.7587726+08:00","level":"INFO","body":"开始资金,持仓,委托状态数据的归档操作"}
{"time":"2026-07-08T08:58:41.7607895+08:00","level":"INFO","body":"完成资金,持仓,委托状态数据的归档操作"}
