[2026-07-17 09:31:34]  AlphaPilot 监听服务 (Pro 多邮箱版) 启动...
[2026-07-17 09:31:34]  信号保存目录: D:\mpython\signals
[2026-07-17 09:31:34]  日志文件: D:\mpython\logs_receiver\receiver_20260717.log
[2026-07-17 09:31:34]  正在连接 QQ-主 邮箱服务器 (497720537@qq.com) ...
[2026-07-17 09:31:35]  QQ-主 正在解析因子: =?UTF-8?B?Q2ggTGVlIOWcqOS9oOeahOaXtumXtOe6v+WPkeW4lg==?=
[2026-07-17 09:31:35]  发现表格，共 39 行数据
[2026-07-17 09:31:35]  表头映射失败，未找到指定列名。当前表头: ['Ch Lee在你的时间线发帖Ch Lee7月16日 23:58赞评论分享查看帖子此邮件发给497720537@qq.com。 如果不希望再收到 Meta 的这类邮件，请退订。Meta Platforms, Inc., Attention: Community Support, 1 Meta Way, Menlo Park, CA 94025为保护你的主页安全，请勿转发这封邮件。详细了解', '', '', '', '', '', '', '', '', '', '', '', 'Ch Lee在你的时间线发帖Ch Lee7月16日 23:58赞评论分享', '', 'Ch Lee在你的时间线发帖', '', 'Ch Lee7月16日 23:58赞评论分享', 'Ch Lee7月16日 23:58', '', '', 'Ch Lee7月16日 23:58', 'Ch Lee', '7月16日 23:58', '', '', '赞评论分享', '', '赞', '', '赞', '评论', '', '评论', '分享', '', '分享', '', '', '', '', '', '查看帖子', '', '查看帖子', '查看帖子', '', '', '', '', '', '', '', '', '', '此邮件发给497720537@qq.com。 如果不希望再收到 Meta 的这类邮件，请退订。Meta Platforms, Inc., Attention: Community Support, 1 Meta Way, Menlo Park, CA 94025', '', '此邮件发给497720537@qq.com。 如果不希望再收到 Meta 的这类邮件，请退订。Meta Platforms, Inc., Attention: Community Support, 1 Meta Way, Menlo Park, CA 94025', '', '', '为保护你的主页安全，请勿转发这封邮件。详细了解', '为保护你的主页安全，请勿转发这封邮件。详细了解', '', '']
[2026-07-17 09:31:35] QQ-主 邮件 5346 无有效信号
[2026-07-17 09:31:35]  正在连接 QQ-备用 邮箱服务器 (shouqianbadavid@qq.com) ...
[2026-07-17 09:32:11]  正在连接 QQ-主 邮箱服务器 (497720537@qq.com) ...
[2026-07-17 09:32:12]  正在连接 QQ-备用 邮箱服务器 (shouqianbadavid@qq.com) ...
[2026-07-17 09:32:48]  正在连接 QQ-主 邮箱服务器 (497720537@qq.com) ...
[2026-07-17 09:32:49]  正在连接 QQ-备用 邮箱服务器 (shouqianbadavid@qq.com) ...
[2026-07-17 09:33:25]  正在连接 QQ-主 邮箱服务器 (497720537@qq.com) ...
[2026-07-17 09:33:25]  正在连接 QQ-备用 邮箱服务器 (shouqianbadavid@qq.com) ...
[2026-07-17 09:34:01]  正在连接 QQ-主 邮箱服务器 (497720537@qq.com) ...
[2026-07-17 09:34:02]  正在连接 QQ-备用 邮箱服务器 (shouqianbadavid@qq.com) ...
[2026-07-17 09:34:38]  正在连接 QQ-主 邮箱服务器 (497720537@qq.com) ...
[2026-07-17 09:34:39]  正在连接 QQ-备用 邮箱服务器 (shouqianbadavid@qq.com) ...
[2026-07-17 09:35:15]  正在连接 QQ-主 邮箱服务器 (497720537@qq.com) ...
[2026-07-17 09:35:16]  正在连接 QQ-备用 邮箱服务器 (shouqianbadavid@qq.com) ...
[2026-07-17 09:35:51]  正在连接 QQ-主 邮箱服务器 (497720537@qq.com) ...
[2026-07-17 09:35:52]  正在连接 QQ-备用 邮箱服务器 (shouqianbadavid@qq.com) ...
[2026-07-17 09:36:28]  正在连接 QQ-主 邮箱服务器 (497720537@qq.com) ...
[2026-07-17 09:36:29]  正在连接 QQ-备用 邮箱服务器 (shouqianbadavid@qq.com) ...
[2026-07-17 09:37:04]  正在连接 QQ-主 邮箱服务器 (497720537@qq.com) ...
[2026-07-17 09:37:05]  正在连接 QQ-备用 邮箱服务器 (shouqianbadavid@qq.com) ...
[2026-07-17 09:37:41]  正在连接 QQ-主 邮箱服务器 (497720537@qq.com) ...
[2026-07-17 09:37:41]  正在连接 QQ-备用 邮箱服务器 (shouqianbadavid@qq.com) ...
[2026-07-17 09:38:17]  正在连接 QQ-主 邮箱服务器 (497720537@qq.com) ...
[2026-07-17 09:38:20]  正在连接 QQ-备用 邮箱服务器 (shouqianbadavid@qq.com) ...
[2026-07-17 09:38:56]  正在连接 QQ-主 邮箱服务器 (497720537@qq.com) ...
[2026-07-17 09:38:57]  正在连接 QQ-备用 邮箱服务器 (shouqianbadavid@qq.com) ...
[2026-07-17 09:39:33]  正在连接 QQ-主 邮箱服务器 (497720537@qq.com) ...
[2026-07-17 09:39:33]  正在连接 QQ-备用 邮箱服务器 (shouqianbadavid@qq.com) ...
[2026-07-17 09:40:09]  正在连接 QQ-主 邮箱服务器 (497720537@qq.com) ...
[2026-07-17 09:40:10]  正在连接 QQ-备用 邮箱服务器 (shouqianbadavid@qq.com) ...
[2026-07-17 09:40:45]  正在连接 QQ-主 邮箱服务器 (497720537@qq.com) ...
[2026-07-17 09:40:53]  正在连接 QQ-备用 邮箱服务器 (shouqianbadavid@qq.com) ...
[2026-07-17 09:41:30]  正在连接 QQ-主 邮箱服务器 (497720537@qq.com) ...
[2026-07-17 09:41:31]  正在连接 QQ-备用 邮箱服务器 (shouqianbadavid@qq.com) ...
[2026-07-17 09:42:06]  正在连接 QQ-主 邮箱服务器 (497720537@qq.com) ...
[2026-07-17 09:42:07]  正在连接 QQ-备用 邮箱服务器 (shouqianbadavid@qq.com) ...
[2026-07-17 09:42:43]  正在连接 QQ-主 邮箱服务器 (497720537@qq.com) ...
[2026-07-17 09:42:44]  正在连接 QQ-备用 邮箱服务器 (shouqianbadavid@qq.com) ...
[2026-07-17 09:43:20]  正在连接 QQ-主 邮箱服务器 (497720537@qq.com) ...
[2026-07-17 09:43:20]  正在连接 QQ-备用 邮箱服务器 (shouqianbadavid@qq.com) ...
[2026-07-17 09:43:56]  正在连接 QQ-主 邮箱服务器 (497720537@qq.com) ...
[2026-07-17 09:43:56]  正在连接 QQ-备用 邮箱服务器 (shouqianbadavid@qq.com) ...
[2026-07-17 09:44:32]  正在连接 QQ-主 邮箱服务器 (497720537@qq.com) ...
[2026-07-17 09:44:32]  正在连接 QQ-备用 邮箱服务器 (shouqianbadavid@qq.com) ...
[2026-07-17 09:45:08]  正在连接 QQ-主 邮箱服务器 (497720537@qq.com) ...
[2026-07-17 09:45:19]  QQ-主 因子处理主循环异常: [Errno 11001] getaddrinfo failed
[2026-07-17 09:45:29]  正在连接 QQ-备用 邮箱服务器 (shouqianbadavid@qq.com) ...
[2026-07-17 09:46:05]  正在连接 QQ-主 邮箱服务器 (497720537@qq.com) ...
[2026-07-17 09:46:06]  正在连接 QQ-备用 邮箱服务器 (shouqianbadavid@qq.com) ...
[2026-07-17 09:46:41]  正在连接 QQ-主 邮箱服务器 (497720537@qq.com) ...
[2026-07-17 09:46:42]  正在连接 QQ-备用 邮箱服务器 (shouqianbadavid@qq.com) ...
[2026-07-17 09:47:18]  正在连接 QQ-主 邮箱服务器 (497720537@qq.com) ...
[2026-07-17 09:47:18]  正在连接 QQ-备用 邮箱服务器 (shouqianbadavid@qq.com) ...
[2026-07-17 09:47:54]  正在连接 QQ-主 邮箱服务器 (497720537@qq.com) ...
[2026-07-17 09:47:55]  正在连接 QQ-备用 邮箱服务器 (shouqianbadavid@qq.com) ...
[2026-07-17 09:48:31]  正在连接 QQ-主 邮箱服务器 (497720537@qq.com) ...
[2026-07-17 09:48:31]  正在连接 QQ-备用 邮箱服务器 (shouqianbadavid@qq.com) ...
[2026-07-17 09:49:07]  正在连接 QQ-主 邮箱服务器 (497720537@qq.com) ...
[2026-07-17 09:49:08]  正在连接 QQ-备用 邮箱服务器 (shouqianbadavid@qq.com) ...
[2026-07-17 09:49:43]  正在连接 QQ-主 邮箱服务器 (497720537@qq.com) ...
[2026-07-17 09:49:44]  正在连接 QQ-备用 邮箱服务器 (shouqianbadavid@qq.com) ...
[2026-07-17 09:50:20]  正在连接 QQ-主 邮箱服务器 (497720537@qq.com) ...
[2026-07-17 09:50:20]  正在连接 QQ-备用 邮箱服务器 (shouqianbadavid@qq.com) ...
[2026-07-17 09:50:56]  正在连接 QQ-主 邮箱服务器 (497720537@qq.com) ...
[2026-07-17 09:50:56]  正在连接 QQ-备用 邮箱服务器 (shouqianbadavid@qq.com) ...
[2026-07-17 09:51:32]  正在连接 QQ-主 邮箱服务器 (497720537@qq.com) ...
[2026-07-17 09:51:33]  正在连接 QQ-备用 邮箱服务器 (shouqianbadavid@qq.com) ...
[2026-07-17 09:52:08]  正在连接 QQ-主 邮箱服务器 (497720537@qq.com) ...
[2026-07-17 09:52:09]  正在连接 QQ-备用 邮箱服务器 (shouqianbadavid@qq.com) ...
[2026-07-17 09:52:45]  正在连接 QQ-主 邮箱服务器 (497720537@qq.com) ...
[2026-07-17 09:52:45]  正在连接 QQ-备用 邮箱服务器 (shouqianbadavid@qq.com) ...
[2026-07-17 09:53:21]  正在连接 QQ-主 邮箱服务器 (497720537@qq.com) ...
[2026-07-17 09:53:22]  正在连接 QQ-备用 邮箱服务器 (shouqianbadavid@qq.com) ...
[2026-07-17 09:53:57]  正在连接 QQ-主 邮箱服务器 (497720537@qq.com) ...
[2026-07-17 09:54:09]  正在连接 QQ-备用 邮箱服务器 (shouqianbadavid@qq.com) ...
[2026-07-17 09:54:45]  正在连接 QQ-主 邮箱服务器 (497720537@qq.com) ...
[2026-07-17 09:54:45]  正在连接 QQ-备用 邮箱服务器 (shouqianbadavid@qq.com) ...
[2026-07-17 09:55:21]  正在连接 QQ-主 邮箱服务器 (497720537@qq.com) ...
[2026-07-17 09:55:22]  正在连接 QQ-备用 邮箱服务器 (shouqianbadavid@qq.com) ...
[2026-07-17 09:55:58]  正在连接 QQ-主 邮箱服务器 (497720537@qq.com) ...
[2026-07-17 09:55:58]  正在连接 QQ-备用 邮箱服务器 (shouqianbadavid@qq.com) ...
[2026-07-17 09:56:34]  正在连接 QQ-主 邮箱服务器 (497720537@qq.com) ...
[2026-07-17 09:56:34]  正在连接 QQ-备用 邮箱服务器 (shouqianbadavid@qq.com) ...
[2026-07-17 09:57:10]  正在连接 QQ-主 邮箱服务器 (497720537@qq.com) ...
[2026-07-17 09:57:11]  正在连接 QQ-备用 邮箱服务器 (shouqianbadavid@qq.com) ...
[2026-07-17 09:57:46]  正在连接 QQ-主 邮箱服务器 (497720537@qq.com) ...
[2026-07-17 09:57:47]  正在连接 QQ-备用 邮箱服务器 (shouqianbadavid@qq.com) ...
[2026-07-17 09:58:22]  正在连接 QQ-主 邮箱服务器 (497720537@qq.com) ...
[2026-07-17 09:58:23]  正在连接 QQ-备用 邮箱服务器 (shouqianbadavid@qq.com) ...
[2026-07-17 09:58:59]  正在连接 QQ-主 邮箱服务器 (497720537@qq.com) ...
[2026-07-17 09:58:59]  正在连接 QQ-备用 邮箱服务器 (shouqianbadavid@qq.com) ...
[2026-07-17 09:59:35]  正在连接 QQ-主 邮箱服务器 (497720537@qq.com) ...
[2026-07-17 09:59:36]  正在连接 QQ-备用 邮箱服务器 (shouqianbadavid@qq.com) ...
[2026-07-17 10:00:11]  正在连接 QQ-主 邮箱服务器 (497720537@qq.com) ...
[2026-07-17 10:00:12]  正在连接 QQ-备用 邮箱服务器 (shouqianbadavid@qq.com) ...
[2026-07-17 10:00:48]  正在连接 QQ-主 邮箱服务器 (497720537@qq.com) ...
[2026-07-17 10:00:48]  正在连接 QQ-备用 邮箱服务器 (shouqianbadavid@qq.com) ...
[2026-07-17 10:01:24]  正在连接 QQ-主 邮箱服务器 (497720537@qq.com) ...
[2026-07-17 10:01:25]  正在连接 QQ-备用 邮箱服务器 (shouqianbadavid@qq.com) ...
[2026-07-17 10:02:00]  正在连接 QQ-主 邮箱服务器 (497720537@qq.com) ...
[2026-07-17 10:02:01]  正在连接 QQ-备用 邮箱服务器 (shouqianbadavid@qq.com) ...
[2026-07-17 10:02:37]  正在连接 QQ-主 邮箱服务器 (497720537@qq.com) ...
[2026-07-17 10:02:39]  正在连接 QQ-备用 邮箱服务器 (shouqianbadavid@qq.com) ...
[2026-07-17 10:03:16]  正在连接 QQ-主 邮箱服务器 (497720537@qq.com) ...
[2026-07-17 10:03:17]  正在连接 QQ-备用 邮箱服务器 (shouqianbadavid@qq.com) ...
[2026-07-17 10:03:53]  正在连接 QQ-主 邮箱服务器 (497720537@qq.com) ...
[2026-07-17 10:03:53]  正在连接 QQ-备用 邮箱服务器 (shouqianbadavid@qq.com) ...
[2026-07-17 10:04:29]  正在连接 QQ-主 邮箱服务器 (497720537@qq.com) ...
[2026-07-17 10:04:30]  正在连接 QQ-备用 邮箱服务器 (shouqianbadavid@qq.com) ...
[2026-07-17 10:05:06]  正在连接 QQ-主 邮箱服务器 (497720537@qq.com) ...
[2026-07-17 10:05:06]  正在连接 QQ-备用 邮箱服务器 (shouqianbadavid@qq.com) ...
[2026-07-17 10:05:42]  正在连接 QQ-主 邮箱服务器 (497720537@qq.com) ...
[2026-07-17 10:05:54]  正在连接 QQ-备用 邮箱服务器 (shouqianbadavid@qq.com) ...
[2026-07-17 10:06:29]  正在连接 QQ-主 邮箱服务器 (497720537@qq.com) ...
[2026-07-17 10:06:30]  正在连接 QQ-备用 邮箱服务器 (shouqianbadavid@qq.com) ...
[2026-07-17 10:07:05]  正在连接 QQ-主 邮箱服务器 (497720537@qq.com) ...
[2026-07-17 10:07:06]  正在连接 QQ-备用 邮箱服务器 (shouqianbadavid@qq.com) ...
[2026-07-17 10:07:42]  正在连接 QQ-主 邮箱服务器 (497720537@qq.com) ...
[2026-07-17 10:07:42]  正在连接 QQ-备用 邮箱服务器 (shouqianbadavid@qq.com) ...
[2026-07-17 10:08:18]  正在连接 QQ-主 邮箱服务器 (497720537@qq.com) ...
[2026-07-17 10:08:18]  正在连接 QQ-备用 邮箱服务器 (shouqianbadavid@qq.com) ...
[2026-07-17 10:08:54]  正在连接 QQ-主 邮箱服务器 (497720537@qq.com) ...
[2026-07-17 10:08:55]  正在连接 QQ-备用 邮箱服务器 (shouqianbadavid@qq.com) ...
[2026-07-17 10:09:31]  正在连接 QQ-主 邮箱服务器 (497720537@qq.com) ...
[2026-07-17 10:09:31]  正在连接 QQ-备用 邮箱服务器 (shouqianbadavid@qq.com) ...
[2026-07-17 10:10:07]  正在连接 QQ-主 邮箱服务器 (497720537@qq.com) ...
[2026-07-17 10:10:07]  正在连接 QQ-备用 邮箱服务器 (shouqianbadavid@qq.com) ...
[2026-07-17 10:10:43]  正在连接 QQ-主 邮箱服务器 (497720537@qq.com) ...
[2026-07-17 10:10:44]  正在连接 QQ-备用 邮箱服务器 (shouqianbadavid@qq.com) ...
[2026-07-17 10:11:20]  正在连接 QQ-主 邮箱服务器 (497720537@qq.com) ...
[2026-07-17 10:11:22]  正在连接 QQ-备用 邮箱服务器 (shouqianbadavid@qq.com) ...
[2026-07-17 10:11:58]  正在连接 QQ-主 邮箱服务器 (497720537@qq.com) ...
[2026-07-17 10:11:58]  正在连接 QQ-备用 邮箱服务器 (shouqianbadavid@qq.com) ...
[2026-07-17 10:12:34]  正在连接 QQ-主 邮箱服务器 (497720537@qq.com) ...
[2026-07-17 10:12:35]  正在连接 QQ-备用 邮箱服务器 (shouqianbadavid@qq.com) ...
[2026-07-17 10:13:11]  正在连接 QQ-主 邮箱服务器 (497720537@qq.com) ...
[2026-07-17 10:13:12]  正在连接 QQ-备用 邮箱服务器 (shouqianbadavid@qq.com) ...
[2026-07-17 10:13:47]  正在连接 QQ-主 邮箱服务器 (497720537@qq.com) ...
[2026-07-17 10:13:48]  正在连接 QQ-备用 邮箱服务器 (shouqianbadavid@qq.com) ...
[2026-07-17 10:14:24]  正在连接 QQ-主 邮箱服务器 (497720537@qq.com) ...
[2026-07-17 10:14:25]  正在连接 QQ-备用 邮箱服务器 (shouqianbadavid@qq.com) ...
[2026-07-17 10:15:00]  正在连接 QQ-主 邮箱服务器 (497720537@qq.com) ...
[2026-07-17 10:15:01]  正在连接 QQ-备用 邮箱服务器 (shouqianbadavid@qq.com) ...
[2026-07-17 10:15:36]  正在连接 QQ-主 邮箱服务器 (497720537@qq.com) ...
[2026-07-17 10:15:37]  正在连接 QQ-备用 邮箱服务器 (shouqianbadavid@qq.com) ...
[2026-07-17 10:16:13]  正在连接 QQ-主 邮箱服务器 (497720537@qq.com) ...
[2026-07-17 10:16:14]  正在连接 QQ-备用 邮箱服务器 (shouqianbadavid@qq.com) ...
[2026-07-17 10:16:50]  正在连接 QQ-主 邮箱服务器 (497720537@qq.com) ...
[2026-07-17 10:17:11]  正在连接 QQ-备用 邮箱服务器 (shouqianbadavid@qq.com) ...
[2026-07-17 10:17:47]  正在连接 QQ-主 邮箱服务器 (497720537@qq.com) ...
[2026-07-17 10:17:48]  正在连接 QQ-备用 邮箱服务器 (shouqianbadavid@qq.com) ...
[2026-07-17 10:18:24]  正在连接 QQ-主 邮箱服务器 (497720537@qq.com) ...
[2026-07-17 10:18:24]  正在连接 QQ-备用 邮箱服务器 (shouqianbadavid@qq.com) ...
[2026-07-17 10:19:00]  正在连接 QQ-主 邮箱服务器 (497720537@qq.com) ...
[2026-07-17 10:19:01]  正在连接 QQ-备用 邮箱服务器 (shouqianbadavid@qq.com) ...
[2026-07-17 10:19:36]  正在连接 QQ-主 邮箱服务器 (497720537@qq.com) ...
[2026-07-17 10:19:38]  正在连接 QQ-备用 邮箱服务器 (shouqianbadavid@qq.com) ...
[2026-07-17 10:20:14]  正在连接 QQ-主 邮箱服务器 (497720537@qq.com) ...
[2026-07-17 10:20:15]  正在连接 QQ-备用 邮箱服务器 (shouqianbadavid@qq.com) ...
[2026-07-17 10:20:51]  正在连接 QQ-主 邮箱服务器 (497720537@qq.com) ...
[2026-07-17 10:20:52]  正在连接 QQ-备用 邮箱服务器 (shouqianbadavid@qq.com) ...
[2026-07-17 10:21:27]  正在连接 QQ-主 邮箱服务器 (497720537@qq.com) ...
[2026-07-17 10:21:28]  正在连接 QQ-备用 邮箱服务器 (shouqianbadavid@qq.com) ...
[2026-07-17 10:22:04]  正在连接 QQ-主 邮箱服务器 (497720537@qq.com) ...
[2026-07-17 10:22:04]  正在连接 QQ-备用 邮箱服务器 (shouqianbadavid@qq.com) ...
[2026-07-17 10:22:40]  正在连接 QQ-主 邮箱服务器 (497720537@qq.com) ...
[2026-07-17 10:22:41]  正在连接 QQ-备用 邮箱服务器 (shouqianbadavid@qq.com) ...
[2026-07-17 10:23:17]  正在连接 QQ-主 邮箱服务器 (497720537@qq.com) ...
[2026-07-17 10:23:18]  正在连接 QQ-备用 邮箱服务器 (shouqianbadavid@qq.com) ...
[2026-07-17 10:23:53]  正在连接 QQ-主 邮箱服务器 (497720537@qq.com) ...
[2026-07-17 10:23:54]  正在连接 QQ-备用 邮箱服务器 (shouqianbadavid@qq.com) ...
[2026-07-17 10:24:30]  正在连接 QQ-主 邮箱服务器 (497720537@qq.com) ...
[2026-07-17 10:24:30]  正在连接 QQ-备用 邮箱服务器 (shouqianbadavid@qq.com) ...
[2026-07-17 10:25:06]  正在连接 QQ-主 邮箱服务器 (497720537@qq.com) ...
[2026-07-17 10:25:07]  正在连接 QQ-备用 邮箱服务器 (shouqianbadavid@qq.com) ...
[2026-07-17 10:25:42]  正在连接 QQ-主 邮箱服务器 (497720537@qq.com) ...
[2026-07-17 10:25:43]  正在连接 QQ-备用 邮箱服务器 (shouqianbadavid@qq.com) ...
[2026-07-17 10:26:19]  正在连接 QQ-主 邮箱服务器 (497720537@qq.com) ...
[2026-07-17 10:26:19]  正在连接 QQ-备用 邮箱服务器 (shouqianbadavid@qq.com) ...
[2026-07-17 10:26:55]  正在连接 QQ-主 邮箱服务器 (497720537@qq.com) ...
[2026-07-17 10:26:56]  正在连接 QQ-备用 邮箱服务器 (shouqianbadavid@qq.com) ...
[2026-07-17 10:27:31]  正在连接 QQ-主 邮箱服务器 (497720537@qq.com) ...
[2026-07-17 10:27:32]  正在连接 QQ-备用 邮箱服务器 (shouqianbadavid@qq.com) ...
[2026-07-17 10:28:08]  正在连接 QQ-主 邮箱服务器 (497720537@qq.com) ...
[2026-07-17 10:28:12]  正在连接 QQ-备用 邮箱服务器 (shouqianbadavid@qq.com) ...
[2026-07-17 10:28:47]  正在连接 QQ-主 邮箱服务器 (497720537@qq.com) ...
[2026-07-17 10:28:48]  正在连接 QQ-备用 邮箱服务器 (shouqianbadavid@qq.com) ...
[2026-07-17 10:29:24]  正在连接 QQ-主 邮箱服务器 (497720537@qq.com) ...
[2026-07-17 10:29:24]  正在连接 QQ-备用 邮箱服务器 (shouqianbadavid@qq.com) ...
[2026-07-17 10:30:00]  正在连接 QQ-主 邮箱服务器 (497720537@qq.com) ...
[2026-07-17 10:30:01]  正在连接 QQ-备用 邮箱服务器 (shouqianbadavid@qq.com) ...
[2026-07-17 10:30:37]  正在连接 QQ-主 邮箱服务器 (497720537@qq.com) ...
[2026-07-17 10:30:41]  正在连接 QQ-备用 邮箱服务器 (shouqianbadavid@qq.com) ...
[2026-07-17 10:31:17]  正在连接 QQ-主 邮箱服务器 (497720537@qq.com) ...
[2026-07-17 10:31:18]  正在连接 QQ-备用 邮箱服务器 (shouqianbadavid@qq.com) ...
[2026-07-17 10:31:54]  正在连接 QQ-主 邮箱服务器 (497720537@qq.com) ...
[2026-07-17 10:31:54]  正在连接 QQ-备用 邮箱服务器 (shouqianbadavid@qq.com) ...
[2026-07-17 10:32:30]  正在连接 QQ-主 邮箱服务器 (497720537@qq.com) ...
[2026-07-17 10:32:31]  正在连接 QQ-备用 邮箱服务器 (shouqianbadavid@qq.com) ...
[2026-07-17 10:33:06]  正在连接 QQ-主 邮箱服务器 (497720537@qq.com) ...
[2026-07-17 10:33:07]  正在连接 QQ-备用 邮箱服务器 (shouqianbadavid@qq.com) ...
[2026-07-17 10:33:43]  正在连接 QQ-主 邮箱服务器 (497720537@qq.com) ...
[2026-07-17 10:33:44]  正在连接 QQ-备用 邮箱服务器 (shouqianbadavid@qq.com) ...
[2026-07-17 10:34:20]  正在连接 QQ-主 邮箱服务器 (497720537@qq.com) ...
[2026-07-17 10:34:20]  正在连接 QQ-备用 邮箱服务器 (shouqianbadavid@qq.com) ...
[2026-07-17 10:34:56]  正在连接 QQ-主 邮箱服务器 (497720537@qq.com) ...
[2026-07-17 10:34:57]  正在连接 QQ-备用 邮箱服务器 (shouqianbadavid@qq.com) ...
[2026-07-17 10:35:33]  正在连接 QQ-主 邮箱服务器 (497720537@qq.com) ...
[2026-07-17 10:35:34]  正在连接 QQ-备用 邮箱服务器 (shouqianbadavid@qq.com) ...
[2026-07-17 10:36:09]  正在连接 QQ-主 邮箱服务器 (497720537@qq.com) ...
[2026-07-17 10:36:10]  正在连接 QQ-备用 邮箱服务器 (shouqianbadavid@qq.com) ...
[2026-07-17 10:36:46]  正在连接 QQ-主 邮箱服务器 (497720537@qq.com) ...
[2026-07-17 10:36:47]  正在连接 QQ-备用 邮箱服务器 (shouqianbadavid@qq.com) ...
[2026-07-17 10:37:23]  正在连接 QQ-主 邮箱服务器 (497720537@qq.com) ...
[2026-07-17 10:37:24]  正在连接 QQ-备用 邮箱服务器 (shouqianbadavid@qq.com) ...
[2026-07-17 10:38:00]  正在连接 QQ-主 邮箱服务器 (497720537@qq.com) ...
[2026-07-17 10:38:00]  正在连接 QQ-备用 邮箱服务器 (shouqianbadavid@qq.com) ...
[2026-07-17 10:38:36]  正在连接 QQ-主 邮箱服务器 (497720537@qq.com) ...
[2026-07-17 10:38:37]  正在连接 QQ-备用 邮箱服务器 (shouqianbadavid@qq.com) ...
[2026-07-17 10:39:13]  正在连接 QQ-主 邮箱服务器 (497720537@qq.com) ...
[2026-07-17 10:39:13]  正在连接 QQ-备用 邮箱服务器 (shouqianbadavid@qq.com) ...
[2026-07-17 10:39:49]  正在连接 QQ-主 邮箱服务器 (497720537@qq.com) ...
[2026-07-17 10:39:49]  正在连接 QQ-备用 邮箱服务器 (shouqianbadavid@qq.com) ...
[2026-07-17 10:40:25]  正在连接 QQ-主 邮箱服务器 (497720537@qq.com) ...
[2026-07-17 10:40:26]  正在连接 QQ-备用 邮箱服务器 (shouqianbadavid@qq.com) ...
[2026-07-17 10:41:02]  正在连接 QQ-主 邮箱服务器 (497720537@qq.com) ...
[2026-07-17 10:41:02]  正在连接 QQ-备用 邮箱服务器 (shouqianbadavid@qq.com) ...
[2026-07-17 10:41:38]  正在连接 QQ-主 邮箱服务器 (497720537@qq.com) ...
[2026-07-17 10:41:39]  正在连接 QQ-备用 邮箱服务器 (shouqianbadavid@qq.com) ...
[2026-07-17 10:42:15]  正在连接 QQ-主 邮箱服务器 (497720537@qq.com) ...
[2026-07-17 10:42:16]  正在连接 QQ-备用 邮箱服务器 (shouqianbadavid@qq.com) ...
[2026-07-17 10:42:52]  正在连接 QQ-主 邮箱服务器 (497720537@qq.com) ...
[2026-07-17 10:42:52]  正在连接 QQ-备用 邮箱服务器 (shouqianbadavid@qq.com) ...
[2026-07-17 10:43:28]  正在连接 QQ-主 邮箱服务器 (497720537@qq.com) ...
[2026-07-17 10:43:29]  正在连接 QQ-备用 邮箱服务器 (shouqianbadavid@qq.com) ...
[2026-07-17 10:44:05]  正在连接 QQ-主 邮箱服务器 (497720537@qq.com) ...
[2026-07-17 10:44:05]  正在连接 QQ-备用 邮箱服务器 (shouqianbadavid@qq.com) ...
[2026-07-17 10:44:41]  正在连接 QQ-主 邮箱服务器 (497720537@qq.com) ...
[2026-07-17 10:44:42]  正在连接 QQ-备用 邮箱服务器 (shouqianbadavid@qq.com) ...
[2026-07-17 10:45:17]  正在连接 QQ-主 邮箱服务器 (497720537@qq.com) ...
[2026-07-17 10:45:18]  正在连接 QQ-备用 邮箱服务器 (shouqianbadavid@qq.com) ...
[2026-07-17 10:45:53]  正在连接 QQ-主 邮箱服务器 (497720537@qq.com) ...
[2026-07-17 10:45:54]  正在连接 QQ-备用 邮箱服务器 (shouqianbadavid@qq.com) ...
[2026-07-17 10:46:30]  正在连接 QQ-主 邮箱服务器 (497720537@qq.com) ...
[2026-07-17 10:46:30]  正在连接 QQ-备用 邮箱服务器 (shouqianbadavid@qq.com) ...
[2026-07-17 10:47:06]  正在连接 QQ-主 邮箱服务器 (497720537@qq.com) ...
[2026-07-17 10:47:07]  正在连接 QQ-备用 邮箱服务器 (shouqianbadavid@qq.com) ...
[2026-07-17 10:47:43]  正在连接 QQ-主 邮箱服务器 (497720537@qq.com) ...
[2026-07-17 10:47:43]  正在连接 QQ-备用 邮箱服务器 (shouqianbadavid@qq.com) ...
[2026-07-17 10:48:19]  正在连接 QQ-主 邮箱服务器 (497720537@qq.com) ...
[2026-07-17 10:48:20]  正在连接 QQ-备用 邮箱服务器 (shouqianbadavid@qq.com) ...
[2026-07-17 10:48:56]  正在连接 QQ-主 邮箱服务器 (497720537@qq.com) ...
[2026-07-17 10:48:56]  正在连接 QQ-备用 邮箱服务器 (shouqianbadavid@qq.com) ...
[2026-07-17 10:49:32]  正在连接 QQ-主 邮箱服务器 (497720537@qq.com) ...
[2026-07-17 10:49:44]  正在连接 QQ-备用 邮箱服务器 (shouqianbadavid@qq.com) ...
[2026-07-17 10:50:20]  正在连接 QQ-主 邮箱服务器 (497720537@qq.com) ...
[2026-07-17 10:50:20]  正在连接 QQ-备用 邮箱服务器 (shouqianbadavid@qq.com) ...
[2026-07-17 10:50:55]  正在连接 QQ-主 邮箱服务器 (497720537@qq.com) ...
[2026-07-17 10:50:56]  正在连接 QQ-备用 邮箱服务器 (shouqianbadavid@qq.com) ...
[2026-07-17 10:51:32]  正在连接 QQ-主 邮箱服务器 (497720537@qq.com) ...
[2026-07-17 10:51:33]  正在连接 QQ-备用 邮箱服务器 (shouqianbadavid@qq.com) ...
[2026-07-17 10:52:09]  正在连接 QQ-主 邮箱服务器 (497720537@qq.com) ...
[2026-07-17 10:52:09]  正在连接 QQ-备用 邮箱服务器 (shouqianbadavid@qq.com) ...
[2026-07-17 10:52:45]  正在连接 QQ-主 邮箱服务器 (497720537@qq.com) ...
[2026-07-17 10:52:46]  正在连接 QQ-备用 邮箱服务器 (shouqianbadavid@qq.com) ...
[2026-07-17 10:53:21]  正在连接 QQ-主 邮箱服务器 (497720537@qq.com) ...
[2026-07-17 10:53:22]  正在连接 QQ-备用 邮箱服务器 (shouqianbadavid@qq.com) ...
[2026-07-17 10:53:58]  正在连接 QQ-主 邮箱服务器 (497720537@qq.com) ...
[2026-07-17 10:54:09]  QQ-主 因子处理主循环异常: [Errno 11001] getaddrinfo failed
[2026-07-17 10:54:19]  正在连接 QQ-备用 邮箱服务器 (shouqianbadavid@qq.com) ...
[2026-07-17 10:54:20]  QQ-备用 因子处理主循环异常: [Errno 11001] getaddrinfo failed
[2026-07-17 10:55:05]  正在连接 QQ-主 邮箱服务器 (497720537@qq.com) ...
[2026-07-17 10:55:05]  正在连接 QQ-备用 邮箱服务器 (shouqianbadavid@qq.com) ...
[2026-07-17 10:55:41]  正在连接 QQ-主 邮箱服务器 (497720537@qq.com) ...
[2026-07-17 10:55:41]  正在连接 QQ-备用 邮箱服务器 (shouqianbadavid@qq.com) ...
[2026-07-17 10:56:17]  正在连接 QQ-主 邮箱服务器 (497720537@qq.com) ...
[2026-07-17 10:56:18]  正在连接 QQ-备用 邮箱服务器 (shouqianbadavid@qq.com) ...
[2026-07-17 10:56:53]  正在连接 QQ-主 邮箱服务器 (497720537@qq.com) ...
[2026-07-17 10:56:54]  正在连接 QQ-备用 邮箱服务器 (shouqianbadavid@qq.com) ...
[2026-07-17 10:57:30]  正在连接 QQ-主 邮箱服务器 (497720537@qq.com) ...
[2026-07-17 10:57:30]  正在连接 QQ-备用 邮箱服务器 (shouqianbadavid@qq.com) ...
[2026-07-17 10:58:06]  正在连接 QQ-主 邮箱服务器 (497720537@qq.com) ...
[2026-07-17 10:58:06]  正在连接 QQ-备用 邮箱服务器 (shouqianbadavid@qq.com) ...
[2026-07-17 10:58:42]  正在连接 QQ-主 邮箱服务器 (497720537@qq.com) ...
[2026-07-17 10:58:42]  正在连接 QQ-备用 邮箱服务器 (shouqianbadavid@qq.com) ...
[2026-07-17 10:59:18]  正在连接 QQ-主 邮箱服务器 (497720537@qq.com) ...
[2026-07-17 10:59:18]  正在连接 QQ-备用 邮箱服务器 (shouqianbadavid@qq.com) ...
[2026-07-17 10:59:54]  正在连接 QQ-主 邮箱服务器 (497720537@qq.com) ...
[2026-07-17 10:59:55]  正在连接 QQ-备用 邮箱服务器 (shouqianbadavid@qq.com) ...
[2026-07-17 11:00:30]  正在连接 QQ-主 邮箱服务器 (497720537@qq.com) ...
[2026-07-17 11:00:31]  正在连接 QQ-备用 邮箱服务器 (shouqianbadavid@qq.com) ...
[2026-07-17 11:01:07]  正在连接 QQ-主 邮箱服务器 (497720537@qq.com) ...
[2026-07-17 11:01:08]  正在连接 QQ-备用 邮箱服务器 (shouqianbadavid@qq.com) ...
[2026-07-17 11:01:43]  正在连接 QQ-主 邮箱服务器 (497720537@qq.com) ...
[2026-07-17 11:01:44]  正在连接 QQ-备用 邮箱服务器 (shouqianbadavid@qq.com) ...
[2026-07-17 11:02:20]  正在连接 QQ-主 邮箱服务器 (497720537@qq.com) ...
[2026-07-17 11:02:21]  正在连接 QQ-备用 邮箱服务器 (shouqianbadavid@qq.com) ...
[2026-07-17 11:02:56]  正在连接 QQ-主 邮箱服务器 (497720537@qq.com) ...
[2026-07-17 11:02:57]  正在连接 QQ-备用 邮箱服务器 (shouqianbadavid@qq.com) ...
[2026-07-17 11:03:32]  正在连接 QQ-主 邮箱服务器 (497720537@qq.com) ...
[2026-07-17 11:03:34]  正在连接 QQ-备用 邮箱服务器 (shouqianbadavid@qq.com) ...
[2026-07-17 11:04:09]  正在连接 QQ-主 邮箱服务器 (497720537@qq.com) ...
[2026-07-17 11:04:10]  正在连接 QQ-备用 邮箱服务器 (shouqianbadavid@qq.com) ...
[2026-07-17 11:04:46]  正在连接 QQ-主 邮箱服务器 (497720537@qq.com) ...
[2026-07-17 11:04:47]  正在连接 QQ-备用 邮箱服务器 (shouqianbadavid@qq.com) ...
[2026-07-17 11:05:23]  正在连接 QQ-主 邮箱服务器 (497720537@qq.com) ...
[2026-07-17 11:05:24]  正在连接 QQ-备用 邮箱服务器 (shouqianbadavid@qq.com) ...
[2026-07-17 11:05:59]  正在连接 QQ-主 邮箱服务器 (497720537@qq.com) ...
[2026-07-17 11:06:00]  正在连接 QQ-备用 邮箱服务器 (shouqianbadavid@qq.com) ...
[2026-07-17 11:06:36]  正在连接 QQ-主 邮箱服务器 (497720537@qq.com) ...
[2026-07-17 11:06:36]  正在连接 QQ-备用 邮箱服务器 (shouqianbadavid@qq.com) ...
[2026-07-17 11:07:13]  正在连接 QQ-主 邮箱服务器 (497720537@qq.com) ...
[2026-07-17 11:07:17]  正在连接 QQ-备用 邮箱服务器 (shouqianbadavid@qq.com) ...
[2026-07-17 11:07:52]  正在连接 QQ-主 邮箱服务器 (497720537@qq.com) ...
[2026-07-17 11:07:53]  正在连接 QQ-备用 邮箱服务器 (shouqianbadavid@qq.com) ...
[2026-07-17 11:08:29]  正在连接 QQ-主 邮箱服务器 (497720537@qq.com) ...
[2026-07-17 11:08:29]  正在连接 QQ-备用 邮箱服务器 (shouqianbadavid@qq.com) ...
[2026-07-17 11:09:05]  正在连接 QQ-主 邮箱服务器 (497720537@qq.com) ...
[2026-07-17 11:09:06]  正在连接 QQ-备用 邮箱服务器 (shouqianbadavid@qq.com) ...
[2026-07-17 11:09:41]  正在连接 QQ-主 邮箱服务器 (497720537@qq.com) ...
[2026-07-17 11:09:42]  正在连接 QQ-备用 邮箱服务器 (shouqianbadavid@qq.com) ...
[2026-07-17 11:10:17]  正在连接 QQ-主 邮箱服务器 (497720537@qq.com) ...
[2026-07-17 11:10:18]  正在连接 QQ-备用 邮箱服务器 (shouqianbadavid@qq.com) ...
[2026-07-17 11:10:53]  正在连接 QQ-主 邮箱服务器 (497720537@qq.com) ...
[2026-07-17 11:10:54]  正在连接 QQ-备用 邮箱服务器 (shouqianbadavid@qq.com) ...
[2026-07-17 11:11:30]  正在连接 QQ-主 邮箱服务器 (497720537@qq.com) ...
[2026-07-17 11:11:41]  QQ-主 因子处理主循环异常: [Errno 11001] getaddrinfo failed
[2026-07-17 11:11:51]  正在连接 QQ-备用 邮箱服务器 (shouqianbadavid@qq.com) ...
[2026-07-17 11:11:52]  QQ-备用 因子处理主循环异常: [Errno 11001] getaddrinfo failed
[2026-07-17 11:12:37]  正在连接 QQ-主 邮箱服务器 (497720537@qq.com) ...
[2026-07-17 11:12:37]  正在连接 QQ-备用 邮箱服务器 (shouqianbadavid@qq.com) ...
[2026-07-17 11:13:13]  正在连接 QQ-主 邮箱服务器 (497720537@qq.com) ...
[2026-07-17 11:13:14]  正在连接 QQ-备用 邮箱服务器 (shouqianbadavid@qq.com) ...
[2026-07-17 11:13:50]  正在连接 QQ-主 邮箱服务器 (497720537@qq.com) ...
[2026-07-17 11:13:50]  正在连接 QQ-备用 邮箱服务器 (shouqianbadavid@qq.com) ...
[2026-07-17 11:14:26]  正在连接 QQ-主 邮箱服务器 (497720537@qq.com) ...
[2026-07-17 11:14:37]  QQ-主 因子处理主循环异常: [Errno 11001] getaddrinfo failed
[2026-07-17 11:14:47]  正在连接 QQ-备用 邮箱服务器 (shouqianbadavid@qq.com) ...
[2026-07-17 11:15:23]  正在连接 QQ-主 邮箱服务器 (497720537@qq.com) ...
[2026-07-17 11:15:23]  正在连接 QQ-备用 邮箱服务器 (shouqianbadavid@qq.com) ...
[2026-07-17 11:15:59]  正在连接 QQ-主 邮箱服务器 (497720537@qq.com) ...
[2026-07-17 11:16:00]  正在连接 QQ-备用 邮箱服务器 (shouqianbadavid@qq.com) ...
[2026-07-17 11:16:35]  正在连接 QQ-主 邮箱服务器 (497720537@qq.com) ...
[2026-07-17 11:16:36]  正在连接 QQ-备用 邮箱服务器 (shouqianbadavid@qq.com) ...
[2026-07-17 11:17:12]  正在连接 QQ-主 邮箱服务器 (497720537@qq.com) ...
[2026-07-17 11:17:12]  正在连接 QQ-备用 邮箱服务器 (shouqianbadavid@qq.com) ...
[2026-07-17 11:17:48]  正在连接 QQ-主 邮箱服务器 (497720537@qq.com) ...
[2026-07-17 11:17:49]  正在连接 QQ-备用 邮箱服务器 (shouqianbadavid@qq.com) ...
[2026-07-17 11:18:25]  正在连接 QQ-主 邮箱服务器 (497720537@qq.com) ...
[2026-07-17 11:18:25]  正在连接 QQ-备用 邮箱服务器 (shouqianbadavid@qq.com) ...
[2026-07-17 11:19:02]  正在连接 QQ-主 邮箱服务器 (497720537@qq.com) ...
[2026-07-17 11:19:08]  正在连接 QQ-备用 邮箱服务器 (shouqianbadavid@qq.com) ...
[2026-07-17 11:19:44]  正在连接 QQ-主 邮箱服务器 (497720537@qq.com) ...
[2026-07-17 11:19:44]  正在连接 QQ-备用 邮箱服务器 (shouqianbadavid@qq.com) ...
[2026-07-17 11:20:20]  正在连接 QQ-主 邮箱服务器 (497720537@qq.com) ...
[2026-07-17 11:20:21]  正在连接 QQ-备用 邮箱服务器 (shouqianbadavid@qq.com) ...
[2026-07-17 11:20:57]  正在连接 QQ-主 邮箱服务器 (497720537@qq.com) ...
[2026-07-17 11:20:57]  正在连接 QQ-备用 邮箱服务器 (shouqianbadavid@qq.com) ...
[2026-07-17 11:21:33]  正在连接 QQ-主 邮箱服务器 (497720537@qq.com) ...
[2026-07-17 11:21:33]  正在连接 QQ-备用 邮箱服务器 (shouqianbadavid@qq.com) ...
[2026-07-17 11:22:09]  正在连接 QQ-主 邮箱服务器 (497720537@qq.com) ...
[2026-07-17 11:22:09]  正在连接 QQ-备用 邮箱服务器 (shouqianbadavid@qq.com) ...
[2026-07-17 11:22:45]  正在连接 QQ-主 邮箱服务器 (497720537@qq.com) ...
[2026-07-17 11:22:46]  正在连接 QQ-备用 邮箱服务器 (shouqianbadavid@qq.com) ...
[2026-07-17 11:23:21]  正在连接 QQ-主 邮箱服务器 (497720537@qq.com) ...
[2026-07-17 11:23:22]  正在连接 QQ-备用 邮箱服务器 (shouqianbadavid@qq.com) ...
[2026-07-17 11:23:57]  正在连接 QQ-主 邮箱服务器 (497720537@qq.com) ...
[2026-07-17 11:23:58]  正在连接 QQ-备用 邮箱服务器 (shouqianbadavid@qq.com) ...
[2026-07-17 11:24:34]  正在连接 QQ-主 邮箱服务器 (497720537@qq.com) ...
[2026-07-17 11:24:34]  正在连接 QQ-备用 邮箱服务器 (shouqianbadavid@qq.com) ...
[2026-07-17 11:25:10]  正在连接 QQ-主 邮箱服务器 (497720537@qq.com) ...
[2026-07-17 11:25:18]  正在连接 QQ-备用 邮箱服务器 (shouqianbadavid@qq.com) ...
[2026-07-17 11:25:53]  正在连接 QQ-主 邮箱服务器 (497720537@qq.com) ...
[2026-07-17 11:25:54]  正在连接 QQ-备用 邮箱服务器 (shouqianbadavid@qq.com) ...
[2026-07-17 11:26:30]  正在连接 QQ-主 邮箱服务器 (497720537@qq.com) ...
[2026-07-17 11:26:30]  正在连接 QQ-备用 邮箱服务器 (shouqianbadavid@qq.com) ...
[2026-07-17 11:27:06]  正在连接 QQ-主 邮箱服务器 (497720537@qq.com) ...
[2026-07-17 11:27:07]  正在连接 QQ-备用 邮箱服务器 (shouqianbadavid@qq.com) ...
[2026-07-17 11:27:43]  正在连接 QQ-主 邮箱服务器 (497720537@qq.com) ...
[2026-07-17 11:27:43]  正在连接 QQ-备用 邮箱服务器 (shouqianbadavid@qq.com) ...
[2026-07-17 11:28:18]  正在连接 QQ-主 邮箱服务器 (497720537@qq.com) ...
[2026-07-17 11:28:19]  正在连接 QQ-备用 邮箱服务器 (shouqianbadavid@qq.com) ...
[2026-07-17 11:28:55]  正在连接 QQ-主 邮箱服务器 (497720537@qq.com) ...
[2026-07-17 11:28:55]  正在连接 QQ-备用 邮箱服务器 (shouqianbadavid@qq.com) ...
[2026-07-17 11:29:31]  正在连接 QQ-主 邮箱服务器 (497720537@qq.com) ...
[2026-07-17 11:29:31]  正在连接 QQ-备用 邮箱服务器 (shouqianbadavid@qq.com) ...
[2026-07-17 11:30:07]  正在连接 QQ-主 邮箱服务器 (497720537@qq.com) ...
[2026-07-17 11:30:07]  正在连接 QQ-备用 邮箱服务器 (shouqianbadavid@qq.com) ...
[2026-07-17 11:30:43]  正在连接 QQ-主 邮箱服务器 (497720537@qq.com) ...
[2026-07-17 11:30:44]  正在连接 QQ-备用 邮箱服务器 (shouqianbadavid@qq.com) ...
[2026-07-17 11:31:19]  正在连接 QQ-主 邮箱服务器 (497720537@qq.com) ...
[2026-07-17 11:31:20]  正在连接 QQ-备用 邮箱服务器 (shouqianbadavid@qq.com) ...
[2026-07-17 11:31:56]  正在连接 QQ-主 邮箱服务器 (497720537@qq.com) ...
[2026-07-17 11:31:56]  正在连接 QQ-备用 邮箱服务器 (shouqianbadavid@qq.com) ...
[2026-07-17 11:32:32]  正在连接 QQ-主 邮箱服务器 (497720537@qq.com) ...
[2026-07-17 11:32:33]  正在连接 QQ-备用 邮箱服务器 (shouqianbadavid@qq.com) ...
[2026-07-17 11:33:08]  正在连接 QQ-主 邮箱服务器 (497720537@qq.com) ...
[2026-07-17 11:33:09]  正在连接 QQ-备用 邮箱服务器 (shouqianbadavid@qq.com) ...
[2026-07-17 11:33:45]  正在连接 QQ-主 邮箱服务器 (497720537@qq.com) ...
[2026-07-17 11:33:45]  正在连接 QQ-备用 邮箱服务器 (shouqianbadavid@qq.com) ...
[2026-07-17 11:34:21]  正在连接 QQ-主 邮箱服务器 (497720537@qq.com) ...
[2026-07-17 11:34:22]  正在连接 QQ-备用 邮箱服务器 (shouqianbadavid@qq.com) ...
[2026-07-17 11:34:57]  正在连接 QQ-主 邮箱服务器 (497720537@qq.com) ...
[2026-07-17 11:34:58]  正在连接 QQ-备用 邮箱服务器 (shouqianbadavid@qq.com) ...
[2026-07-17 11:35:33]  正在连接 QQ-主 邮箱服务器 (497720537@qq.com) ...
[2026-07-17 11:35:34]  正在连接 QQ-备用 邮箱服务器 (shouqianbadavid@qq.com) ...
[2026-07-17 11:36:10]  正在连接 QQ-主 邮箱服务器 (497720537@qq.com) ...
[2026-07-17 11:36:10]  正在连接 QQ-备用 邮箱服务器 (shouqianbadavid@qq.com) ...
[2026-07-17 11:36:46]  正在连接 QQ-主 邮箱服务器 (497720537@qq.com) ...
[2026-07-17 11:36:47]  正在连接 QQ-备用 邮箱服务器 (shouqianbadavid@qq.com) ...
[2026-07-17 11:37:22]  正在连接 QQ-主 邮箱服务器 (497720537@qq.com) ...
[2026-07-17 11:37:23]  正在连接 QQ-备用 邮箱服务器 (shouqianbadavid@qq.com) ...
[2026-07-17 11:37:59]  正在连接 QQ-主 邮箱服务器 (497720537@qq.com) ...
[2026-07-17 11:38:00]  正在连接 QQ-备用 邮箱服务器 (shouqianbadavid@qq.com) ...
[2026-07-17 11:38:35]  正在连接 QQ-主 邮箱服务器 (497720537@qq.com) ...
[2026-07-17 11:38:36]  正在连接 QQ-备用 邮箱服务器 (shouqianbadavid@qq.com) ...
[2026-07-17 11:39:12]  正在连接 QQ-主 邮箱服务器 (497720537@qq.com) ...
[2026-07-17 11:39:12]  正在连接 QQ-备用 邮箱服务器 (shouqianbadavid@qq.com) ...
[2026-07-17 11:39:48]  正在连接 QQ-主 邮箱服务器 (497720537@qq.com) ...
[2026-07-17 11:39:49]  正在连接 QQ-备用 邮箱服务器 (shouqianbadavid@qq.com) ...
[2026-07-17 11:40:25]  正在连接 QQ-主 邮箱服务器 (497720537@qq.com) ...
[2026-07-17 11:40:25]  正在连接 QQ-备用 邮箱服务器 (shouqianbadavid@qq.com) ...
[2026-07-17 11:41:01]  正在连接 QQ-主 邮箱服务器 (497720537@qq.com) ...
[2026-07-17 11:41:02]  正在连接 QQ-备用 邮箱服务器 (shouqianbadavid@qq.com) ...
[2026-07-17 11:41:37]  正在连接 QQ-主 邮箱服务器 (497720537@qq.com) ...
[2026-07-17 11:41:38]  正在连接 QQ-备用 邮箱服务器 (shouqianbadavid@qq.com) ...
[2026-07-17 11:42:14]  正在连接 QQ-主 邮箱服务器 (497720537@qq.com) ...
[2026-07-17 11:42:14]  正在连接 QQ-备用 邮箱服务器 (shouqianbadavid@qq.com) ...
[2026-07-17 11:42:50]  正在连接 QQ-主 邮箱服务器 (497720537@qq.com) ...
[2026-07-17 11:42:50]  正在连接 QQ-备用 邮箱服务器 (shouqianbadavid@qq.com) ...
[2026-07-17 11:43:26]  正在连接 QQ-主 邮箱服务器 (497720537@qq.com) ...
[2026-07-17 11:43:27]  正在连接 QQ-备用 邮箱服务器 (shouqianbadavid@qq.com) ...
[2026-07-17 11:44:03]  正在连接 QQ-主 邮箱服务器 (497720537@qq.com) ...
[2026-07-17 11:44:03]  正在连接 QQ-备用 邮箱服务器 (shouqianbadavid@qq.com) ...
[2026-07-17 11:44:39]  正在连接 QQ-主 邮箱服务器 (497720537@qq.com) ...
[2026-07-17 11:44:39]  正在连接 QQ-备用 邮箱服务器 (shouqianbadavid@qq.com) ...
[2026-07-17 11:45:15]  正在连接 QQ-主 邮箱服务器 (497720537@qq.com) ...
[2026-07-17 11:45:16]  正在连接 QQ-备用 邮箱服务器 (shouqianbadavid@qq.com) ...
[2026-07-17 11:45:51]  正在连接 QQ-主 邮箱服务器 (497720537@qq.com) ...
[2026-07-17 11:45:52]  正在连接 QQ-备用 邮箱服务器 (shouqianbadavid@qq.com) ...
[2026-07-17 11:46:27]  正在连接 QQ-主 邮箱服务器 (497720537@qq.com) ...
[2026-07-17 11:46:28]  正在连接 QQ-备用 邮箱服务器 (shouqianbadavid@qq.com) ...
[2026-07-17 11:47:04]  正在连接 QQ-主 邮箱服务器 (497720537@qq.com) ...
[2026-07-17 11:47:05]  正在连接 QQ-备用 邮箱服务器 (shouqianbadavid@qq.com) ...
[2026-07-17 11:47:40]  正在连接 QQ-主 邮箱服务器 (497720537@qq.com) ...
[2026-07-17 11:47:41]  正在连接 QQ-备用 邮箱服务器 (shouqianbadavid@qq.com) ...
[2026-07-17 11:48:17]  正在连接 QQ-主 邮箱服务器 (497720537@qq.com) ...
[2026-07-17 11:48:17]  正在连接 QQ-备用 邮箱服务器 (shouqianbadavid@qq.com) ...
[2026-07-17 11:48:53]  正在连接 QQ-主 邮箱服务器 (497720537@qq.com) ...
[2026-07-17 11:48:54]  正在连接 QQ-备用 邮箱服务器 (shouqianbadavid@qq.com) ...
[2026-07-17 11:49:29]  正在连接 QQ-主 邮箱服务器 (497720537@qq.com) ...
[2026-07-17 11:49:30]  正在连接 QQ-备用 邮箱服务器 (shouqianbadavid@qq.com) ...
[2026-07-17 11:50:06]  正在连接 QQ-主 邮箱服务器 (497720537@qq.com) ...
[2026-07-17 11:50:06]  正在连接 QQ-备用 邮箱服务器 (shouqianbadavid@qq.com) ...
[2026-07-17 11:50:42]  正在连接 QQ-主 邮箱服务器 (497720537@qq.com) ...
[2026-07-17 11:50:43]  正在连接 QQ-备用 邮箱服务器 (shouqianbadavid@qq.com) ...
[2026-07-17 11:51:19]  正在连接 QQ-主 邮箱服务器 (497720537@qq.com) ...
[2026-07-17 11:51:19]  正在连接 QQ-备用 邮箱服务器 (shouqianbadavid@qq.com) ...
[2026-07-17 11:51:55]  正在连接 QQ-主 邮箱服务器 (497720537@qq.com) ...
[2026-07-17 11:51:55]  正在连接 QQ-备用 邮箱服务器 (shouqianbadavid@qq.com) ...
[2026-07-17 11:52:31]  正在连接 QQ-主 邮箱服务器 (497720537@qq.com) ...
[2026-07-17 11:52:32]  正在连接 QQ-备用 邮箱服务器 (shouqianbadavid@qq.com) ...
[2026-07-17 11:53:08]  正在连接 QQ-主 邮箱服务器 (497720537@qq.com) ...
[2026-07-17 11:53:08]  正在连接 QQ-备用 邮箱服务器 (shouqianbadavid@qq.com) ...
[2026-07-17 11:53:43]  正在连接 QQ-主 邮箱服务器 (497720537@qq.com) ...
[2026-07-17 11:53:44]  正在连接 QQ-备用 邮箱服务器 (shouqianbadavid@qq.com) ...
[2026-07-17 11:54:20]  正在连接 QQ-主 邮箱服务器 (497720537@qq.com) ...
[2026-07-17 11:54:21]  正在连接 QQ-备用 邮箱服务器 (shouqianbadavid@qq.com) ...
[2026-07-17 11:54:56]  正在连接 QQ-主 邮箱服务器 (497720537@qq.com) ...
[2026-07-17 11:54:57]  正在连接 QQ-备用 邮箱服务器 (shouqianbadavid@qq.com) ...
[2026-07-17 11:55:32]  正在连接 QQ-主 邮箱服务器 (497720537@qq.com) ...
[2026-07-17 11:55:33]  正在连接 QQ-备用 邮箱服务器 (shouqianbadavid@qq.com) ...
[2026-07-17 11:56:09]  正在连接 QQ-主 邮箱服务器 (497720537@qq.com) ...
[2026-07-17 11:56:09]  正在连接 QQ-备用 邮箱服务器 (shouqianbadavid@qq.com) ...
[2026-07-17 11:56:45]  正在连接 QQ-主 邮箱服务器 (497720537@qq.com) ...
[2026-07-17 11:56:46]  正在连接 QQ-备用 邮箱服务器 (shouqianbadavid@qq.com) ...
[2026-07-17 11:57:22]  正在连接 QQ-主 邮箱服务器 (497720537@qq.com) ...
[2026-07-17 11:57:22]  正在连接 QQ-备用 邮箱服务器 (shouqianbadavid@qq.com) ...
[2026-07-17 11:57:58]  正在连接 QQ-主 邮箱服务器 (497720537@qq.com) ...
[2026-07-17 11:57:58]  正在连接 QQ-备用 邮箱服务器 (shouqianbadavid@qq.com) ...
[2026-07-17 11:58:34]  正在连接 QQ-主 邮箱服务器 (497720537@qq.com) ...
[2026-07-17 11:58:34]  正在连接 QQ-备用 邮箱服务器 (shouqianbadavid@qq.com) ...
[2026-07-17 11:59:10]  正在连接 QQ-主 邮箱服务器 (497720537@qq.com) ...
[2026-07-17 11:59:18]  正在连接 QQ-备用 邮箱服务器 (shouqianbadavid@qq.com) ...
[2026-07-17 11:59:54]  正在连接 QQ-主 邮箱服务器 (497720537@qq.com) ...
[2026-07-17 11:59:55]  正在连接 QQ-备用 邮箱服务器 (shouqianbadavid@qq.com) ...
[2026-07-17 12:00:30]  正在连接 QQ-主 邮箱服务器 (497720537@qq.com) ...
[2026-07-17 12:00:31]  正在连接 QQ-备用 邮箱服务器 (shouqianbadavid@qq.com) ...
[2026-07-17 12:01:07]  正在连接 QQ-主 邮箱服务器 (497720537@qq.com) ...
[2026-07-17 12:01:07]  正在连接 QQ-备用 邮箱服务器 (shouqianbadavid@qq.com) ...
[2026-07-17 12:01:43]  正在连接 QQ-主 邮箱服务器 (497720537@qq.com) ...
[2026-07-17 12:01:43]  正在连接 QQ-备用 邮箱服务器 (shouqianbadavid@qq.com) ...
[2026-07-17 12:02:19]  正在连接 QQ-主 邮箱服务器 (497720537@qq.com) ...
[2026-07-17 12:02:20]  正在连接 QQ-备用 邮箱服务器 (shouqianbadavid@qq.com) ...
[2026-07-17 12:03:01]  正在连接 QQ-主 邮箱服务器 (497720537@qq.com) ...
[2026-07-17 12:03:02]  正在连接 QQ-备用 邮箱服务器 (shouqianbadavid@qq.com) ...
[2026-07-17 12:03:38]  正在连接 QQ-主 邮箱服务器 (497720537@qq.com) ...
[2026-07-17 12:03:38]  正在连接 QQ-备用 邮箱服务器 (shouqianbadavid@qq.com) ...
[2026-07-17 12:04:14]  正在连接 QQ-主 邮箱服务器 (497720537@qq.com) ...
[2026-07-17 12:04:15]  正在连接 QQ-备用 邮箱服务器 (shouqianbadavid@qq.com) ...
[2026-07-17 12:04:50]  正在连接 QQ-主 邮箱服务器 (497720537@qq.com) ...
[2026-07-17 12:05:01]  QQ-主 因子处理主循环异常: [Errno 11001] getaddrinfo failed
[2026-07-17 12:05:11]  正在连接 QQ-备用 邮箱服务器 (shouqianbadavid@qq.com) ...
[2026-07-17 12:05:47]  正在连接 QQ-主 邮箱服务器 (497720537@qq.com) ...
[2026-07-17 12:05:48]  正在连接 QQ-备用 邮箱服务器 (shouqianbadavid@qq.com) ...
[2026-07-17 12:06:23]  正在连接 QQ-主 邮箱服务器 (497720537@qq.com) ...
[2026-07-17 12:06:24]  正在连接 QQ-备用 邮箱服务器 (shouqianbadavid@qq.com) ...
[2026-07-17 12:07:00]  正在连接 QQ-主 邮箱服务器 (497720537@qq.com) ...
[2026-07-17 12:07:00]  正在连接 QQ-备用 邮箱服务器 (shouqianbadavid@qq.com) ...
[2026-07-17 12:07:36]  正在连接 QQ-主 邮箱服务器 (497720537@qq.com) ...
[2026-07-17 12:07:36]  正在连接 QQ-备用 邮箱服务器 (shouqianbadavid@qq.com) ...
[2026-07-17 12:08:12]  正在连接 QQ-主 邮箱服务器 (497720537@qq.com) ...
[2026-07-17 12:08:13]  正在连接 QQ-备用 邮箱服务器 (shouqianbadavid@qq.com) ...
[2026-07-17 12:08:49]  正在连接 QQ-主 邮箱服务器 (497720537@qq.com) ...
[2026-07-17 12:08:50]  正在连接 QQ-备用 邮箱服务器 (shouqianbadavid@qq.com) ...
[2026-07-17 12:09:26]  正在连接 QQ-主 邮箱服务器 (497720537@qq.com) ...
[2026-07-17 12:09:26]  正在连接 QQ-备用 邮箱服务器 (shouqianbadavid@qq.com) ...
[2026-07-17 12:10:02]  正在连接 QQ-主 邮箱服务器 (497720537@qq.com) ...
[2026-07-17 12:10:02]  正在连接 QQ-备用 邮箱服务器 (shouqianbadavid@qq.com) ...
[2026-07-17 12:10:38]  正在连接 QQ-主 邮箱服务器 (497720537@qq.com) ...
[2026-07-17 12:10:39]  正在连接 QQ-备用 邮箱服务器 (shouqianbadavid@qq.com) ...
[2026-07-17 12:11:14]  正在连接 QQ-主 邮箱服务器 (497720537@qq.com) ...
[2026-07-17 12:11:15]  正在连接 QQ-备用 邮箱服务器 (shouqianbadavid@qq.com) ...
[2026-07-17 12:11:51]  正在连接 QQ-主 邮箱服务器 (497720537@qq.com) ...
[2026-07-17 12:11:52]  正在连接 QQ-备用 邮箱服务器 (shouqianbadavid@qq.com) ...
[2026-07-17 12:12:27]  正在连接 QQ-主 邮箱服务器 (497720537@qq.com) ...
[2026-07-17 12:12:28]  正在连接 QQ-备用 邮箱服务器 (shouqianbadavid@qq.com) ...
[2026-07-17 12:13:04]  正在连接 QQ-主 邮箱服务器 (497720537@qq.com) ...
[2026-07-17 12:13:04]  正在连接 QQ-备用 邮箱服务器 (shouqianbadavid@qq.com) ...
[2026-07-17 12:13:40]  正在连接 QQ-主 邮箱服务器 (497720537@qq.com) ...
[2026-07-17 12:13:40]  正在连接 QQ-备用 邮箱服务器 (shouqianbadavid@qq.com) ...
[2026-07-17 12:14:16]  正在连接 QQ-主 邮箱服务器 (497720537@qq.com) ...
[2026-07-17 12:14:17]  正在连接 QQ-备用 邮箱服务器 (shouqianbadavid@qq.com) ...
[2026-07-17 12:14:53]  正在连接 QQ-主 邮箱服务器 (497720537@qq.com) ...
[2026-07-17 12:14:54]  正在连接 QQ-备用 邮箱服务器 (shouqianbadavid@qq.com) ...
[2026-07-17 12:15:30]  正在连接 QQ-主 邮箱服务器 (497720537@qq.com) ...
[2026-07-17 12:15:30]  正在连接 QQ-备用 邮箱服务器 (shouqianbadavid@qq.com) ...
[2026-07-17 12:16:06]  正在连接 QQ-主 邮箱服务器 (497720537@qq.com) ...
[2026-07-17 12:16:10]  正在连接 QQ-备用 邮箱服务器 (shouqianbadavid@qq.com) ...
[2026-07-17 12:16:46]  正在连接 QQ-主 邮箱服务器 (497720537@qq.com) ...
[2026-07-17 12:16:46]  正在连接 QQ-备用 邮箱服务器 (shouqianbadavid@qq.com) ...
[2026-07-17 12:17:23]  正在连接 QQ-主 邮箱服务器 (497720537@qq.com) ...
[2026-07-17 12:17:23]  正在连接 QQ-备用 邮箱服务器 (shouqianbadavid@qq.com) ...
[2026-07-17 12:17:59]  正在连接 QQ-主 邮箱服务器 (497720537@qq.com) ...
[2026-07-17 12:18:00]  正在连接 QQ-备用 邮箱服务器 (shouqianbadavid@qq.com) ...
[2026-07-17 12:18:35]  正在连接 QQ-主 邮箱服务器 (497720537@qq.com) ...
[2026-07-17 12:18:36]  正在连接 QQ-备用 邮箱服务器 (shouqianbadavid@qq.com) ...
[2026-07-17 12:19:12]  正在连接 QQ-主 邮箱服务器 (497720537@qq.com) ...
[2026-07-17 12:19:12]  正在连接 QQ-备用 邮箱服务器 (shouqianbadavid@qq.com) ...
[2026-07-17 12:19:48]  正在连接 QQ-主 邮箱服务器 (497720537@qq.com) ...
[2026-07-17 12:19:49]  正在连接 QQ-备用 邮箱服务器 (shouqianbadavid@qq.com) ...
[2026-07-17 12:20:24]  正在连接 QQ-主 邮箱服务器 (497720537@qq.com) ...
[2026-07-17 12:20:40]  正在连接 QQ-备用 邮箱服务器 (shouqianbadavid@qq.com) ...
[2026-07-17 12:21:16]  正在连接 QQ-主 邮箱服务器 (497720537@qq.com) ...
[2026-07-17 12:21:17]  正在连接 QQ-备用 邮箱服务器 (shouqianbadavid@qq.com) ...
[2026-07-17 12:21:52]  正在连接 QQ-主 邮箱服务器 (497720537@qq.com) ...
[2026-07-17 12:21:53]  正在连接 QQ-备用 邮箱服务器 (shouqianbadavid@qq.com) ...
[2026-07-17 12:22:29]  正在连接 QQ-主 邮箱服务器 (497720537@qq.com) ...
[2026-07-17 12:22:30]  正在连接 QQ-备用 邮箱服务器 (shouqianbadavid@qq.com) ...
[2026-07-17 12:23:05]  正在连接 QQ-主 邮箱服务器 (497720537@qq.com) ...
[2026-07-17 12:23:06]  正在连接 QQ-备用 邮箱服务器 (shouqianbadavid@qq.com) ...
[2026-07-17 12:23:42]  正在连接 QQ-主 邮箱服务器 (497720537@qq.com) ...
[2026-07-17 12:23:42]  正在连接 QQ-备用 邮箱服务器 (shouqianbadavid@qq.com) ...
[2026-07-17 12:24:18]  正在连接 QQ-主 邮箱服务器 (497720537@qq.com) ...
[2026-07-17 12:24:19]  正在连接 QQ-备用 邮箱服务器 (shouqianbadavid@qq.com) ...
[2026-07-17 12:24:54]  正在连接 QQ-主 邮箱服务器 (497720537@qq.com) ...
[2026-07-17 12:24:55]  正在连接 QQ-备用 邮箱服务器 (shouqianbadavid@qq.com) ...
[2026-07-17 12:25:30]  正在连接 QQ-主 邮箱服务器 (497720537@qq.com) ...
[2026-07-17 12:25:31]  正在连接 QQ-备用 邮箱服务器 (shouqianbadavid@qq.com) ...
[2026-07-17 12:26:07]  正在连接 QQ-主 邮箱服务器 (497720537@qq.com) ...
[2026-07-17 12:26:07]  正在连接 QQ-备用 邮箱服务器 (shouqianbadavid@qq.com) ...
[2026-07-17 12:26:43]  正在连接 QQ-主 邮箱服务器 (497720537@qq.com) ...
[2026-07-17 12:26:44]  正在连接 QQ-备用 邮箱服务器 (shouqianbadavid@qq.com) ...
[2026-07-17 12:27:20]  正在连接 QQ-主 邮箱服务器 (497720537@qq.com) ...
[2026-07-17 12:27:20]  正在连接 QQ-备用 邮箱服务器 (shouqianbadavid@qq.com) ...
[2026-07-17 12:27:56]  正在连接 QQ-主 邮箱服务器 (497720537@qq.com) ...
[2026-07-17 12:27:57]  正在连接 QQ-备用 邮箱服务器 (shouqianbadavid@qq.com) ...
[2026-07-17 12:28:33]  正在连接 QQ-主 邮箱服务器 (497720537@qq.com) ...
[2026-07-17 12:28:33]  正在连接 QQ-备用 邮箱服务器 (shouqianbadavid@qq.com) ...
[2026-07-17 12:29:09]  正在连接 QQ-主 邮箱服务器 (497720537@qq.com) ...
[2026-07-17 12:29:09]  正在连接 QQ-备用 邮箱服务器 (shouqianbadavid@qq.com) ...
[2026-07-17 12:29:56]  正在连接 QQ-主 邮箱服务器 (497720537@qq.com) ...
[2026-07-17 12:29:56]  正在连接 QQ-备用 邮箱服务器 (shouqianbadavid@qq.com) ...
[2026-07-17 12:30:32]  正在连接 QQ-主 邮箱服务器 (497720537@qq.com) ...
[2026-07-17 12:30:32]  正在连接 QQ-备用 邮箱服务器 (shouqianbadavid@qq.com) ...
[2026-07-17 12:31:08]  正在连接 QQ-主 邮箱服务器 (497720537@qq.com) ...
[2026-07-17 12:31:09]  正在连接 QQ-备用 邮箱服务器 (shouqianbadavid@qq.com) ...
[2026-07-17 12:31:44]  正在连接 QQ-主 邮箱服务器 (497720537@qq.com) ...
[2026-07-17 12:31:45]  正在连接 QQ-备用 邮箱服务器 (shouqianbadavid@qq.com) ...
[2026-07-17 12:32:21]  正在连接 QQ-主 邮箱服务器 (497720537@qq.com) ...
[2026-07-17 12:32:21]  正在连接 QQ-备用 邮箱服务器 (shouqianbadavid@qq.com) ...
[2026-07-17 12:32:57]  正在连接 QQ-主 邮箱服务器 (497720537@qq.com) ...
[2026-07-17 12:32:58]  正在连接 QQ-备用 邮箱服务器 (shouqianbadavid@qq.com) ...
[2026-07-17 12:33:34]  正在连接 QQ-主 邮箱服务器 (497720537@qq.com) ...
[2026-07-17 12:33:45]  QQ-主 因子处理主循环异常: [Errno 11001] getaddrinfo failed
[2026-07-17 12:33:55]  正在连接 QQ-备用 邮箱服务器 (shouqianbadavid@qq.com) ...
[2026-07-17 12:34:31]  正在连接 QQ-主 邮箱服务器 (497720537@qq.com) ...
[2026-07-17 12:34:31]  正在连接 QQ-备用 邮箱服务器 (shouqianbadavid@qq.com) ...
[2026-07-17 12:35:07]  正在连接 QQ-主 邮箱服务器 (497720537@qq.com) ...
[2026-07-17 12:35:08]  正在连接 QQ-备用 邮箱服务器 (shouqianbadavid@qq.com) ...
[2026-07-17 12:35:44]  正在连接 QQ-主 邮箱服务器 (497720537@qq.com) ...
[2026-07-17 12:35:45]  正在连接 QQ-备用 邮箱服务器 (shouqianbadavid@qq.com) ...
[2026-07-17 12:36:27]  正在连接 QQ-主 邮箱服务器 (497720537@qq.com) ...
[2026-07-17 12:36:28]  正在连接 QQ-备用 邮箱服务器 (shouqianbadavid@qq.com) ...
[2026-07-17 12:37:03]  正在连接 QQ-主 邮箱服务器 (497720537@qq.com) ...
[2026-07-17 12:37:04]  正在连接 QQ-备用 邮箱服务器 (shouqianbadavid@qq.com) ...
[2026-07-17 12:37:40]  正在连接 QQ-主 邮箱服务器 (497720537@qq.com) ...
[2026-07-17 12:37:40]  正在连接 QQ-备用 邮箱服务器 (shouqianbadavid@qq.com) ...
[2026-07-17 12:38:16]  正在连接 QQ-主 邮箱服务器 (497720537@qq.com) ...
[2026-07-17 12:38:16]  正在连接 QQ-备用 邮箱服务器 (shouqianbadavid@qq.com) ...
[2026-07-17 12:38:52]  正在连接 QQ-主 邮箱服务器 (497720537@qq.com) ...
[2026-07-17 12:38:53]  正在连接 QQ-备用 邮箱服务器 (shouqianbadavid@qq.com) ...
[2026-07-17 12:39:28]  正在连接 QQ-主 邮箱服务器 (497720537@qq.com) ...
[2026-07-17 12:39:29]  正在连接 QQ-备用 邮箱服务器 (shouqianbadavid@qq.com) ...
[2026-07-17 12:40:04]  正在连接 QQ-主 邮箱服务器 (497720537@qq.com) ...
[2026-07-17 12:40:05]  正在连接 QQ-备用 邮箱服务器 (shouqianbadavid@qq.com) ...
[2026-07-17 12:40:40]  正在连接 QQ-主 邮箱服务器 (497720537@qq.com) ...
[2026-07-17 12:40:41]  正在连接 QQ-备用 邮箱服务器 (shouqianbadavid@qq.com) ...
[2026-07-17 12:41:17]  正在连接 QQ-主 邮箱服务器 (497720537@qq.com) ...
[2026-07-17 12:41:18]  正在连接 QQ-备用 邮箱服务器 (shouqianbadavid@qq.com) ...
[2026-07-17 12:41:53]  正在连接 QQ-主 邮箱服务器 (497720537@qq.com) ...
[2026-07-17 12:41:54]  正在连接 QQ-备用 邮箱服务器 (shouqianbadavid@qq.com) ...
[2026-07-17 12:42:29]  正在连接 QQ-主 邮箱服务器 (497720537@qq.com) ...
[2026-07-17 12:42:32]  正在连接 QQ-备用 邮箱服务器 (shouqianbadavid@qq.com) ...
[2026-07-17 12:43:08]  正在连接 QQ-主 邮箱服务器 (497720537@qq.com) ...
[2026-07-17 12:43:08]  正在连接 QQ-备用 邮箱服务器 (shouqianbadavid@qq.com) ...
[2026-07-17 12:43:44]  正在连接 QQ-主 邮箱服务器 (497720537@qq.com) ...
[2026-07-17 12:43:44]  正在连接 QQ-备用 邮箱服务器 (shouqianbadavid@qq.com) ...
[2026-07-17 12:44:20]  正在连接 QQ-主 邮箱服务器 (497720537@qq.com) ...
[2026-07-17 12:44:20]  正在连接 QQ-备用 邮箱服务器 (shouqianbadavid@qq.com) ...
[2026-07-17 12:44:56]  正在连接 QQ-主 邮箱服务器 (497720537@qq.com) ...
[2026-07-17 12:44:56]  正在连接 QQ-备用 邮箱服务器 (shouqianbadavid@qq.com) ...
[2026-07-17 12:45:32]  正在连接 QQ-主 邮箱服务器 (497720537@qq.com) ...
[2026-07-17 12:45:33]  正在连接 QQ-备用 邮箱服务器 (shouqianbadavid@qq.com) ...
[2026-07-17 12:46:08]  正在连接 QQ-主 邮箱服务器 (497720537@qq.com) ...
[2026-07-17 12:46:09]  正在连接 QQ-备用 邮箱服务器 (shouqianbadavid@qq.com) ...
[2026-07-17 12:46:45]  正在连接 QQ-主 邮箱服务器 (497720537@qq.com) ...
[2026-07-17 12:46:56]  QQ-主 因子处理主循环异常: [Errno 11001] getaddrinfo failed
[2026-07-17 12:47:06]  正在连接 QQ-备用 邮箱服务器 (shouqianbadavid@qq.com) ...
[2026-07-17 12:47:41]  正在连接 QQ-主 邮箱服务器 (497720537@qq.com) ...
[2026-07-17 12:47:42]  正在连接 QQ-备用 邮箱服务器 (shouqianbadavid@qq.com) ...
[2026-07-17 12:48:17]  正在连接 QQ-主 邮箱服务器 (497720537@qq.com) ...
[2026-07-17 12:48:18]  正在连接 QQ-备用 邮箱服务器 (shouqianbadavid@qq.com) ...
[2026-07-17 12:48:54]  正在连接 QQ-主 邮箱服务器 (497720537@qq.com) ...
[2026-07-17 12:48:55]  正在连接 QQ-备用 邮箱服务器 (shouqianbadavid@qq.com) ...
[2026-07-17 12:49:30]  正在连接 QQ-主 邮箱服务器 (497720537@qq.com) ...
[2026-07-17 12:49:32]  正在连接 QQ-备用 邮箱服务器 (shouqianbadavid@qq.com) ...
[2026-07-17 12:50:08]  正在连接 QQ-主 邮箱服务器 (497720537@qq.com) ...
[2026-07-17 12:50:08]  正在连接 QQ-备用 邮箱服务器 (shouqianbadavid@qq.com) ...
[2026-07-17 12:50:44]  正在连接 QQ-主 邮箱服务器 (497720537@qq.com) ...
[2026-07-17 12:50:45]  正在连接 QQ-备用 邮箱服务器 (shouqianbadavid@qq.com) ...
[2026-07-17 12:51:20]  正在连接 QQ-主 邮箱服务器 (497720537@qq.com) ...
[2026-07-17 12:51:22]  正在连接 QQ-备用 邮箱服务器 (shouqianbadavid@qq.com) ...
[2026-07-17 12:51:57]  正在连接 QQ-主 邮箱服务器 (497720537@qq.com) ...
[2026-07-17 12:51:58]  正在连接 QQ-备用 邮箱服务器 (shouqianbadavid@qq.com) ...
[2026-07-17 12:52:33]  正在连接 QQ-主 邮箱服务器 (497720537@qq.com) ...
[2026-07-17 12:52:34]  正在连接 QQ-备用 邮箱服务器 (shouqianbadavid@qq.com) ...
[2026-07-17 12:53:10]  正在连接 QQ-主 邮箱服务器 (497720537@qq.com) ...
[2026-07-17 12:53:10]  正在连接 QQ-备用 邮箱服务器 (shouqianbadavid@qq.com) ...
[2026-07-17 12:53:46]  正在连接 QQ-主 邮箱服务器 (497720537@qq.com) ...
[2026-07-17 12:53:57]  正在连接 QQ-备用 邮箱服务器 (shouqianbadavid@qq.com) ...
[2026-07-17 12:54:33]  正在连接 QQ-主 邮箱服务器 (497720537@qq.com) ...
[2026-07-17 12:54:33]  正在连接 QQ-备用 邮箱服务器 (shouqianbadavid@qq.com) ...
[2026-07-17 12:55:09]  正在连接 QQ-主 邮箱服务器 (497720537@qq.com) ...
[2026-07-17 12:55:10]  正在连接 QQ-备用 邮箱服务器 (shouqianbadavid@qq.com) ...
[2026-07-17 12:55:46]  正在连接 QQ-主 邮箱服务器 (497720537@qq.com) ...
[2026-07-17 12:55:46]  正在连接 QQ-备用 邮箱服务器 (shouqianbadavid@qq.com) ...
[2026-07-17 12:56:22]  正在连接 QQ-主 邮箱服务器 (497720537@qq.com) ...
[2026-07-17 12:56:23]  正在连接 QQ-备用 邮箱服务器 (shouqianbadavid@qq.com) ...
[2026-07-17 12:56:58]  正在连接 QQ-主 邮箱服务器 (497720537@qq.com) ...
[2026-07-17 12:56:59]  正在连接 QQ-备用 邮箱服务器 (shouqianbadavid@qq.com) ...
[2026-07-17 12:57:34]  正在连接 QQ-主 邮箱服务器 (497720537@qq.com) ...
[2026-07-17 12:57:35]  正在连接 QQ-备用 邮箱服务器 (shouqianbadavid@qq.com) ...
[2026-07-17 12:58:11]  正在连接 QQ-主 邮箱服务器 (497720537@qq.com) ...
[2026-07-17 12:58:18]  正在连接 QQ-备用 邮箱服务器 (shouqianbadavid@qq.com) ...
[2026-07-17 12:58:54]  正在连接 QQ-主 邮箱服务器 (497720537@qq.com) ...
[2026-07-17 12:58:55]  正在连接 QQ-备用 邮箱服务器 (shouqianbadavid@qq.com) ...
[2026-07-17 12:59:31]  正在连接 QQ-主 邮箱服务器 (497720537@qq.com) ...
[2026-07-17 12:59:31]  正在连接 QQ-备用 邮箱服务器 (shouqianbadavid@qq.com) ...
[2026-07-17 13:00:07]  正在连接 QQ-主 邮箱服务器 (497720537@qq.com) ...
[2026-07-17 13:00:08]  正在连接 QQ-备用 邮箱服务器 (shouqianbadavid@qq.com) ...
[2026-07-17 13:00:44]  正在连接 QQ-主 邮箱服务器 (497720537@qq.com) ...
[2026-07-17 13:00:44]  正在连接 QQ-备用 邮箱服务器 (shouqianbadavid@qq.com) ...
[2026-07-17 13:01:20]  正在连接 QQ-主 邮箱服务器 (497720537@qq.com) ...
[2026-07-17 13:01:20]  正在连接 QQ-备用 邮箱服务器 (shouqianbadavid@qq.com) ...
[2026-07-17 13:01:56]  正在连接 QQ-主 邮箱服务器 (497720537@qq.com) ...
[2026-07-17 13:01:56]  正在连接 QQ-备用 邮箱服务器 (shouqianbadavid@qq.com) ...
[2026-07-17 13:02:32]  正在连接 QQ-主 邮箱服务器 (497720537@qq.com) ...
[2026-07-17 13:02:43]  QQ-主 因子处理主循环异常: [Errno 11001] getaddrinfo failed
[2026-07-17 13:02:53]  正在连接 QQ-备用 邮箱服务器 (shouqianbadavid@qq.com) ...
[2026-07-17 13:03:29]  正在连接 QQ-主 邮箱服务器 (497720537@qq.com) ...
[2026-07-17 13:03:29]  正在连接 QQ-备用 邮箱服务器 (shouqianbadavid@qq.com) ...
[2026-07-17 13:04:05]  正在连接 QQ-主 邮箱服务器 (497720537@qq.com) ...
[2026-07-17 13:04:06]  正在连接 QQ-备用 邮箱服务器 (shouqianbadavid@qq.com) ...
[2026-07-17 13:04:41]  正在连接 QQ-主 邮箱服务器 (497720537@qq.com) ...
[2026-07-17 13:04:42]  正在连接 QQ-备用 邮箱服务器 (shouqianbadavid@qq.com) ...
[2026-07-17 13:05:18]  正在连接 QQ-主 邮箱服务器 (497720537@qq.com) ...
[2026-07-17 13:05:18]  正在连接 QQ-备用 邮箱服务器 (shouqianbadavid@qq.com) ...
[2026-07-17 13:05:54]  正在连接 QQ-主 邮箱服务器 (497720537@qq.com) ...
[2026-07-17 13:05:54]  正在连接 QQ-备用 邮箱服务器 (shouqianbadavid@qq.com) ...
[2026-07-17 13:06:30]  正在连接 QQ-主 邮箱服务器 (497720537@qq.com) ...
[2026-07-17 13:06:30]  正在连接 QQ-备用 邮箱服务器 (shouqianbadavid@qq.com) ...
[2026-07-17 13:07:06]  正在连接 QQ-主 邮箱服务器 (497720537@qq.com) ...
[2026-07-17 13:07:17]  QQ-主 因子处理主循环异常: [Errno 11001] getaddrinfo failed
[2026-07-17 13:07:27]  正在连接 QQ-备用 邮箱服务器 (shouqianbadavid@qq.com) ...
[2026-07-17 13:08:03]  正在连接 QQ-主 邮箱服务器 (497720537@qq.com) ...
[2026-07-17 13:08:04]  正在连接 QQ-备用 邮箱服务器 (shouqianbadavid@qq.com) ...
[2026-07-17 13:08:39]  正在连接 QQ-主 邮箱服务器 (497720537@qq.com) ...
[2026-07-17 13:08:40]  正在连接 QQ-备用 邮箱服务器 (shouqianbadavid@qq.com) ...
[2026-07-17 13:09:16]  正在连接 QQ-主 邮箱服务器 (497720537@qq.com) ...
[2026-07-17 13:09:23]  正在连接 QQ-备用 邮箱服务器 (shouqianbadavid@qq.com) ...
[2026-07-17 13:09:59]  正在连接 QQ-主 邮箱服务器 (497720537@qq.com) ...
[2026-07-17 13:10:00]  正在连接 QQ-备用 邮箱服务器 (shouqianbadavid@qq.com) ...
[2026-07-17 13:10:35]  正在连接 QQ-主 邮箱服务器 (497720537@qq.com) ...
[2026-07-17 13:10:36]  正在连接 QQ-备用 邮箱服务器 (shouqianbadavid@qq.com) ...
[2026-07-17 13:11:12]  正在连接 QQ-主 邮箱服务器 (497720537@qq.com) ...
[2026-07-17 13:11:13]  正在连接 QQ-备用 邮箱服务器 (shouqianbadavid@qq.com) ...
[2026-07-17 13:11:48]  正在连接 QQ-主 邮箱服务器 (497720537@qq.com) ...
[2026-07-17 13:11:49]  正在连接 QQ-备用 邮箱服务器 (shouqianbadavid@qq.com) ...
[2026-07-17 13:12:24]  正在连接 QQ-主 邮箱服务器 (497720537@qq.com) ...
[2026-07-17 13:12:25]  正在连接 QQ-备用 邮箱服务器 (shouqianbadavid@qq.com) ...
[2026-07-17 13:13:01]  正在连接 QQ-主 邮箱服务器 (497720537@qq.com) ...
[2026-07-17 13:13:12]  QQ-主 因子处理主循环异常: [Errno 11001] getaddrinfo failed
[2026-07-17 13:13:22]  正在连接 QQ-备用 邮箱服务器 (shouqianbadavid@qq.com) ...
[2026-07-17 13:13:58]  正在连接 QQ-主 邮箱服务器 (497720537@qq.com) ...
[2026-07-17 13:13:58]  正在连接 QQ-备用 邮箱服务器 (shouqianbadavid@qq.com) ...
[2026-07-17 13:14:34]  正在连接 QQ-主 邮箱服务器 (497720537@qq.com) ...
[2026-07-17 13:14:35]  正在连接 QQ-备用 邮箱服务器 (shouqianbadavid@qq.com) ...
[2026-07-17 13:15:11]  正在连接 QQ-主 邮箱服务器 (497720537@qq.com) ...
[2026-07-17 13:15:11]  正在连接 QQ-备用 邮箱服务器 (shouqianbadavid@qq.com) ...
[2026-07-17 13:15:47]  正在连接 QQ-主 邮箱服务器 (497720537@qq.com) ...
[2026-07-17 13:15:48]  正在连接 QQ-备用 邮箱服务器 (shouqianbadavid@qq.com) ...
[2026-07-17 13:16:23]  正在连接 QQ-主 邮箱服务器 (497720537@qq.com) ...
[2026-07-17 13:16:24]  正在连接 QQ-备用 邮箱服务器 (shouqianbadavid@qq.com) ...
[2026-07-17 13:17:00]  正在连接 QQ-主 邮箱服务器 (497720537@qq.com) ...
[2026-07-17 13:17:00]  正在连接 QQ-备用 邮箱服务器 (shouqianbadavid@qq.com) ...
[2026-07-17 13:17:36]  正在连接 QQ-主 邮箱服务器 (497720537@qq.com) ...
[2026-07-17 13:17:47]  QQ-主 因子处理主循环异常: [Errno 11001] getaddrinfo failed
[2026-07-17 13:17:57]  正在连接 QQ-备用 邮箱服务器 (shouqianbadavid@qq.com) ...
[2026-07-17 13:18:32]  正在连接 QQ-主 邮箱服务器 (497720537@qq.com) ...
[2026-07-17 13:18:33]  正在连接 QQ-备用 邮箱服务器 (shouqianbadavid@qq.com) ...
[2026-07-17 13:19:09]  正在连接 QQ-主 邮箱服务器 (497720537@qq.com) ...
[2026-07-17 13:19:09]  正在连接 QQ-备用 邮箱服务器 (shouqianbadavid@qq.com) ...
[2026-07-17 13:19:44]  正在连接 QQ-主 邮箱服务器 (497720537@qq.com) ...
[2026-07-17 13:19:45]  正在连接 QQ-备用 邮箱服务器 (shouqianbadavid@qq.com) ...
[2026-07-17 13:20:21]  正在连接 QQ-主 邮箱服务器 (497720537@qq.com) ...
[2026-07-17 13:20:21]  正在连接 QQ-备用 邮箱服务器 (shouqianbadavid@qq.com) ...
[2026-07-17 13:20:57]  正在连接 QQ-主 邮箱服务器 (497720537@qq.com) ...
[2026-07-17 13:20:57]  正在连接 QQ-备用 邮箱服务器 (shouqianbadavid@qq.com) ...
[2026-07-17 13:21:33]  正在连接 QQ-主 邮箱服务器 (497720537@qq.com) ...
[2026-07-17 13:21:33]  正在连接 QQ-备用 邮箱服务器 (shouqianbadavid@qq.com) ...
[2026-07-17 13:22:09]  正在连接 QQ-主 邮箱服务器 (497720537@qq.com) ...
[2026-07-17 13:22:17]  正在连接 QQ-备用 邮箱服务器 (shouqianbadavid@qq.com) ...
[2026-07-17 13:23:00]  正在连接 QQ-主 邮箱服务器 (497720537@qq.com) ...
[2026-07-17 13:23:01]  正在连接 QQ-备用 邮箱服务器 (shouqianbadavid@qq.com) ...
[2026-07-17 13:23:36]  正在连接 QQ-主 邮箱服务器 (497720537@qq.com) ...
[2026-07-17 13:23:37]  正在连接 QQ-备用 邮箱服务器 (shouqianbadavid@qq.com) ...
[2026-07-17 13:24:13]  正在连接 QQ-主 邮箱服务器 (497720537@qq.com) ...
[2026-07-17 13:24:13]  正在连接 QQ-备用 邮箱服务器 (shouqianbadavid@qq.com) ...
[2026-07-17 13:24:49]  正在连接 QQ-主 邮箱服务器 (497720537@qq.com) ...
[2026-07-17 13:24:50]  正在连接 QQ-备用 邮箱服务器 (shouqianbadavid@qq.com) ...
[2026-07-17 13:25:26]  正在连接 QQ-主 邮箱服务器 (497720537@qq.com) ...
[2026-07-17 13:25:27]  正在连接 QQ-备用 邮箱服务器 (shouqianbadavid@qq.com) ...
[2026-07-17 13:26:03]  正在连接 QQ-主 邮箱服务器 (497720537@qq.com) ...
[2026-07-17 13:26:04]  正在连接 QQ-备用 邮箱服务器 (shouqianbadavid@qq.com) ...
[2026-07-17 13:26:39]  正在连接 QQ-主 邮箱服务器 (497720537@qq.com) ...
[2026-07-17 13:26:50]  QQ-主 因子处理主循环异常: [Errno 11001] getaddrinfo failed
[2026-07-17 13:27:00]  正在连接 QQ-备用 邮箱服务器 (shouqianbadavid@qq.com) ...
[2026-07-17 13:27:36]  正在连接 QQ-主 邮箱服务器 (497720537@qq.com) ...
[2026-07-17 13:27:37]  正在连接 QQ-备用 邮箱服务器 (shouqianbadavid@qq.com) ...
[2026-07-17 13:28:12]  正在连接 QQ-主 邮箱服务器 (497720537@qq.com) ...
[2026-07-17 13:28:13]  正在连接 QQ-备用 邮箱服务器 (shouqianbadavid@qq.com) ...
[2026-07-17 13:28:48]  正在连接 QQ-主 邮箱服务器 (497720537@qq.com) ...
[2026-07-17 13:28:49]  正在连接 QQ-备用 邮箱服务器 (shouqianbadavid@qq.com) ...
[2026-07-17 13:29:24]  正在连接 QQ-主 邮箱服务器 (497720537@qq.com) ...
[2026-07-17 13:29:25]  正在连接 QQ-备用 邮箱服务器 (shouqianbadavid@qq.com) ...
[2026-07-17 13:30:01]  正在连接 QQ-主 邮箱服务器 (497720537@qq.com) ...
[2026-07-17 13:30:02]  正在连接 QQ-备用 邮箱服务器 (shouqianbadavid@qq.com) ...
[2026-07-17 13:30:37]  正在连接 QQ-主 邮箱服务器 (497720537@qq.com) ...
[2026-07-17 13:30:38]  正在连接 QQ-备用 邮箱服务器 (shouqianbadavid@qq.com) ...
[2026-07-17 13:31:14]  正在连接 QQ-主 邮箱服务器 (497720537@qq.com) ...
[2026-07-17 13:31:14]  正在连接 QQ-备用 邮箱服务器 (shouqianbadavid@qq.com) ...
[2026-07-17 13:31:50]  正在连接 QQ-主 邮箱服务器 (497720537@qq.com) ...
[2026-07-17 13:31:55]  正在连接 QQ-备用 邮箱服务器 (shouqianbadavid@qq.com) ...
[2026-07-17 13:32:31]  正在连接 QQ-主 邮箱服务器 (497720537@qq.com) ...
[2026-07-17 13:32:31]  正在连接 QQ-备用 邮箱服务器 (shouqianbadavid@qq.com) ...
[2026-07-17 13:33:07]  正在连接 QQ-主 邮箱服务器 (497720537@qq.com) ...
[2026-07-17 13:33:08]  正在连接 QQ-备用 邮箱服务器 (shouqianbadavid@qq.com) ...
[2026-07-17 13:33:44]  正在连接 QQ-主 邮箱服务器 (497720537@qq.com) ...
[2026-07-17 13:33:44]  正在连接 QQ-备用 邮箱服务器 (shouqianbadavid@qq.com) ...
[2026-07-17 13:34:20]  正在连接 QQ-主 邮箱服务器 (497720537@qq.com) ...
[2026-07-17 13:34:27]  正在连接 QQ-备用 邮箱服务器 (shouqianbadavid@qq.com) ...
[2026-07-17 13:35:03]  正在连接 QQ-主 邮箱服务器 (497720537@qq.com) ...
[2026-07-17 13:35:04]  正在连接 QQ-备用 邮箱服务器 (shouqianbadavid@qq.com) ...
[2026-07-17 13:35:39]  正在连接 QQ-主 邮箱服务器 (497720537@qq.com) ...
[2026-07-17 13:35:40]  正在连接 QQ-备用 邮箱服务器 (shouqianbadavid@qq.com) ...
[2026-07-17 13:36:16]  正在连接 QQ-主 邮箱服务器 (497720537@qq.com) ...
[2026-07-17 13:36:17]  正在连接 QQ-备用 邮箱服务器 (shouqianbadavid@qq.com) ...
[2026-07-17 13:36:53]  正在连接 QQ-主 邮箱服务器 (497720537@qq.com) ...
[2026-07-17 13:36:53]  正在连接 QQ-备用 邮箱服务器 (shouqianbadavid@qq.com) ...
[2026-07-17 13:37:29]  正在连接 QQ-主 邮箱服务器 (497720537@qq.com) ...
[2026-07-17 13:37:29]  正在连接 QQ-备用 邮箱服务器 (shouqianbadavid@qq.com) ...
[2026-07-17 13:38:05]  正在连接 QQ-主 邮箱服务器 (497720537@qq.com) ...
[2026-07-17 13:38:05]  正在连接 QQ-备用 邮箱服务器 (shouqianbadavid@qq.com) ...
[2026-07-17 13:38:41]  正在连接 QQ-主 邮箱服务器 (497720537@qq.com) ...
[2026-07-17 13:38:44]  正在连接 QQ-备用 邮箱服务器 (shouqianbadavid@qq.com) ...
[2026-07-17 13:39:20]  正在连接 QQ-主 邮箱服务器 (497720537@qq.com) ...
[2026-07-17 13:39:21]  正在连接 QQ-备用 邮箱服务器 (shouqianbadavid@qq.com) ...
[2026-07-17 13:39:56]  正在连接 QQ-主 邮箱服务器 (497720537@qq.com) ...
[2026-07-17 13:39:57]  正在连接 QQ-备用 邮箱服务器 (shouqianbadavid@qq.com) ...
[2026-07-17 13:40:33]  正在连接 QQ-主 邮箱服务器 (497720537@qq.com) ...
[2026-07-17 13:40:34]  正在连接 QQ-备用 邮箱服务器 (shouqianbadavid@qq.com) ...
[2026-07-17 13:41:09]  正在连接 QQ-主 邮箱服务器 (497720537@qq.com) ...
[2026-07-17 13:41:10]  正在连接 QQ-备用 邮箱服务器 (shouqianbadavid@qq.com) ...
[2026-07-17 13:41:45]  正在连接 QQ-主 邮箱服务器 (497720537@qq.com) ...
[2026-07-17 13:41:46]  正在连接 QQ-备用 邮箱服务器 (shouqianbadavid@qq.com) ...
[2026-07-17 13:42:21]  正在连接 QQ-主 邮箱服务器 (497720537@qq.com) ...
[2026-07-17 13:42:22]  正在连接 QQ-备用 邮箱服务器 (shouqianbadavid@qq.com) ...
[2026-07-17 13:42:58]  正在连接 QQ-主 邮箱服务器 (497720537@qq.com) ...
[2026-07-17 13:42:59]  正在连接 QQ-备用 邮箱服务器 (shouqianbadavid@qq.com) ...
[2026-07-17 13:43:34]  正在连接 QQ-主 邮箱服务器 (497720537@qq.com) ...
[2026-07-17 13:43:35]  正在连接 QQ-备用 邮箱服务器 (shouqianbadavid@qq.com) ...
[2026-07-17 13:44:11]  正在连接 QQ-主 邮箱服务器 (497720537@qq.com) ...
[2026-07-17 13:44:11]  正在连接 QQ-备用 邮箱服务器 (shouqianbadavid@qq.com) ...
[2026-07-17 13:44:47]  正在连接 QQ-主 邮箱服务器 (497720537@qq.com) ...
[2026-07-17 13:44:48]  正在连接 QQ-备用 邮箱服务器 (shouqianbadavid@qq.com) ...
[2026-07-17 13:45:23]  正在连接 QQ-主 邮箱服务器 (497720537@qq.com) ...
[2026-07-17 13:45:24]  正在连接 QQ-备用 邮箱服务器 (shouqianbadavid@qq.com) ...
[2026-07-17 13:46:00]  正在连接 QQ-主 邮箱服务器 (497720537@qq.com) ...
[2026-07-17 13:46:00]  正在连接 QQ-备用 邮箱服务器 (shouqianbadavid@qq.com) ...
[2026-07-17 13:46:36]  正在连接 QQ-主 邮箱服务器 (497720537@qq.com) ...
[2026-07-17 13:46:37]  正在连接 QQ-备用 邮箱服务器 (shouqianbadavid@qq.com) ...
[2026-07-17 13:47:13]  正在连接 QQ-主 邮箱服务器 (497720537@qq.com) ...
[2026-07-17 13:47:14]  正在连接 QQ-备用 邮箱服务器 (shouqianbadavid@qq.com) ...
[2026-07-17 13:47:49]  正在连接 QQ-主 邮箱服务器 (497720537@qq.com) ...
[2026-07-17 13:47:50]  正在连接 QQ-备用 邮箱服务器 (shouqianbadavid@qq.com) ...
[2026-07-17 13:48:26]  正在连接 QQ-主 邮箱服务器 (497720537@qq.com) ...
[2026-07-17 13:48:26]  正在连接 QQ-备用 邮箱服务器 (shouqianbadavid@qq.com) ...
[2026-07-17 13:49:02]  正在连接 QQ-主 邮箱服务器 (497720537@qq.com) ...
[2026-07-17 13:49:02]  正在连接 QQ-备用 邮箱服务器 (shouqianbadavid@qq.com) ...
[2026-07-17 13:49:38]  正在连接 QQ-主 邮箱服务器 (497720537@qq.com) ...
[2026-07-17 13:49:39]  正在连接 QQ-备用 邮箱服务器 (shouqianbadavid@qq.com) ...
[2026-07-17 13:50:15]  正在连接 QQ-主 邮箱服务器 (497720537@qq.com) ...
[2026-07-17 13:50:15]  正在连接 QQ-备用 邮箱服务器 (shouqianbadavid@qq.com) ...
[2026-07-17 13:50:51]  正在连接 QQ-主 邮箱服务器 (497720537@qq.com) ...
[2026-07-17 13:50:55]  正在连接 QQ-备用 邮箱服务器 (shouqianbadavid@qq.com) ...
[2026-07-17 13:51:31]  正在连接 QQ-主 邮箱服务器 (497720537@qq.com) ...
[2026-07-17 13:51:31]  正在连接 QQ-备用 邮箱服务器 (shouqianbadavid@qq.com) ...
[2026-07-17 13:52:07]  正在连接 QQ-主 邮箱服务器 (497720537@qq.com) ...
[2026-07-17 13:52:07]  正在连接 QQ-备用 邮箱服务器 (shouqianbadavid@qq.com) ...
[2026-07-17 13:52:43]  正在连接 QQ-主 邮箱服务器 (497720537@qq.com) ...
[2026-07-17 13:52:43]  正在连接 QQ-备用 邮箱服务器 (shouqianbadavid@qq.com) ...
[2026-07-17 13:53:19]  正在连接 QQ-主 邮箱服务器 (497720537@qq.com) ...
[2026-07-17 13:53:20]  正在连接 QQ-备用 邮箱服务器 (shouqianbadavid@qq.com) ...
[2026-07-17 13:53:55]  正在连接 QQ-主 邮箱服务器 (497720537@qq.com) ...
[2026-07-17 13:53:56]  正在连接 QQ-备用 邮箱服务器 (shouqianbadavid@qq.com) ...
[2026-07-17 13:54:32]  正在连接 QQ-主 邮箱服务器 (497720537@qq.com) ...
[2026-07-17 13:54:32]  正在连接 QQ-备用 邮箱服务器 (shouqianbadavid@qq.com) ...
[2026-07-17 13:55:07]  正在连接 QQ-主 邮箱服务器 (497720537@qq.com) ...
[2026-07-17 13:55:09]  正在连接 QQ-备用 邮箱服务器 (shouqianbadavid@qq.com) ...
[2026-07-17 13:55:44]  正在连接 QQ-主 邮箱服务器 (497720537@qq.com) ...
[2026-07-17 13:55:45]  正在连接 QQ-备用 邮箱服务器 (shouqianbadavid@qq.com) ...
[2026-07-17 13:56:20]  正在连接 QQ-主 邮箱服务器 (497720537@qq.com) ...
[2026-07-17 13:56:21]  正在连接 QQ-备用 邮箱服务器 (shouqianbadavid@qq.com) ...
[2026-07-17 13:56:56]  正在连接 QQ-主 邮箱服务器 (497720537@qq.com) ...
[2026-07-17 13:56:57]  正在连接 QQ-备用 邮箱服务器 (shouqianbadavid@qq.com) ...
[2026-07-17 13:57:33]  正在连接 QQ-主 邮箱服务器 (497720537@qq.com) ...
[2026-07-17 13:57:33]  正在连接 QQ-备用 邮箱服务器 (shouqianbadavid@qq.com) ...
[2026-07-17 13:58:09]  正在连接 QQ-主 邮箱服务器 (497720537@qq.com) ...
[2026-07-17 13:58:09]  正在连接 QQ-备用 邮箱服务器 (shouqianbadavid@qq.com) ...
[2026-07-17 13:58:45]  正在连接 QQ-主 邮箱服务器 (497720537@qq.com) ...
[2026-07-17 13:58:46]  正在连接 QQ-备用 邮箱服务器 (shouqianbadavid@qq.com) ...
[2026-07-17 13:59:21]  正在连接 QQ-主 邮箱服务器 (497720537@qq.com) ...
[2026-07-17 13:59:22]  正在连接 QQ-备用 邮箱服务器 (shouqianbadavid@qq.com) ...
[2026-07-17 13:59:58]  正在连接 QQ-主 邮箱服务器 (497720537@qq.com) ...
[2026-07-17 13:59:58]  正在连接 QQ-备用 邮箱服务器 (shouqianbadavid@qq.com) ...
[2026-07-17 14:00:34]  正在连接 QQ-主 邮箱服务器 (497720537@qq.com) ...
[2026-07-17 14:00:34]  正在连接 QQ-备用 邮箱服务器 (shouqianbadavid@qq.com) ...
[2026-07-17 14:01:11]  正在连接 QQ-主 邮箱服务器 (497720537@qq.com) ...
[2026-07-17 14:01:12]  正在连接 QQ-备用 邮箱服务器 (shouqianbadavid@qq.com) ...
[2026-07-17 14:01:47]  正在连接 QQ-主 邮箱服务器 (497720537@qq.com) ...
[2026-07-17 14:01:48]  正在连接 QQ-备用 邮箱服务器 (shouqianbadavid@qq.com) ...
[2026-07-17 14:02:23]  正在连接 QQ-主 邮箱服务器 (497720537@qq.com) ...
[2026-07-17 14:02:24]  正在连接 QQ-备用 邮箱服务器 (shouqianbadavid@qq.com) ...
[2026-07-17 14:03:00]  正在连接 QQ-主 邮箱服务器 (497720537@qq.com) ...
[2026-07-17 14:03:02]  正在连接 QQ-备用 邮箱服务器 (shouqianbadavid@qq.com) ...
[2026-07-17 14:03:38]  正在连接 QQ-主 邮箱服务器 (497720537@qq.com) ...
[2026-07-17 14:03:38]  正在连接 QQ-备用 邮箱服务器 (shouqianbadavid@qq.com) ...
[2026-07-17 14:04:14]  正在连接 QQ-主 邮箱服务器 (497720537@qq.com) ...
[2026-07-17 14:04:15]  正在连接 QQ-备用 邮箱服务器 (shouqianbadavid@qq.com) ...
[2026-07-17 14:04:51]  正在连接 QQ-主 邮箱服务器 (497720537@qq.com) ...
[2026-07-17 14:04:51]  正在连接 QQ-备用 邮箱服务器 (shouqianbadavid@qq.com) ...
[2026-07-17 14:05:27]  正在连接 QQ-主 邮箱服务器 (497720537@qq.com) ...
[2026-07-17 14:05:28]  正在连接 QQ-备用 邮箱服务器 (shouqianbadavid@qq.com) ...
[2026-07-17 14:06:04]  正在连接 QQ-主 邮箱服务器 (497720537@qq.com) ...
[2026-07-17 14:06:04]  正在连接 QQ-备用 邮箱服务器 (shouqianbadavid@qq.com) ...
[2026-07-17 14:06:40]  正在连接 QQ-主 邮箱服务器 (497720537@qq.com) ...
[2026-07-17 14:06:41]  正在连接 QQ-备用 邮箱服务器 (shouqianbadavid@qq.com) ...
[2026-07-17 14:07:17]  正在连接 QQ-主 邮箱服务器 (497720537@qq.com) ...
[2026-07-17 14:07:17]  正在连接 QQ-备用 邮箱服务器 (shouqianbadavid@qq.com) ...
[2026-07-17 14:07:53]  正在连接 QQ-主 邮箱服务器 (497720537@qq.com) ...
[2026-07-17 14:07:53]  正在连接 QQ-备用 邮箱服务器 (shouqianbadavid@qq.com) ...
[2026-07-17 14:08:29]  正在连接 QQ-主 邮箱服务器 (497720537@qq.com) ...
[2026-07-17 14:08:30]  正在连接 QQ-备用 邮箱服务器 (shouqianbadavid@qq.com) ...
[2026-07-17 14:09:05]  正在连接 QQ-主 邮箱服务器 (497720537@qq.com) ...
[2026-07-17 14:09:06]  正在连接 QQ-备用 邮箱服务器 (shouqianbadavid@qq.com) ...
[2026-07-17 14:09:42]  正在连接 QQ-主 邮箱服务器 (497720537@qq.com) ...
[2026-07-17 14:09:42]  正在连接 QQ-备用 邮箱服务器 (shouqianbadavid@qq.com) ...
[2026-07-17 14:10:18]  正在连接 QQ-主 邮箱服务器 (497720537@qq.com) ...
[2026-07-17 14:10:19]  正在连接 QQ-备用 邮箱服务器 (shouqianbadavid@qq.com) ...
[2026-07-17 14:10:54]  正在连接 QQ-主 邮箱服务器 (497720537@qq.com) ...
[2026-07-17 14:10:55]  正在连接 QQ-备用 邮箱服务器 (shouqianbadavid@qq.com) ...
[2026-07-17 14:11:31]  正在连接 QQ-主 邮箱服务器 (497720537@qq.com) ...
[2026-07-17 14:11:31]  正在连接 QQ-备用 邮箱服务器 (shouqianbadavid@qq.com) ...
[2026-07-17 14:12:07]  正在连接 QQ-主 邮箱服务器 (497720537@qq.com) ...
[2026-07-17 14:12:08]  正在连接 QQ-备用 邮箱服务器 (shouqianbadavid@qq.com) ...
[2026-07-17 14:12:43]  正在连接 QQ-主 邮箱服务器 (497720537@qq.com) ...
[2026-07-17 14:12:44]  正在连接 QQ-备用 邮箱服务器 (shouqianbadavid@qq.com) ...
[2026-07-17 14:13:20]  正在连接 QQ-主 邮箱服务器 (497720537@qq.com) ...
[2026-07-17 14:13:23]  正在连接 QQ-备用 邮箱服务器 (shouqianbadavid@qq.com) ...
[2026-07-17 14:13:59]  正在连接 QQ-主 邮箱服务器 (497720537@qq.com) ...
[2026-07-17 14:13:59]  正在连接 QQ-备用 邮箱服务器 (shouqianbadavid@qq.com) ...
[2026-07-17 14:14:35]  正在连接 QQ-主 邮箱服务器 (497720537@qq.com) ...
[2026-07-17 14:14:36]  正在连接 QQ-备用 邮箱服务器 (shouqianbadavid@qq.com) ...
[2026-07-17 14:15:11]  正在连接 QQ-主 邮箱服务器 (497720537@qq.com) ...
[2026-07-17 14:15:12]  正在连接 QQ-备用 邮箱服务器 (shouqianbadavid@qq.com) ...
[2026-07-17 14:15:48]  正在连接 QQ-主 邮箱服务器 (497720537@qq.com) ...
[2026-07-17 14:15:48]  正在连接 QQ-备用 邮箱服务器 (shouqianbadavid@qq.com) ...
[2026-07-17 14:16:24]  正在连接 QQ-主 邮箱服务器 (497720537@qq.com) ...
[2026-07-17 14:16:24]  正在连接 QQ-备用 邮箱服务器 (shouqianbadavid@qq.com) ...
[2026-07-17 14:17:00]  正在连接 QQ-主 邮箱服务器 (497720537@qq.com) ...
[2026-07-17 14:17:00]  正在连接 QQ-备用 邮箱服务器 (shouqianbadavid@qq.com) ...
[2026-07-17 14:17:36]  正在连接 QQ-主 邮箱服务器 (497720537@qq.com) ...
[2026-07-17 14:17:43]  正在连接 QQ-备用 邮箱服务器 (shouqianbadavid@qq.com) ...
[2026-07-17 14:18:19]  正在连接 QQ-主 邮箱服务器 (497720537@qq.com) ...
[2026-07-17 14:18:19]  正在连接 QQ-备用 邮箱服务器 (shouqianbadavid@qq.com) ...
[2026-07-17 14:18:55]  正在连接 QQ-主 邮箱服务器 (497720537@qq.com) ...
[2026-07-17 14:18:55]  正在连接 QQ-备用 邮箱服务器 (shouqianbadavid@qq.com) ...
[2026-07-17 14:19:31]  正在连接 QQ-主 邮箱服务器 (497720537@qq.com) ...
[2026-07-17 14:19:32]  正在连接 QQ-备用 邮箱服务器 (shouqianbadavid@qq.com) ...
[2026-07-17 14:20:07]  正在连接 QQ-主 邮箱服务器 (497720537@qq.com) ...
[2026-07-17 14:20:08]  正在连接 QQ-备用 邮箱服务器 (shouqianbadavid@qq.com) ...
[2026-07-17 14:20:43]  正在连接 QQ-主 邮箱服务器 (497720537@qq.com) ...
[2026-07-17 14:20:44]  正在连接 QQ-备用 邮箱服务器 (shouqianbadavid@qq.com) ...
[2026-07-17 14:21:19]  正在连接 QQ-主 邮箱服务器 (497720537@qq.com) ...
[2026-07-17 14:21:20]  正在连接 QQ-备用 邮箱服务器 (shouqianbadavid@qq.com) ...
[2026-07-17 14:21:56]  正在连接 QQ-主 邮箱服务器 (497720537@qq.com) ...
[2026-07-17 14:21:57]  正在连接 QQ-备用 邮箱服务器 (shouqianbadavid@qq.com) ...
[2026-07-17 14:22:33]  正在连接 QQ-主 邮箱服务器 (497720537@qq.com) ...
[2026-07-17 14:22:33]  正在连接 QQ-备用 邮箱服务器 (shouqianbadavid@qq.com) ...
[2026-07-17 14:23:09]  正在连接 QQ-主 邮箱服务器 (497720537@qq.com) ...
[2026-07-17 14:23:10]  正在连接 QQ-备用 邮箱服务器 (shouqianbadavid@qq.com) ...
[2026-07-17 14:23:46]  正在连接 QQ-主 邮箱服务器 (497720537@qq.com) ...
[2026-07-17 14:23:46]  正在连接 QQ-备用 邮箱服务器 (shouqianbadavid@qq.com) ...
[2026-07-17 14:24:22]  正在连接 QQ-主 邮箱服务器 (497720537@qq.com) ...
[2026-07-17 14:24:28]  正在连接 QQ-备用 邮箱服务器 (shouqianbadavid@qq.com) ...
[2026-07-17 14:25:04]  正在连接 QQ-主 邮箱服务器 (497720537@qq.com) ...
[2026-07-17 14:25:05]  正在连接 QQ-备用 邮箱服务器 (shouqianbadavid@qq.com) ...
[2026-07-17 14:25:40]  正在连接 QQ-主 邮箱服务器 (497720537@qq.com) ...
[2026-07-17 14:25:41]  正在连接 QQ-备用 邮箱服务器 (shouqianbadavid@qq.com) ...
[2026-07-17 14:26:17]  正在连接 QQ-主 邮箱服务器 (497720537@qq.com) ...
[2026-07-17 14:26:18]  正在连接 QQ-备用 邮箱服务器 (shouqianbadavid@qq.com) ...
[2026-07-17 14:26:53]  正在连接 QQ-主 邮箱服务器 (497720537@qq.com) ...
[2026-07-17 14:26:54]  正在连接 QQ-备用 邮箱服务器 (shouqianbadavid@qq.com) ...
[2026-07-17 14:27:30]  正在连接 QQ-主 邮箱服务器 (497720537@qq.com) ...
[2026-07-17 14:27:30]  正在连接 QQ-备用 邮箱服务器 (shouqianbadavid@qq.com) ...
[2026-07-17 14:28:06]  正在连接 QQ-主 邮箱服务器 (497720537@qq.com) ...
[2026-07-17 14:28:07]  正在连接 QQ-备用 邮箱服务器 (shouqianbadavid@qq.com) ...
[2026-07-17 14:28:43]  正在连接 QQ-主 邮箱服务器 (497720537@qq.com) ...
[2026-07-17 14:28:43]  正在连接 QQ-备用 邮箱服务器 (shouqianbadavid@qq.com) ...
[2026-07-17 14:29:18]  正在连接 QQ-主 邮箱服务器 (497720537@qq.com) ...
[2026-07-17 14:29:19]  正在连接 QQ-备用 邮箱服务器 (shouqianbadavid@qq.com) ...
[2026-07-17 14:29:55]  正在连接 QQ-主 邮箱服务器 (497720537@qq.com) ...
[2026-07-17 14:29:55]  正在连接 QQ-备用 邮箱服务器 (shouqianbadavid@qq.com) ...
[2026-07-17 14:30:31]  正在连接 QQ-主 邮箱服务器 (497720537@qq.com) ...
[2026-07-17 14:30:32]  正在连接 QQ-备用 邮箱服务器 (shouqianbadavid@qq.com) ...
[2026-07-17 14:31:08]  正在连接 QQ-主 邮箱服务器 (497720537@qq.com) ...
[2026-07-17 14:31:08]  正在连接 QQ-备用 邮箱服务器 (shouqianbadavid@qq.com) ...
[2026-07-17 14:31:44]  正在连接 QQ-主 邮箱服务器 (497720537@qq.com) ...
[2026-07-17 14:31:45]  正在连接 QQ-备用 邮箱服务器 (shouqianbadavid@qq.com) ...
[2026-07-17 14:32:20]  正在连接 QQ-主 邮箱服务器 (497720537@qq.com) ...
[2026-07-17 14:32:21]  正在连接 QQ-备用 邮箱服务器 (shouqianbadavid@qq.com) ...
[2026-07-17 14:32:57]  正在连接 QQ-主 邮箱服务器 (497720537@qq.com) ...
[2026-07-17 14:33:04]  正在连接 QQ-备用 邮箱服务器 (shouqianbadavid@qq.com) ...
[2026-07-17 14:33:40]  正在连接 QQ-主 邮箱服务器 (497720537@qq.com) ...
[2026-07-17 14:33:41]  正在连接 QQ-备用 邮箱服务器 (shouqianbadavid@qq.com) ...
[2026-07-17 14:34:16]  正在连接 QQ-主 邮箱服务器 (497720537@qq.com) ...
[2026-07-17 14:34:17]  正在连接 QQ-备用 邮箱服务器 (shouqianbadavid@qq.com) ...
[2026-07-17 14:34:52]  正在连接 QQ-主 邮箱服务器 (497720537@qq.com) ...
[2026-07-17 14:34:53]  正在连接 QQ-备用 邮箱服务器 (shouqianbadavid@qq.com) ...
[2026-07-17 14:35:28]  正在连接 QQ-主 邮箱服务器 (497720537@qq.com) ...
[2026-07-17 14:35:29]  正在连接 QQ-备用 邮箱服务器 (shouqianbadavid@qq.com) ...
[2026-07-17 14:36:05]  正在连接 QQ-主 邮箱服务器 (497720537@qq.com) ...
[2026-07-17 14:36:06]  正在连接 QQ-备用 邮箱服务器 (shouqianbadavid@qq.com) ...
[2026-07-17 14:36:42]  正在连接 QQ-主 邮箱服务器 (497720537@qq.com) ...
[2026-07-17 14:36:42]  正在连接 QQ-备用 邮箱服务器 (shouqianbadavid@qq.com) ...
[2026-07-17 14:37:18]  正在连接 QQ-主 邮箱服务器 (497720537@qq.com) ...
[2026-07-17 14:37:19]  正在连接 QQ-备用 邮箱服务器 (shouqianbadavid@qq.com) ...
[2026-07-17 14:37:55]  正在连接 QQ-主 邮箱服务器 (497720537@qq.com) ...
[2026-07-17 14:37:56]  正在连接 QQ-备用 邮箱服务器 (shouqianbadavid@qq.com) ...
[2026-07-17 14:38:31]  正在连接 QQ-主 邮箱服务器 (497720537@qq.com) ...
[2026-07-17 14:38:32]  正在连接 QQ-备用 邮箱服务器 (shouqianbadavid@qq.com) ...
[2026-07-17 14:39:08]  正在连接 QQ-主 邮箱服务器 (497720537@qq.com) ...
[2026-07-17 14:39:09]  正在连接 QQ-备用 邮箱服务器 (shouqianbadavid@qq.com) ...
[2026-07-17 14:39:45]  正在连接 QQ-主 邮箱服务器 (497720537@qq.com) ...
[2026-07-17 14:39:45]  正在连接 QQ-备用 邮箱服务器 (shouqianbadavid@qq.com) ...
[2026-07-17 14:40:21]  正在连接 QQ-主 邮箱服务器 (497720537@qq.com) ...
[2026-07-17 14:40:22]  正在连接 QQ-备用 邮箱服务器 (shouqianbadavid@qq.com) ...
[2026-07-17 14:40:58]  正在连接 QQ-主 邮箱服务器 (497720537@qq.com) ...
[2026-07-17 14:40:58]  正在连接 QQ-备用 邮箱服务器 (shouqianbadavid@qq.com) ...
[2026-07-17 14:41:34]  正在连接 QQ-主 邮箱服务器 (497720537@qq.com) ...
[2026-07-17 14:41:45]  QQ-主 因子处理主循环异常: [Errno 11001] getaddrinfo failed
[2026-07-17 14:41:55]  正在连接 QQ-备用 邮箱服务器 (shouqianbadavid@qq.com) ...
[2026-07-17 14:42:32]  正在连接 QQ-主 邮箱服务器 (497720537@qq.com) ...
[2026-07-17 14:42:32]  正在连接 QQ-备用 邮箱服务器 (shouqianbadavid@qq.com) ...
[2026-07-17 14:43:08]  正在连接 QQ-主 邮箱服务器 (497720537@qq.com) ...
[2026-07-17 14:43:09]  正在连接 QQ-备用 邮箱服务器 (shouqianbadavid@qq.com) ...
[2026-07-17 14:43:45]  正在连接 QQ-主 邮箱服务器 (497720537@qq.com) ...
[2026-07-17 14:43:53]  正在连接 QQ-备用 邮箱服务器 (shouqianbadavid@qq.com) ...
[2026-07-17 14:44:29]  正在连接 QQ-主 邮箱服务器 (497720537@qq.com) ...
[2026-07-17 14:44:29]  正在连接 QQ-备用 邮箱服务器 (shouqianbadavid@qq.com) ...
[2026-07-17 14:45:05]  正在连接 QQ-主 邮箱服务器 (497720537@qq.com) ...
[2026-07-17 14:45:06]  正在连接 QQ-备用 邮箱服务器 (shouqianbadavid@qq.com) ...
[2026-07-17 14:45:42]  正在连接 QQ-主 邮箱服务器 (497720537@qq.com) ...
[2026-07-17 14:45:42]  正在连接 QQ-备用 邮箱服务器 (shouqianbadavid@qq.com) ...
[2026-07-17 14:46:18]  正在连接 QQ-主 邮箱服务器 (497720537@qq.com) ...
[2026-07-17 14:46:19]  正在连接 QQ-备用 邮箱服务器 (shouqianbadavid@qq.com) ...
[2026-07-17 14:46:55]  正在连接 QQ-主 邮箱服务器 (497720537@qq.com) ...
[2026-07-17 14:46:56]  正在连接 QQ-备用 邮箱服务器 (shouqianbadavid@qq.com) ...
[2026-07-17 14:47:31]  正在连接 QQ-主 邮箱服务器 (497720537@qq.com) ...
[2026-07-17 14:47:32]  正在连接 QQ-备用 邮箱服务器 (shouqianbadavid@qq.com) ...
[2026-07-17 14:48:08]  正在连接 QQ-主 邮箱服务器 (497720537@qq.com) ...
[2026-07-17 14:48:08]  正在连接 QQ-备用 邮箱服务器 (shouqianbadavid@qq.com) ...
[2026-07-17 14:48:44]  正在连接 QQ-主 邮箱服务器 (497720537@qq.com) ...
[2026-07-17 14:48:45]  正在连接 QQ-备用 邮箱服务器 (shouqianbadavid@qq.com) ...
[2026-07-17 14:49:21]  正在连接 QQ-主 邮箱服务器 (497720537@qq.com) ...
[2026-07-17 14:49:21]  正在连接 QQ-备用 邮箱服务器 (shouqianbadavid@qq.com) ...
[2026-07-17 14:49:56]  正在连接 QQ-主 邮箱服务器 (497720537@qq.com) ...
[2026-07-17 14:49:57]  正在连接 QQ-备用 邮箱服务器 (shouqianbadavid@qq.com) ...
[2026-07-17 14:50:33]  正在连接 QQ-主 邮箱服务器 (497720537@qq.com) ...
[2026-07-17 14:50:33]  正在连接 QQ-备用 邮箱服务器 (shouqianbadavid@qq.com) ...
[2026-07-17 14:51:09]  正在连接 QQ-主 邮箱服务器 (497720537@qq.com) ...
[2026-07-17 14:51:10]  正在连接 QQ-备用 邮箱服务器 (shouqianbadavid@qq.com) ...
[2026-07-17 14:51:45]  正在连接 QQ-主 邮箱服务器 (497720537@qq.com) ...
[2026-07-17 14:51:46]  正在连接 QQ-备用 邮箱服务器 (shouqianbadavid@qq.com) ...
[2026-07-17 14:52:21]  正在连接 QQ-主 邮箱服务器 (497720537@qq.com) ...
[2026-07-17 14:52:22]  正在连接 QQ-备用 邮箱服务器 (shouqianbadavid@qq.com) ...
[2026-07-17 14:52:58]  正在连接 QQ-主 邮箱服务器 (497720537@qq.com) ...
[2026-07-17 14:52:59]  正在连接 QQ-备用 邮箱服务器 (shouqianbadavid@qq.com) ...
[2026-07-17 14:53:35]  正在连接 QQ-主 邮箱服务器 (497720537@qq.com) ...
[2026-07-17 14:53:35]  正在连接 QQ-备用 邮箱服务器 (shouqianbadavid@qq.com) ...
[2026-07-17 14:54:11]  正在连接 QQ-主 邮箱服务器 (497720537@qq.com) ...
[2026-07-17 14:54:11]  正在连接 QQ-备用 邮箱服务器 (shouqianbadavid@qq.com) ...
[2026-07-17 14:54:47]  正在连接 QQ-主 邮箱服务器 (497720537@qq.com) ...
[2026-07-17 14:54:48]  正在连接 QQ-备用 邮箱服务器 (shouqianbadavid@qq.com) ...
[2026-07-17 14:55:23]  正在连接 QQ-主 邮箱服务器 (497720537@qq.com) ...
[2026-07-17 14:55:24]  正在连接 QQ-备用 邮箱服务器 (shouqianbadavid@qq.com) ...
[2026-07-17 14:56:00]  正在连接 QQ-主 邮箱服务器 (497720537@qq.com) ...
[2026-07-17 14:56:00]  正在连接 QQ-备用 邮箱服务器 (shouqianbadavid@qq.com) ...
[2026-07-17 14:56:36]  正在连接 QQ-主 邮箱服务器 (497720537@qq.com) ...
[2026-07-17 14:56:36]  正在连接 QQ-备用 邮箱服务器 (shouqianbadavid@qq.com) ...
[2026-07-17 14:57:12]  正在连接 QQ-主 邮箱服务器 (497720537@qq.com) ...
[2026-07-17 14:57:13]  正在连接 QQ-备用 邮箱服务器 (shouqianbadavid@qq.com) ...
[2026-07-17 14:57:48]  正在连接 QQ-主 邮箱服务器 (497720537@qq.com) ...
[2026-07-17 14:57:49]  正在连接 QQ-备用 邮箱服务器 (shouqianbadavid@qq.com) ...
[2026-07-17 14:58:25]  正在连接 QQ-主 邮箱服务器 (497720537@qq.com) ...
[2026-07-17 14:58:25]  正在连接 QQ-备用 邮箱服务器 (shouqianbadavid@qq.com) ...
[2026-07-17 14:59:01]  正在连接 QQ-主 邮箱服务器 (497720537@qq.com) ...
[2026-07-17 14:59:02]  正在连接 QQ-备用 邮箱服务器 (shouqianbadavid@qq.com) ...
[2026-07-17 14:59:38]  正在连接 QQ-主 邮箱服务器 (497720537@qq.com) ...
[2026-07-17 14:59:39]  正在连接 QQ-备用 邮箱服务器 (shouqianbadavid@qq.com) ...
[2026-07-17 15:00:14]  正在连接 QQ-主 邮箱服务器 (497720537@qq.com) ...
[2026-07-17 15:00:15]  正在连接 QQ-备用 邮箱服务器 (shouqianbadavid@qq.com) ...
[2026-07-17 15:00:51]  正在连接 QQ-主 邮箱服务器 (497720537@qq.com) ...
[2026-07-17 15:00:58]  正在连接 QQ-备用 邮箱服务器 (shouqianbadavid@qq.com) ...
[2026-07-17 15:01:34]  正在连接 QQ-主 邮箱服务器 (497720537@qq.com) ...
[2026-07-17 15:01:35]  正在连接 QQ-备用 邮箱服务器 (shouqianbadavid@qq.com) ...
[2026-07-17 15:02:10]  正在连接 QQ-主 邮箱服务器 (497720537@qq.com) ...
[2026-07-17 15:02:11]  正在连接 QQ-备用 邮箱服务器 (shouqianbadavid@qq.com) ...
[2026-07-17 15:02:47]  正在连接 QQ-主 邮箱服务器 (497720537@qq.com) ...
[2026-07-17 15:02:47]  正在连接 QQ-备用 邮箱服务器 (shouqianbadavid@qq.com) ...
[2026-07-17 15:03:23]  正在连接 QQ-主 邮箱服务器 (497720537@qq.com) ...
[2026-07-17 15:03:34]  QQ-主 因子处理主循环异常: [Errno 11001] getaddrinfo failed
[2026-07-17 15:03:44]  正在连接 QQ-备用 邮箱服务器 (shouqianbadavid@qq.com) ...
[2026-07-17 15:04:20]  正在连接 QQ-主 邮箱服务器 (497720537@qq.com) ...
[2026-07-17 15:04:21]  正在连接 QQ-备用 邮箱服务器 (shouqianbadavid@qq.com) ...
[2026-07-17 15:04:57]  正在连接 QQ-主 邮箱服务器 (497720537@qq.com) ...
[2026-07-17 15:04:58]  正在连接 QQ-备用 邮箱服务器 (shouqianbadavid@qq.com) ...
[2026-07-17 15:05:33]  正在连接 QQ-主 邮箱服务器 (497720537@qq.com) ...
[2026-07-17 15:05:34]  正在连接 QQ-备用 邮箱服务器 (shouqianbadavid@qq.com) ...
[2026-07-17 15:06:10]  正在连接 QQ-主 邮箱服务器 (497720537@qq.com) ...
[2026-07-17 15:06:11]  正在连接 QQ-备用 邮箱服务器 (shouqianbadavid@qq.com) ...
[2026-07-17 15:06:47]  正在连接 QQ-主 邮箱服务器 (497720537@qq.com) ...
[2026-07-17 15:06:48]  正在连接 QQ-备用 邮箱服务器 (shouqianbadavid@qq.com) ...
[2026-07-17 15:07:23]  正在连接 QQ-主 邮箱服务器 (497720537@qq.com) ...
[2026-07-17 15:07:28]  正在连接 QQ-备用 邮箱服务器 (shouqianbadavid@qq.com) ...
[2026-07-17 15:08:04]  正在连接 QQ-主 邮箱服务器 (497720537@qq.com) ...
[2026-07-17 15:08:04]  正在连接 QQ-备用 邮箱服务器 (shouqianbadavid@qq.com) ...
[2026-07-17 15:08:40]  正在连接 QQ-主 邮箱服务器 (497720537@qq.com) ...
[2026-07-17 15:08:41]  正在连接 QQ-备用 邮箱服务器 (shouqianbadavid@qq.com) ...
[2026-07-17 15:09:17]  正在连接 QQ-主 邮箱服务器 (497720537@qq.com) ...
[2026-07-17 15:09:18]  正在连接 QQ-备用 邮箱服务器 (shouqianbadavid@qq.com) ...
[2026-07-17 15:09:54]  正在连接 QQ-主 邮箱服务器 (497720537@qq.com) ...
[2026-07-17 15:10:01]  正在连接 QQ-备用 邮箱服务器 (shouqianbadavid@qq.com) ...
[2026-07-17 15:10:37]  正在连接 QQ-主 邮箱服务器 (497720537@qq.com) ...
[2026-07-17 15:10:37]  正在连接 QQ-备用 邮箱服务器 (shouqianbadavid@qq.com) ...
[2026-07-17 15:11:13]  正在连接 QQ-主 邮箱服务器 (497720537@qq.com) ...
[2026-07-17 15:11:14]  正在连接 QQ-备用 邮箱服务器 (shouqianbadavid@qq.com) ...
[2026-07-17 15:11:49]  正在连接 QQ-主 邮箱服务器 (497720537@qq.com) ...
[2026-07-17 15:11:50]  正在连接 QQ-备用 邮箱服务器 (shouqianbadavid@qq.com) ...
[2026-07-17 15:12:26]  正在连接 QQ-主 邮箱服务器 (497720537@qq.com) ...
[2026-07-17 15:12:26]  正在连接 QQ-备用 邮箱服务器 (shouqianbadavid@qq.com) ...
[2026-07-17 15:13:02]  正在连接 QQ-主 邮箱服务器 (497720537@qq.com) ...
[2026-07-17 15:13:02]  正在连接 QQ-备用 邮箱服务器 (shouqianbadavid@qq.com) ...
[2026-07-17 15:13:38]  正在连接 QQ-主 邮箱服务器 (497720537@qq.com) ...
[2026-07-17 15:13:39]  正在连接 QQ-备用 邮箱服务器 (shouqianbadavid@qq.com) ...
[2026-07-17 15:14:15]  正在连接 QQ-主 邮箱服务器 (497720537@qq.com) ...
[2026-07-17 15:14:15]  正在连接 QQ-备用 邮箱服务器 (shouqianbadavid@qq.com) ...
[2026-07-17 15:14:51]  正在连接 QQ-主 邮箱服务器 (497720537@qq.com) ...
[2026-07-17 15:14:52]  正在连接 QQ-备用 邮箱服务器 (shouqianbadavid@qq.com) ...
[2026-07-17 15:15:27]  正在连接 QQ-主 邮箱服务器 (497720537@qq.com) ...
[2026-07-17 15:15:28]  正在连接 QQ-备用 邮箱服务器 (shouqianbadavid@qq.com) ...
[2026-07-17 15:16:04]  正在连接 QQ-主 邮箱服务器 (497720537@qq.com) ...
[2026-07-17 15:16:04]  正在连接 QQ-备用 邮箱服务器 (shouqianbadavid@qq.com) ...
[2026-07-17 15:16:40]  正在连接 QQ-主 邮箱服务器 (497720537@qq.com) ...
[2026-07-17 15:16:41]  正在连接 QQ-备用 邮箱服务器 (shouqianbadavid@qq.com) ...
[2026-07-17 15:17:17]  正在连接 QQ-主 邮箱服务器 (497720537@qq.com) ...
[2026-07-17 15:17:17]  正在连接 QQ-备用 邮箱服务器 (shouqianbadavid@qq.com) ...
[2026-07-17 15:17:53]  正在连接 QQ-主 邮箱服务器 (497720537@qq.com) ...
[2026-07-17 15:17:54]  正在连接 QQ-备用 邮箱服务器 (shouqianbadavid@qq.com) ...
[2026-07-17 15:18:30]  正在连接 QQ-主 邮箱服务器 (497720537@qq.com) ...
[2026-07-17 15:18:30]  正在连接 QQ-备用 邮箱服务器 (shouqianbadavid@qq.com) ...
[2026-07-17 15:19:05]  正在连接 QQ-主 邮箱服务器 (497720537@qq.com) ...
[2026-07-17 15:19:06]  正在连接 QQ-备用 邮箱服务器 (shouqianbadavid@qq.com) ...
[2026-07-17 15:19:42]  正在连接 QQ-主 邮箱服务器 (497720537@qq.com) ...
[2026-07-17 15:19:43]  正在连接 QQ-备用 邮箱服务器 (shouqianbadavid@qq.com) ...
[2026-07-17 15:20:18]  正在连接 QQ-主 邮箱服务器 (497720537@qq.com) ...
[2026-07-17 15:20:19]  正在连接 QQ-备用 邮箱服务器 (shouqianbadavid@qq.com) ...
[2026-07-17 15:20:55]  正在连接 QQ-主 邮箱服务器 (497720537@qq.com) ...
[2026-07-17 15:20:55]  正在连接 QQ-备用 邮箱服务器 (shouqianbadavid@qq.com) ...
[2026-07-17 15:21:31]  正在连接 QQ-主 邮箱服务器 (497720537@qq.com) ...
[2026-07-17 15:21:32]  正在连接 QQ-备用 邮箱服务器 (shouqianbadavid@qq.com) ...
[2026-07-17 15:22:07]  正在连接 QQ-主 邮箱服务器 (497720537@qq.com) ...
[2026-07-17 15:22:08]  正在连接 QQ-备用 邮箱服务器 (shouqianbadavid@qq.com) ...
[2026-07-17 15:22:44]  正在连接 QQ-主 邮箱服务器 (497720537@qq.com) ...
[2026-07-17 15:22:44]  正在连接 QQ-备用 邮箱服务器 (shouqianbadavid@qq.com) ...
[2026-07-17 15:23:20]  正在连接 QQ-主 邮箱服务器 (497720537@qq.com) ...
[2026-07-17 15:23:20]  正在连接 QQ-备用 邮箱服务器 (shouqianbadavid@qq.com) ...
[2026-07-17 15:23:56]  正在连接 QQ-主 邮箱服务器 (497720537@qq.com) ...
[2026-07-17 15:23:57]  正在连接 QQ-备用 邮箱服务器 (shouqianbadavid@qq.com) ...
[2026-07-17 15:24:33]  正在连接 QQ-主 邮箱服务器 (497720537@qq.com) ...
[2026-07-17 15:24:33]  正在连接 QQ-备用 邮箱服务器 (shouqianbadavid@qq.com) ...
[2026-07-17 15:25:09]  正在连接 QQ-主 邮箱服务器 (497720537@qq.com) ...
[2026-07-17 15:25:10]  正在连接 QQ-备用 邮箱服务器 (shouqianbadavid@qq.com) ...
[2026-07-17 15:25:46]  正在连接 QQ-主 邮箱服务器 (497720537@qq.com) ...
[2026-07-17 15:25:47]  正在连接 QQ-备用 邮箱服务器 (shouqianbadavid@qq.com) ...
[2026-07-17 15:26:23]  正在连接 QQ-主 邮箱服务器 (497720537@qq.com) ...
[2026-07-17 15:26:23]  正在连接 QQ-备用 邮箱服务器 (shouqianbadavid@qq.com) ...
[2026-07-17 15:26:59]  正在连接 QQ-主 邮箱服务器 (497720537@qq.com) ...
[2026-07-17 15:27:00]  正在连接 QQ-备用 邮箱服务器 (shouqianbadavid@qq.com) ...
[2026-07-17 15:27:36]  正在连接 QQ-主 邮箱服务器 (497720537@qq.com) ...
[2026-07-17 15:27:36]  正在连接 QQ-备用 邮箱服务器 (shouqianbadavid@qq.com) ...
[2026-07-17 15:28:12]  正在连接 QQ-主 邮箱服务器 (497720537@qq.com) ...
[2026-07-17 15:28:13]  正在连接 QQ-备用 邮箱服务器 (shouqianbadavid@qq.com) ...
[2026-07-17 15:28:48]  正在连接 QQ-主 邮箱服务器 (497720537@qq.com) ...
[2026-07-17 15:28:49]  正在连接 QQ-备用 邮箱服务器 (shouqianbadavid@qq.com) ...
[2026-07-17 15:29:25]  正在连接 QQ-主 邮箱服务器 (497720537@qq.com) ...
[2026-07-17 15:29:25]  正在连接 QQ-备用 邮箱服务器 (shouqianbadavid@qq.com) ...
[2026-07-17 15:30:00]  正在连接 QQ-主 邮箱服务器 (497720537@qq.com) ...
[2026-07-17 15:30:01]  正在连接 QQ-备用 邮箱服务器 (shouqianbadavid@qq.com) ...
[2026-07-17 15:30:37]  正在连接 QQ-主 邮箱服务器 (497720537@qq.com) ...
[2026-07-17 15:30:38]  正在连接 QQ-备用 邮箱服务器 (shouqianbadavid@qq.com) ...
[2026-07-17 15:31:13]  正在连接 QQ-主 邮箱服务器 (497720537@qq.com) ...
[2026-07-17 15:31:14]  正在连接 QQ-备用 邮箱服务器 (shouqianbadavid@qq.com) ...
[2026-07-17 15:31:49]  正在连接 QQ-主 邮箱服务器 (497720537@qq.com) ...
[2026-07-17 15:31:50]  正在连接 QQ-备用 邮箱服务器 (shouqianbadavid@qq.com) ...
[2026-07-17 15:32:26]  正在连接 QQ-主 邮箱服务器 (497720537@qq.com) ...
[2026-07-17 15:32:26]  正在连接 QQ-备用 邮箱服务器 (shouqianbadavid@qq.com) ...
[2026-07-17 15:33:02]  正在连接 QQ-主 邮箱服务器 (497720537@qq.com) ...
[2026-07-17 15:33:03]  正在连接 QQ-备用 邮箱服务器 (shouqianbadavid@qq.com) ...
[2026-07-17 15:33:39]  正在连接 QQ-主 邮箱服务器 (497720537@qq.com) ...
[2026-07-17 15:33:39]  正在连接 QQ-备用 邮箱服务器 (shouqianbadavid@qq.com) ...
[2026-07-17 15:34:15]  正在连接 QQ-主 邮箱服务器 (497720537@qq.com) ...
[2026-07-17 15:34:15]  正在连接 QQ-备用 邮箱服务器 (shouqianbadavid@qq.com) ...
[2026-07-17 15:34:51]  正在连接 QQ-主 邮箱服务器 (497720537@qq.com) ...
[2026-07-17 15:34:51]  正在连接 QQ-备用 邮箱服务器 (shouqianbadavid@qq.com) ...
[2026-07-17 15:35:27]  正在连接 QQ-主 邮箱服务器 (497720537@qq.com) ...
[2026-07-17 15:35:28]  正在连接 QQ-备用 邮箱服务器 (shouqianbadavid@qq.com) ...
[2026-07-17 15:36:03]  正在连接 QQ-主 邮箱服务器 (497720537@qq.com) ...
[2026-07-17 15:36:04]  正在连接 QQ-备用 邮箱服务器 (shouqianbadavid@qq.com) ...
[2026-07-17 15:36:40]  正在连接 QQ-主 邮箱服务器 (497720537@qq.com) ...
[2026-07-17 15:36:40]  正在连接 QQ-备用 邮箱服务器 (shouqianbadavid@qq.com) ...
[2026-07-17 15:37:16]  正在连接 QQ-主 邮箱服务器 (497720537@qq.com) ...
[2026-07-17 15:37:16]  正在连接 QQ-备用 邮箱服务器 (shouqianbadavid@qq.com) ...
[2026-07-17 15:37:52]  正在连接 QQ-主 邮箱服务器 (497720537@qq.com) ...
[2026-07-17 15:37:53]  正在连接 QQ-备用 邮箱服务器 (shouqianbadavid@qq.com) ...
[2026-07-17 15:38:29]  正在连接 QQ-主 邮箱服务器 (497720537@qq.com) ...
[2026-07-17 15:38:34]  正在连接 QQ-备用 邮箱服务器 (shouqianbadavid@qq.com) ...
[2026-07-17 15:39:09]  正在连接 QQ-主 邮箱服务器 (497720537@qq.com) ...
[2026-07-17 15:39:10]  正在连接 QQ-备用 邮箱服务器 (shouqianbadavid@qq.com) ...
[2026-07-17 15:39:45]  正在连接 QQ-主 邮箱服务器 (497720537@qq.com) ...
[2026-07-17 15:39:46]  正在连接 QQ-备用 邮箱服务器 (shouqianbadavid@qq.com) ...
