[2026-08-05 13:26:10]  AlphaPilot 监听服务 (Pro 多邮箱版) 启动...
[2026-08-05 13:26:10]  信号保存目录: D:\mpython\signals
[2026-08-05 13:26:10]  日志文件: D:\mpython\logs_receiver\receiver_20260805.log
[2026-08-05 13:26:11]  正在连接 QQ-主 邮箱服务器 (497720537@qq.com) ...
[2026-08-05 13:26:11]  QQ-主 正在解析因子: =?UTF-8?B?8J+SrCDpu4Pmnqvpipjor4TorrrkuobkuIDmnaEgUmVlbA==?=
 =?UTF-8?B?cw==?=
[2026-08-05 13:26:11]  发现表格，共 30 行数据
[2026-08-05 13:26:11]  表头映射失败，未找到指定列名。当前表头: ['今年的生日，好像只有一个目标——从早吃到晚。😄...\u200c\u2003 \u200c\u2003 \u200c\u2003 \u200c\u2003 \u200c\u2003 \u200c\u2003 \u200c\u2003 \u200c\u2003 \u200c\u2003 \u200c\u2003 \u200c\u2003 \u200c\u2003 \u200c\u2003 \u200c\u2003 \u200c\u2003 \u200c\u2003 \u200c\u2003 \u200c\u2003 \u200c\u2003 \u200c\u2003 \u200c\u2003 \u200c\u2003 \u200c\u2003 \u200c\u2003 \u200c\u2003 \u200c\u2003 \u200c\u2003 \u200c\u2003 \u200c\u2003 \u200c\u2003 \u200c\u2003 \u200c\u2003 \u200c\u2003 \u200c\u2003 \u200c\u2003 \u200c\u2003 \u200c\u2003 \u200c\u2003 \u200c\u2003 \u200c\u2003 \u200c\u2003 \u200c\u2003 \u200c\u2003 \u200c\u2003 \u200c\u2003 \u200c\u2003 \u200c\u2003 \u200c\u2003 \u200c\u2003 \u200c\u2003 \u200c\u2003 \u200c\u2003 \u200c\u2003 \u200c\u2003 \u200c\u2003 \u200c\u2003 \u200c\u2003 \u200c\u2003 \u200c\u2003 \u200c\u2003 \u200c\u2003 \u200c\u2003 \u200c\u2003 \u200c\u2003 \u200c\u2003 \u200c\u2003 \u200c\u2003 \u200c\u2003 \u200c\u2003 \u200c\u2003 \u200c\u2003 \u200c\u2003 \u200c\u2003 \u200c\u2003 \u200c\u2003 \u200c\u2003 \u200c\u2003 \u200c\u2003 \u200c\u2003 \u200c\u2003 \u200c\u2003 \u200c\u2003 \u200c\u2003 \u200c\u2003 \u200c\u2003 \u200c\u2003 \u200c\u2003 \u200c\u2003 \u200c\u2003 \u200c\u2003 \u200c\u2003 \u200c\u2003 \u200c\u2003 \u200c\u2003 \u200c\u2003 \u200c\u2003 \u200c\u2003 \u200c\u2003 \u200c\u2003 \u200c\u2003 \u200c\u2003 \u200c\u2003 \u200c\u2003 \u200c\u2003 \u200c\u2003 \u200c\u2003 \u200c\u2003 \u200c\u2003 \u200c\u2003 \u200c\u2003 \u200c\u2003 \u200c\u2003 \u200c\u2003 \u200c\u2003 \u200c\u2003 \u200c\u2003 \u200c\u2003 \u200c\u2003 \u200c\u2003 \u200c\u2003 \u200c\u2003 \u200c\u2003 \u200c\u2003 \u200c\u2003 \u200c\u2003 \u200c\u2003 \u200c\u2003 \u200c\u2003 \u200c\u2003 \u200c\u2003 \u200c\u2003 \u200c\u2003 \u200c\u2003 \u200c\u2003 \u200c\u2003 \u200c\u2003 \u200c\u2003 \u200c\u2003 \u200c\u2003 \u200c\u2003 \u200c\u2003 \u200c\u2003 \u200c\u2003 \u200c\u2003 \u200c\u2003 \u200c\u2003 \u200c\u2003 \u200c\u2003 \u200c\u2003 \u200c\u2003 \u200c\u2003 \u200c\u2003 \u200c\u2003 \u200c\u2003 \u200c\u2003 \u200c\u2003 \u200c\u2003 \u200c\u2003 \u200c\u2003 \u200c\u2003 \u200c\u2003 \u200c\u2003 \u200c\u2003 \u200c\u2003 \u200c\u2003 \u200c\u2003 \u200c\u2003 \u200c\u2003 \u200c\u2003 \u200c\u2003 \u200c\u2003 \u200c\u2003 \u200c\u2003 \u200c\u2003 \u200c\u2003 \u200c\u2003 \u200c\u2003 \u200c\u2003 \u200c\u2003 \u200c\u2003 \u200c\u2003 \u200c\u2003 \u200c\u2003 \u200c\u2003 \u200c\u2003 \u200c\u2003 \u200c\u2003 \u200c\u2003 \u200c\u2003 \u200c\u2003 \u200c\u2003 \u200c\u2003 \u200c\u2003 \u200c\u2003 \u200c\u2003 \u200c\u2003 \u200c\u2003 \u200c\u2003 \u200c\u2003 \u200c\u2003 \u200c\u2003 \u200c\u2003 \u200c\u2003 \u200c\u2003 \u200c\u2003 \u200c\u2003 \u200c\u2003 \u200c\u2003 \u200c\u2003 \u200c\u2003 \u200c\u2003 \u200c\u2003 \u200c\u2003 \u200c\u2003 \u200c\u2003 \u200c\u2003 \u200c\u2003 \u200c\u2003 \u200c\u2003 \u200c\u2003 \u200c\u2003 \u200c\u2003 \u200c\u2003 \u200c\u2003 \u200c\u2003 \u200c\u2003 \u200c\u2003 \u200c\u2003 \u200c\u2003 \u200c\u2003 \u200c\u2003 \u200c\u2003 \u200c\u2003 \u200c\u2003 \u200c\u2003 \u200c\u2003 \u200c\u2003 \u200c\u2003 \u200c\u2003 \u200c\u2003 \u200c\u2003 \u200c\u2003 \u200c\u2003 \u200c\u2003 \u200c\u2003 \u200c\u2003 \u200c\u2003 \u200c\u2003 \u200c\u2003 \u200c\u2003 \u200c\u2003 \u200c\u2003 \u200c\u2003 \u200c\u2003 \u200c\u2003 \u200c\u2003 \u200c\u2003 \u200c\u2003 \u200c\u2003 \u200c\u2003 \u200c\u2003 \u200c\u2003 \u200c\u2003 \u200c\u2003 \u200c\u2003 \u200c\u2003 \u200c\u2003 \u200c\u2003 \u200c\u2003 \u200c\u2003 \u200c\u2003 \u200c\u2003 \u200c\u2003 \u200c\u2003 \u200c\u2003 \u200c\u2003 \u200c\u2003 \u200c\u2003 \u200c\u2003 \u200c\u2003 \u200c\u2003 \u200c\u2003 \u200c\u2003 \u200c\u2003 \u200c\u2003 \u200c\u2003 \u200c\u2003 \u200c\u2003 \u200c\u2003 \u200c\u2003 \u200c\u2003 \u200c\u2003 \u200c\u2003 \u200c\u2003 \u200c\u2003 \u200c\u2003 \u200c\u2003 \u200c\u2003 \u200c\u2003 \u200c💬黃枫銘评论了一条Reels。8月4日 08:18查看Jojo Liang 、黃枫銘和其他 40 位用户留下心情此邮件发给497720537@qq.com。 如果不希望再收到 Meta 的这类邮件，请退订。Meta Platforms, Inc., Attention: Community Support, 1 Meta Way, Menlo Park, CA 94025为保护你的主页安全，请勿转发这封邮件。详细了解', '今年的生日，好像只有一个目标——从早吃到晚。😄...\u200c\u2003 \u200c\u2003 \u200c\u2003 \u200c\u2003 \u200c\u2003 \u200c\u2003 \u200c\u2003 \u200c\u2003 \u200c\u2003 \u200c\u2003 \u200c\u2003 \u200c\u2003 \u200c\u2003 \u200c\u2003 \u200c\u2003 \u200c\u2003 \u200c\u2003 \u200c\u2003 \u200c\u2003 \u200c\u2003 \u200c\u2003 \u200c\u2003 \u200c\u2003 \u200c\u2003 \u200c\u2003 \u200c\u2003 \u200c\u2003 \u200c\u2003 \u200c\u2003 \u200c\u2003 \u200c\u2003 \u200c\u2003 \u200c\u2003 \u200c\u2003 \u200c\u2003 \u200c\u2003 \u200c\u2003 \u200c\u2003 \u200c\u2003 \u200c\u2003 \u200c\u2003 \u200c\u2003 \u200c\u2003 \u200c\u2003 \u200c\u2003 \u200c\u2003 \u200c\u2003 \u200c\u2003 \u200c\u2003 \u200c\u2003 \u200c\u2003 \u200c\u2003 \u200c\u2003 \u200c\u2003 \u200c\u2003 \u200c\u2003 \u200c\u2003 \u200c\u2003 \u200c\u2003 \u200c\u2003 \u200c\u2003 \u200c\u2003 \u200c\u2003 \u200c\u2003 \u200c\u2003 \u200c\u2003 \u200c\u2003 \u200c\u2003 \u200c\u2003 \u200c\u2003 \u200c\u2003 \u200c\u2003 \u200c\u2003 \u200c\u2003 \u200c\u2003 \u200c\u2003 \u200c\u2003 \u200c\u2003 \u200c\u2003 \u200c\u2003 \u200c\u2003 \u200c\u2003 \u200c\u2003 \u200c\u2003 \u200c\u2003 \u200c\u2003 \u200c\u2003 \u200c\u2003 \u200c\u2003 \u200c\u2003 \u200c\u2003 \u200c\u2003 \u200c\u2003 \u200c\u2003 \u200c\u2003 \u200c\u2003 \u200c\u2003 \u200c\u2003 \u200c\u2003 \u200c\u2003 \u200c\u2003 \u200c\u2003 \u200c\u2003 \u200c\u2003 \u200c\u2003 \u200c\u2003 \u200c\u2003 \u200c\u2003 \u200c\u2003 \u200c\u2003 \u200c\u2003 \u200c\u2003 \u200c\u2003 \u200c\u2003 \u200c\u2003 \u200c\u2003 \u200c\u2003 \u200c\u2003 \u200c\u2003 \u200c\u2003 \u200c\u2003 \u200c\u2003 \u200c\u2003 \u200c\u2003 \u200c\u2003 \u200c\u2003 \u200c\u2003 \u200c\u2003 \u200c\u2003 \u200c\u2003 \u200c\u2003 \u200c\u2003 \u200c\u2003 \u200c\u2003 \u200c\u2003 \u200c\u2003 \u200c\u2003 \u200c\u2003 \u200c\u2003 \u200c\u2003 \u200c\u2003 \u200c\u2003 \u200c\u2003 \u200c\u2003 \u200c\u2003 \u200c\u2003 \u200c\u2003 \u200c\u2003 \u200c\u2003 \u200c\u2003 \u200c\u2003 \u200c\u2003 \u200c\u2003 \u200c\u2003 \u200c\u2003 \u200c\u2003 \u200c\u2003 \u200c\u2003 \u200c\u2003 \u200c\u2003 \u200c\u2003 \u200c\u2003 \u200c\u2003 \u200c\u2003 \u200c\u2003 \u200c\u2003 \u200c\u2003 \u200c\u2003 \u200c\u2003 \u200c\u2003 \u200c\u2003 \u200c\u2003 \u200c\u2003 \u200c\u2003 \u200c\u2003 \u200c\u2003 \u200c\u2003 \u200c\u2003 \u200c\u2003 \u200c\u2003 \u200c\u2003 \u200c\u2003 \u200c\u2003 \u200c\u2003 \u200c\u2003 \u200c\u2003 \u200c\u2003 \u200c\u2003 \u200c\u2003 \u200c\u2003 \u200c\u2003 \u200c\u2003 \u200c\u2003 \u200c\u2003 \u200c\u2003 \u200c\u2003 \u200c\u2003 \u200c\u2003 \u200c\u2003 \u200c\u2003 \u200c\u2003 \u200c\u2003 \u200c\u2003 \u200c\u2003 \u200c\u2003 \u200c\u2003 \u200c\u2003 \u200c\u2003 \u200c\u2003 \u200c\u2003 \u200c\u2003 \u200c\u2003 \u200c\u2003 \u200c\u2003 \u200c\u2003 \u200c\u2003 \u200c\u2003 \u200c\u2003 \u200c\u2003 \u200c\u2003 \u200c\u2003 \u200c\u2003 \u200c\u2003 \u200c\u2003 \u200c\u2003 \u200c\u2003 \u200c\u2003 \u200c\u2003 \u200c\u2003 \u200c\u2003 \u200c\u2003 \u200c\u2003 \u200c\u2003 \u200c\u2003 \u200c\u2003 \u200c\u2003 \u200c\u2003 \u200c\u2003 \u200c\u2003 \u200c\u2003 \u200c\u2003 \u200c\u2003 \u200c\u2003 \u200c\u2003 \u200c\u2003 \u200c\u2003 \u200c\u2003 \u200c\u2003 \u200c\u2003 \u200c\u2003 \u200c\u2003 \u200c\u2003 \u200c\u2003 \u200c\u2003 \u200c\u2003 \u200c\u2003 \u200c\u2003 \u200c\u2003 \u200c\u2003 \u200c\u2003 \u200c\u2003 \u200c\u2003 \u200c\u2003 \u200c\u2003 \u200c\u2003 \u200c\u2003 \u200c\u2003 \u200c\u2003 \u200c\u2003 \u200c\u2003 \u200c\u2003 \u200c\u2003 \u200c\u2003 \u200c\u2003 \u200c\u2003 \u200c\u2003 \u200c\u2003 \u200c\u2003 \u200c\u2003 \u200c\u2003 \u200c\u2003 \u200c\u2003 \u200c\u2003 \u200c\u2003 \u200c\u2003 \u200c\u2003 \u200c\u2003 \u200c\u2003 \u200c\u2003 \u200c\u2003 \u200c\u2003 \u200c\u2003 \u200c\u2003 \u200c\u2003 \u200c\u2003 \u200c\u2003 \u200c\u2003 \u200c\u2003 \u200c\u2003 \u200c💬黃枫銘评论了一条Reels。8月4日 08:18查看Jojo Liang 、黃枫銘和其他 40 位用户留下心情此邮件发给497720537@qq.com。 如果不希望再收到 Meta 的这类邮件，请退订。Meta Platforms, Inc., Attention: Community Support, 1 Meta Way, Menlo Park, CA 94025为保护你的主页安全，请勿转发这封邮件。详细了解', '今年的生日，好像只有一个目标——从早吃到晚。😄...\u200c\u2003 \u200c\u2003 \u200c\u2003 \u200c\u2003 \u200c\u2003 \u200c\u2003 \u200c\u2003 \u200c\u2003 \u200c\u2003 \u200c\u2003 \u200c\u2003 \u200c\u2003 \u200c\u2003 \u200c\u2003 \u200c\u2003 \u200c\u2003 \u200c\u2003 \u200c\u2003 \u200c\u2003 \u200c\u2003 \u200c\u2003 \u200c\u2003 \u200c\u2003 \u200c\u2003 \u200c\u2003 \u200c\u2003 \u200c\u2003 \u200c\u2003 \u200c\u2003 \u200c\u2003 \u200c\u2003 \u200c\u2003 \u200c\u2003 \u200c\u2003 \u200c\u2003 \u200c\u2003 \u200c\u2003 \u200c\u2003 \u200c\u2003 \u200c\u2003 \u200c\u2003 \u200c\u2003 \u200c\u2003 \u200c\u2003 \u200c\u2003 \u200c\u2003 \u200c\u2003 \u200c\u2003 \u200c\u2003 \u200c\u2003 \u200c\u2003 \u200c\u2003 \u200c\u2003 \u200c\u2003 \u200c\u2003 \u200c\u2003 \u200c\u2003 \u200c\u2003 \u200c\u2003 \u200c\u2003 \u200c\u2003 \u200c\u2003 \u200c\u2003 \u200c\u2003 \u200c\u2003 \u200c\u2003 \u200c\u2003 \u200c\u2003 \u200c\u2003 \u200c\u2003 \u200c\u2003 \u200c\u2003 \u200c\u2003 \u200c\u2003 \u200c\u2003 \u200c\u2003 \u200c\u2003 \u200c\u2003 \u200c\u2003 \u200c\u2003 \u200c\u2003 \u200c\u2003 \u200c\u2003 \u200c\u2003 \u200c\u2003 \u200c\u2003 \u200c\u2003 \u200c\u2003 \u200c\u2003 \u200c\u2003 \u200c\u2003 \u200c\u2003 \u200c\u2003 \u200c\u2003 \u200c\u2003 \u200c\u2003 \u200c\u2003 \u200c\u2003 \u200c\u2003 \u200c\u2003 \u200c\u2003 \u200c\u2003 \u200c\u2003 \u200c\u2003 \u200c\u2003 \u200c\u2003 \u200c\u2003 \u200c\u2003 \u200c\u2003 \u200c\u2003 \u200c\u2003 \u200c\u2003 \u200c\u2003 \u200c\u2003 \u200c\u2003 \u200c\u2003 \u200c\u2003 \u200c\u2003 \u200c\u2003 \u200c\u2003 \u200c\u2003 \u200c\u2003 \u200c\u2003 \u200c\u2003 \u200c\u2003 \u200c\u2003 \u200c\u2003 \u200c\u2003 \u200c\u2003 \u200c\u2003 \u200c\u2003 \u200c\u2003 \u200c\u2003 \u200c\u2003 \u200c\u2003 \u200c\u2003 \u200c\u2003 \u200c\u2003 \u200c\u2003 \u200c\u2003 \u200c\u2003 \u200c\u2003 \u200c\u2003 \u200c\u2003 \u200c\u2003 \u200c\u2003 \u200c\u2003 \u200c\u2003 \u200c\u2003 \u200c\u2003 \u200c\u2003 \u200c\u2003 \u200c\u2003 \u200c\u2003 \u200c\u2003 \u200c\u2003 \u200c\u2003 \u200c\u2003 \u200c\u2003 \u200c\u2003 \u200c\u2003 \u200c\u2003 \u200c\u2003 \u200c\u2003 \u200c\u2003 \u200c\u2003 \u200c\u2003 \u200c\u2003 \u200c\u2003 \u200c\u2003 \u200c\u2003 \u200c\u2003 \u200c\u2003 \u200c\u2003 \u200c\u2003 \u200c\u2003 \u200c\u2003 \u200c\u2003 \u200c\u2003 \u200c\u2003 \u200c\u2003 \u200c\u2003 \u200c\u2003 \u200c\u2003 \u200c\u2003 \u200c\u2003 \u200c\u2003 \u200c\u2003 \u200c\u2003 \u200c\u2003 \u200c\u2003 \u200c\u2003 \u200c\u2003 \u200c\u2003 \u200c\u2003 \u200c\u2003 \u200c\u2003 \u200c\u2003 \u200c\u2003 \u200c\u2003 \u200c\u2003 \u200c\u2003 \u200c\u2003 \u200c\u2003 \u200c\u2003 \u200c\u2003 \u200c\u2003 \u200c\u2003 \u200c\u2003 \u200c\u2003 \u200c\u2003 \u200c\u2003 \u200c\u2003 \u200c\u2003 \u200c\u2003 \u200c\u2003 \u200c\u2003 \u200c\u2003 \u200c\u2003 \u200c\u2003 \u200c\u2003 \u200c\u2003 \u200c\u2003 \u200c\u2003 \u200c\u2003 \u200c\u2003 \u200c\u2003 \u200c\u2003 \u200c\u2003 \u200c\u2003 \u200c\u2003 \u200c\u2003 \u200c\u2003 \u200c\u2003 \u200c\u2003 \u200c\u2003 \u200c\u2003 \u200c\u2003 \u200c\u2003 \u200c\u2003 \u200c\u2003 \u200c\u2003 \u200c\u2003 \u200c\u2003 \u200c\u2003 \u200c\u2003 \u200c\u2003 \u200c\u2003 \u200c\u2003 \u200c\u2003 \u200c\u2003 \u200c\u2003 \u200c\u2003 \u200c\u2003 \u200c\u2003 \u200c\u2003 \u200c\u2003 \u200c\u2003 \u200c\u2003 \u200c\u2003 \u200c\u2003 \u200c\u2003 \u200c\u2003 \u200c\u2003 \u200c\u2003 \u200c\u2003 \u200c\u2003 \u200c\u2003 \u200c\u2003 \u200c\u2003 \u200c\u2003 \u200c\u2003 \u200c\u2003 \u200c\u2003 \u200c\u2003 \u200c\u2003 \u200c\u2003 \u200c\u2003 \u200c\u2003 \u200c\u2003 \u200c\u2003 \u200c\u2003 \u200c\u2003 \u200c\u2003 \u200c\u2003 \u200c\u2003 \u200c\u2003 \u200c\u2003 \u200c\u2003 \u200c\u2003 \u200c\u2003 \u200c\u2003 \u200c\u2003 \u200c\u2003 \u200c\u2003 \u200c\u2003 \u200c\u2003 \u200c\u2003 \u200c\u2003 \u200c💬黃枫銘评论了一条Reels。8月4日 08:18查看Jojo Liang 、黃枫銘和其他 40 位用户留下心情此邮件发给497720537@qq.com。 如果不希望再收到 Meta 的这类邮件，请退订。Meta Platforms, Inc., Attention: Community Support, 1 Meta Way, Menlo Park, CA 94025为保护你的主页安全，请勿转发这封邮件。详细了解', '', '今年的生日，好像只有一个目标——从早吃到晚。😄...\u200c\u2003 \u200c\u2003 \u200c\u2003 \u200c\u2003 \u200c\u2003 \u200c\u2003 \u200c\u2003 \u200c\u2003 \u200c\u2003 \u200c\u2003 \u200c\u2003 \u200c\u2003 \u200c\u2003 \u200c\u2003 \u200c\u2003 \u200c\u2003 \u200c\u2003 \u200c\u2003 \u200c\u2003 \u200c\u2003 \u200c\u2003 \u200c\u2003 \u200c\u2003 \u200c\u2003 \u200c\u2003 \u200c\u2003 \u200c\u2003 \u200c\u2003 \u200c\u2003 \u200c\u2003 \u200c\u2003 \u200c\u2003 \u200c\u2003 \u200c\u2003 \u200c\u2003 \u200c\u2003 \u200c\u2003 \u200c\u2003 \u200c\u2003 \u200c\u2003 \u200c\u2003 \u200c\u2003 \u200c\u2003 \u200c\u2003 \u200c\u2003 \u200c\u2003 \u200c\u2003 \u200c\u2003 \u200c\u2003 \u200c\u2003 \u200c\u2003 \u200c\u2003 \u200c\u2003 \u200c\u2003 \u200c\u2003 \u200c\u2003 \u200c\u2003 \u200c\u2003 \u200c\u2003 \u200c\u2003 \u200c\u2003 \u200c\u2003 \u200c\u2003 \u200c\u2003 \u200c\u2003 \u200c\u2003 \u200c\u2003 \u200c\u2003 \u200c\u2003 \u200c\u2003 \u200c\u2003 \u200c\u2003 \u200c\u2003 \u200c\u2003 \u200c\u2003 \u200c\u2003 \u200c\u2003 \u200c\u2003 \u200c\u2003 \u200c\u2003 \u200c\u2003 \u200c\u2003 \u200c\u2003 \u200c\u2003 \u200c\u2003 \u200c\u2003 \u200c\u2003 \u200c\u2003 \u200c\u2003 \u200c\u2003 \u200c\u2003 \u200c\u2003 \u200c\u2003 \u200c\u2003 \u200c\u2003 \u200c\u2003 \u200c\u2003 \u200c\u2003 \u200c\u2003 \u200c\u2003 \u200c\u2003 \u200c\u2003 \u200c\u2003 \u200c\u2003 \u200c\u2003 \u200c\u2003 \u200c\u2003 \u200c\u2003 \u200c\u2003 \u200c\u2003 \u200c\u2003 \u200c\u2003 \u200c\u2003 \u200c\u2003 \u200c\u2003 \u200c\u2003 \u200c\u2003 \u200c\u2003 \u200c\u2003 \u200c\u2003 \u200c\u2003 \u200c\u2003 \u200c\u2003 \u200c\u2003 \u200c\u2003 \u200c\u2003 \u200c\u2003 \u200c\u2003 \u200c\u2003 \u200c\u2003 \u200c\u2003 \u200c\u2003 \u200c\u2003 \u200c\u2003 \u200c\u2003 \u200c\u2003 \u200c\u2003 \u200c\u2003 \u200c\u2003 \u200c\u2003 \u200c\u2003 \u200c\u2003 \u200c\u2003 \u200c\u2003 \u200c\u2003 \u200c\u2003 \u200c\u2003 \u200c\u2003 \u200c\u2003 \u200c\u2003 \u200c\u2003 \u200c\u2003 \u200c\u2003 \u200c\u2003 \u200c\u2003 \u200c\u2003 \u200c\u2003 \u200c\u2003 \u200c\u2003 \u200c\u2003 \u200c\u2003 \u200c\u2003 \u200c\u2003 \u200c\u2003 \u200c\u2003 \u200c\u2003 \u200c\u2003 \u200c\u2003 \u200c\u2003 \u200c\u2003 \u200c\u2003 \u200c\u2003 \u200c\u2003 \u200c\u2003 \u200c\u2003 \u200c\u2003 \u200c\u2003 \u200c\u2003 \u200c\u2003 \u200c\u2003 \u200c\u2003 \u200c\u2003 \u200c\u2003 \u200c\u2003 \u200c\u2003 \u200c\u2003 \u200c\u2003 \u200c\u2003 \u200c\u2003 \u200c\u2003 \u200c\u2003 \u200c\u2003 \u200c\u2003 \u200c\u2003 \u200c\u2003 \u200c\u2003 \u200c\u2003 \u200c\u2003 \u200c\u2003 \u200c\u2003 \u200c\u2003 \u200c\u2003 \u200c\u2003 \u200c\u2003 \u200c\u2003 \u200c\u2003 \u200c\u2003 \u200c\u2003 \u200c\u2003 \u200c\u2003 \u200c\u2003 \u200c\u2003 \u200c\u2003 \u200c\u2003 \u200c\u2003 \u200c\u2003 \u200c\u2003 \u200c\u2003 \u200c\u2003 \u200c\u2003 \u200c\u2003 \u200c\u2003 \u200c\u2003 \u200c\u2003 \u200c\u2003 \u200c\u2003 \u200c\u2003 \u200c\u2003 \u200c\u2003 \u200c\u2003 \u200c\u2003 \u200c\u2003 \u200c\u2003 \u200c\u2003 \u200c\u2003 \u200c\u2003 \u200c\u2003 \u200c\u2003 \u200c\u2003 \u200c\u2003 \u200c\u2003 \u200c\u2003 \u200c\u2003 \u200c\u2003 \u200c\u2003 \u200c\u2003 \u200c\u2003 \u200c\u2003 \u200c\u2003 \u200c\u2003 \u200c\u2003 \u200c\u2003 \u200c\u2003 \u200c\u2003 \u200c\u2003 \u200c\u2003 \u200c\u2003 \u200c\u2003 \u200c\u2003 \u200c\u2003 \u200c\u2003 \u200c\u2003 \u200c\u2003 \u200c\u2003 \u200c\u2003 \u200c\u2003 \u200c\u2003 \u200c\u2003 \u200c\u2003 \u200c\u2003 \u200c\u2003 \u200c\u2003 \u200c\u2003 \u200c\u2003 \u200c\u2003 \u200c\u2003 \u200c\u2003 \u200c\u2003 \u200c\u2003 \u200c\u2003 \u200c\u2003 \u200c\u2003 \u200c\u2003 \u200c\u2003 \u200c\u2003 \u200c\u2003 \u200c\u2003 \u200c\u2003 \u200c\u2003 \u200c\u2003 \u200c\u2003 \u200c\u2003 \u200c\u2003 \u200c\u2003 \u200c\u2003 \u200c\u2003 \u200c\u2003 \u200c\u2003 \u200c\u2003 \u200c', '', '', '', '', '', '', '', '', '', '', '', '', '', '', '💬黃枫銘评论了一条Reels。8月4日 08:18查看Jojo Liang 、黃枫銘和其他 40 位用户留下心情', '', '💬黃枫銘评论了一条Reels。8月4日 08:18查看Jojo Liang 、黃枫銘和其他 40 位用户留下心情', '💬黃枫銘评论了一条Reels。8月4日 08:18查看', '', '', '💬黃枫銘评论了一条Reels。8月4日 08:18查看', '💬黃枫銘评论了一条Reels。8月4日 08:18', '💬黃枫銘评论了一条Reels。', '', '8月4日 08:18', '', '查看', '查看', '', 'Jojo Liang 、黃枫銘和其他 40 位用户留下心情', '', '', 'Jojo Liang 、黃枫銘和其他 40 位用户留下心情', '', '', '', '此邮件发给497720537@qq.com。 如果不希望再收到 Meta 的这类邮件，请退订。Meta Platforms, Inc., Attention: Community Support, 1 Meta Way, Menlo Park, CA 94025', '', '此邮件发给497720537@qq.com。 如果不希望再收到 Meta 的这类邮件，请退订。Meta Platforms, Inc., Attention: Community Support, 1 Meta Way, Menlo Park, CA 94025', '', '', '为保护你的主页安全，请勿转发这封邮件。详细了解', '为保护你的主页安全，请勿转发这封邮件。详细了解', '', '']
[2026-08-05 13:26:11] QQ-主 邮件 5835 无有效信号
[2026-08-05 13:26:12]  QQ-主 正在解析因子: =?UTF-8?B?QWRkIFBvc2l0aXZlIFNTTCBmb3IgSnVzdCAkNi45OSAtIFNwZWNpYWwgT2ZmZXI=?=
[2026-08-05 13:26:12]  QQ-主 邮件 5836 无 HTML 表格
[2026-08-05 13:26:12]  正在连接 QQ-备用 邮箱服务器 (shouqianbadavid@qq.com) ...
[2026-08-05 13:26:48]  正在连接 QQ-主 邮箱服务器 (497720537@qq.com) ...
[2026-08-05 13:26:49]  正在连接 QQ-备用 邮箱服务器 (shouqianbadavid@qq.com) ...
[2026-08-05 13:27:25]  正在连接 QQ-主 邮箱服务器 (497720537@qq.com) ...
[2026-08-05 13:27:25]  正在连接 QQ-备用 邮箱服务器 (shouqianbadavid@qq.com) ...
[2026-08-05 13:28:01]  正在连接 QQ-主 邮箱服务器 (497720537@qq.com) ...
[2026-08-05 13:28:02]  正在连接 QQ-备用 邮箱服务器 (shouqianbadavid@qq.com) ...
[2026-08-05 13:28:38]  正在连接 QQ-主 邮箱服务器 (497720537@qq.com) ...
[2026-08-05 13:28:38]  正在连接 QQ-备用 邮箱服务器 (shouqianbadavid@qq.com) ...
[2026-08-05 13:29:14]  正在连接 QQ-主 邮箱服务器 (497720537@qq.com) ...
[2026-08-05 13:29:14]  正在连接 QQ-备用 邮箱服务器 (shouqianbadavid@qq.com) ...
[2026-08-05 13:29:50]  正在连接 QQ-主 邮箱服务器 (497720537@qq.com) ...
[2026-08-05 13:29:50]  正在连接 QQ-备用 邮箱服务器 (shouqianbadavid@qq.com) ...
[2026-08-05 13:30:26]  正在连接 QQ-主 邮箱服务器 (497720537@qq.com) ...
[2026-08-05 13:30:26]  正在连接 QQ-备用 邮箱服务器 (shouqianbadavid@qq.com) ...
[2026-08-05 13:31:02]  正在连接 QQ-主 邮箱服务器 (497720537@qq.com) ...
[2026-08-05 13:31:02]  正在连接 QQ-备用 邮箱服务器 (shouqianbadavid@qq.com) ...
[2026-08-05 13:31:38]  正在连接 QQ-主 邮箱服务器 (497720537@qq.com) ...
[2026-08-05 13:31:39]  正在连接 QQ-备用 邮箱服务器 (shouqianbadavid@qq.com) ...
[2026-08-05 13:32:14]  正在连接 QQ-主 邮箱服务器 (497720537@qq.com) ...
[2026-08-05 13:32:15]  正在连接 QQ-备用 邮箱服务器 (shouqianbadavid@qq.com) ...
[2026-08-05 13:32:50]  正在连接 QQ-主 邮箱服务器 (497720537@qq.com) ...
[2026-08-05 13:32:51]  正在连接 QQ-备用 邮箱服务器 (shouqianbadavid@qq.com) ...
[2026-08-05 13:33:26]  正在连接 QQ-主 邮箱服务器 (497720537@qq.com) ...
[2026-08-05 13:33:27]  正在连接 QQ-备用 邮箱服务器 (shouqianbadavid@qq.com) ...
[2026-08-05 13:34:02]  正在连接 QQ-主 邮箱服务器 (497720537@qq.com) ...
[2026-08-05 13:34:03]  正在连接 QQ-备用 邮箱服务器 (shouqianbadavid@qq.com) ...
[2026-08-05 13:34:38]  正在连接 QQ-主 邮箱服务器 (497720537@qq.com) ...
[2026-08-05 13:34:39]  QQ-主 正在解析因子: =?utf-8?b?6L+Z5Lqb5paH5Lu25piv6L+R5pyf5LuO5L2g55qEIE9uZURyaXZl?=
 =?utf-8?b?IOS4reWIoOmZpOeahA==?=
[2026-08-05 13:34:39]  发现表格，共 20 行数据
[2026-08-05 13:34:39]  表头映射失败，未找到指定列名。当前表头: ['将在文件删除后 30 天从 OneDrive 回收站中永久删除它们']
[2026-08-05 13:34:39] QQ-主 邮件 5837 无有效信号
[2026-08-05 13:34:39]  正在连接 QQ-备用 邮箱服务器 (shouqianbadavid@qq.com) ...
[2026-08-05 13:35:15]  正在连接 QQ-主 邮箱服务器 (497720537@qq.com) ...
[2026-08-05 13:35:15]  正在连接 QQ-备用 邮箱服务器 (shouqianbadavid@qq.com) ...
[2026-08-05 13:35:51]  正在连接 QQ-主 邮箱服务器 (497720537@qq.com) ...
[2026-08-05 13:35:52]  正在连接 QQ-备用 邮箱服务器 (shouqianbadavid@qq.com) ...
[2026-08-05 13:36:27]  正在连接 QQ-主 邮箱服务器 (497720537@qq.com) ...
[2026-08-05 13:36:28]  正在连接 QQ-备用 邮箱服务器 (shouqianbadavid@qq.com) ...
[2026-08-05 13:37:04]  正在连接 QQ-主 邮箱服务器 (497720537@qq.com) ...
[2026-08-05 13:37:04]  正在连接 QQ-备用 邮箱服务器 (shouqianbadavid@qq.com) ...
[2026-08-05 13:37:40]  正在连接 QQ-主 邮箱服务器 (497720537@qq.com) ...
[2026-08-05 13:37:41]  正在连接 QQ-备用 邮箱服务器 (shouqianbadavid@qq.com) ...
[2026-08-05 13:38:16]  正在连接 QQ-主 邮箱服务器 (497720537@qq.com) ...
[2026-08-05 13:38:17]  正在连接 QQ-备用 邮箱服务器 (shouqianbadavid@qq.com) ...
[2026-08-05 13:38:52]  正在连接 QQ-主 邮箱服务器 (497720537@qq.com) ...
[2026-08-05 13:38:55]  正在连接 QQ-备用 邮箱服务器 (shouqianbadavid@qq.com) ...
[2026-08-05 13:39:33]  正在连接 QQ-主 邮箱服务器 (497720537@qq.com) ...
[2026-08-05 13:39:33]  正在连接 QQ-备用 邮箱服务器 (shouqianbadavid@qq.com) ...
[2026-08-05 13:40:09]  正在连接 QQ-主 邮箱服务器 (497720537@qq.com) ...
[2026-08-05 13:40:10]  正在连接 QQ-备用 邮箱服务器 (shouqianbadavid@qq.com) ...
[2026-08-05 13:40:45]  正在连接 QQ-主 邮箱服务器 (497720537@qq.com) ...
[2026-08-05 13:40:46]  正在连接 QQ-备用 邮箱服务器 (shouqianbadavid@qq.com) ...
[2026-08-05 13:41:21]  正在连接 QQ-主 邮箱服务器 (497720537@qq.com) ...
[2026-08-05 13:41:22]  正在连接 QQ-备用 邮箱服务器 (shouqianbadavid@qq.com) ...
[2026-08-05 13:41:57]  正在连接 QQ-主 邮箱服务器 (497720537@qq.com) ...
[2026-08-05 13:41:58]  正在连接 QQ-备用 邮箱服务器 (shouqianbadavid@qq.com) ...
[2026-08-05 13:42:33]  正在连接 QQ-主 邮箱服务器 (497720537@qq.com) ...
[2026-08-05 13:42:34]  正在连接 QQ-备用 邮箱服务器 (shouqianbadavid@qq.com) ...
[2026-08-05 13:43:09]  正在连接 QQ-主 邮箱服务器 (497720537@qq.com) ...
[2026-08-05 13:43:10]  正在连接 QQ-备用 邮箱服务器 (shouqianbadavid@qq.com) ...
[2026-08-05 13:43:46]  正在连接 QQ-主 邮箱服务器 (497720537@qq.com) ...
[2026-08-05 13:43:46]  正在连接 QQ-备用 邮箱服务器 (shouqianbadavid@qq.com) ...
[2026-08-05 13:44:22]  正在连接 QQ-主 邮箱服务器 (497720537@qq.com) ...
[2026-08-05 13:44:23]  正在连接 QQ-备用 邮箱服务器 (shouqianbadavid@qq.com) ...
[2026-08-05 13:44:59]  正在连接 QQ-主 邮箱服务器 (497720537@qq.com) ...
[2026-08-05 13:44:59]  正在连接 QQ-备用 邮箱服务器 (shouqianbadavid@qq.com) ...
[2026-08-05 13:45:35]  正在连接 QQ-主 邮箱服务器 (497720537@qq.com) ...
[2026-08-05 13:45:35]  正在连接 QQ-备用 邮箱服务器 (shouqianbadavid@qq.com) ...
[2026-08-05 13:46:11]  正在连接 QQ-主 邮箱服务器 (497720537@qq.com) ...
[2026-08-05 13:46:12]  正在连接 QQ-备用 邮箱服务器 (shouqianbadavid@qq.com) ...
[2026-08-05 13:46:48]  正在连接 QQ-主 邮箱服务器 (497720537@qq.com) ...
[2026-08-05 13:46:48]  正在连接 QQ-备用 邮箱服务器 (shouqianbadavid@qq.com) ...
[2026-08-05 13:47:24]  正在连接 QQ-主 邮箱服务器 (497720537@qq.com) ...
[2026-08-05 13:47:24]  正在连接 QQ-备用 邮箱服务器 (shouqianbadavid@qq.com) ...
[2026-08-05 13:48:00]  正在连接 QQ-主 邮箱服务器 (497720537@qq.com) ...
[2026-08-05 13:48:00]  正在连接 QQ-备用 邮箱服务器 (shouqianbadavid@qq.com) ...
[2026-08-05 13:48:36]  正在连接 QQ-主 邮箱服务器 (497720537@qq.com) ...
[2026-08-05 13:48:37]  正在连接 QQ-备用 邮箱服务器 (shouqianbadavid@qq.com) ...
[2026-08-05 13:49:12]  正在连接 QQ-主 邮箱服务器 (497720537@qq.com) ...
[2026-08-05 13:49:13]  正在连接 QQ-备用 邮箱服务器 (shouqianbadavid@qq.com) ...
[2026-08-05 13:49:48]  正在连接 QQ-主 邮箱服务器 (497720537@qq.com) ...
[2026-08-05 13:49:49]  正在连接 QQ-备用 邮箱服务器 (shouqianbadavid@qq.com) ...
[2026-08-05 13:50:24]  正在连接 QQ-主 邮箱服务器 (497720537@qq.com) ...
[2026-08-05 13:50:25]  正在连接 QQ-备用 邮箱服务器 (shouqianbadavid@qq.com) ...
[2026-08-05 13:51:00]  正在连接 QQ-主 邮箱服务器 (497720537@qq.com) ...
[2026-08-05 13:51:01]  正在连接 QQ-备用 邮箱服务器 (shouqianbadavid@qq.com) ...
[2026-08-05 13:51:37]  正在连接 QQ-主 邮箱服务器 (497720537@qq.com) ...
[2026-08-05 13:51:37]  正在连接 QQ-备用 邮箱服务器 (shouqianbadavid@qq.com) ...
[2026-08-05 13:52:13]  正在连接 QQ-主 邮箱服务器 (497720537@qq.com) ...
[2026-08-05 13:52:14]  正在连接 QQ-备用 邮箱服务器 (shouqianbadavid@qq.com) ...
[2026-08-05 13:52:49]  正在连接 QQ-主 邮箱服务器 (497720537@qq.com) ...
[2026-08-05 13:52:50]  正在连接 QQ-备用 邮箱服务器 (shouqianbadavid@qq.com) ...
[2026-08-05 13:53:26]  正在连接 QQ-主 邮箱服务器 (497720537@qq.com) ...
[2026-08-05 13:53:26]  正在连接 QQ-备用 邮箱服务器 (shouqianbadavid@qq.com) ...
[2026-08-05 13:54:02]  正在连接 QQ-主 邮箱服务器 (497720537@qq.com) ...
[2026-08-05 13:54:02]  正在连接 QQ-备用 邮箱服务器 (shouqianbadavid@qq.com) ...
[2026-08-05 13:55:42]  正在连接 QQ-主 邮箱服务器 (497720537@qq.com) ...
[2026-08-05 13:55:43]  正在连接 QQ-备用 邮箱服务器 (shouqianbadavid@qq.com) ...
[2026-08-05 13:56:19]  正在连接 QQ-主 邮箱服务器 (497720537@qq.com) ...
[2026-08-05 13:56:21]  正在连接 QQ-备用 邮箱服务器 (shouqianbadavid@qq.com) ...
[2026-08-05 13:56:57]  正在连接 QQ-主 邮箱服务器 (497720537@qq.com) ...
[2026-08-05 13:56:57]  正在连接 QQ-备用 邮箱服务器 (shouqianbadavid@qq.com) ...
[2026-08-05 13:57:33]  正在连接 QQ-主 邮箱服务器 (497720537@qq.com) ...
[2026-08-05 13:57:33]  正在连接 QQ-备用 邮箱服务器 (shouqianbadavid@qq.com) ...
[2026-08-05 13:58:09]  正在连接 QQ-主 邮箱服务器 (497720537@qq.com) ...
[2026-08-05 13:58:09]  正在连接 QQ-备用 邮箱服务器 (shouqianbadavid@qq.com) ...
[2026-08-05 13:58:45]  正在连接 QQ-主 邮箱服务器 (497720537@qq.com) ...
[2026-08-05 13:58:46]  正在连接 QQ-备用 邮箱服务器 (shouqianbadavid@qq.com) ...
[2026-08-05 13:59:21]  正在连接 QQ-主 邮箱服务器 (497720537@qq.com) ...
[2026-08-05 13:59:22]  正在连接 QQ-备用 邮箱服务器 (shouqianbadavid@qq.com) ...
[2026-08-05 13:59:58]  正在连接 QQ-主 邮箱服务器 (497720537@qq.com) ...
[2026-08-05 13:59:58]  正在连接 QQ-备用 邮箱服务器 (shouqianbadavid@qq.com) ...
[2026-08-05 14:00:34]  正在连接 QQ-主 邮箱服务器 (497720537@qq.com) ...
[2026-08-05 14:00:34]  正在连接 QQ-备用 邮箱服务器 (shouqianbadavid@qq.com) ...
[2026-08-05 14:01:10]  正在连接 QQ-主 邮箱服务器 (497720537@qq.com) ...
[2026-08-05 14:01:11]  正在连接 QQ-备用 邮箱服务器 (shouqianbadavid@qq.com) ...
[2026-08-05 14:01:46]  正在连接 QQ-主 邮箱服务器 (497720537@qq.com) ...
[2026-08-05 14:01:47]  正在连接 QQ-备用 邮箱服务器 (shouqianbadavid@qq.com) ...
[2026-08-05 14:02:22]  正在连接 QQ-主 邮箱服务器 (497720537@qq.com) ...
[2026-08-05 14:02:23]  正在连接 QQ-备用 邮箱服务器 (shouqianbadavid@qq.com) ...
[2026-08-05 14:06:50]  正在连接 QQ-主 邮箱服务器 (497720537@qq.com) ...
[2026-08-05 14:06:51]  正在连接 QQ-备用 邮箱服务器 (shouqianbadavid@qq.com) ...
[2026-08-05 14:07:26]  正在连接 QQ-主 邮箱服务器 (497720537@qq.com) ...
[2026-08-05 14:07:27]  正在连接 QQ-备用 邮箱服务器 (shouqianbadavid@qq.com) ...
[2026-08-05 14:08:02]  正在连接 QQ-主 邮箱服务器 (497720537@qq.com) ...
[2026-08-05 14:08:03]  正在连接 QQ-备用 邮箱服务器 (shouqianbadavid@qq.com) ...
[2026-08-05 14:08:38]  正在连接 QQ-主 邮箱服务器 (497720537@qq.com) ...
[2026-08-05 14:08:39]  正在连接 QQ-备用 邮箱服务器 (shouqianbadavid@qq.com) ...
[2026-08-05 14:09:14]  正在连接 QQ-主 邮箱服务器 (497720537@qq.com) ...
[2026-08-05 14:09:15]  正在连接 QQ-备用 邮箱服务器 (shouqianbadavid@qq.com) ...
[2026-08-05 14:09:50]  正在连接 QQ-主 邮箱服务器 (497720537@qq.com) ...
[2026-08-05 14:09:51]  正在连接 QQ-备用 邮箱服务器 (shouqianbadavid@qq.com) ...
[2026-08-05 14:10:27]  正在连接 QQ-主 邮箱服务器 (497720537@qq.com) ...
[2026-08-05 14:10:27]  正在连接 QQ-备用 邮箱服务器 (shouqianbadavid@qq.com) ...
[2026-08-05 14:11:03]  正在连接 QQ-主 邮箱服务器 (497720537@qq.com) ...
[2026-08-05 14:11:03]  正在连接 QQ-备用 邮箱服务器 (shouqianbadavid@qq.com) ...
[2026-08-05 14:11:39]  正在连接 QQ-主 邮箱服务器 (497720537@qq.com) ...
[2026-08-05 14:11:39]  正在连接 QQ-备用 邮箱服务器 (shouqianbadavid@qq.com) ...
[2026-08-05 14:12:15]  正在连接 QQ-主 邮箱服务器 (497720537@qq.com) ...
[2026-08-05 14:12:16]  正在连接 QQ-备用 邮箱服务器 (shouqianbadavid@qq.com) ...
[2026-08-05 14:12:51]  正在连接 QQ-主 邮箱服务器 (497720537@qq.com) ...
[2026-08-05 14:12:51]  正在连接 QQ-备用 邮箱服务器 (shouqianbadavid@qq.com) ...
[2026-08-05 14:13:27]  正在连接 QQ-主 邮箱服务器 (497720537@qq.com) ...
[2026-08-05 14:13:27]  正在连接 QQ-备用 邮箱服务器 (shouqianbadavid@qq.com) ...
[2026-08-05 14:14:03]  正在连接 QQ-主 邮箱服务器 (497720537@qq.com) ...
[2026-08-05 14:14:03]  正在连接 QQ-备用 邮箱服务器 (shouqianbadavid@qq.com) ...
[2026-08-05 14:14:39]  正在连接 QQ-主 邮箱服务器 (497720537@qq.com) ...
[2026-08-05 14:14:39]  正在连接 QQ-备用 邮箱服务器 (shouqianbadavid@qq.com) ...
[2026-08-05 14:15:15]  正在连接 QQ-主 邮箱服务器 (497720537@qq.com) ...
[2026-08-05 14:15:15]  正在连接 QQ-备用 邮箱服务器 (shouqianbadavid@qq.com) ...
[2026-08-05 14:15:51]  正在连接 QQ-主 邮箱服务器 (497720537@qq.com) ...
[2026-08-05 14:15:51]  正在连接 QQ-备用 邮箱服务器 (shouqianbadavid@qq.com) ...
[2026-08-05 14:16:27]  正在连接 QQ-主 邮箱服务器 (497720537@qq.com) ...
[2026-08-05 14:16:27]  正在连接 QQ-备用 邮箱服务器 (shouqianbadavid@qq.com) ...
[2026-08-05 14:17:03]  正在连接 QQ-主 邮箱服务器 (497720537@qq.com) ...
[2026-08-05 14:17:03]  正在连接 QQ-备用 邮箱服务器 (shouqianbadavid@qq.com) ...
[2026-08-05 14:17:38]  正在连接 QQ-主 邮箱服务器 (497720537@qq.com) ...
[2026-08-05 14:17:39]  正在连接 QQ-备用 邮箱服务器 (shouqianbadavid@qq.com) ...
[2026-08-05 14:18:15]  正在连接 QQ-主 邮箱服务器 (497720537@qq.com) ...
[2026-08-05 14:18:15]  正在连接 QQ-备用 邮箱服务器 (shouqianbadavid@qq.com) ...
[2026-08-05 14:18:51]  正在连接 QQ-主 邮箱服务器 (497720537@qq.com) ...
[2026-08-05 14:18:51]  正在连接 QQ-备用 邮箱服务器 (shouqianbadavid@qq.com) ...
[2026-08-05 14:19:27]  正在连接 QQ-主 邮箱服务器 (497720537@qq.com) ...
[2026-08-05 14:19:27]  正在连接 QQ-备用 邮箱服务器 (shouqianbadavid@qq.com) ...
[2026-08-05 14:20:02]  正在连接 QQ-主 邮箱服务器 (497720537@qq.com) ...
[2026-08-05 14:20:03]  正在连接 QQ-备用 邮箱服务器 (shouqianbadavid@qq.com) ...
[2026-08-05 14:20:38]  正在连接 QQ-主 邮箱服务器 (497720537@qq.com) ...
[2026-08-05 14:20:39]  正在连接 QQ-备用 邮箱服务器 (shouqianbadavid@qq.com) ...
[2026-08-05 14:21:14]  正在连接 QQ-主 邮箱服务器 (497720537@qq.com) ...
[2026-08-05 14:21:15]  正在连接 QQ-备用 邮箱服务器 (shouqianbadavid@qq.com) ...
[2026-08-05 14:21:50]  正在连接 QQ-主 邮箱服务器 (497720537@qq.com) ...
[2026-08-05 14:21:51]  正在连接 QQ-备用 邮箱服务器 (shouqianbadavid@qq.com) ...
[2026-08-05 14:22:26]  正在连接 QQ-主 邮箱服务器 (497720537@qq.com) ...
[2026-08-05 14:22:27]  正在连接 QQ-备用 邮箱服务器 (shouqianbadavid@qq.com) ...
[2026-08-05 14:23:02]  正在连接 QQ-主 邮箱服务器 (497720537@qq.com) ...
[2026-08-05 14:23:03]  正在连接 QQ-备用 邮箱服务器 (shouqianbadavid@qq.com) ...
[2026-08-05 14:23:38]  正在连接 QQ-主 邮箱服务器 (497720537@qq.com) ...
[2026-08-05 14:23:38]  正在连接 QQ-备用 邮箱服务器 (shouqianbadavid@qq.com) ...
[2026-08-05 14:24:14]  正在连接 QQ-主 邮箱服务器 (497720537@qq.com) ...
[2026-08-05 14:24:14]  正在连接 QQ-备用 邮箱服务器 (shouqianbadavid@qq.com) ...
[2026-08-05 14:24:50]  正在连接 QQ-主 邮箱服务器 (497720537@qq.com) ...
[2026-08-05 14:24:50]  正在连接 QQ-备用 邮箱服务器 (shouqianbadavid@qq.com) ...
[2026-08-05 14:25:26]  正在连接 QQ-主 邮箱服务器 (497720537@qq.com) ...
[2026-08-05 14:25:26]  正在连接 QQ-备用 邮箱服务器 (shouqianbadavid@qq.com) ...
[2026-08-05 14:26:02]  正在连接 QQ-主 邮箱服务器 (497720537@qq.com) ...
[2026-08-05 14:26:02]  正在连接 QQ-备用 邮箱服务器 (shouqianbadavid@qq.com) ...
[2026-08-05 14:26:37]  正在连接 QQ-主 邮箱服务器 (497720537@qq.com) ...
[2026-08-05 14:26:38]  正在连接 QQ-备用 邮箱服务器 (shouqianbadavid@qq.com) ...
[2026-08-05 14:27:13]  正在连接 QQ-主 邮箱服务器 (497720537@qq.com) ...
[2026-08-05 14:27:14]  正在连接 QQ-备用 邮箱服务器 (shouqianbadavid@qq.com) ...
[2026-08-05 14:27:49]  正在连接 QQ-主 邮箱服务器 (497720537@qq.com) ...
[2026-08-05 14:27:50]  正在连接 QQ-备用 邮箱服务器 (shouqianbadavid@qq.com) ...
[2026-08-05 14:28:25]  正在连接 QQ-主 邮箱服务器 (497720537@qq.com) ...
[2026-08-05 14:28:26]  正在连接 QQ-备用 邮箱服务器 (shouqianbadavid@qq.com) ...
[2026-08-05 14:29:01]  正在连接 QQ-主 邮箱服务器 (497720537@qq.com) ...
[2026-08-05 14:29:02]  正在连接 QQ-备用 邮箱服务器 (shouqianbadavid@qq.com) ...
[2026-08-05 14:29:37]  正在连接 QQ-主 邮箱服务器 (497720537@qq.com) ...
[2026-08-05 14:29:37]  正在连接 QQ-备用 邮箱服务器 (shouqianbadavid@qq.com) ...
[2026-08-05 14:30:13]  正在连接 QQ-主 邮箱服务器 (497720537@qq.com) ...
[2026-08-05 14:30:13]  正在连接 QQ-备用 邮箱服务器 (shouqianbadavid@qq.com) ...
[2026-08-05 14:30:49]  正在连接 QQ-主 邮箱服务器 (497720537@qq.com) ...
[2026-08-05 14:30:49]  正在连接 QQ-备用 邮箱服务器 (shouqianbadavid@qq.com) ...
[2026-08-05 14:31:25]  正在连接 QQ-主 邮箱服务器 (497720537@qq.com) ...
[2026-08-05 14:31:25]  正在连接 QQ-备用 邮箱服务器 (shouqianbadavid@qq.com) ...
[2026-08-05 14:32:01]  正在连接 QQ-主 邮箱服务器 (497720537@qq.com) ...
[2026-08-05 14:32:01]  正在连接 QQ-备用 邮箱服务器 (shouqianbadavid@qq.com) ...
[2026-08-05 14:32:37]  正在连接 QQ-主 邮箱服务器 (497720537@qq.com) ...
[2026-08-05 14:32:37]  正在连接 QQ-备用 邮箱服务器 (shouqianbadavid@qq.com) ...
[2026-08-05 14:33:13]  正在连接 QQ-主 邮箱服务器 (497720537@qq.com) ...
[2026-08-05 14:33:13]  正在连接 QQ-备用 邮箱服务器 (shouqianbadavid@qq.com) ...
[2026-08-05 14:33:49]  正在连接 QQ-主 邮箱服务器 (497720537@qq.com) ...
[2026-08-05 14:33:49]  正在连接 QQ-备用 邮箱服务器 (shouqianbadavid@qq.com) ...
[2026-08-05 14:34:24]  正在连接 QQ-主 邮箱服务器 (497720537@qq.com) ...
[2026-08-05 14:34:25]  正在连接 QQ-备用 邮箱服务器 (shouqianbadavid@qq.com) ...
[2026-08-05 14:35:00]  正在连接 QQ-主 邮箱服务器 (497720537@qq.com) ...
[2026-08-05 14:35:00]  正在连接 QQ-备用 邮箱服务器 (shouqianbadavid@qq.com) ...
[2026-08-05 14:35:36]  正在连接 QQ-主 邮箱服务器 (497720537@qq.com) ...
[2026-08-05 14:35:36]  正在连接 QQ-备用 邮箱服务器 (shouqianbadavid@qq.com) ...
[2026-08-05 14:36:12]  正在连接 QQ-主 邮箱服务器 (497720537@qq.com) ...
[2026-08-05 14:36:12]  正在连接 QQ-备用 邮箱服务器 (shouqianbadavid@qq.com) ...
[2026-08-05 14:36:48]  正在连接 QQ-主 邮箱服务器 (497720537@qq.com) ...
[2026-08-05 14:36:48]  正在连接 QQ-备用 邮箱服务器 (shouqianbadavid@qq.com) ...
[2026-08-05 14:37:23]  正在连接 QQ-主 邮箱服务器 (497720537@qq.com) ...
[2026-08-05 14:37:24]  正在连接 QQ-备用 邮箱服务器 (shouqianbadavid@qq.com) ...
[2026-08-05 14:37:59]  正在连接 QQ-主 邮箱服务器 (497720537@qq.com) ...
[2026-08-05 14:38:00]  正在连接 QQ-备用 邮箱服务器 (shouqianbadavid@qq.com) ...
[2026-08-05 14:38:35]  正在连接 QQ-主 邮箱服务器 (497720537@qq.com) ...
[2026-08-05 14:38:36]  正在连接 QQ-备用 邮箱服务器 (shouqianbadavid@qq.com) ...
[2026-08-05 14:39:11]  正在连接 QQ-主 邮箱服务器 (497720537@qq.com) ...
[2026-08-05 14:39:12]  正在连接 QQ-备用 邮箱服务器 (shouqianbadavid@qq.com) ...
[2026-08-05 14:39:47]  正在连接 QQ-主 邮箱服务器 (497720537@qq.com) ...
[2026-08-05 14:39:47]  正在连接 QQ-备用 邮箱服务器 (shouqianbadavid@qq.com) ...
[2026-08-05 14:40:23]  正在连接 QQ-主 邮箱服务器 (497720537@qq.com) ...
[2026-08-05 14:40:23]  正在连接 QQ-备用 邮箱服务器 (shouqianbadavid@qq.com) ...
[2026-08-05 14:40:59]  正在连接 QQ-主 邮箱服务器 (497720537@qq.com) ...
[2026-08-05 14:40:59]  正在连接 QQ-备用 邮箱服务器 (shouqianbadavid@qq.com) ...
[2026-08-05 14:41:35]  正在连接 QQ-主 邮箱服务器 (497720537@qq.com) ...
[2026-08-05 14:41:35]  正在连接 QQ-备用 邮箱服务器 (shouqianbadavid@qq.com) ...
[2026-08-05 14:42:11]  正在连接 QQ-主 邮箱服务器 (497720537@qq.com) ...
[2026-08-05 14:42:11]  正在连接 QQ-备用 邮箱服务器 (shouqianbadavid@qq.com) ...
[2026-08-05 14:42:46]  正在连接 QQ-主 邮箱服务器 (497720537@qq.com) ...
[2026-08-05 14:42:47]  正在连接 QQ-备用 邮箱服务器 (shouqianbadavid@qq.com) ...
[2026-08-05 14:43:22]  正在连接 QQ-主 邮箱服务器 (497720537@qq.com) ...
[2026-08-05 14:43:23]  正在连接 QQ-备用 邮箱服务器 (shouqianbadavid@qq.com) ...
[2026-08-05 14:43:58]  正在连接 QQ-主 邮箱服务器 (497720537@qq.com) ...
[2026-08-05 14:43:59]  正在连接 QQ-备用 邮箱服务器 (shouqianbadavid@qq.com) ...
[2026-08-05 14:44:34]  正在连接 QQ-主 邮箱服务器 (497720537@qq.com) ...
[2026-08-05 14:44:35]  正在连接 QQ-备用 邮箱服务器 (shouqianbadavid@qq.com) ...
[2026-08-05 14:45:10]  正在连接 QQ-主 邮箱服务器 (497720537@qq.com) ...
[2026-08-05 14:45:11]  正在连接 QQ-备用 邮箱服务器 (shouqianbadavid@qq.com) ...
[2026-08-05 14:45:46]  正在连接 QQ-主 邮箱服务器 (497720537@qq.com) ...
[2026-08-05 14:45:46]  正在连接 QQ-备用 邮箱服务器 (shouqianbadavid@qq.com) ...
[2026-08-05 14:46:22]  正在连接 QQ-主 邮箱服务器 (497720537@qq.com) ...
[2026-08-05 14:46:22]  正在连接 QQ-备用 邮箱服务器 (shouqianbadavid@qq.com) ...
[2026-08-05 14:46:58]  正在连接 QQ-主 邮箱服务器 (497720537@qq.com) ...
[2026-08-05 14:46:59]  正在连接 QQ-备用 邮箱服务器 (shouqianbadavid@qq.com) ...
[2026-08-05 14:47:34]  正在连接 QQ-主 邮箱服务器 (497720537@qq.com) ...
[2026-08-05 14:47:35]  正在连接 QQ-备用 邮箱服务器 (shouqianbadavid@qq.com) ...
[2026-08-05 14:48:10]  正在连接 QQ-主 邮箱服务器 (497720537@qq.com) ...
[2026-08-05 14:48:11]  正在连接 QQ-备用 邮箱服务器 (shouqianbadavid@qq.com) ...
[2026-08-05 14:48:46]  正在连接 QQ-主 邮箱服务器 (497720537@qq.com) ...
[2026-08-05 14:48:46]  正在连接 QQ-备用 邮箱服务器 (shouqianbadavid@qq.com) ...
[2026-08-05 14:49:22]  正在连接 QQ-主 邮箱服务器 (497720537@qq.com) ...
[2026-08-05 14:49:22]  正在连接 QQ-备用 邮箱服务器 (shouqianbadavid@qq.com) ...
[2026-08-05 14:49:58]  正在连接 QQ-主 邮箱服务器 (497720537@qq.com) ...
[2026-08-05 14:49:58]  正在连接 QQ-备用 邮箱服务器 (shouqianbadavid@qq.com) ...
[2026-08-05 14:50:34]  正在连接 QQ-主 邮箱服务器 (497720537@qq.com) ...
[2026-08-05 14:50:34]  正在连接 QQ-备用 邮箱服务器 (shouqianbadavid@qq.com) ...
[2026-08-05 14:51:10]  正在连接 QQ-主 邮箱服务器 (497720537@qq.com) ...
[2026-08-05 14:51:10]  正在连接 QQ-备用 邮箱服务器 (shouqianbadavid@qq.com) ...
[2026-08-05 14:51:46]  正在连接 QQ-主 邮箱服务器 (497720537@qq.com) ...
[2026-08-05 14:51:46]  正在连接 QQ-备用 邮箱服务器 (shouqianbadavid@qq.com) ...
[2026-08-05 14:52:22]  正在连接 QQ-主 邮箱服务器 (497720537@qq.com) ...
[2026-08-05 14:52:22]  正在连接 QQ-备用 邮箱服务器 (shouqianbadavid@qq.com) ...
[2026-08-05 14:52:58]  正在连接 QQ-主 邮箱服务器 (497720537@qq.com) ...
[2026-08-05 14:52:58]  正在连接 QQ-备用 邮箱服务器 (shouqianbadavid@qq.com) ...
[2026-08-05 14:53:34]  正在连接 QQ-主 邮箱服务器 (497720537@qq.com) ...
[2026-08-05 14:53:34]  正在连接 QQ-备用 邮箱服务器 (shouqianbadavid@qq.com) ...
[2026-08-05 14:54:10]  正在连接 QQ-主 邮箱服务器 (497720537@qq.com) ...
[2026-08-05 14:54:10]  正在连接 QQ-备用 邮箱服务器 (shouqianbadavid@qq.com) ...
[2026-08-05 14:54:45]  正在连接 QQ-主 邮箱服务器 (497720537@qq.com) ...
[2026-08-05 14:54:46]  正在连接 QQ-备用 邮箱服务器 (shouqianbadavid@qq.com) ...
[2026-08-05 14:55:21]  正在连接 QQ-主 邮箱服务器 (497720537@qq.com) ...
[2026-08-05 14:55:22]  正在连接 QQ-备用 邮箱服务器 (shouqianbadavid@qq.com) ...
[2026-08-05 14:55:57]  正在连接 QQ-主 邮箱服务器 (497720537@qq.com) ...
[2026-08-05 14:55:58]  正在连接 QQ-备用 邮箱服务器 (shouqianbadavid@qq.com) ...
[2026-08-05 14:56:33]  正在连接 QQ-主 邮箱服务器 (497720537@qq.com) ...
[2026-08-05 14:56:34]  正在连接 QQ-备用 邮箱服务器 (shouqianbadavid@qq.com) ...
[2026-08-05 14:57:09]  正在连接 QQ-主 邮箱服务器 (497720537@qq.com) ...
[2026-08-05 14:57:10]  正在连接 QQ-备用 邮箱服务器 (shouqianbadavid@qq.com) ...
[2026-08-05 14:57:45]  正在连接 QQ-主 邮箱服务器 (497720537@qq.com) ...
[2026-08-05 14:57:46]  正在连接 QQ-备用 邮箱服务器 (shouqianbadavid@qq.com) ...
[2026-08-05 14:58:21]  正在连接 QQ-主 邮箱服务器 (497720537@qq.com) ...
[2026-08-05 14:58:21]  正在连接 QQ-备用 邮箱服务器 (shouqianbadavid@qq.com) ...
[2026-08-05 14:58:57]  正在连接 QQ-主 邮箱服务器 (497720537@qq.com) ...
[2026-08-05 14:58:57]  正在连接 QQ-备用 邮箱服务器 (shouqianbadavid@qq.com) ...
[2026-08-05 14:59:33]  正在连接 QQ-主 邮箱服务器 (497720537@qq.com) ...
[2026-08-05 14:59:34]  正在连接 QQ-备用 邮箱服务器 (shouqianbadavid@qq.com) ...
[2026-08-05 15:00:09]  正在连接 QQ-主 邮箱服务器 (497720537@qq.com) ...
[2026-08-05 15:00:10]  正在连接 QQ-备用 邮箱服务器 (shouqianbadavid@qq.com) ...
[2026-08-05 15:00:45]  正在连接 QQ-主 邮箱服务器 (497720537@qq.com) ...
[2026-08-05 15:00:46]  正在连接 QQ-备用 邮箱服务器 (shouqianbadavid@qq.com) ...
[2026-08-05 15:01:21]  正在连接 QQ-主 邮箱服务器 (497720537@qq.com) ...
[2026-08-05 15:01:22]  正在连接 QQ-备用 邮箱服务器 (shouqianbadavid@qq.com) ...
[2026-08-05 15:01:57]  正在连接 QQ-主 邮箱服务器 (497720537@qq.com) ...
[2026-08-05 15:01:57]  正在连接 QQ-备用 邮箱服务器 (shouqianbadavid@qq.com) ...
