[2026-06-19 07:38:40]  AlphaPilot 监听服务 (Pro 多邮箱版) 启动...
[2026-06-19 07:38:40]  信号保存目录: D:\mpython\signals
[2026-06-19 07:38:40]  日志文件: D:\mpython\logs_receiver\receiver_20260619.log
[2026-06-19 07:38:40]  正在连接 QQ-主 邮箱服务器 (497720537@qq.com) ...
[2026-06-19 07:38:41]  正在连接 QQ-备用 邮箱服务器 (shouqianbadavid@qq.com) ...
[2026-06-19 07:39:17]  正在连接 QQ-主 邮箱服务器 (497720537@qq.com) ...
[2026-06-19 07:39:33]  正在连接 QQ-备用 邮箱服务器 (shouqianbadavid@qq.com) ...
[2026-06-19 08:27:48]  AlphaPilot 监听服务 (Pro 多邮箱版) 启动...
[2026-06-19 08:27:48]  信号保存目录: D:\mpython\signals
[2026-06-19 08:27:48]  日志文件: D:\mpython\logs_receiver\receiver_20260619.log
[2026-06-19 08:27:48]  正在连接 QQ-主 邮箱服务器 (497720537@qq.com) ...
[2026-06-19 08:27:49]  QQ-主 正在解析因子: =?UTF-8?B?8J+RgCBIb2NrIExpb25nIE1v?=
 =?UTF-8?B?dG9yIOacieaWsOWKqOaAgQ==?=
[2026-06-19 08:27:49]  发现表格，共 32 行数据
[2026-06-19 08:27:49]  表头映射失败，未找到指定列名。当前表头: ['David Liang，这里是 Hock Liong Motor 最近发布的新照片哦。📷Hock Liong Motor发布了新照片。6月17日 14:02查看照片这封邮件：有用|没用此邮件发给497720537@qq.com。 如果不希望再收到 Meta 的这类邮件，请退订。Meta Platforms, Inc., Attention: Community Support, 1 Meta Way, Menlo Park, CA 94025为保护你的主页安全，请勿转发这封邮件。详细了解', 'David Liang，这里是 Hock Liong Motor 最近发布的新照片哦。📷Hock Liong Motor发布了新照片。6月17日 14:02查看照片这封邮件：有用|没用此邮件发给497720537@qq.com。 如果不希望再收到 Meta 的这类邮件，请退订。Meta Platforms, Inc., Attention: Community Support, 1 Meta Way, Menlo Park, CA 94025为保护你的主页安全，请勿转发这封邮件。详细了解', 'David Liang，这里是 Hock Liong Motor 最近发布的新照片哦。📷Hock Liong Motor发布了新照片。6月17日 14:02查看照片这封邮件：有用|没用此邮件发给497720537@qq.com。 如果不希望再收到 Meta 的这类邮件，请退订。Meta Platforms, Inc., Attention: Community Support, 1 Meta Way, Menlo Park, CA 94025为保护你的主页安全，请勿转发这封邮件。详细了解', '', 'David Liang，这里是 Hock Liong Motor 最近发布的新照片哦。', '', '', '', '', '', '', '', '', '', '', '', '', '', '', '📷Hock Liong Motor发布了新照片。6月17日 14:02查看照片', '', '📷Hock Liong Motor发布了新照片。6月17日 14:02查看照片', '📷Hock Liong Motor发布了新照片。6月17日 14:02查看照片', '', '', '📷Hock Liong Motor发布了新照片。6月17日 14:02查看照片', '📷Hock Liong Motor发布了新照片。6月17日 14:02', '📷Hock Liong Motor发布了新照片。', '', '6月17日 14:02', '', '查看照片', '查看照片', '', '', '', '', '', '这封邮件：有用|没用', '这封邮件：有用|没用', '', '', '', '此邮件发给497720537@qq.com。 如果不希望再收到 Meta 的这类邮件，请退订。Meta Platforms, Inc., Attention: Community Support, 1 Meta Way, Menlo Park, CA 94025', '', '此邮件发给497720537@qq.com。 如果不希望再收到 Meta 的这类邮件，请退订。Meta Platforms, Inc., Attention: Community Support, 1 Meta Way, Menlo Park, CA 94025', '', '', '为保护你的主页安全，请勿转发这封邮件。详细了解', '为保护你的主页安全，请勿转发这封邮件。详细了解', '', '']
[2026-06-19 08:27:49] QQ-主 邮件 4609 无有效信号
[2026-06-19 08:27:49]  正在连接 QQ-备用 邮箱服务器 (shouqianbadavid@qq.com) ...
[2026-06-19 08:28:25]  正在连接 QQ-主 邮箱服务器 (497720537@qq.com) ...
[2026-06-19 08:28:25]  正在连接 QQ-备用 邮箱服务器 (shouqianbadavid@qq.com) ...
[2026-06-19 08:29:01]  正在连接 QQ-主 邮箱服务器 (497720537@qq.com) ...
[2026-06-19 08:29:01]  正在连接 QQ-备用 邮箱服务器 (shouqianbadavid@qq.com) ...
[2026-06-19 08:29:37]  正在连接 QQ-主 邮箱服务器 (497720537@qq.com) ...
[2026-06-19 08:29:38]  正在连接 QQ-备用 邮箱服务器 (shouqianbadavid@qq.com) ...
[2026-06-19 08:30:14]  正在连接 QQ-主 邮箱服务器 (497720537@qq.com) ...
[2026-06-19 08:30:15]  正在连接 QQ-备用 邮箱服务器 (shouqianbadavid@qq.com) ...
[2026-06-19 08:30:50]  正在连接 QQ-主 邮箱服务器 (497720537@qq.com) ...
[2026-06-19 08:30:51]  正在连接 QQ-备用 邮箱服务器 (shouqianbadavid@qq.com) ...
[2026-06-19 08:31:27]  正在连接 QQ-主 邮箱服务器 (497720537@qq.com) ...
[2026-06-19 08:31:27]  正在连接 QQ-备用 邮箱服务器 (shouqianbadavid@qq.com) ...
[2026-06-19 08:32:03]  正在连接 QQ-主 邮箱服务器 (497720537@qq.com) ...
[2026-06-19 08:32:03]  正在连接 QQ-备用 邮箱服务器 (shouqianbadavid@qq.com) ...
[2026-06-19 08:32:39]  正在连接 QQ-主 邮箱服务器 (497720537@qq.com) ...
[2026-06-19 08:32:51]  正在连接 QQ-备用 邮箱服务器 (shouqianbadavid@qq.com) ...
[2026-06-19 08:33:27]  正在连接 QQ-主 邮箱服务器 (497720537@qq.com) ...
[2026-06-19 08:33:27]  正在连接 QQ-备用 邮箱服务器 (shouqianbadavid@qq.com) ...
[2026-06-19 08:34:03]  正在连接 QQ-主 邮箱服务器 (497720537@qq.com) ...
[2026-06-19 08:34:04]  正在连接 QQ-备用 邮箱服务器 (shouqianbadavid@qq.com) ...
[2026-06-19 08:34:40]  正在连接 QQ-主 邮箱服务器 (497720537@qq.com) ...
[2026-06-19 08:34:40]  正在连接 QQ-备用 邮箱服务器 (shouqianbadavid@qq.com) ...
[2026-06-19 08:35:16]  正在连接 QQ-主 邮箱服务器 (497720537@qq.com) ...
[2026-06-19 08:35:17]  正在连接 QQ-备用 邮箱服务器 (shouqianbadavid@qq.com) ...
[2026-06-19 08:35:52]  正在连接 QQ-主 邮箱服务器 (497720537@qq.com) ...
[2026-06-19 08:35:53]  正在连接 QQ-备用 邮箱服务器 (shouqianbadavid@qq.com) ...
[2026-06-19 08:36:28]  正在连接 QQ-主 邮箱服务器 (497720537@qq.com) ...
[2026-06-19 08:36:29]  正在连接 QQ-备用 邮箱服务器 (shouqianbadavid@qq.com) ...
[2026-06-19 09:31:42]  AlphaPilot 监听服务 (Pro 多邮箱版) 启动...
[2026-06-19 09:31:42]  信号保存目录: D:\mpython\signals
[2026-06-19 09:31:42]  日志文件: D:\mpython\logs_receiver\receiver_20260619.log
[2026-06-19 09:31:42]  正在连接 QQ-主 邮箱服务器 (497720537@qq.com) ...
[2026-06-19 09:31:43]  正在连接 QQ-备用 邮箱服务器 (shouqianbadavid@qq.com) ...
[2026-06-19 09:32:18]  正在连接 QQ-主 邮箱服务器 (497720537@qq.com) ...
[2026-06-19 09:32:19]  正在连接 QQ-备用 邮箱服务器 (shouqianbadavid@qq.com) ...
[2026-06-19 09:32:54]  正在连接 QQ-主 邮箱服务器 (497720537@qq.com) ...
[2026-06-19 09:32:55]  正在连接 QQ-备用 邮箱服务器 (shouqianbadavid@qq.com) ...
[2026-06-19 09:33:30]  正在连接 QQ-主 邮箱服务器 (497720537@qq.com) ...
[2026-06-19 09:33:31]  QQ-主 正在解析因子: =?utf-8?b?QWxwaGFQaWxvdCDlrp7ml7bkv6Hlj7cgKGFscGhhX3NpZ25hbF90aHJfMjAyNjA2MTlfMDkzMy5qc29uKSBb5Li7UVEt5a+55aSWXQ==?=
[2026-06-19 09:33:31]  发现表格，共 4 行数据
[2026-06-19 09:33:31]  动态索引映射: ['股票代码', '股票名称', '信号', '当前价格', '量比', '来源过滤']
[2026-06-19 09:33:31]  [行1] 解析成功: SHSE.601016 [节能风电] BUY @ 3.8 (VR:nan)
[2026-06-19 09:33:31]  [行2] 解析成功: SZSE.300037 [新宙邦] SELL @ 83.29 (VR:nan)
[2026-06-19 09:33:31]  [行3] 解析成功: SHSE.601016 [节能风电] BUY @ 3.8 (VR:nan)
[2026-06-19 09:33:31]  [行4] 解析成功: SZSE.300037 [新宙邦] SELL @ 83.29 (VR:nan)
[2026-06-19 09:33:31] 成功保存 4 条因子至: signal_batch_20260619_093331_074103.txt
[2026-06-19 09:33:31]  QQ-主 邮件 4610 处理完成
[2026-06-19 09:33:31]  QQ-主 本轮共成功处理 1 封有效信号邮件
[2026-06-19 09:33:31]  正在连接 QQ-备用 邮箱服务器 (shouqianbadavid@qq.com) ...
[2026-06-19 09:34:06]  正在连接 QQ-主 邮箱服务器 (497720537@qq.com) ...
[2026-06-19 09:34:07]  正在连接 QQ-备用 邮箱服务器 (shouqianbadavid@qq.com) ...
[2026-06-19 09:34:08]  QQ-备用 正在解析因子: =?utf-8?b?QWxwaGFQaWxvdCDlpIfku73kv6Hlj7cgKGFscGhhX3NpZ25hbF90aHJfMjAyNjA2MTlfMDkzMy5qc29uKSBb5aSHUVEt6Ieq5L+dXQ==?=
[2026-06-19 09:34:08]  发现表格，共 4 行数据
[2026-06-19 09:34:08]  动态索引映射: ['股票代码', '股票名称', '信号', '当前价格', '量比', '来源过滤']
[2026-06-19 09:34:08]  [行1] 解析成功: SHSE.601016 [节能风电] BUY @ 3.8 (VR:nan)
[2026-06-19 09:34:08]  [行2] 解析成功: SZSE.300037 [新宙邦] SELL @ 83.29 (VR:nan)
[2026-06-19 09:34:08]  [行3] 解析成功: SHSE.601016 [节能风电] BUY @ 3.8 (VR:nan)
[2026-06-19 09:34:08]  [行4] 解析成功: SZSE.300037 [新宙邦] SELL @ 83.29 (VR:nan)
[2026-06-19 09:34:08] 成功保存 4 条因子至: signal_batch_20260619_093408_619867.txt
[2026-06-19 09:34:08]  QQ-备用 邮件 2396 处理完成
[2026-06-19 09:34:08]  QQ-备用 本轮共成功处理 1 封有效信号邮件
[2026-06-19 09:34:43]  正在连接 QQ-主 邮箱服务器 (497720537@qq.com) ...
[2026-06-19 09:34:44]  正在连接 QQ-备用 邮箱服务器 (shouqianbadavid@qq.com) ...
[2026-06-19 09:35:19]  正在连接 QQ-主 邮箱服务器 (497720537@qq.com) ...
[2026-06-19 09:35:20]  正在连接 QQ-备用 邮箱服务器 (shouqianbadavid@qq.com) ...
[2026-06-19 09:35:55]  正在连接 QQ-主 邮箱服务器 (497720537@qq.com) ...
[2026-06-19 09:35:56]  QQ-主 正在解析因子: =?utf-8?b?QWxwaGFQaWxvdCDlrp7ml7bkv6Hlj7cgKGFscGhhX3NpZ25hbF90aHJfMjAyNjA2MTlfMDkzNS5qc29uKSBb5Li7UVEt5a+55aSWXQ==?=
[2026-06-19 09:35:56]  发现表格，共 4 行数据
[2026-06-19 09:35:56]  动态索引映射: ['股票代码', '股票名称', '信号', '当前价格', '量比', '来源过滤']
[2026-06-19 09:35:56]  [行1] 解析成功: SZSE.301281 [利源制药] BUY @ 50.07 (VR:nan)
[2026-06-19 09:35:56]  [行2] 解析成功: SZSE.300285 [国瓷材料] SELL @ 89.53 (VR:nan)
[2026-06-19 09:35:56]  [行3] 解析成功: SZSE.301281 [利源制药] BUY @ 50.07 (VR:nan)
[2026-06-19 09:35:56]  [行4] 解析成功: SZSE.300285 [国瓷材料] SELL @ 89.53 (VR:nan)
[2026-06-19 09:35:56] 成功保存 4 条因子至: signal_batch_20260619_093556_130672.txt
[2026-06-19 09:35:56]  QQ-主 邮件 4611 处理完成
[2026-06-19 09:35:56]  QQ-主 本轮共成功处理 1 封有效信号邮件
[2026-06-19 09:35:56]  正在连接 QQ-备用 邮箱服务器 (shouqianbadavid@qq.com) ...
