[2026-05-20 17:23:02]  AlphaPilot 监听服务 (Pro 多邮箱版) 启动...
[2026-05-20 17:23:02]  信号保存目录: D:\mpython\signals
[2026-05-20 17:23:02]  日志文件: D:\mpython\logs_receiver\receiver_20260520.log
[2026-05-20 17:23:02]  正在连接 QQ-主 邮箱服务器 (497720537@qq.com) ...
[2026-05-20 17:23:03]  正在连接 QQ-备用 邮箱服务器 (shouqianbadavid@qq.com) ...
[2026-05-20 17:23:39]  正在连接 QQ-主 邮箱服务器 (497720537@qq.com) ...
[2026-05-20 17:23:40]  正在连接 QQ-备用 邮箱服务器 (shouqianbadavid@qq.com) ...
[2026-05-20 17:24:15]  正在连接 QQ-主 邮箱服务器 (497720537@qq.com) ...
[2026-05-20 17:24:16]  正在连接 QQ-备用 邮箱服务器 (shouqianbadavid@qq.com) ...
[2026-05-20 17:24:52]  正在连接 QQ-主 邮箱服务器 (497720537@qq.com) ...
[2026-05-20 17:24:53]  正在连接 QQ-备用 邮箱服务器 (shouqianbadavid@qq.com) ...
[2026-05-20 17:25:29]  正在连接 QQ-主 邮箱服务器 (497720537@qq.com) ...
[2026-05-20 17:25:30]  正在连接 QQ-备用 邮箱服务器 (shouqianbadavid@qq.com) ...
[2026-05-20 17:26:05]  正在连接 QQ-主 邮箱服务器 (497720537@qq.com) ...
[2026-05-20 17:26:06]  正在连接 QQ-备用 邮箱服务器 (shouqianbadavid@qq.com) ...
[2026-05-20 18:09:55]  AlphaPilot 监听服务 (Pro 多邮箱版) 启动...
[2026-05-20 18:09:55]  信号保存目录: D:\mpython\signals
[2026-05-20 18:09:55]  日志文件: D:\mpython\logs_receiver\receiver_20260520.log
[2026-05-20 18:09:55]  正在连接 QQ-主 邮箱服务器 (497720537@qq.com) ...
[2026-05-20 18:09:56]  QQ-主 正在解析因子: =?UTF-8?B?5p6X5reR5aqb6L+R5pyf5YiG5Lqr5LqG5biW5a2Q?=
[2026-05-20 18:09:56]  发现表格，共 27 行数据
[2026-05-20 18:09:56]  表头映射失败，未找到指定列名。当前表头: ['查看 2 条最新动态。林淑媛发布了 1 条更新5月6日 14:23查看帖子此邮件发给497720537@qq.com。 如果不希望再收到 Meta 的这类邮件，请退订。Meta Platforms, Inc., Attention: Community Support, 1 Meta Way, Menlo Park, CA 94025为保护你的主页安全，请勿转发这封邮件。详细了解', '查看 2 条最新动态。林淑媛发布了 1 条更新5月6日 14:23查看帖子此邮件发给497720537@qq.com。 如果不希望再收到 Meta 的这类邮件，请退订。Meta Platforms, Inc., Attention: Community Support, 1 Meta Way, Menlo Park, CA 94025为保护你的主页安全，请勿转发这封邮件。详细了解', '查看 2 条最新动态。林淑媛发布了 1 条更新5月6日 14:23查看帖子此邮件发给497720537@qq.com。 如果不希望再收到 Meta 的这类邮件，请退订。Meta Platforms, Inc., Attention: Community Support, 1 Meta Way, Menlo Park, CA 94025为保护你的主页安全，请勿转发这封邮件。详细了解', '', '查看 2 条最新动态。', '', '', '', '', '', '', '', '', '', '', '', '', '', '', '林淑媛发布了 1 条更新5月6日 14:23查看帖子', '', '林淑媛发布了 1 条更新5月6日 14:23查看帖子', '林淑媛发布了 1 条更新5月6日 14:23查看帖子', '', '', '林淑媛发布了 1 条更新5月6日 14:23查看帖子', '林淑媛发布了 1 条更新5月6日 14:23', '林淑媛发布了 1 条更新', '', '5月6日 14:23', '', '查看帖子', '查看帖子', '', '', '', '此邮件发给497720537@qq.com。 如果不希望再收到 Meta 的这类邮件，请退订。Meta Platforms, Inc., Attention: Community Support, 1 Meta Way, Menlo Park, CA 94025', '', '此邮件发给497720537@qq.com。 如果不希望再收到 Meta 的这类邮件，请退订。Meta Platforms, Inc., Attention: Community Support, 1 Meta Way, Menlo Park, CA 94025', '', '', '为保护你的主页安全，请勿转发这封邮件。详细了解', '为保护你的主页安全，请勿转发这封邮件。详细了解', '', '']
[2026-05-20 18:09:56] QQ-主 邮件 3676 无有效信号
[2026-05-20 18:09:56]  正在连接 QQ-备用 邮箱服务器 (shouqianbadavid@qq.com) ...
[2026-05-20 18:10:32]  正在连接 QQ-主 邮箱服务器 (497720537@qq.com) ...
[2026-05-20 18:10:33]  正在连接 QQ-备用 邮箱服务器 (shouqianbadavid@qq.com) ...
[2026-05-20 18:11:08]  正在连接 QQ-主 邮箱服务器 (497720537@qq.com) ...
[2026-05-20 18:11:09]  正在连接 QQ-备用 邮箱服务器 (shouqianbadavid@qq.com) ...
[2026-05-20 18:11:45]  正在连接 QQ-主 邮箱服务器 (497720537@qq.com) ...
[2026-05-20 18:11:46]  正在连接 QQ-备用 邮箱服务器 (shouqianbadavid@qq.com) ...
[2026-05-20 18:12:21]  正在连接 QQ-主 邮箱服务器 (497720537@qq.com) ...
[2026-05-20 18:12:22]  正在连接 QQ-备用 邮箱服务器 (shouqianbadavid@qq.com) ...
[2026-05-20 18:12:58]  正在连接 QQ-主 邮箱服务器 (497720537@qq.com) ...
[2026-05-20 18:12:58]  正在连接 QQ-备用 邮箱服务器 (shouqianbadavid@qq.com) ...
[2026-05-20 18:13:34]  正在连接 QQ-主 邮箱服务器 (497720537@qq.com) ...
[2026-05-20 18:13:35]  正在连接 QQ-备用 邮箱服务器 (shouqianbadavid@qq.com) ...
[2026-05-20 18:14:11]  正在连接 QQ-主 邮箱服务器 (497720537@qq.com) ...
[2026-05-20 18:14:11]  正在连接 QQ-备用 邮箱服务器 (shouqianbadavid@qq.com) ...
[2026-05-20 18:14:47]  正在连接 QQ-主 邮箱服务器 (497720537@qq.com) ...
[2026-05-20 18:14:47]  正在连接 QQ-备用 邮箱服务器 (shouqianbadavid@qq.com) ...
[2026-05-20 18:15:23]  正在连接 QQ-主 邮箱服务器 (497720537@qq.com) ...
[2026-05-20 18:15:24]  正在连接 QQ-备用 邮箱服务器 (shouqianbadavid@qq.com) ...
[2026-05-20 18:15:59]  正在连接 QQ-主 邮箱服务器 (497720537@qq.com) ...
[2026-05-20 18:16:00]  正在连接 QQ-备用 邮箱服务器 (shouqianbadavid@qq.com) ...
[2026-05-20 18:16:35]  正在连接 QQ-主 邮箱服务器 (497720537@qq.com) ...
[2026-05-20 18:16:36]  正在连接 QQ-备用 邮箱服务器 (shouqianbadavid@qq.com) ...
[2026-05-20 18:17:12]  正在连接 QQ-主 邮箱服务器 (497720537@qq.com) ...
[2026-05-20 18:17:12]  正在连接 QQ-备用 邮箱服务器 (shouqianbadavid@qq.com) ...
[2026-05-20 18:17:48]  正在连接 QQ-主 邮箱服务器 (497720537@qq.com) ...
[2026-05-20 18:17:49]  正在连接 QQ-备用 邮箱服务器 (shouqianbadavid@qq.com) ...
[2026-05-20 18:18:25]  正在连接 QQ-主 邮箱服务器 (497720537@qq.com) ...
[2026-05-20 18:18:25]  正在连接 QQ-备用 邮箱服务器 (shouqianbadavid@qq.com) ...
[2026-05-20 18:19:01]  正在连接 QQ-主 邮箱服务器 (497720537@qq.com) ...
[2026-05-20 18:19:02]  正在连接 QQ-备用 邮箱服务器 (shouqianbadavid@qq.com) ...
[2026-05-20 18:19:37]  正在连接 QQ-主 邮箱服务器 (497720537@qq.com) ...
[2026-05-20 18:19:38]  正在连接 QQ-备用 邮箱服务器 (shouqianbadavid@qq.com) ...
[2026-05-20 18:20:14]  正在连接 QQ-主 邮箱服务器 (497720537@qq.com) ...
[2026-05-20 18:20:14]  正在连接 QQ-备用 邮箱服务器 (shouqianbadavid@qq.com) ...
[2026-05-20 18:20:50]  正在连接 QQ-主 邮箱服务器 (497720537@qq.com) ...
[2026-05-20 18:20:51]  正在连接 QQ-备用 邮箱服务器 (shouqianbadavid@qq.com) ...
[2026-05-20 18:21:27]  正在连接 QQ-主 邮箱服务器 (497720537@qq.com) ...
[2026-05-20 18:21:28]  正在连接 QQ-备用 邮箱服务器 (shouqianbadavid@qq.com) ...
[2026-05-20 18:22:04]  正在连接 QQ-主 邮箱服务器 (497720537@qq.com) ...
[2026-05-20 18:22:04]  正在连接 QQ-备用 邮箱服务器 (shouqianbadavid@qq.com) ...
[2026-05-20 18:22:40]  正在连接 QQ-主 邮箱服务器 (497720537@qq.com) ...
[2026-05-20 18:22:40]  正在连接 QQ-备用 邮箱服务器 (shouqianbadavid@qq.com) ...
[2026-05-20 18:23:16]  正在连接 QQ-主 邮箱服务器 (497720537@qq.com) ...
[2026-05-20 18:23:17]  正在连接 QQ-备用 邮箱服务器 (shouqianbadavid@qq.com) ...
[2026-05-20 18:23:52]  正在连接 QQ-主 邮箱服务器 (497720537@qq.com) ...
[2026-05-20 18:23:53]  正在连接 QQ-备用 邮箱服务器 (shouqianbadavid@qq.com) ...
[2026-05-20 18:24:29]  正在连接 QQ-主 邮箱服务器 (497720537@qq.com) ...
[2026-05-20 18:24:30]  正在连接 QQ-备用 邮箱服务器 (shouqianbadavid@qq.com) ...
[2026-05-20 18:25:06]  正在连接 QQ-主 邮箱服务器 (497720537@qq.com) ...
[2026-05-20 18:25:06]  正在连接 QQ-备用 邮箱服务器 (shouqianbadavid@qq.com) ...
[2026-05-20 18:25:42]  正在连接 QQ-主 邮箱服务器 (497720537@qq.com) ...
[2026-05-20 18:25:43]  正在连接 QQ-备用 邮箱服务器 (shouqianbadavid@qq.com) ...
[2026-05-20 18:26:19]  正在连接 QQ-主 邮箱服务器 (497720537@qq.com) ...
[2026-05-20 18:26:19]  正在连接 QQ-备用 邮箱服务器 (shouqianbadavid@qq.com) ...
[2026-05-20 18:26:55]  正在连接 QQ-主 邮箱服务器 (497720537@qq.com) ...
[2026-05-20 18:26:56]  正在连接 QQ-备用 邮箱服务器 (shouqianbadavid@qq.com) ...
[2026-05-20 18:27:32]  正在连接 QQ-主 邮箱服务器 (497720537@qq.com) ...
[2026-05-20 18:27:32]  正在连接 QQ-备用 邮箱服务器 (shouqianbadavid@qq.com) ...
[2026-05-20 18:28:08]  正在连接 QQ-主 邮箱服务器 (497720537@qq.com) ...
[2026-05-20 18:28:09]  正在连接 QQ-备用 邮箱服务器 (shouqianbadavid@qq.com) ...
[2026-05-20 18:28:45]  正在连接 QQ-主 邮箱服务器 (497720537@qq.com) ...
[2026-05-20 18:28:45]  正在连接 QQ-备用 邮箱服务器 (shouqianbadavid@qq.com) ...
[2026-05-20 18:29:21]  正在连接 QQ-主 邮箱服务器 (497720537@qq.com) ...
[2026-05-20 18:29:22]  正在连接 QQ-备用 邮箱服务器 (shouqianbadavid@qq.com) ...
[2026-05-20 18:29:57]  正在连接 QQ-主 邮箱服务器 (497720537@qq.com) ...
[2026-05-20 18:29:58]  正在连接 QQ-备用 邮箱服务器 (shouqianbadavid@qq.com) ...
[2026-05-20 18:30:34]  正在连接 QQ-主 邮箱服务器 (497720537@qq.com) ...
[2026-05-20 18:30:35]  正在连接 QQ-备用 邮箱服务器 (shouqianbadavid@qq.com) ...
[2026-05-20 18:31:10]  正在连接 QQ-主 邮箱服务器 (497720537@qq.com) ...
[2026-05-20 18:31:11]  正在连接 QQ-备用 邮箱服务器 (shouqianbadavid@qq.com) ...
[2026-05-20 18:31:47]  正在连接 QQ-主 邮箱服务器 (497720537@qq.com) ...
[2026-05-20 18:31:48]  正在连接 QQ-备用 邮箱服务器 (shouqianbadavid@qq.com) ...
[2026-05-20 18:32:23]  正在连接 QQ-主 邮箱服务器 (497720537@qq.com) ...
[2026-05-20 18:32:24]  正在连接 QQ-备用 邮箱服务器 (shouqianbadavid@qq.com) ...
[2026-05-20 18:33:00]  正在连接 QQ-主 邮箱服务器 (497720537@qq.com) ...
[2026-05-20 18:33:01]  正在连接 QQ-备用 邮箱服务器 (shouqianbadavid@qq.com) ...
[2026-05-20 18:33:36]  正在连接 QQ-主 邮箱服务器 (497720537@qq.com) ...
[2026-05-20 18:33:37]  正在连接 QQ-备用 邮箱服务器 (shouqianbadavid@qq.com) ...
[2026-05-20 18:34:13]  正在连接 QQ-主 邮箱服务器 (497720537@qq.com) ...
[2026-05-20 18:34:13]  正在连接 QQ-备用 邮箱服务器 (shouqianbadavid@qq.com) ...
[2026-05-20 18:34:49]  正在连接 QQ-主 邮箱服务器 (497720537@qq.com) ...
[2026-05-20 18:34:50]  正在连接 QQ-备用 邮箱服务器 (shouqianbadavid@qq.com) ...
[2026-05-20 18:35:25]  正在连接 QQ-主 邮箱服务器 (497720537@qq.com) ...
[2026-05-20 18:35:26]  正在连接 QQ-备用 邮箱服务器 (shouqianbadavid@qq.com) ...
[2026-05-20 18:36:02]  正在连接 QQ-主 邮箱服务器 (497720537@qq.com) ...
[2026-05-20 18:36:03]  正在连接 QQ-备用 邮箱服务器 (shouqianbadavid@qq.com) ...
[2026-05-20 18:36:39]  正在连接 QQ-主 邮箱服务器 (497720537@qq.com) ...
[2026-05-20 18:36:39]  正在连接 QQ-备用 邮箱服务器 (shouqianbadavid@qq.com) ...
[2026-05-21 01:30:28]  QQ-备用 因子处理主循环异常: command: LOGIN => socket error: EOF
[2026-05-21 01:31:13]  正在连接 QQ-主 邮箱服务器 (497720537@qq.com) ...
[2026-05-21 01:31:14]  QQ-主 正在解析因子: 50% off ends today
[2026-05-21 01:31:14]  发现表格，共 22 行数据
[2026-05-21 01:31:14]  表头映射失败，未找到指定列名。当前表头: ['FINAL HOURS50% off ProYou still have a few more hours to lock in a full year of Pro interactive lessons, AI Builder access, in-demand certification prep, real-world projects, and so much more \xa0— all for 50% off.Use codeMAYFLOWERSbefore it expires at 11:59pm ET.Join Pro*50% Off offer valid from May 13, 2026 at 12:00:00 am Eastern Time ("ET") and ends at 11:59:59 pm ET on May 20, 2026. Discount is only applicable to new annual subscription plans (excluding Codecademy Plus, Student, Teams, and All Access), and cannot be combined with any other offer. Discount applies to the first year of a new subscription, after which the subscription will auto-renew for subsequent years at the regular price. Code valid one time only. Discount applies to certain products and not all products are available in all countries. Discount is not applicable to taxes. Codecademy reserves the right to modify or cancel this promotion at any time without notice. Any subscription plan purchases are subject to Codecademy\'sTerms of Service.View Web Version|Email Preferences|Unsubscribe|Privacy PolicyView Web VersionEmail PreferencesUnsubscribePrivacy PolicyCopyright Codecademy. All rights reserved.300 Innovative Way, Suite 2210, Nashua, NH 03062', '', '', '', 'FINAL HOURS50% off ProYou still have a few more hours to lock in a full year of Pro interactive lessons, AI Builder access, in-demand certification prep, real-world projects, and so much more \xa0— all for 50% off.Use codeMAYFLOWERSbefore it expires at 11:59pm ET.Join Pro', 'FINAL HOURS50% off ProYou still have a few more hours to lock in a full year of Pro interactive lessons, AI Builder access, in-demand certification prep, real-world projects, and so much more \xa0— all for 50% off.Use codeMAYFLOWERSbefore it expires at 11:59pm ET.Join Pro', 'FINAL HOURS', 'FINAL HOURS', 'FINAL HOURS', '50% off Pro', 'You still have a few more hours to lock in a full year of Pro interactive lessons, AI Builder access, in-demand certification prep, real-world projects, and so much more \xa0— all for 50% off.Use codeMAYFLOWERSbefore it expires at 11:59pm ET.', 'Join Pro', '', '*50% Off offer valid from May 13, 2026 at 12:00:00 am Eastern Time ("ET") and ends at 11:59:59 pm ET on May 20, 2026. Discount is only applicable to new annual subscription plans (excluding Codecademy Plus, Student, Teams, and All Access), and cannot be combined with any other offer. Discount applies to the first year of a new subscription, after which the subscription will auto-renew for subsequent years at the regular price. Code valid one time only. Discount applies to certain products and not all products are available in all countries. Discount is not applicable to taxes. Codecademy reserves the right to modify or cancel this promotion at any time without notice. Any subscription plan purchases are subject to Codecademy\'sTerms of Service.', '*50% Off offer valid from May 13, 2026 at 12:00:00 am Eastern Time ("ET") and ends at 11:59:59 pm ET on May 20, 2026. Discount is only applicable to new annual subscription plans (excluding Codecademy Plus, Student, Teams, and All Access), and cannot be combined with any other offer. Discount applies to the first year of a new subscription, after which the subscription will auto-renew for subsequent years at the regular price. Code valid one time only. Discount applies to certain products and not all products are available in all countries. Discount is not applicable to taxes. Codecademy reserves the right to modify or cancel this promotion at any time without notice. Any subscription plan purchases are subject to Codecademy\'sTerms of Service.', '*50% Off offer valid from May 13, 2026 at 12:00:00 am Eastern Time ("ET") and ends at 11:59:59 pm ET on May 20, 2026. Discount is only applicable to new annual subscription plans (excluding Codecademy Plus, Student, Teams, and All Access), and cannot be combined with any other offer. Discount applies to the first year of a new subscription, after which the subscription will auto-renew for subsequent years at the regular price. Code valid one time only. Discount applies to certain products and not all products are available in all countries. Discount is not applicable to taxes. Codecademy reserves the right to modify or cancel this promotion at any time without notice. Any subscription plan purchases are subject to Codecademy\'sTerms of Service.', 'View Web Version|Email Preferences|Unsubscribe|Privacy PolicyView Web VersionEmail PreferencesUnsubscribePrivacy PolicyCopyright Codecademy. All rights reserved.300 Innovative Way, Suite 2210, Nashua, NH 03062', 'View Web Version|Email Preferences|Unsubscribe|Privacy PolicyView Web VersionEmail PreferencesUnsubscribePrivacy PolicyCopyright Codecademy. All rights reserved.300 Innovative Way, Suite 2210, Nashua, NH 03062', 'View Web Version|Email Preferences|Unsubscribe|Privacy Policy', 'View Web Version|Email Preferences|Unsubscribe|Privacy Policy', 'View Web VersionEmail PreferencesUnsubscribePrivacy Policy', 'View Web VersionEmail PreferencesUnsubscribePrivacy Policy', 'Copyright Codecademy. All rights reserved.300 Innovative Way, Suite 2210, Nashua, NH 03062']
[2026-05-21 01:31:14] QQ-主 邮件 3677 无有效信号
[2026-05-21 01:31:14]  正在连接 QQ-备用 邮箱服务器 (shouqianbadavid@qq.com) ...
[2026-05-21 01:31:50]  正在连接 QQ-主 邮箱服务器 (497720537@qq.com) ...
[2026-05-21 01:31:51]  正在连接 QQ-备用 邮箱服务器 (shouqianbadavid@qq.com) ...
[2026-05-21 01:32:26]  正在连接 QQ-主 邮箱服务器 (497720537@qq.com) ...
[2026-05-21 01:32:27]  正在连接 QQ-备用 邮箱服务器 (shouqianbadavid@qq.com) ...
[2026-05-21 01:33:02]  正在连接 QQ-主 邮箱服务器 (497720537@qq.com) ...
[2026-05-21 01:33:03]  正在连接 QQ-备用 邮箱服务器 (shouqianbadavid@qq.com) ...
[2026-05-21 01:33:38]  正在连接 QQ-主 邮箱服务器 (497720537@qq.com) ...
[2026-05-21 01:33:39]  正在连接 QQ-备用 邮箱服务器 (shouqianbadavid@qq.com) ...
[2026-05-21 01:34:14]  正在连接 QQ-主 邮箱服务器 (497720537@qq.com) ...
[2026-05-21 01:34:15]  正在连接 QQ-备用 邮箱服务器 (shouqianbadavid@qq.com) ...
[2026-05-21 01:34:51]  正在连接 QQ-主 邮箱服务器 (497720537@qq.com) ...
[2026-05-21 01:34:52]  正在连接 QQ-备用 邮箱服务器 (shouqianbadavid@qq.com) ...
[2026-05-21 01:35:28]  正在连接 QQ-主 邮箱服务器 (497720537@qq.com) ...
[2026-05-21 01:35:28]  正在连接 QQ-备用 邮箱服务器 (shouqianbadavid@qq.com) ...
[2026-05-21 01:36:04]  正在连接 QQ-主 邮箱服务器 (497720537@qq.com) ...
[2026-05-21 01:36:05]  正在连接 QQ-备用 邮箱服务器 (shouqianbadavid@qq.com) ...
[2026-05-21 01:36:40]  正在连接 QQ-主 邮箱服务器 (497720537@qq.com) ...
[2026-05-21 01:36:41]  正在连接 QQ-备用 邮箱服务器 (shouqianbadavid@qq.com) ...
[2026-05-21 01:37:16]  正在连接 QQ-主 邮箱服务器 (497720537@qq.com) ...
[2026-05-21 01:37:17]  正在连接 QQ-备用 邮箱服务器 (shouqianbadavid@qq.com) ...
[2026-05-21 01:37:53]  正在连接 QQ-主 邮箱服务器 (497720537@qq.com) ...
[2026-05-21 01:37:53]  正在连接 QQ-备用 邮箱服务器 (shouqianbadavid@qq.com) ...
[2026-05-21 01:38:29]  正在连接 QQ-主 邮箱服务器 (497720537@qq.com) ...
[2026-05-21 01:38:29]  正在连接 QQ-备用 邮箱服务器 (shouqianbadavid@qq.com) ...
[2026-05-21 01:39:05]  正在连接 QQ-主 邮箱服务器 (497720537@qq.com) ...
[2026-05-21 01:39:06]  正在连接 QQ-备用 邮箱服务器 (shouqianbadavid@qq.com) ...
[2026-05-21 01:39:42]  正在连接 QQ-主 邮箱服务器 (497720537@qq.com) ...
[2026-05-21 01:39:42]  正在连接 QQ-备用 邮箱服务器 (shouqianbadavid@qq.com) ...
[2026-05-21 01:40:18]  正在连接 QQ-主 邮箱服务器 (497720537@qq.com) ...
[2026-05-21 01:40:18]  正在连接 QQ-备用 邮箱服务器 (shouqianbadavid@qq.com) ...
[2026-05-21 01:40:54]  正在连接 QQ-主 邮箱服务器 (497720537@qq.com) ...
[2026-05-21 01:40:55]  正在连接 QQ-备用 邮箱服务器 (shouqianbadavid@qq.com) ...
[2026-05-21 01:41:30]  正在连接 QQ-主 邮箱服务器 (497720537@qq.com) ...
[2026-05-21 01:41:31]  正在连接 QQ-备用 邮箱服务器 (shouqianbadavid@qq.com) ...
[2026-05-21 01:42:07]  正在连接 QQ-主 邮箱服务器 (497720537@qq.com) ...
[2026-05-21 01:42:07]  正在连接 QQ-备用 邮箱服务器 (shouqianbadavid@qq.com) ...
[2026-05-21 01:42:43]  正在连接 QQ-主 邮箱服务器 (497720537@qq.com) ...
[2026-05-21 01:42:44]  正在连接 QQ-备用 邮箱服务器 (shouqianbadavid@qq.com) ...
[2026-05-21 01:43:19]  正在连接 QQ-主 邮箱服务器 (497720537@qq.com) ...
[2026-05-21 01:43:20]  正在连接 QQ-备用 邮箱服务器 (shouqianbadavid@qq.com) ...
[2026-05-21 01:43:55]  正在连接 QQ-主 邮箱服务器 (497720537@qq.com) ...
[2026-05-21 01:43:56]  正在连接 QQ-备用 邮箱服务器 (shouqianbadavid@qq.com) ...
[2026-05-21 01:44:31]  正在连接 QQ-主 邮箱服务器 (497720537@qq.com) ...
[2026-05-21 01:44:32]  正在连接 QQ-备用 邮箱服务器 (shouqianbadavid@qq.com) ...
[2026-05-21 01:45:08]  正在连接 QQ-主 邮箱服务器 (497720537@qq.com) ...
[2026-05-21 01:45:08]  正在连接 QQ-备用 邮箱服务器 (shouqianbadavid@qq.com) ...
[2026-05-21 01:45:44]  正在连接 QQ-主 邮箱服务器 (497720537@qq.com) ...
[2026-05-21 01:45:45]  正在连接 QQ-备用 邮箱服务器 (shouqianbadavid@qq.com) ...
[2026-05-21 01:46:21]  正在连接 QQ-主 邮箱服务器 (497720537@qq.com) ...
[2026-05-21 01:46:21]  正在连接 QQ-备用 邮箱服务器 (shouqianbadavid@qq.com) ...
[2026-05-21 01:46:58]  正在连接 QQ-主 邮箱服务器 (497720537@qq.com) ...
[2026-05-21 01:46:59]  正在连接 QQ-备用 邮箱服务器 (shouqianbadavid@qq.com) ...
[2026-05-21 01:47:35]  正在连接 QQ-主 邮箱服务器 (497720537@qq.com) ...
[2026-05-21 01:47:35]  正在连接 QQ-备用 邮箱服务器 (shouqianbadavid@qq.com) ...
[2026-05-21 01:48:11]  正在连接 QQ-主 邮箱服务器 (497720537@qq.com) ...
[2026-05-21 01:48:11]  正在连接 QQ-备用 邮箱服务器 (shouqianbadavid@qq.com) ...
[2026-05-21 01:48:47]  正在连接 QQ-主 邮箱服务器 (497720537@qq.com) ...
[2026-05-21 01:48:47]  正在连接 QQ-备用 邮箱服务器 (shouqianbadavid@qq.com) ...
[2026-05-21 01:49:23]  正在连接 QQ-主 邮箱服务器 (497720537@qq.com) ...
[2026-05-21 01:49:24]  正在连接 QQ-备用 邮箱服务器 (shouqianbadavid@qq.com) ...
[2026-05-21 01:49:59]  正在连接 QQ-主 邮箱服务器 (497720537@qq.com) ...
[2026-05-21 01:50:00]  正在连接 QQ-备用 邮箱服务器 (shouqianbadavid@qq.com) ...
[2026-05-21 01:50:36]  正在连接 QQ-主 邮箱服务器 (497720537@qq.com) ...
[2026-05-21 01:50:37]  正在连接 QQ-备用 邮箱服务器 (shouqianbadavid@qq.com) ...
[2026-05-21 01:51:12]  正在连接 QQ-主 邮箱服务器 (497720537@qq.com) ...
[2026-05-21 01:51:13]  正在连接 QQ-备用 邮箱服务器 (shouqianbadavid@qq.com) ...
[2026-05-21 01:51:48]  正在连接 QQ-主 邮箱服务器 (497720537@qq.com) ...
[2026-05-21 01:51:49]  正在连接 QQ-备用 邮箱服务器 (shouqianbadavid@qq.com) ...
[2026-05-21 01:52:25]  正在连接 QQ-主 邮箱服务器 (497720537@qq.com) ...
[2026-05-21 01:52:26]  正在连接 QQ-备用 邮箱服务器 (shouqianbadavid@qq.com) ...
[2026-05-21 01:53:01]  正在连接 QQ-主 邮箱服务器 (497720537@qq.com) ...
[2026-05-21 01:53:02]  正在连接 QQ-备用 邮箱服务器 (shouqianbadavid@qq.com) ...
[2026-05-21 01:53:37]  正在连接 QQ-主 邮箱服务器 (497720537@qq.com) ...
[2026-05-21 01:53:38]  正在连接 QQ-备用 邮箱服务器 (shouqianbadavid@qq.com) ...
[2026-05-21 01:54:14]  正在连接 QQ-主 邮箱服务器 (497720537@qq.com) ...
[2026-05-21 01:54:15]  正在连接 QQ-备用 邮箱服务器 (shouqianbadavid@qq.com) ...
[2026-05-21 01:54:50]  正在连接 QQ-主 邮箱服务器 (497720537@qq.com) ...
[2026-05-21 01:54:51]  正在连接 QQ-备用 邮箱服务器 (shouqianbadavid@qq.com) ...
[2026-05-21 01:55:27]  正在连接 QQ-主 邮箱服务器 (497720537@qq.com) ...
[2026-05-21 01:55:28]  正在连接 QQ-备用 邮箱服务器 (shouqianbadavid@qq.com) ...
[2026-05-21 01:56:04]  正在连接 QQ-主 邮箱服务器 (497720537@qq.com) ...
[2026-05-21 01:56:04]  正在连接 QQ-备用 邮箱服务器 (shouqianbadavid@qq.com) ...
[2026-05-21 01:56:40]  正在连接 QQ-主 邮箱服务器 (497720537@qq.com) ...
[2026-05-21 01:56:41]  正在连接 QQ-备用 邮箱服务器 (shouqianbadavid@qq.com) ...
[2026-05-21 01:57:17]  正在连接 QQ-主 邮箱服务器 (497720537@qq.com) ...
[2026-05-21 01:57:17]  正在连接 QQ-备用 邮箱服务器 (shouqianbadavid@qq.com) ...
[2026-05-21 01:57:53]  正在连接 QQ-主 邮箱服务器 (497720537@qq.com) ...
[2026-05-21 01:57:54]  正在连接 QQ-备用 邮箱服务器 (shouqianbadavid@qq.com) ...
[2026-05-21 01:58:29]  正在连接 QQ-主 邮箱服务器 (497720537@qq.com) ...
[2026-05-21 01:58:30]  正在连接 QQ-备用 邮箱服务器 (shouqianbadavid@qq.com) ...
[2026-05-21 01:59:05]  正在连接 QQ-主 邮箱服务器 (497720537@qq.com) ...
[2026-05-21 01:59:06]  正在连接 QQ-备用 邮箱服务器 (shouqianbadavid@qq.com) ...
[2026-05-21 01:59:42]  正在连接 QQ-主 邮箱服务器 (497720537@qq.com) ...
[2026-05-21 01:59:43]  正在连接 QQ-备用 邮箱服务器 (shouqianbadavid@qq.com) ...
[2026-05-21 02:00:19]  正在连接 QQ-主 邮箱服务器 (497720537@qq.com) ...
[2026-05-21 02:00:19]  正在连接 QQ-备用 邮箱服务器 (shouqianbadavid@qq.com) ...
[2026-05-21 02:00:55]  正在连接 QQ-主 邮箱服务器 (497720537@qq.com) ...
[2026-05-21 02:00:56]  正在连接 QQ-备用 邮箱服务器 (shouqianbadavid@qq.com) ...
[2026-05-21 02:01:31]  正在连接 QQ-主 邮箱服务器 (497720537@qq.com) ...
[2026-05-21 02:01:32]  正在连接 QQ-备用 邮箱服务器 (shouqianbadavid@qq.com) ...
