[2026-04-24 13:05:07]  AlphaPilot 监听服务 (Pro 多邮箱版) 启动...
[2026-04-24 13:05:07]  信号保存目录: D:\mpython\signals
[2026-04-24 13:05:07]  日志文件: D:\mpython\logs_receiver\receiver_20260424.log
[2026-04-24 13:05:07]  正在连接 QQ-主 邮箱服务器 (497720537@qq.com) ...
[2026-04-24 13:05:08]  正在连接 QQ-备用 邮箱服务器 (shouqianbadavid@qq.com) ...
[2026-04-24 13:05:44]  正在连接 QQ-主 邮箱服务器 (497720537@qq.com) ...
[2026-04-24 13:05:45]  正在连接 QQ-备用 邮箱服务器 (shouqianbadavid@qq.com) ...
[2026-04-24 13:06:21]  正在连接 QQ-主 邮箱服务器 (497720537@qq.com) ...
[2026-04-24 13:06:22]  正在连接 QQ-备用 邮箱服务器 (shouqianbadavid@qq.com) ...
[2026-04-24 13:06:57]  正在连接 QQ-主 邮箱服务器 (497720537@qq.com) ...
[2026-04-24 13:06:58]  正在连接 QQ-备用 邮箱服务器 (shouqianbadavid@qq.com) ...
[2026-04-24 13:07:34]  正在连接 QQ-主 邮箱服务器 (497720537@qq.com) ...
[2026-04-24 13:07:35]  QQ-主 正在解析因子: =?utf-8?b?QWxwaGFQaWxvdCDlrp7ml7bkv6Hlj7cgKGFscGhhX3NpZ25hbF90aHJfMjAyNjA0MjRfMTMwNy5qc29uKSBb5Li7UVEt5a+55aSWXQ==?=
[2026-04-24 13:07:35]  发现表格，共 18 行数据
[2026-04-24 13:07:35]  动态索引映射: ['股票代码', '股票名称', '信号', '当前价格', '量比', '来源过滤']
[2026-04-24 13:07:35]  [行1] 解析成功: SZSE.002015 [协鑫能科] BUY @ 20.21 (VR:0.1)
[2026-04-24 13:07:35]  [行2] 解析成功: SZSE.000533 [顺钠股份] BUY @ 13.03 (VR:0.59)
[2026-04-24 13:07:35]  [行3] 解析成功: SHSE.688295 [奥林德] SELL @ 59.46 (VR:2.35)
[2026-04-24 13:07:35]  [行4] 解析成功: SHSE.600722 [金牛化工] BUY @ 13.8 (VR:0.98)
[2026-04-24 13:07:35]  [行5] 解析成功: SHSE.601016 [节能风电] BUY @ 4.58 (VR:0.81)
[2026-04-24 13:07:35]  [行6] 解析成功: SHSE.688295 [中复神鹰] SELL @ 59.4 (VR:1.75)
[2026-04-24 13:07:35]  [行7] 解析成功: SZSE.300782 [卓胜微] SELL @ 103.06 (VR:1.97)
[2026-04-24 13:07:35]  [行8] 解析成功: SZSE.300866 [安克创新] BUY @ 123.24 (VR:0.12)
[2026-04-24 13:07:35]  [行9] 解析成功: SZSE.300724 [捷佳伟创] SELL @ 89.95 (VR:0.32)
[2026-04-24 13:07:35]  [行10] 解析成功: SZSE.002015 [协鑫能科] BUY @ 20.32 (VR:0.33)
[2026-04-24 13:07:35]  [行11] 解析成功: SZSE.000533 [顺钠股份] BUY @ 13.08 (VR:0.06)
[2026-04-24 13:07:35]  [行12] 解析成功: SHSE.688295 [奥林德] SELL @ 59.3 (VR:0.51)
[2026-04-24 13:07:35]  [行13] 解析成功: SHSE.600722 [金牛化工] BUY @ 13.81 (VR:0.17)
[2026-04-24 13:07:35]  [行14] 解析成功: SHSE.601016 [节能风电] BUY @ 4.59 (VR:0.19)
[2026-04-24 13:07:35]  [行15] 解析成功: SHSE.688295 [中复神鹰] SELL @ 59.18 (VR:1.76)
[2026-04-24 13:07:35]  [行16] 解析成功: SZSE.300782 [卓胜微] SELL @ 102.8 (VR:0.09)
[2026-04-24 13:07:35]  [行17] 解析成功: SZSE.300866 [安克创新] BUY @ 123.69 (VR:0.31)
[2026-04-24 13:07:35]  [行18] 解析成功: SZSE.300724 [捷佳伟创] SELL @ 89.54 (VR:3.95)
[2026-04-24 13:07:35] 成功保存 18 条因子至: signal_batch_20260424_130735_199543.txt
[2026-04-24 13:07:35]  QQ-主 邮件 3172 处理完成
[2026-04-24 13:07:35]  QQ-主 本轮共成功处理 1 封有效信号邮件
[2026-04-24 13:07:35]  正在连接 QQ-备用 邮箱服务器 (shouqianbadavid@qq.com) ...
[2026-04-24 13:07:36]  QQ-备用 正在解析因子: =?utf-8?b?QWxwaGFQaWxvdCDlpIfku73kv6Hlj7cgKGFscGhhX3NpZ25hbF90aHJfMjAyNjA0MjRfMTMwNy5qc29uKSBb5aSHUVEt6Ieq5L+dXQ==?=
[2026-04-24 13:07:36]  发现表格，共 18 行数据
[2026-04-24 13:07:36]  动态索引映射: ['股票代码', '股票名称', '信号', '当前价格', '量比', '来源过滤']
[2026-04-24 13:07:36]  [行1] 解析成功: SZSE.002015 [协鑫能科] BUY @ 20.21 (VR:0.1)
[2026-04-24 13:07:36]  [行2] 解析成功: SZSE.000533 [顺钠股份] BUY @ 13.03 (VR:0.59)
[2026-04-24 13:07:36]  [行3] 解析成功: SHSE.688295 [奥林德] SELL @ 59.46 (VR:2.35)
[2026-04-24 13:07:36]  [行4] 解析成功: SHSE.600722 [金牛化工] BUY @ 13.8 (VR:0.98)
[2026-04-24 13:07:36]  [行5] 解析成功: SHSE.601016 [节能风电] BUY @ 4.58 (VR:0.81)
[2026-04-24 13:07:36]  [行6] 解析成功: SHSE.688295 [中复神鹰] SELL @ 59.4 (VR:1.75)
[2026-04-24 13:07:36]  [行7] 解析成功: SZSE.300782 [卓胜微] SELL @ 103.06 (VR:1.97)
[2026-04-24 13:07:36]  [行8] 解析成功: SZSE.300866 [安克创新] BUY @ 123.24 (VR:0.12)
[2026-04-24 13:07:36]  [行9] 解析成功: SZSE.300724 [捷佳伟创] SELL @ 89.95 (VR:0.32)
[2026-04-24 13:07:36]  [行10] 解析成功: SZSE.002015 [协鑫能科] BUY @ 20.32 (VR:0.33)
[2026-04-24 13:07:36]  [行11] 解析成功: SZSE.000533 [顺钠股份] BUY @ 13.08 (VR:0.06)
[2026-04-24 13:07:36]  [行12] 解析成功: SHSE.688295 [奥林德] SELL @ 59.3 (VR:0.51)
[2026-04-24 13:07:36]  [行13] 解析成功: SHSE.600722 [金牛化工] BUY @ 13.81 (VR:0.17)
[2026-04-24 13:07:36]  [行14] 解析成功: SHSE.601016 [节能风电] BUY @ 4.59 (VR:0.19)
[2026-04-24 13:07:36]  [行15] 解析成功: SHSE.688295 [中复神鹰] SELL @ 59.18 (VR:1.76)
[2026-04-24 13:07:36]  [行16] 解析成功: SZSE.300782 [卓胜微] SELL @ 102.8 (VR:0.09)
[2026-04-24 13:07:36]  [行17] 解析成功: SZSE.300866 [安克创新] BUY @ 123.69 (VR:0.31)
[2026-04-24 13:07:36]  [行18] 解析成功: SZSE.300724 [捷佳伟创] SELL @ 89.54 (VR:3.95)
[2026-04-24 13:07:36] 成功保存 18 条因子至: signal_batch_20260424_130736_381226.txt
[2026-04-24 13:07:36]  QQ-备用 邮件 493 处理完成
[2026-04-24 13:07:36]  QQ-备用 本轮共成功处理 1 封有效信号邮件
[2026-04-24 13:08:11]  正在连接 QQ-主 邮箱服务器 (497720537@qq.com) ...
[2026-04-24 13:08:12]  正在连接 QQ-备用 邮箱服务器 (shouqianbadavid@qq.com) ...
[2026-04-24 13:08:48]  正在连接 QQ-主 邮箱服务器 (497720537@qq.com) ...
[2026-04-24 13:08:48]  正在连接 QQ-备用 邮箱服务器 (shouqianbadavid@qq.com) ...
[2026-04-24 13:09:24]  正在连接 QQ-主 邮箱服务器 (497720537@qq.com) ...
[2026-04-24 13:09:25]  正在连接 QQ-备用 邮箱服务器 (shouqianbadavid@qq.com) ...
[2026-04-24 13:10:01]  正在连接 QQ-主 邮箱服务器 (497720537@qq.com) ...
[2026-04-24 13:10:02]  正在连接 QQ-备用 邮箱服务器 (shouqianbadavid@qq.com) ...
[2026-04-24 13:10:38]  正在连接 QQ-主 邮箱服务器 (497720537@qq.com) ...
[2026-04-24 13:10:38]  正在连接 QQ-备用 邮箱服务器 (shouqianbadavid@qq.com) ...
[2026-04-24 13:11:14]  正在连接 QQ-主 邮箱服务器 (497720537@qq.com) ...
[2026-04-24 13:11:15]  正在连接 QQ-备用 邮箱服务器 (shouqianbadavid@qq.com) ...
[2026-04-24 13:11:51]  正在连接 QQ-主 邮箱服务器 (497720537@qq.com) ...
[2026-04-24 13:11:51]  正在连接 QQ-备用 邮箱服务器 (shouqianbadavid@qq.com) ...
[2026-04-24 13:12:27]  正在连接 QQ-主 邮箱服务器 (497720537@qq.com) ...
[2026-04-24 13:12:27]  正在连接 QQ-备用 邮箱服务器 (shouqianbadavid@qq.com) ...
[2026-04-24 13:13:03]  正在连接 QQ-主 邮箱服务器 (497720537@qq.com) ...
[2026-04-24 13:13:04]  正在连接 QQ-备用 邮箱服务器 (shouqianbadavid@qq.com) ...
[2026-04-24 13:13:39]  正在连接 QQ-主 邮箱服务器 (497720537@qq.com) ...
[2026-04-24 13:13:40]  正在连接 QQ-备用 邮箱服务器 (shouqianbadavid@qq.com) ...
[2026-04-24 13:14:16]  正在连接 QQ-主 邮箱服务器 (497720537@qq.com) ...
[2026-04-24 13:14:17]  正在连接 QQ-备用 邮箱服务器 (shouqianbadavid@qq.com) ...
[2026-04-24 13:14:53]  正在连接 QQ-主 邮箱服务器 (497720537@qq.com) ...
[2026-04-24 13:14:53]  正在连接 QQ-备用 邮箱服务器 (shouqianbadavid@qq.com) ...
[2026-04-24 13:15:29]  正在连接 QQ-主 邮箱服务器 (497720537@qq.com) ...
[2026-04-24 13:15:30]  QQ-主 正在解析因子: =?utf-8?b?QWxwaGFQaWxvdCDlrp7ml7bkv6Hlj7cgKGFscGhhX3NpZ25hbF90aHJfMjAyNjA0MjRfMTMxNS5qc29uKSBb5Li7UVEt5a+55aSWXQ==?=
[2026-04-24 13:15:30]  发现表格，共 4 行数据
[2026-04-24 13:15:30]  动态索引映射: ['股票代码', '股票名称', '信号', '当前价格', '量比', '来源过滤']
[2026-04-24 13:15:30]  [行1] 解析成功: SZSE.000510 [新金路] SELL @ 13.29 (VR:0.95)
[2026-04-24 13:15:30]  [行2] 解析成功: SZSE.001309 [德利明] SELL @ 484.67 (VR:1.42)
[2026-04-24 13:15:30]  [行3] 解析成功: SZSE.000510 [新金路] SELL @ 13.25 (VR:1.3)
[2026-04-24 13:15:30]  [行4] 解析成功: SZSE.001309 [德利明] SELL @ 484.02 (VR:1.0)
[2026-04-24 13:15:30] 成功保存 4 条因子至: signal_batch_20260424_131530_661965.txt
[2026-04-24 13:15:30]  QQ-主 邮件 3173 处理完成
[2026-04-24 13:15:30]  QQ-主 本轮共成功处理 1 封有效信号邮件
[2026-04-24 13:15:31]  正在连接 QQ-备用 邮箱服务器 (shouqianbadavid@qq.com) ...
[2026-04-24 13:16:06]  正在连接 QQ-主 邮箱服务器 (497720537@qq.com) ...
[2026-04-24 13:16:07]  正在连接 QQ-备用 邮箱服务器 (shouqianbadavid@qq.com) ...
[2026-04-24 13:16:07]  QQ-备用 正在解析因子: =?utf-8?b?QWxwaGFQaWxvdCDlpIfku73kv6Hlj7cgKGFscGhhX3NpZ25hbF90aHJfMjAyNjA0MjRfMTMxNS5qc29uKSBb5aSHUVEt6Ieq5L+dXQ==?=
[2026-04-24 13:16:07]  发现表格，共 4 行数据
[2026-04-24 13:16:07]  动态索引映射: ['股票代码', '股票名称', '信号', '当前价格', '量比', '来源过滤']
[2026-04-24 13:16:07]  [行1] 解析成功: SZSE.000510 [新金路] SELL @ 13.29 (VR:0.95)
[2026-04-24 13:16:07]  [行2] 解析成功: SZSE.001309 [德利明] SELL @ 484.67 (VR:1.42)
[2026-04-24 13:16:07]  [行3] 解析成功: SZSE.000510 [新金路] SELL @ 13.25 (VR:1.3)
[2026-04-24 13:16:07]  [行4] 解析成功: SZSE.001309 [德利明] SELL @ 484.02 (VR:1.0)
[2026-04-24 13:16:07] 成功保存 4 条因子至: signal_batch_20260424_131607_862957.txt
[2026-04-24 13:16:08]  QQ-备用 邮件 494 处理完成
[2026-04-24 13:16:08]  QQ-备用 本轮共成功处理 1 封有效信号邮件
[2026-04-24 13:16:43]  正在连接 QQ-主 邮箱服务器 (497720537@qq.com) ...
[2026-04-24 13:16:44]  正在连接 QQ-备用 邮箱服务器 (shouqianbadavid@qq.com) ...
[2026-04-24 13:17:19]  正在连接 QQ-主 邮箱服务器 (497720537@qq.com) ...
[2026-04-24 13:17:20]  正在连接 QQ-备用 邮箱服务器 (shouqianbadavid@qq.com) ...
[2026-04-24 13:17:56]  正在连接 QQ-主 邮箱服务器 (497720537@qq.com) ...
[2026-04-24 13:17:56]  正在连接 QQ-备用 邮箱服务器 (shouqianbadavid@qq.com) ...
[2026-04-24 13:18:32]  正在连接 QQ-主 邮箱服务器 (497720537@qq.com) ...
[2026-04-24 13:18:33]  正在连接 QQ-备用 邮箱服务器 (shouqianbadavid@qq.com) ...
[2026-04-24 13:19:09]  正在连接 QQ-主 邮箱服务器 (497720537@qq.com) ...
[2026-04-24 13:19:09]  正在连接 QQ-备用 邮箱服务器 (shouqianbadavid@qq.com) ...
[2026-04-24 13:19:45]  正在连接 QQ-主 邮箱服务器 (497720537@qq.com) ...
[2026-04-24 13:19:46]  正在连接 QQ-备用 邮箱服务器 (shouqianbadavid@qq.com) ...
[2026-04-24 13:20:22]  正在连接 QQ-主 邮箱服务器 (497720537@qq.com) ...
[2026-04-24 13:20:23]  正在连接 QQ-备用 邮箱服务器 (shouqianbadavid@qq.com) ...
[2026-04-24 13:20:58]  正在连接 QQ-主 邮箱服务器 (497720537@qq.com) ...
[2026-04-24 13:20:59]  正在连接 QQ-备用 邮箱服务器 (shouqianbadavid@qq.com) ...
[2026-04-24 13:21:35]  正在连接 QQ-主 邮箱服务器 (497720537@qq.com) ...
[2026-04-24 13:21:36]  QQ-主 正在解析因子: =?utf-8?b?QWxwaGFQaWxvdCDlrp7ml7bkv6Hlj7cgKGFscGhhX3NpZ25hbF90aHJfMjAyNjA0MjRfMTMyMS5qc29uKSBb5Li7UVEt5a+55aSWXQ==?=
[2026-04-24 13:21:36]  发现表格，共 18 行数据
[2026-04-24 13:21:36]  动态索引映射: ['股票代码', '股票名称', '信号', '当前价格', '量比', '来源过滤']
[2026-04-24 13:21:36]  [行1] 解析成功: SZSE.003035 [南网能源] SELL @ 8.57 (VR:1.35)
[2026-04-24 13:21:36]  [行2] 解析成功: SZSE.002202 [金风科技] BUY @ 25.46 (VR:0.24)
[2026-04-24 13:21:36]  [行3] 解析成功: SZSE.300274 [阳光电源] BUY @ 133.23 (VR:0.44)
[2026-04-24 13:21:36]  [行4] 解析成功: SZSE.002506 [协鑫集成] SELL @ 4.34 (VR:0.25)
[2026-04-24 13:21:36]  [行5] 解析成功: SZSE.301419 [瑞可达] SELL @ 41.45 (VR:0.18)
[2026-04-24 13:21:36]  [行6] 解析成功: SZSE.301071 [力量钻石] BUY @ 49.81 (VR:0.52)
[2026-04-24 13:21:36]  [行7] 解析成功: SZSE.300868 [杰美特] BUY @ 71.32 (VR:0.41)
[2026-04-24 13:21:36]  [行8] 解析成功: SZSE.300568 [星源材质] SELL @ 15.88 (VR:1.22)
[2026-04-24 13:21:36]  [行9] 解析成功: SZSE.300054 [鼎龙股份] BUY @ 56.91 (VR:0.43)
[2026-04-24 13:21:36]  [行10] 解析成功: SZSE.003035 [南网能源] SELL @ 8.53 (VR:4.4)
[2026-04-24 13:21:36]  [行11] 解析成功: SZSE.002202 [金风科技] BUY @ 25.5 (VR:0.17)
[2026-04-24 13:21:36]  [行12] 解析成功: SZSE.300274 [阳光电源] BUY @ 133.33 (VR:0.29)
[2026-04-24 13:21:36]  [行13] 解析成功: SZSE.002506 [协鑫集成] SELL @ 4.33 (VR:0.25)
[2026-04-24 13:21:36]  [行14] 解析成功: SZSE.301419 [瑞可达] SELL @ 41.43 (VR:0.23)
[2026-04-24 13:21:36]  [行15] 解析成功: SZSE.301071 [力量钻石] BUY @ 50.04 (VR:0.49)
[2026-04-24 13:21:36]  [行16] 解析成功: SZSE.300868 [杰美特] BUY @ 71.67 (VR:0.65)
[2026-04-24 13:21:36]  [行17] 解析成功: SZSE.300568 [星源材质] SELL @ 15.85 (VR:0.01)
[2026-04-24 13:21:36]  [行18] 解析成功: SZSE.300054 [鼎龙股份] BUY @ 57.05 (VR:0.11)
[2026-04-24 13:21:36] 成功保存 18 条因子至: signal_batch_20260424_132136_236045.txt
[2026-04-24 13:21:36]  QQ-主 邮件 3174 处理完成
[2026-04-24 13:21:36]  QQ-主 本轮共成功处理 1 封有效信号邮件
[2026-04-24 13:21:36]  正在连接 QQ-备用 邮箱服务器 (shouqianbadavid@qq.com) ...
[2026-04-24 13:22:13]  正在连接 QQ-主 邮箱服务器 (497720537@qq.com) ...
[2026-04-24 13:22:14]  正在连接 QQ-备用 邮箱服务器 (shouqianbadavid@qq.com) ...
[2026-04-24 13:22:15]  QQ-备用 正在解析因子: =?utf-8?b?QWxwaGFQaWxvdCDlpIfku73kv6Hlj7cgKGFscGhhX3NpZ25hbF90aHJfMjAyNjA0MjRfMTMyMS5qc29uKSBb5aSHUVEt6Ieq5L+dXQ==?=
[2026-04-24 13:22:15]  发现表格，共 18 行数据
[2026-04-24 13:22:15]  动态索引映射: ['股票代码', '股票名称', '信号', '当前价格', '量比', '来源过滤']
[2026-04-24 13:22:15]  [行1] 解析成功: SZSE.003035 [南网能源] SELL @ 8.57 (VR:1.35)
[2026-04-24 13:22:15]  [行2] 解析成功: SZSE.002202 [金风科技] BUY @ 25.46 (VR:0.24)
[2026-04-24 13:22:15]  [行3] 解析成功: SZSE.300274 [阳光电源] BUY @ 133.23 (VR:0.44)
[2026-04-24 13:22:15]  [行4] 解析成功: SZSE.002506 [协鑫集成] SELL @ 4.34 (VR:0.25)
[2026-04-24 13:22:15]  [行5] 解析成功: SZSE.301419 [瑞可达] SELL @ 41.45 (VR:0.18)
[2026-04-24 13:22:15]  [行6] 解析成功: SZSE.301071 [力量钻石] BUY @ 49.81 (VR:0.52)
[2026-04-24 13:22:15]  [行7] 解析成功: SZSE.300868 [杰美特] BUY @ 71.32 (VR:0.41)
[2026-04-24 13:22:15]  [行8] 解析成功: SZSE.300568 [星源材质] SELL @ 15.88 (VR:1.22)
[2026-04-24 13:22:15]  [行9] 解析成功: SZSE.300054 [鼎龙股份] BUY @ 56.91 (VR:0.43)
[2026-04-24 13:22:15]  [行10] 解析成功: SZSE.003035 [南网能源] SELL @ 8.53 (VR:4.4)
[2026-04-24 13:22:15]  [行11] 解析成功: SZSE.002202 [金风科技] BUY @ 25.5 (VR:0.17)
[2026-04-24 13:22:15]  [行12] 解析成功: SZSE.300274 [阳光电源] BUY @ 133.33 (VR:0.29)
[2026-04-24 13:22:15]  [行13] 解析成功: SZSE.002506 [协鑫集成] SELL @ 4.33 (VR:0.25)
[2026-04-24 13:22:15]  [行14] 解析成功: SZSE.301419 [瑞可达] SELL @ 41.43 (VR:0.23)
[2026-04-24 13:22:15]  [行15] 解析成功: SZSE.301071 [力量钻石] BUY @ 50.04 (VR:0.49)
[2026-04-24 13:22:15]  [行16] 解析成功: SZSE.300868 [杰美特] BUY @ 71.67 (VR:0.65)
[2026-04-24 13:22:15]  [行17] 解析成功: SZSE.300568 [星源材质] SELL @ 15.85 (VR:0.01)
[2026-04-24 13:22:15]  [行18] 解析成功: SZSE.300054 [鼎龙股份] BUY @ 57.05 (VR:0.11)
[2026-04-24 13:22:15] 成功保存 18 条因子至: signal_batch_20260424_132215_631647.txt
[2026-04-24 13:22:15]  QQ-备用 邮件 495 处理完成
[2026-04-24 13:22:15]  QQ-备用 本轮共成功处理 1 封有效信号邮件
[2026-04-24 13:22:51]  正在连接 QQ-主 邮箱服务器 (497720537@qq.com) ...
[2026-04-24 13:22:51]  正在连接 QQ-备用 邮箱服务器 (shouqianbadavid@qq.com) ...
[2026-04-24 13:23:27]  正在连接 QQ-主 邮箱服务器 (497720537@qq.com) ...
[2026-04-24 13:23:28]  正在连接 QQ-备用 邮箱服务器 (shouqianbadavid@qq.com) ...
[2026-04-24 13:24:03]  正在连接 QQ-主 邮箱服务器 (497720537@qq.com) ...
[2026-04-24 13:24:04]  正在连接 QQ-备用 邮箱服务器 (shouqianbadavid@qq.com) ...
[2026-04-24 13:24:40]  正在连接 QQ-主 邮箱服务器 (497720537@qq.com) ...
[2026-04-24 13:24:41]  正在连接 QQ-备用 邮箱服务器 (shouqianbadavid@qq.com) ...
[2026-04-24 13:25:17]  正在连接 QQ-主 邮箱服务器 (497720537@qq.com) ...
[2026-04-24 13:25:17]  正在连接 QQ-备用 邮箱服务器 (shouqianbadavid@qq.com) ...
[2026-04-24 13:25:53]  正在连接 QQ-主 邮箱服务器 (497720537@qq.com) ...
[2026-04-24 13:25:54]  正在连接 QQ-备用 邮箱服务器 (shouqianbadavid@qq.com) ...
[2026-04-24 13:26:29]  正在连接 QQ-主 邮箱服务器 (497720537@qq.com) ...
[2026-04-24 13:26:31]  正在连接 QQ-备用 邮箱服务器 (shouqianbadavid@qq.com) ...
[2026-04-24 13:27:07]  正在连接 QQ-主 邮箱服务器 (497720537@qq.com) ...
[2026-04-24 13:27:07]  QQ-主 正在解析因子: =?utf-8?b?QWxwaGFQaWxvdCDlrp7ml7bkv6Hlj7cgKGFscGhhX3NpZ25hbF90aHJfMjAyNjA0MjRfMTMyNi5qc29uKSBb5Li7UVEt5a+55aSWXQ==?=
[2026-04-24 13:27:07]  发现表格，共 12 行数据
[2026-04-24 13:27:07]  动态索引映射: ['股票代码', '股票名称', '信号', '当前价格', '量比', '来源过滤']
[2026-04-24 13:27:07]  [行1] 解析成功: SZSE.300722 [新余国科] BUY @ 27.9 (VR:5.38)
[2026-04-24 13:27:07]  [行2] 解析成功: SZSE.300259 [新天科技] BUY @ 4.39 (VR:0.26)
[2026-04-24 13:27:07]  [行3] 解析成功: SZSE.301120 [新特电器] BUY @ 20.34 (VR:0.16)
[2026-04-24 13:27:07]  [行4] 解析成功: SHSE.688700 [东威科技] BUY @ 60.97 (VR:0.33)
[2026-04-24 13:27:07]  [行5] 解析成功: SHSE.688689 [银河微电] SELL @ 40.29 (VR:0.29)
[2026-04-24 13:27:07]  [行6] 解析成功: SZSE.002980 [华盛昌] BUY @ 80.85 (VR:0.04)
[2026-04-24 13:27:07]  [行7] 解析成功: SZSE.300722 [新余国科] BUY @ 27.93 (VR:0.11)
[2026-04-24 13:27:07]  [行8] 解析成功: SZSE.300259 [新天科技] BUY @ 4.41 (VR:0.05)
[2026-04-24 13:27:07]  [行9] 解析成功: SZSE.301120 [新特电器] BUY @ 20.5 (VR:0.7)
[2026-04-24 13:27:07]  [行10] 解析成功: SHSE.688700 [东威科技] BUY @ 61.02 (VR:0.89)
[2026-04-24 13:27:07]  [行11] 解析成功: SHSE.688689 [银河微电] SELL @ 40.19 (VR:0.09)
[2026-04-24 13:27:07]  [行12] 解析成功: SZSE.002980 [华盛昌] BUY @ 81.06 (VR:0.08)
[2026-04-24 13:27:07] 成功保存 12 条因子至: signal_batch_20260424_132707_821953.txt
[2026-04-24 13:27:08]  QQ-主 邮件 3175 处理完成
[2026-04-24 13:27:08]  QQ-主 本轮共成功处理 1 封有效信号邮件
[2026-04-24 13:27:08]  正在连接 QQ-备用 邮箱服务器 (shouqianbadavid@qq.com) ...
[2026-04-24 13:27:08]  QQ-备用 正在解析因子: =?utf-8?b?QWxwaGFQaWxvdCDlpIfku73kv6Hlj7cgKGFscGhhX3NpZ25hbF90aHJfMjAyNjA0MjRfMTMyNi5qc29uKSBb5aSHUVEt6Ieq5L+dXQ==?=
[2026-04-24 13:27:08]  发现表格，共 12 行数据
[2026-04-24 13:27:08]  动态索引映射: ['股票代码', '股票名称', '信号', '当前价格', '量比', '来源过滤']
[2026-04-24 13:27:08]  [行1] 解析成功: SZSE.300722 [新余国科] BUY @ 27.9 (VR:5.38)
[2026-04-24 13:27:08]  [行2] 解析成功: SZSE.300259 [新天科技] BUY @ 4.39 (VR:0.26)
[2026-04-24 13:27:08]  [行3] 解析成功: SZSE.301120 [新特电器] BUY @ 20.34 (VR:0.16)
[2026-04-24 13:27:08]  [行4] 解析成功: SHSE.688700 [东威科技] BUY @ 60.97 (VR:0.33)
[2026-04-24 13:27:08]  [行5] 解析成功: SHSE.688689 [银河微电] SELL @ 40.29 (VR:0.29)
[2026-04-24 13:27:08]  [行6] 解析成功: SZSE.002980 [华盛昌] BUY @ 80.85 (VR:0.04)
[2026-04-24 13:27:08]  [行7] 解析成功: SZSE.300722 [新余国科] BUY @ 27.93 (VR:0.11)
[2026-04-24 13:27:08]  [行8] 解析成功: SZSE.300259 [新天科技] BUY @ 4.41 (VR:0.05)
[2026-04-24 13:27:08]  [行9] 解析成功: SZSE.301120 [新特电器] BUY @ 20.5 (VR:0.7)
[2026-04-24 13:27:08]  [行10] 解析成功: SHSE.688700 [东威科技] BUY @ 61.02 (VR:0.89)
[2026-04-24 13:27:08]  [行11] 解析成功: SHSE.688689 [银河微电] SELL @ 40.19 (VR:0.09)
[2026-04-24 13:27:08]  [行12] 解析成功: SZSE.002980 [华盛昌] BUY @ 81.06 (VR:0.08)
[2026-04-24 13:27:09] 成功保存 12 条因子至: signal_batch_20260424_132709_004429.txt
[2026-04-24 13:27:09]  QQ-备用 邮件 496 处理完成
[2026-04-24 13:27:09]  QQ-备用 本轮共成功处理 1 封有效信号邮件
[2026-04-24 13:27:44]  正在连接 QQ-主 邮箱服务器 (497720537@qq.com) ...
[2026-04-24 13:27:45]  正在连接 QQ-备用 邮箱服务器 (shouqianbadavid@qq.com) ...
[2026-04-24 13:28:20]  正在连接 QQ-主 邮箱服务器 (497720537@qq.com) ...
[2026-04-24 13:28:21]  正在连接 QQ-备用 邮箱服务器 (shouqianbadavid@qq.com) ...
[2026-04-24 13:28:57]  正在连接 QQ-主 邮箱服务器 (497720537@qq.com) ...
[2026-04-24 13:28:58]  正在连接 QQ-备用 邮箱服务器 (shouqianbadavid@qq.com) ...
[2026-04-24 13:29:34]  正在连接 QQ-主 邮箱服务器 (497720537@qq.com) ...
[2026-04-24 13:29:35]  正在连接 QQ-备用 邮箱服务器 (shouqianbadavid@qq.com) ...
[2026-04-24 13:30:11]  正在连接 QQ-主 邮箱服务器 (497720537@qq.com) ...
[2026-04-24 13:30:11]  正在连接 QQ-备用 邮箱服务器 (shouqianbadavid@qq.com) ...
[2026-04-24 13:30:47]  正在连接 QQ-主 邮箱服务器 (497720537@qq.com) ...
[2026-04-24 13:30:48]  正在连接 QQ-备用 邮箱服务器 (shouqianbadavid@qq.com) ...
[2026-04-24 13:31:24]  正在连接 QQ-主 邮箱服务器 (497720537@qq.com) ...
[2026-04-24 13:31:25]  正在连接 QQ-备用 邮箱服务器 (shouqianbadavid@qq.com) ...
[2026-04-24 13:32:00]  正在连接 QQ-主 邮箱服务器 (497720537@qq.com) ...
[2026-04-24 13:32:01]  正在连接 QQ-备用 邮箱服务器 (shouqianbadavid@qq.com) ...
[2026-04-24 13:32:37]  正在连接 QQ-主 邮箱服务器 (497720537@qq.com) ...
[2026-04-24 13:32:38]  QQ-主 正在解析因子: =?utf-8?b?QWxwaGFQaWxvdCDlrp7ml7bkv6Hlj7cgKGFscGhhX3NpZ25hbF90aHJfMjAyNjA0MjRfMTMzMi5qc29uKSBb5Li7UVEt5a+55aSWXQ==?=
[2026-04-24 13:32:38]  发现表格，共 22 行数据
[2026-04-24 13:32:38]  动态索引映射: ['股票代码', '股票名称', '信号', '当前价格', '量比', '来源过滤']
[2026-04-24 13:32:38]  [行1] 解析成功: SZSE.300195 [长荣股份] SELL @ 7.43 (VR:0.52)
[2026-04-24 13:32:38]  [行2] 解析成功: SZSE.002015 [协鑫能科] SELL @ 20.21 (VR:0.29)
[2026-04-24 13:32:38]  [行3] 解析成功: SZSE.000912 [泸天化] BUY @ 5.23 (VR:0.74)
[2026-04-24 13:32:38]  [行4] 解析成功: SZSE.301667 [纳百川] BUY @ 118.68 (VR:0.29)
[2026-04-24 13:32:38]  [行5] 解析成功: SHSE.688295 [奥林德] BUY @ 59.67 (VR:0.09)
[2026-04-24 13:32:38]  [行6] 解析成功: SHSE.600722 [金牛化工] BUY @ 13.86 (VR:1.48)
[2026-04-24 13:32:38]  [行7] 解析成功: SHSE.688295 [中复神鹰] BUY @ 59.58 (VR:0.04)
[2026-04-24 13:32:38]  [行8] 解析成功: SZSE.300782 [卓胜微] SELL @ 103.3 (VR:0.21)
[2026-04-24 13:32:38]  [行9] 解析成功: SZSE.300866 [安克创新] SELL @ 123.55 (VR:0.58)
[2026-04-24 13:32:38]  [行10] 解析成功: SZSE.300724 [捷佳伟创] BUY @ 89.45 (VR:0.91)
[2026-04-24 13:32:38]  [行11] 解析成功: SZSE.300813 [泰林生物] SELL @ 24.59 (VR:0.13)
[2026-04-24 13:32:38]  [行12] 解析成功: SZSE.300195 [长荣股份] SELL @ 7.42 (VR:0.3)
[2026-04-24 13:32:38]  [行13] 解析成功: SZSE.002015 [协鑫能科] SELL @ 20.09 (VR:0.11)
[2026-04-24 13:32:38]  [行14] 解析成功: SZSE.000912 [泸天化] BUY @ 5.25 (VR:0.46)
[2026-04-24 13:32:38]  [行15] 解析成功: SZSE.301667 [纳百川] BUY @ 119.02 (VR:0.63)
[2026-04-24 13:32:38]  [行16] 解析成功: SHSE.688295 [奥林德] BUY @ 59.51 (VR:0.2)
[2026-04-24 13:32:38]  [行17] 解析成功: SHSE.600722 [金牛化工] BUY @ 13.87 (VR:0.78)
[2026-04-24 13:32:38]  [行18] 解析成功: SHSE.688295 [中复神鹰] BUY @ 59.54 (VR:0.48)
[2026-04-24 13:32:38]  [行19] 解析成功: SZSE.300782 [卓胜微] SELL @ 103.08 (VR:0.65)
[2026-04-24 13:32:38]  [行20] 解析成功: SZSE.300866 [安克创新] SELL @ 123.41 (VR:0.0)
[2026-04-24 13:32:38]  [行21] 解析成功: SZSE.300724 [捷佳伟创] BUY @ 89.61 (VR:0.08)
[2026-04-24 13:32:38]  [行22] 解析成功: SZSE.300813 [泰林生物] SELL @ 24.58 (VR:1.19)
[2026-04-24 13:32:38] 成功保存 22 条因子至: signal_batch_20260424_133238_217219.txt
[2026-04-24 13:32:38]  QQ-主 邮件 3176 处理完成
[2026-04-24 13:32:38]  QQ-主 本轮共成功处理 1 封有效信号邮件
[2026-04-24 13:32:38]  正在连接 QQ-备用 邮箱服务器 (shouqianbadavid@qq.com) ...
[2026-04-24 13:33:14]  正在连接 QQ-主 邮箱服务器 (497720537@qq.com) ...
[2026-04-24 13:33:14]  正在连接 QQ-备用 邮箱服务器 (shouqianbadavid@qq.com) ...
[2026-04-24 13:33:15]  QQ-备用 正在解析因子: =?utf-8?b?QWxwaGFQaWxvdCDlpIfku73kv6Hlj7cgKGFscGhhX3NpZ25hbF90aHJfMjAyNjA0MjRfMTMzMi5qc29uKSBb5aSHUVEt6Ieq5L+dXQ==?=
[2026-04-24 13:33:15]  发现表格，共 22 行数据
[2026-04-24 13:33:15]  动态索引映射: ['股票代码', '股票名称', '信号', '当前价格', '量比', '来源过滤']
[2026-04-24 13:33:15]  [行1] 解析成功: SZSE.300195 [长荣股份] SELL @ 7.43 (VR:0.52)
[2026-04-24 13:33:15]  [行2] 解析成功: SZSE.002015 [协鑫能科] SELL @ 20.21 (VR:0.29)
[2026-04-24 13:33:15]  [行3] 解析成功: SZSE.000912 [泸天化] BUY @ 5.23 (VR:0.74)
[2026-04-24 13:33:15]  [行4] 解析成功: SZSE.301667 [纳百川] BUY @ 118.68 (VR:0.29)
[2026-04-24 13:33:15]  [行5] 解析成功: SHSE.688295 [奥林德] BUY @ 59.67 (VR:0.09)
[2026-04-24 13:33:15]  [行6] 解析成功: SHSE.600722 [金牛化工] BUY @ 13.86 (VR:1.48)
[2026-04-24 13:33:15]  [行7] 解析成功: SHSE.688295 [中复神鹰] BUY @ 59.58 (VR:0.04)
[2026-04-24 13:33:15]  [行8] 解析成功: SZSE.300782 [卓胜微] SELL @ 103.3 (VR:0.21)
[2026-04-24 13:33:15]  [行9] 解析成功: SZSE.300866 [安克创新] SELL @ 123.55 (VR:0.58)
[2026-04-24 13:33:15]  [行10] 解析成功: SZSE.300724 [捷佳伟创] BUY @ 89.45 (VR:0.91)
[2026-04-24 13:33:15]  [行11] 解析成功: SZSE.300813 [泰林生物] SELL @ 24.59 (VR:0.13)
[2026-04-24 13:33:15]  [行12] 解析成功: SZSE.300195 [长荣股份] SELL @ 7.42 (VR:0.3)
[2026-04-24 13:33:15]  [行13] 解析成功: SZSE.002015 [协鑫能科] SELL @ 20.09 (VR:0.11)
[2026-04-24 13:33:15]  [行14] 解析成功: SZSE.000912 [泸天化] BUY @ 5.25 (VR:0.46)
[2026-04-24 13:33:15]  [行15] 解析成功: SZSE.301667 [纳百川] BUY @ 119.02 (VR:0.63)
[2026-04-24 13:33:15]  [行16] 解析成功: SHSE.688295 [奥林德] BUY @ 59.51 (VR:0.2)
[2026-04-24 13:33:15]  [行17] 解析成功: SHSE.600722 [金牛化工] BUY @ 13.87 (VR:0.78)
[2026-04-24 13:33:15]  [行18] 解析成功: SHSE.688295 [中复神鹰] BUY @ 59.54 (VR:0.48)
[2026-04-24 13:33:15]  [行19] 解析成功: SZSE.300782 [卓胜微] SELL @ 103.08 (VR:0.65)
[2026-04-24 13:33:15]  [行20] 解析成功: SZSE.300866 [安克创新] SELL @ 123.41 (VR:0.0)
[2026-04-24 13:33:15]  [行21] 解析成功: SZSE.300724 [捷佳伟创] BUY @ 89.61 (VR:0.08)
[2026-04-24 13:33:15]  [行22] 解析成功: SZSE.300813 [泰林生物] SELL @ 24.58 (VR:1.19)
[2026-04-24 13:33:15] 成功保存 22 条因子至: signal_batch_20260424_133315_738527.txt
[2026-04-24 13:33:15]  QQ-备用 邮件 497 处理完成
[2026-04-24 13:33:15]  QQ-备用 本轮共成功处理 1 封有效信号邮件
[2026-04-24 13:33:51]  正在连接 QQ-主 邮箱服务器 (497720537@qq.com) ...
[2026-04-24 13:33:52]  正在连接 QQ-备用 邮箱服务器 (shouqianbadavid@qq.com) ...
[2026-04-24 13:34:28]  正在连接 QQ-主 邮箱服务器 (497720537@qq.com) ...
[2026-04-24 13:34:28]  正在连接 QQ-备用 邮箱服务器 (shouqianbadavid@qq.com) ...
[2026-04-24 13:35:04]  正在连接 QQ-主 邮箱服务器 (497720537@qq.com) ...
[2026-04-24 13:35:05]  正在连接 QQ-备用 邮箱服务器 (shouqianbadavid@qq.com) ...
[2026-04-24 13:35:40]  正在连接 QQ-主 邮箱服务器 (497720537@qq.com) ...
[2026-04-24 13:35:41]  正在连接 QQ-备用 邮箱服务器 (shouqianbadavid@qq.com) ...
[2026-04-24 13:36:17]  正在连接 QQ-主 邮箱服务器 (497720537@qq.com) ...
[2026-04-24 13:36:18]  正在连接 QQ-备用 邮箱服务器 (shouqianbadavid@qq.com) ...
[2026-04-24 13:36:54]  正在连接 QQ-主 邮箱服务器 (497720537@qq.com) ...
[2026-04-24 13:36:55]  正在连接 QQ-备用 邮箱服务器 (shouqianbadavid@qq.com) ...
[2026-04-24 13:37:30]  正在连接 QQ-主 邮箱服务器 (497720537@qq.com) ...
[2026-04-24 13:37:31]  正在连接 QQ-备用 邮箱服务器 (shouqianbadavid@qq.com) ...
[2026-04-24 13:38:07]  正在连接 QQ-主 邮箱服务器 (497720537@qq.com) ...
[2026-04-24 13:38:07]  正在连接 QQ-备用 邮箱服务器 (shouqianbadavid@qq.com) ...
[2026-04-24 13:38:43]  正在连接 QQ-主 邮箱服务器 (497720537@qq.com) ...
[2026-04-24 13:38:44]  正在连接 QQ-备用 邮箱服务器 (shouqianbadavid@qq.com) ...
[2026-04-24 13:39:20]  正在连接 QQ-主 邮箱服务器 (497720537@qq.com) ...
[2026-04-24 13:39:20]  正在连接 QQ-备用 邮箱服务器 (shouqianbadavid@qq.com) ...
[2026-04-24 13:39:56]  正在连接 QQ-主 邮箱服务器 (497720537@qq.com) ...
[2026-04-24 13:39:57]  正在连接 QQ-备用 邮箱服务器 (shouqianbadavid@qq.com) ...
[2026-04-24 13:40:33]  正在连接 QQ-主 邮箱服务器 (497720537@qq.com) ...
[2026-04-24 13:40:33]  正在连接 QQ-备用 邮箱服务器 (shouqianbadavid@qq.com) ...
[2026-04-24 13:41:09]  正在连接 QQ-主 邮箱服务器 (497720537@qq.com) ...
[2026-04-24 13:41:10]  正在连接 QQ-备用 邮箱服务器 (shouqianbadavid@qq.com) ...
[2026-04-24 13:41:45]  正在连接 QQ-主 邮箱服务器 (497720537@qq.com) ...
[2026-04-24 13:41:46]  正在连接 QQ-备用 邮箱服务器 (shouqianbadavid@qq.com) ...
[2026-04-24 13:42:22]  正在连接 QQ-主 邮箱服务器 (497720537@qq.com) ...
[2026-04-24 13:42:23]  正在连接 QQ-备用 邮箱服务器 (shouqianbadavid@qq.com) ...
[2026-04-24 13:42:59]  正在连接 QQ-主 邮箱服务器 (497720537@qq.com) ...
[2026-04-24 13:43:00]  正在连接 QQ-备用 邮箱服务器 (shouqianbadavid@qq.com) ...
[2026-04-24 13:43:36]  正在连接 QQ-主 邮箱服务器 (497720537@qq.com) ...
[2026-04-24 13:43:36]  QQ-主 正在解析因子: =?utf-8?b?QWxwaGFQaWxvdCDlrp7ml7bkv6Hlj7cgKGFscGhhX3NpZ25hbF90aHJfMjAyNjA0MjRfMTM0My5qc29uKSBb5Li7UVEt5a+55aSWXQ==?=
[2026-04-24 13:43:36]  发现表格，共 16 行数据
[2026-04-24 13:43:36]  动态索引映射: ['股票代码', '股票名称', '信号', '当前价格', '量比', '来源过滤']
[2026-04-24 13:43:36]  [行1] 解析成功: SZSE.002460 [赣锋锂业] BUY @ 82.98 (VR:0.31)
[2026-04-24 13:43:36]  [行2] 解析成功: SZSE.002925 [盈趣科技] BUY @ 19.2 (VR:0.58)
[2026-04-24 13:43:36]  [行3] 解析成功: SZSE.002046 [国机精工] BUY @ 51.96 (VR:0.25)
[2026-04-24 13:43:36]  [行4] 解析成功: SZSE.000510 [新金路] BUY @ 13.37 (VR:0.14)
[2026-04-24 13:43:36]  [行5] 解析成功: SZSE.300693 [盛弘股份] BUY @ 48.97 (VR:1.38)
[2026-04-24 13:43:36]  [行6] 解析成功: SZSE.001309 [德利明] BUY @ 489.56 (VR:0.51)
[2026-04-24 13:43:36]  [行7] 解析成功: SHSE.688331 [荣昌生物] SELL @ 132.8 (VR:0.14)
[2026-04-24 13:43:36]  [行8] 解析成功: SZSE.002460 [赣锋锂业] BUY @ 83.24 (VR:0.49)
[2026-04-24 13:43:36]  [行9] 解析成功: SZSE.002925 [盈趣科技] BUY @ 19.21 (VR:0.33)
[2026-04-24 13:43:36]  [行10] 解析成功: SZSE.002046 [国机精工] BUY @ 52.03 (VR:0.08)
[2026-04-24 13:43:36]  [行11] 解析成功: SZSE.000407 [胜利股份] BUY @ 4.66 (VR:0.01)
[2026-04-24 13:43:36]  [行12] 解析成功: SZSE.000510 [新金路] BUY @ 13.41 (VR:0.01)
[2026-04-24 13:43:36]  [行13] 解析成功: SZSE.300693 [盛弘股份] BUY @ 48.97 (VR:0.11)
[2026-04-24 13:43:37]  [行14] 解析成功: SZSE.001309 [德利明] BUY @ 491.2 (VR:0.28)
[2026-04-24 13:43:37]  [行15] 解析成功: SZSE.300432 [富临精工] SELL @ 27.1 (VR:0.52)
[2026-04-24 13:43:37]  [行16] 解析成功: SHSE.688331 [荣昌生物] SELL @ 132.52 (VR:0.59)
[2026-04-24 13:43:37] 成功保存 16 条因子至: signal_batch_20260424_134337_046676.txt
[2026-04-24 13:43:37]  QQ-主 邮件 3177 处理完成
[2026-04-24 13:43:37]  QQ-主 本轮共成功处理 1 封有效信号邮件
[2026-04-24 13:43:37]  正在连接 QQ-备用 邮箱服务器 (shouqianbadavid@qq.com) ...
[2026-04-24 13:44:13]  正在连接 QQ-主 邮箱服务器 (497720537@qq.com) ...
[2026-04-24 13:44:14]  正在连接 QQ-备用 邮箱服务器 (shouqianbadavid@qq.com) ...
[2026-04-24 13:44:14]  QQ-备用 正在解析因子: =?utf-8?b?QWxwaGFQaWxvdCDlpIfku73kv6Hlj7cgKGFscGhhX3NpZ25hbF90aHJfMjAyNjA0MjRfMTM0My5qc29uKSBb5aSHUVEt6Ieq5L+dXQ==?=
[2026-04-24 13:44:14]  发现表格，共 16 行数据
[2026-04-24 13:44:14]  动态索引映射: ['股票代码', '股票名称', '信号', '当前价格', '量比', '来源过滤']
[2026-04-24 13:44:14]  [行1] 解析成功: SZSE.002460 [赣锋锂业] BUY @ 82.98 (VR:0.31)
[2026-04-24 13:44:14]  [行2] 解析成功: SZSE.002925 [盈趣科技] BUY @ 19.2 (VR:0.58)
[2026-04-24 13:44:14]  [行3] 解析成功: SZSE.002046 [国机精工] BUY @ 51.96 (VR:0.25)
[2026-04-24 13:44:14]  [行4] 解析成功: SZSE.000510 [新金路] BUY @ 13.37 (VR:0.14)
[2026-04-24 13:44:14]  [行5] 解析成功: SZSE.300693 [盛弘股份] BUY @ 48.97 (VR:1.38)
[2026-04-24 13:44:14]  [行6] 解析成功: SZSE.001309 [德利明] BUY @ 489.56 (VR:0.51)
[2026-04-24 13:44:14]  [行7] 解析成功: SHSE.688331 [荣昌生物] SELL @ 132.8 (VR:0.14)
[2026-04-24 13:44:14]  [行8] 解析成功: SZSE.002460 [赣锋锂业] BUY @ 83.24 (VR:0.49)
[2026-04-24 13:44:14]  [行9] 解析成功: SZSE.002925 [盈趣科技] BUY @ 19.21 (VR:0.33)
[2026-04-24 13:44:14]  [行10] 解析成功: SZSE.002046 [国机精工] BUY @ 52.03 (VR:0.08)
[2026-04-24 13:44:14]  [行11] 解析成功: SZSE.000407 [胜利股份] BUY @ 4.66 (VR:0.01)
[2026-04-24 13:44:14]  [行12] 解析成功: SZSE.000510 [新金路] BUY @ 13.41 (VR:0.01)
[2026-04-24 13:44:14]  [行13] 解析成功: SZSE.300693 [盛弘股份] BUY @ 48.97 (VR:0.11)
[2026-04-24 13:44:14]  [行14] 解析成功: SZSE.001309 [德利明] BUY @ 491.2 (VR:0.28)
[2026-04-24 13:44:14]  [行15] 解析成功: SZSE.300432 [富临精工] SELL @ 27.1 (VR:0.52)
[2026-04-24 13:44:14]  [行16] 解析成功: SHSE.688331 [荣昌生物] SELL @ 132.52 (VR:0.59)
[2026-04-24 13:44:15] 成功保存 16 条因子至: signal_batch_20260424_134415_047487.txt
[2026-04-24 13:44:15]  QQ-备用 邮件 498 处理完成
[2026-04-24 13:44:15]  QQ-备用 本轮共成功处理 1 封有效信号邮件
[2026-04-24 13:44:50]  正在连接 QQ-主 邮箱服务器 (497720537@qq.com) ...
[2026-04-24 13:44:51]  正在连接 QQ-备用 邮箱服务器 (shouqianbadavid@qq.com) ...
[2026-04-24 13:46:16]  AlphaPilot 监听服务 (Pro 多邮箱版) 启动...
[2026-04-24 13:46:16]  信号保存目录: D:\mpython\signals
[2026-04-24 13:46:16]  日志文件: D:\mpython\logs_receiver\receiver_20260424.log
[2026-04-24 13:46:16]  正在连接 QQ-主 邮箱服务器 (497720537@qq.com) ...
[2026-04-24 13:46:17]  正在连接 QQ-备用 邮箱服务器 (shouqianbadavid@qq.com) ...
[2026-04-24 13:46:53]  正在连接 QQ-主 邮箱服务器 (497720537@qq.com) ...
[2026-04-24 13:46:54]  正在连接 QQ-备用 邮箱服务器 (shouqianbadavid@qq.com) ...
[2026-04-24 13:47:29]  正在连接 QQ-主 邮箱服务器 (497720537@qq.com) ...
[2026-04-24 13:47:30]  正在连接 QQ-备用 邮箱服务器 (shouqianbadavid@qq.com) ...
[2026-04-24 13:48:06]  正在连接 QQ-主 邮箱服务器 (497720537@qq.com) ...
[2026-04-24 13:48:07]  正在连接 QQ-备用 邮箱服务器 (shouqianbadavid@qq.com) ...
[2026-04-24 13:48:42]  正在连接 QQ-主 邮箱服务器 (497720537@qq.com) ...
[2026-04-24 13:48:43]  正在连接 QQ-备用 邮箱服务器 (shouqianbadavid@qq.com) ...
[2026-04-24 13:49:19]  正在连接 QQ-主 邮箱服务器 (497720537@qq.com) ...
[2026-04-24 13:49:19]  正在连接 QQ-备用 邮箱服务器 (shouqianbadavid@qq.com) ...
[2026-04-24 13:49:55]  正在连接 QQ-主 邮箱服务器 (497720537@qq.com) ...
[2026-04-24 13:49:56]  正在连接 QQ-备用 邮箱服务器 (shouqianbadavid@qq.com) ...
[2026-04-24 13:50:31]  正在连接 QQ-主 邮箱服务器 (497720537@qq.com) ...
[2026-04-24 13:50:32]  正在连接 QQ-备用 邮箱服务器 (shouqianbadavid@qq.com) ...
[2026-04-24 13:51:08]  正在连接 QQ-主 邮箱服务器 (497720537@qq.com) ...
[2026-04-24 13:51:09]  正在连接 QQ-备用 邮箱服务器 (shouqianbadavid@qq.com) ...
[2026-04-24 13:51:44]  正在连接 QQ-主 邮箱服务器 (497720537@qq.com) ...
[2026-04-24 13:51:45]  正在连接 QQ-备用 邮箱服务器 (shouqianbadavid@qq.com) ...
[2026-04-24 13:52:21]  正在连接 QQ-主 邮箱服务器 (497720537@qq.com) ...
[2026-04-24 13:52:21]  正在连接 QQ-备用 邮箱服务器 (shouqianbadavid@qq.com) ...
[2026-04-24 13:52:57]  正在连接 QQ-主 邮箱服务器 (497720537@qq.com) ...
[2026-04-24 13:52:58]  QQ-主 正在解析因子: =?utf-8?b?QWxwaGFQaWxvdCDlrp7ml7bkv6Hlj7cgKGFscGhhX3NpZ25hbF90aHJfMjAyNjA0MjRfMTM1Mi5qc29uKSBb5Li7UVEt5a+55aSWXQ==?=
[2026-04-24 13:52:58]  发现表格，共 30 行数据
[2026-04-24 13:52:58]  动态索引映射: ['股票代码', '股票名称', '信号', '当前价格', '量比', '来源过滤']
[2026-04-24 13:52:58]  [行1] 解析成功: SHSE.600989 [宝丰能源] SELL @ 29.69 (VR:0.18)
[2026-04-24 13:52:58]  [行2] 解析成功: SZSE.002455 [百川股份] BUY @ 11.02 (VR:1.06)
[2026-04-24 13:52:58]  [行3] 解析成功: SZSE.002202 [金风科技] SELL @ 25.55 (VR:0.02)
[2026-04-24 13:52:58]  [行4] 解析成功: SZSE.301165 [锐捷网络] BUY @ 97.71 (VR:0.14)
[2026-04-24 13:52:58]  [行5] 解析成功: SZSE.300037 [新宙邦] SELL @ 64.56 (VR:0.83)
[2026-04-24 13:52:58]  [行6] 解析成功: SZSE.300207 [欣旺达] SELL @ 27.88 (VR:0.05)
[2026-04-24 13:52:58]  [行7] 解析成功: SZSE.300677 [英科医疗] SELL @ 57.53 (VR:0.54)
[2026-04-24 13:52:58]  [行8] 解析成功: SZSE.002506 [协鑫集成] SELL @ 4.36 (VR:0.04)
[2026-04-24 13:52:58]  [行9] 解析成功: SZSE.300285 [国瓷材料] SELL @ 35.54 (VR:0.26)
[2026-04-24 13:52:58]  [行10] 解析成功: SZSE.300393 [中来股份] BUY @ 10.18 (VR:0.0)
[2026-04-24 13:52:58]  [行11] 解析成功: SZSE.300228 [富瑞特装] BUY @ 8.97 (VR:0.01)
[2026-04-24 13:52:58]  [行12] 解析成功: SZSE.301419 [瑞可达] BUY @ 41.45 (VR:1.32)
[2026-04-24 13:52:58]  [行13] 解析成功: SZSE.301071 [力量钻石] BUY @ 51.51 (VR:2.3)
[2026-04-24 13:52:58]  [行14] 解析成功: SZSE.300868 [杰美特] SELL @ 71.6 (VR:0.48)
[2026-04-24 13:52:58]  [行15] 解析成功: SZSE.300054 [鼎龙股份] SELL @ 56.95 (VR:0.12)
[2026-04-24 13:52:58]  [行16] 解析成功: SZSE.002202 [金风科技] SELL @ 25.55 (VR:0.19)
[2026-04-24 13:52:58]  [行17] 解析成功: SZSE.301165 [锐捷网络] BUY @ 98.75 (VR:0.63)
[2026-04-24 13:52:58]  [行18] 解析成功: SZSE.300037 [新宙邦] SELL @ 64.48 (VR:0.03)
[2026-04-24 13:52:58]  [行19] 解析成功: SZSE.300207 [欣旺达] SELL @ 27.87 (VR:0.44)
[2026-04-24 13:52:58]  [行20] 解析成功: SZSE.300677 [英科医疗] SELL @ 57.5 (VR:0.29)
[2026-04-24 13:52:58]  [行21] 解析成功: SZSE.300274 [阳光电源] SELL @ 133.65 (VR:0.1)
[2026-04-24 13:52:58]  [行22] 解析成功: SZSE.002506 [协鑫集成] SELL @ 4.35 (VR:0.05)
[2026-04-24 13:52:58]  [行23] 解析成功: SZSE.300285 [国瓷材料] SELL @ 35.54 (VR:0.31)
[2026-04-24 13:52:58]  [行24] 解析成功: SZSE.002195 [岩山科技] SELL @ 8.92 (VR:0.1)
[2026-04-24 13:52:58]  [行25] 解析成功: SZSE.301419 [瑞可达] BUY @ 41.46 (VR:0.47)
[2026-04-24 13:52:58]  [行26] 解析成功: SZSE.301071 [力量钻石] BUY @ 51.54 (VR:0.96)
[2026-04-24 13:52:58]  [行27] 解析成功: SZSE.300868 [杰美特] SELL @ 71.48 (VR:3.24)
[2026-04-24 13:52:58]  [行28] 解析成功: SZSE.300390 [天华超净] SELL @ 89.38 (VR:0.86)
[2026-04-24 13:52:58]  [行29] 解析成功: SZSE.300953 [震裕科技] SELL @ 218.69 (VR:0.24)
[2026-04-24 13:52:58]  [行30] 解析成功: SZSE.300054 [鼎龙股份] SELL @ 56.78 (VR:0.11)
[2026-04-24 13:52:58] 成功保存 30 条因子至: signal_batch_20260424_135258_143613.txt
[2026-04-24 13:52:58]  QQ-主 邮件 3178 处理完成
[2026-04-24 13:52:58]  QQ-主 本轮共成功处理 1 封有效信号邮件
[2026-04-24 13:52:58]  正在连接 QQ-备用 邮箱服务器 (shouqianbadavid@qq.com) ...
[2026-04-24 13:53:33]  正在连接 QQ-主 邮箱服务器 (497720537@qq.com) ...
[2026-04-24 13:53:35]  正在连接 QQ-备用 邮箱服务器 (shouqianbadavid@qq.com) ...
[2026-04-24 13:53:36]  QQ-备用 正在解析因子: =?utf-8?b?QWxwaGFQaWxvdCDlpIfku73kv6Hlj7cgKGFscGhhX3NpZ25hbF90aHJfMjAyNjA0MjRfMTM1Mi5qc29uKSBb5aSHUVEt6Ieq5L+dXQ==?=
[2026-04-24 13:53:36]  发现表格，共 30 行数据
[2026-04-24 13:53:36]  动态索引映射: ['股票代码', '股票名称', '信号', '当前价格', '量比', '来源过滤']
[2026-04-24 13:53:36]  [行1] 解析成功: SHSE.600989 [宝丰能源] SELL @ 29.69 (VR:0.18)
[2026-04-24 13:53:36]  [行2] 解析成功: SZSE.002455 [百川股份] BUY @ 11.02 (VR:1.06)
[2026-04-24 13:53:36]  [行3] 解析成功: SZSE.002202 [金风科技] SELL @ 25.55 (VR:0.02)
[2026-04-24 13:53:36]  [行4] 解析成功: SZSE.301165 [锐捷网络] BUY @ 97.71 (VR:0.14)
[2026-04-24 13:53:36]  [行5] 解析成功: SZSE.300037 [新宙邦] SELL @ 64.56 (VR:0.83)
[2026-04-24 13:53:36]  [行6] 解析成功: SZSE.300207 [欣旺达] SELL @ 27.88 (VR:0.05)
[2026-04-24 13:53:36]  [行7] 解析成功: SZSE.300677 [英科医疗] SELL @ 57.53 (VR:0.54)
[2026-04-24 13:53:36]  [行8] 解析成功: SZSE.002506 [协鑫集成] SELL @ 4.36 (VR:0.04)
[2026-04-24 13:53:36]  [行9] 解析成功: SZSE.300285 [国瓷材料] SELL @ 35.54 (VR:0.26)
[2026-04-24 13:53:36]  [行10] 解析成功: SZSE.300393 [中来股份] BUY @ 10.18 (VR:0.0)
[2026-04-24 13:53:36]  [行11] 解析成功: SZSE.300228 [富瑞特装] BUY @ 8.97 (VR:0.01)
[2026-04-24 13:53:36]  [行12] 解析成功: SZSE.301419 [瑞可达] BUY @ 41.45 (VR:1.32)
[2026-04-24 13:53:36]  [行13] 解析成功: SZSE.301071 [力量钻石] BUY @ 51.51 (VR:2.3)
[2026-04-24 13:53:36]  [行14] 解析成功: SZSE.300868 [杰美特] SELL @ 71.6 (VR:0.48)
[2026-04-24 13:53:36]  [行15] 解析成功: SZSE.300054 [鼎龙股份] SELL @ 56.95 (VR:0.12)
[2026-04-24 13:53:36]  [行16] 解析成功: SZSE.002202 [金风科技] SELL @ 25.55 (VR:0.19)
[2026-04-24 13:53:36]  [行17] 解析成功: SZSE.301165 [锐捷网络] BUY @ 98.75 (VR:0.63)
[2026-04-24 13:53:36]  [行18] 解析成功: SZSE.300037 [新宙邦] SELL @ 64.48 (VR:0.03)
[2026-04-24 13:53:36]  [行19] 解析成功: SZSE.300207 [欣旺达] SELL @ 27.87 (VR:0.44)
[2026-04-24 13:53:36]  [行20] 解析成功: SZSE.300677 [英科医疗] SELL @ 57.5 (VR:0.29)
[2026-04-24 13:53:36]  [行21] 解析成功: SZSE.300274 [阳光电源] SELL @ 133.65 (VR:0.1)
[2026-04-24 13:53:36]  [行22] 解析成功: SZSE.002506 [协鑫集成] SELL @ 4.35 (VR:0.05)
[2026-04-24 13:53:36]  [行23] 解析成功: SZSE.300285 [国瓷材料] SELL @ 35.54 (VR:0.31)
[2026-04-24 13:53:36]  [行24] 解析成功: SZSE.002195 [岩山科技] SELL @ 8.92 (VR:0.1)
[2026-04-24 13:53:36]  [行25] 解析成功: SZSE.301419 [瑞可达] BUY @ 41.46 (VR:0.47)
[2026-04-24 13:53:36]  [行26] 解析成功: SZSE.301071 [力量钻石] BUY @ 51.54 (VR:0.96)
[2026-04-24 13:53:36]  [行27] 解析成功: SZSE.300868 [杰美特] SELL @ 71.48 (VR:3.24)
[2026-04-24 13:53:36]  [行28] 解析成功: SZSE.300390 [天华超净] SELL @ 89.38 (VR:0.86)
[2026-04-24 13:53:36]  [行29] 解析成功: SZSE.300953 [震裕科技] SELL @ 218.69 (VR:0.24)
[2026-04-24 13:53:36]  [行30] 解析成功: SZSE.300054 [鼎龙股份] SELL @ 56.78 (VR:0.11)
[2026-04-24 13:53:36] 成功保存 30 条因子至: signal_batch_20260424_135336_434308.txt
[2026-04-24 13:53:36]  QQ-备用 邮件 499 处理完成
[2026-04-24 13:53:36]  QQ-备用 本轮共成功处理 1 封有效信号邮件
[2026-04-24 13:54:11]  正在连接 QQ-主 邮箱服务器 (497720537@qq.com) ...
[2026-04-24 13:54:12]  正在连接 QQ-备用 邮箱服务器 (shouqianbadavid@qq.com) ...
[2026-04-24 13:54:48]  正在连接 QQ-主 邮箱服务器 (497720537@qq.com) ...
[2026-04-24 13:54:49]  正在连接 QQ-备用 邮箱服务器 (shouqianbadavid@qq.com) ...
[2026-04-24 13:55:25]  正在连接 QQ-主 邮箱服务器 (497720537@qq.com) ...
[2026-04-24 13:55:26]  正在连接 QQ-备用 邮箱服务器 (shouqianbadavid@qq.com) ...
[2026-04-24 13:56:02]  正在连接 QQ-主 邮箱服务器 (497720537@qq.com) ...
[2026-04-24 13:56:02]  正在连接 QQ-备用 邮箱服务器 (shouqianbadavid@qq.com) ...
[2026-04-24 13:56:38]  正在连接 QQ-主 邮箱服务器 (497720537@qq.com) ...
[2026-04-24 13:56:39]  正在连接 QQ-备用 邮箱服务器 (shouqianbadavid@qq.com) ...
[2026-04-24 13:57:14]  正在连接 QQ-主 邮箱服务器 (497720537@qq.com) ...
[2026-04-24 13:57:15]  正在连接 QQ-备用 邮箱服务器 (shouqianbadavid@qq.com) ...
[2026-04-24 13:57:51]  正在连接 QQ-主 邮箱服务器 (497720537@qq.com) ...
[2026-04-24 13:57:52]  正在连接 QQ-备用 邮箱服务器 (shouqianbadavid@qq.com) ...
[2026-04-24 13:58:28]  正在连接 QQ-主 邮箱服务器 (497720537@qq.com) ...
[2026-04-24 13:58:29]  正在连接 QQ-备用 邮箱服务器 (shouqianbadavid@qq.com) ...
[2026-04-24 13:59:05]  正在连接 QQ-主 邮箱服务器 (497720537@qq.com) ...
[2026-04-24 13:59:05]  正在连接 QQ-备用 邮箱服务器 (shouqianbadavid@qq.com) ...
[2026-04-24 13:59:41]  正在连接 QQ-主 邮箱服务器 (497720537@qq.com) ...
[2026-04-24 13:59:41]  正在连接 QQ-备用 邮箱服务器 (shouqianbadavid@qq.com) ...
[2026-04-24 14:00:17]  正在连接 QQ-主 邮箱服务器 (497720537@qq.com) ...
[2026-04-24 14:00:17]  正在连接 QQ-备用 邮箱服务器 (shouqianbadavid@qq.com) ...
[2026-04-24 14:00:53]  正在连接 QQ-主 邮箱服务器 (497720537@qq.com) ...
[2026-04-24 14:00:54]  QQ-主 正在解析因子: =?utf-8?b?QWxwaGFQaWxvdCDlrp7ml7bkv6Hlj7cgKGFscGhhX3NpZ25hbF90aHJfMjAyNjA0MjRfMTQwMC5qc29uKSBb5Li7UVEt5a+55aSWXQ==?=
[2026-04-24 14:00:54]  发现表格，共 24 行数据
[2026-04-24 14:00:54]  动态索引映射: ['股票代码', '股票名称', '信号', '当前价格', '量比', '来源过滤']
[2026-04-24 14:00:54]  [行1] 解析成功: SZSE.300722 [新余国科] BUY @ 27.94 (VR:0.29)
[2026-04-24 14:00:54]  [行2] 解析成功: SZSE.301120 [新特电器] SELL @ 20.58 (VR:0.07)
[2026-04-24 14:00:54]  [行3] 解析成功: SZSE.300385 [雪浪环境] SELL @ 14.07 (VR:1.66)
[2026-04-24 14:00:54]  [行4] 解析成功: SZSE.301389 [隆扬电子] BUY @ 57.54 (VR:0.49)
[2026-04-24 14:00:54]  [行5] 解析成功: SHSE.603353 [和顺电气] SELL @ 36.28 (VR:0.02)
[2026-04-24 14:00:54]  [行6] 解析成功: SHSE.688700 [东威科技] BUY @ 62.19 (VR:0.01)
[2026-04-24 14:00:54]  [行7] 解析成功: SHSE.688689 [银河微电] SELL @ 39.78 (VR:0.73)
[2026-04-24 14:00:54]  [行8] 解析成功: SZSE.300243 [瑞丰光电] BUY @ 16.88 (VR:0.9)
[2026-04-24 14:00:54]  [行9] 解析成功: SZSE.002980 [华盛昌] SELL @ 82.5 (VR:1.86)
[2026-04-24 14:00:54]  [行10] 解析成功: SZSE.000677 [恒立实业] SELL @ 4.08 (VR:0.73)
[2026-04-24 14:00:54]  [行11] 解析成功: SZSE.300722 [新余国科] BUY @ 27.96 (VR:0.24)
[2026-04-24 14:00:54]  [行12] 解析成功: SZSE.301120 [新特电器] SELL @ 20.55 (VR:0.45)
[2026-04-24 14:00:54]  [行13] 解析成功: SZSE.300641 [正丹股份] SELL @ 19.21 (VR:0.69)
[2026-04-24 14:00:54]  [行14] 解析成功: SZSE.300385 [雪浪环境] SELL @ 14.11 (VR:0.01)
[2026-04-24 14:00:54]  [行15] 解析成功: SZSE.301389 [隆扬电子] BUY @ 57.56 (VR:0.12)
[2026-04-24 14:00:54]  [行16] 解析成功: SZSE.301449 [天溯计量] BUY @ 80.33 (VR:0.29)
[2026-04-24 14:00:54]  [行17] 解析成功: SHSE.603353 [和顺电气] BUY @ 36.53 (VR:0.18)
[2026-04-24 14:00:54]  [行18] 解析成功: SHSE.688689 [银河微电] SELL @ 39.75 (VR:1.35)
[2026-04-24 14:00:54]  [行19] 解析成功: SHSE.603538 [美诺华] BUY @ 58.11 (VR:0.3)
[2026-04-24 14:00:54]  [行20] 解析成功: SZSE.300243 [瑞丰光电] BUY @ 16.92 (VR:0.14)
[2026-04-24 14:00:54]  [行21] 解析成功: SZSE.002980 [华盛昌] SELL @ 82.1 (VR:0.0)
[2026-04-24 14:00:54]  [行22] 解析成功: SZSE.000677 [恒立实业] SELL @ 4.07 (VR:0.01)
[2026-04-24 14:00:54]  [行23] 解析成功: SZSE.301220 [亚香股份] SELL @ 38.76 (VR:0.16)
[2026-04-24 14:00:54]  [行24] 解析成功: SZSE.300672 [国科微] SELL @ 158.42 (VR:0.48)
[2026-04-24 14:00:54] 成功保存 24 条因子至: signal_batch_20260424_140054_210820.txt
[2026-04-24 14:00:54]  QQ-主 邮件 3179 处理完成
[2026-04-24 14:00:54]  QQ-主 本轮共成功处理 1 封有效信号邮件
[2026-04-24 14:00:54]  正在连接 QQ-备用 邮箱服务器 (shouqianbadavid@qq.com) ...
[2026-04-24 14:00:55]  QQ-备用 正在解析因子: =?utf-8?b?QWxwaGFQaWxvdCDlpIfku73kv6Hlj7cgKGFscGhhX3NpZ25hbF90aHJfMjAyNjA0MjRfMTQwMC5qc29uKSBb5aSHUVEt6Ieq5L+dXQ==?=
[2026-04-24 14:00:55]  发现表格，共 24 行数据
[2026-04-24 14:00:55]  动态索引映射: ['股票代码', '股票名称', '信号', '当前价格', '量比', '来源过滤']
[2026-04-24 14:00:55]  [行1] 解析成功: SZSE.300722 [新余国科] BUY @ 27.94 (VR:0.29)
[2026-04-24 14:00:55]  [行2] 解析成功: SZSE.301120 [新特电器] SELL @ 20.58 (VR:0.07)
[2026-04-24 14:00:55]  [行3] 解析成功: SZSE.300385 [雪浪环境] SELL @ 14.07 (VR:1.66)
[2026-04-24 14:00:55]  [行4] 解析成功: SZSE.301389 [隆扬电子] BUY @ 57.54 (VR:0.49)
[2026-04-24 14:00:55]  [行5] 解析成功: SHSE.603353 [和顺电气] SELL @ 36.28 (VR:0.02)
[2026-04-24 14:00:55]  [行6] 解析成功: SHSE.688700 [东威科技] BUY @ 62.19 (VR:0.01)
[2026-04-24 14:00:55]  [行7] 解析成功: SHSE.688689 [银河微电] SELL @ 39.78 (VR:0.73)
[2026-04-24 14:00:55]  [行8] 解析成功: SZSE.300243 [瑞丰光电] BUY @ 16.88 (VR:0.9)
[2026-04-24 14:00:55]  [行9] 解析成功: SZSE.002980 [华盛昌] SELL @ 82.5 (VR:1.86)
[2026-04-24 14:00:55]  [行10] 解析成功: SZSE.000677 [恒立实业] SELL @ 4.08 (VR:0.73)
[2026-04-24 14:00:55]  [行11] 解析成功: SZSE.300722 [新余国科] BUY @ 27.96 (VR:0.24)
[2026-04-24 14:00:55]  [行12] 解析成功: SZSE.301120 [新特电器] SELL @ 20.55 (VR:0.45)
[2026-04-24 14:00:55]  [行13] 解析成功: SZSE.300641 [正丹股份] SELL @ 19.21 (VR:0.69)
[2026-04-24 14:00:55]  [行14] 解析成功: SZSE.300385 [雪浪环境] SELL @ 14.11 (VR:0.01)
[2026-04-24 14:00:55]  [行15] 解析成功: SZSE.301389 [隆扬电子] BUY @ 57.56 (VR:0.12)
[2026-04-24 14:00:55]  [行16] 解析成功: SZSE.301449 [天溯计量] BUY @ 80.33 (VR:0.29)
[2026-04-24 14:00:55]  [行17] 解析成功: SHSE.603353 [和顺电气] BUY @ 36.53 (VR:0.18)
[2026-04-24 14:00:55]  [行18] 解析成功: SHSE.688689 [银河微电] SELL @ 39.75 (VR:1.35)
[2026-04-24 14:00:55]  [行19] 解析成功: SHSE.603538 [美诺华] BUY @ 58.11 (VR:0.3)
[2026-04-24 14:00:55]  [行20] 解析成功: SZSE.300243 [瑞丰光电] BUY @ 16.92 (VR:0.14)
[2026-04-24 14:00:55]  [行21] 解析成功: SZSE.002980 [华盛昌] SELL @ 82.1 (VR:0.0)
[2026-04-24 14:00:55]  [行22] 解析成功: SZSE.000677 [恒立实业] SELL @ 4.07 (VR:0.01)
[2026-04-24 14:00:55]  [行23] 解析成功: SZSE.301220 [亚香股份] SELL @ 38.76 (VR:0.16)
[2026-04-24 14:00:55]  [行24] 解析成功: SZSE.300672 [国科微] SELL @ 158.42 (VR:0.48)
[2026-04-24 14:00:55] 成功保存 24 条因子至: signal_batch_20260424_140055_236109.txt
[2026-04-24 14:00:55]  QQ-备用 邮件 500 处理完成
[2026-04-24 14:00:55]  QQ-备用 本轮共成功处理 1 封有效信号邮件
[2026-04-24 14:01:30]  正在连接 QQ-主 邮箱服务器 (497720537@qq.com) ...
[2026-04-24 14:01:30]  正在连接 QQ-备用 邮箱服务器 (shouqianbadavid@qq.com) ...
[2026-04-24 14:02:06]  正在连接 QQ-主 邮箱服务器 (497720537@qq.com) ...
[2026-04-24 14:02:07]  正在连接 QQ-备用 邮箱服务器 (shouqianbadavid@qq.com) ...
[2026-04-24 14:02:42]  正在连接 QQ-主 邮箱服务器 (497720537@qq.com) ...
[2026-04-24 14:02:43]  正在连接 QQ-备用 邮箱服务器 (shouqianbadavid@qq.com) ...
[2026-04-24 14:03:19]  正在连接 QQ-主 邮箱服务器 (497720537@qq.com) ...
[2026-04-24 14:03:20]  正在连接 QQ-备用 邮箱服务器 (shouqianbadavid@qq.com) ...
[2026-04-24 14:03:56]  正在连接 QQ-主 邮箱服务器 (497720537@qq.com) ...
[2026-04-24 14:03:56]  正在连接 QQ-备用 邮箱服务器 (shouqianbadavid@qq.com) ...
[2026-04-24 14:04:32]  正在连接 QQ-主 邮箱服务器 (497720537@qq.com) ...
[2026-04-24 14:04:33]  正在连接 QQ-备用 邮箱服务器 (shouqianbadavid@qq.com) ...
[2026-04-24 14:05:08]  正在连接 QQ-主 邮箱服务器 (497720537@qq.com) ...
[2026-04-24 14:05:09]  正在连接 QQ-备用 邮箱服务器 (shouqianbadavid@qq.com) ...
[2026-04-24 14:05:45]  正在连接 QQ-主 邮箱服务器 (497720537@qq.com) ...
[2026-04-24 14:05:45]  正在连接 QQ-备用 邮箱服务器 (shouqianbadavid@qq.com) ...
[2026-04-24 14:06:21]  正在连接 QQ-主 邮箱服务器 (497720537@qq.com) ...
[2026-04-24 14:06:22]  正在连接 QQ-备用 邮箱服务器 (shouqianbadavid@qq.com) ...
[2026-04-24 14:06:57]  正在连接 QQ-主 邮箱服务器 (497720537@qq.com) ...
[2026-04-24 14:06:58]  正在连接 QQ-备用 邮箱服务器 (shouqianbadavid@qq.com) ...
[2026-04-24 14:07:34]  正在连接 QQ-主 邮箱服务器 (497720537@qq.com) ...
[2026-04-24 14:07:34]  正在连接 QQ-备用 邮箱服务器 (shouqianbadavid@qq.com) ...
[2026-04-24 14:08:10]  正在连接 QQ-主 邮箱服务器 (497720537@qq.com) ...
[2026-04-24 14:08:11]  正在连接 QQ-备用 邮箱服务器 (shouqianbadavid@qq.com) ...
[2026-04-24 14:08:47]  正在连接 QQ-主 邮箱服务器 (497720537@qq.com) ...
[2026-04-24 14:08:48]  正在连接 QQ-备用 邮箱服务器 (shouqianbadavid@qq.com) ...
[2026-04-24 14:09:23]  正在连接 QQ-主 邮箱服务器 (497720537@qq.com) ...
[2026-04-24 14:09:24]  正在连接 QQ-备用 邮箱服务器 (shouqianbadavid@qq.com) ...
[2026-04-24 14:10:00]  正在连接 QQ-主 邮箱服务器 (497720537@qq.com) ...
[2026-04-24 14:10:01]  正在连接 QQ-备用 邮箱服务器 (shouqianbadavid@qq.com) ...
[2026-04-24 14:10:37]  正在连接 QQ-主 邮箱服务器 (497720537@qq.com) ...
[2026-04-24 14:10:37]  QQ-主 正在解析因子: =?utf-8?b?QWxwaGFQaWxvdCDlrp7ml7bkv6Hlj7cgKGFscGhhX3NpZ25hbF90aHJfMjAyNjA0MjRfMTQwOS5qc29uKSBb5Li7UVEt5a+55aSWXQ==?=
[2026-04-24 14:10:37]  发现表格，共 33 行数据
[2026-04-24 14:10:37]  动态索引映射: ['股票代码', '股票名称', '信号', '当前价格', '量比', '来源过滤']
[2026-04-24 14:10:37]  [行1] 解析成功: SZSE.300195 [长荣股份] BUY @ 7.47 (VR:0.22)
[2026-04-24 14:10:37]  [行2] 解析成功: SZSE.300763 [锦浪科技] BUY @ 99.65 (VR:0.08)
[2026-04-24 14:10:37]  [行3] 解析成功: SZSE.000958 [电投产融] BUY @ 6.02 (VR:0.08)
[2026-04-24 14:10:37]  [行4] 解析成功: SZSE.002015 [协鑫能科] BUY @ 20.02 (VR:0.16)
[2026-04-24 14:10:37]  [行5] 解析成功: SZSE.000533 [顺钠股份] BUY @ 13.46 (VR:0.37)
[2026-04-24 14:10:37]  [行6] 解析成功: SZSE.300345 [华民股份] BUY @ 6.41 (VR:8.24)
[2026-04-24 14:10:37]  [行7] 解析成功: SHSE.688295 [奥林德] BUY @ 60.04 (VR:0.04)
[2026-04-24 14:10:37]  [行8] 解析成功: SHSE.600722 [金牛化工] BUY @ 13.93 (VR:3.99)
[2026-04-24 14:10:37]  [行9] 解析成功: SHSE.688295 [中复神鹰] BUY @ 60.06 (VR:0.02)
[2026-04-24 14:10:37]  [行10] 解析成功: SZSE.300782 [卓胜微] BUY @ 103.41 (VR:0.15)
[2026-04-24 14:10:37]  [行11] 解析成功: SZSE.300866 [安克创新] BUY @ 123.07 (VR:0.02)
[2026-04-24 14:10:37]  [行12] 解析成功: SZSE.300724 [捷佳伟创] BUY @ 89.77 (VR:0.63)
[2026-04-24 14:10:37]  [行13] 解析成功: SZSE.300813 [泰林生物] SELL @ 24.84 (VR:0.19)
[2026-04-24 14:10:37]  [行14] 解析成功: SZSE.301281 [利源制药] BUY @ 37.55 (VR:1.01)
[2026-04-24 14:10:37]  [行15] 解析成功: SZSE.300195 [长荣股份] BUY @ 7.5 (VR:1.24)
[2026-04-24 14:10:37]  [行16] 解析成功: SZSE.300285 [国瓷材料] BUY @ 35.74 (VR:1.6)
[2026-04-24 14:10:37]  [行17] 解析成功: SZSE.000958 [电投产融] BUY @ 6.03 (VR:0.45)
[2026-04-24 14:10:37]  [行18] 解析成功: SZSE.002015 [协鑫能科] BUY @ 20.06 (VR:0.03)
[2026-04-24 14:10:37]  [行19] 解析成功: SZSE.000533 [顺钠股份] BUY @ 13.51 (VR:0.09)
[2026-04-24 14:10:37]  [行20] 解析成功: SZSE.301226 [祥明智能] BUY @ 37.31 (VR:0.13)
[2026-04-24 14:10:37]  [行21] 解析成功: SZSE.301667 [纳百川] SELL @ 118.32 (VR:0.36)
[2026-04-24 14:10:37]  [行22] 解析成功: SZSE.300345 [华民股份] BUY @ 6.41 (VR:1.18)
[2026-04-24 14:10:37]  [行23] 解析成功: SHSE.688295 [奥林德] BUY @ 60.17 (VR:0.27)
[2026-04-24 14:10:37]  [行24] 解析成功: SZSE.002445 [中南文化] BUY @ 3.59 (VR:2.67)
[2026-04-24 14:10:37]  [行25] 解析成功: SHSE.600821 [金发科技] BUY @ 9.04 (VR:0.05)
[2026-04-24 14:10:37]  [行26] 解析成功: SHSE.600722 [金牛化工] BUY @ 13.96 (VR:0.08)
[2026-04-24 14:10:37]  [行27] 解析成功: SHSE.601016 [节能风电] BUY @ 4.56 (VR:2.0)
[2026-04-24 14:10:37]  [行28] 解析成功: SHSE.688295 [中复神鹰] BUY @ 60.18 (VR:0.37)
[2026-04-24 14:10:37]  [行29] 解析成功: SZSE.300782 [卓胜微] BUY @ 103.43 (VR:0.25)
[2026-04-24 14:10:37]  [行30] 解析成功: SZSE.300866 [安克创新] BUY @ 123.74 (VR:1.25)
[2026-04-24 14:10:37]  [行31] 解析成功: SZSE.300724 [捷佳伟创] BUY @ 89.88 (VR:0.51)
[2026-04-24 14:10:37]  [行32] 解析成功: SZSE.300813 [泰林生物] SELL @ 24.79 (VR:0.25)
[2026-04-24 14:10:37]  [行33] 解析成功: SZSE.301281 [利源制药] BUY @ 37.66 (VR:0.16)
[2026-04-24 14:10:37] 成功保存 33 条因子至: signal_batch_20260424_141037_898636.txt
[2026-04-24 14:10:38]  QQ-主 邮件 3180 处理完成
[2026-04-24 14:10:38]  QQ-主 本轮共成功处理 1 封有效信号邮件
[2026-04-24 14:10:38]  正在连接 QQ-备用 邮箱服务器 (shouqianbadavid@qq.com) ...
[2026-04-24 14:10:39]  QQ-备用 正在解析因子: =?utf-8?b?QWxwaGFQaWxvdCDlpIfku73kv6Hlj7cgKGFscGhhX3NpZ25hbF90aHJfMjAyNjA0MjRfMTQwOS5qc29uKSBb5aSHUVEt6Ieq5L+dXQ==?=
[2026-04-24 14:10:39]  发现表格，共 33 行数据
[2026-04-24 14:10:39]  动态索引映射: ['股票代码', '股票名称', '信号', '当前价格', '量比', '来源过滤']
[2026-04-24 14:10:39]  [行1] 解析成功: SZSE.300195 [长荣股份] BUY @ 7.47 (VR:0.22)
[2026-04-24 14:10:39]  [行2] 解析成功: SZSE.300763 [锦浪科技] BUY @ 99.65 (VR:0.08)
[2026-04-24 14:10:39]  [行3] 解析成功: SZSE.000958 [电投产融] BUY @ 6.02 (VR:0.08)
[2026-04-24 14:10:39]  [行4] 解析成功: SZSE.002015 [协鑫能科] BUY @ 20.02 (VR:0.16)
[2026-04-24 14:10:39]  [行5] 解析成功: SZSE.000533 [顺钠股份] BUY @ 13.46 (VR:0.37)
[2026-04-24 14:10:39]  [行6] 解析成功: SZSE.300345 [华民股份] BUY @ 6.41 (VR:8.24)
[2026-04-24 14:10:39]  [行7] 解析成功: SHSE.688295 [奥林德] BUY @ 60.04 (VR:0.04)
[2026-04-24 14:10:39]  [行8] 解析成功: SHSE.600722 [金牛化工] BUY @ 13.93 (VR:3.99)
[2026-04-24 14:10:39]  [行9] 解析成功: SHSE.688295 [中复神鹰] BUY @ 60.06 (VR:0.02)
[2026-04-24 14:10:39]  [行10] 解析成功: SZSE.300782 [卓胜微] BUY @ 103.41 (VR:0.15)
[2026-04-24 14:10:39]  [行11] 解析成功: SZSE.300866 [安克创新] BUY @ 123.07 (VR:0.02)
[2026-04-24 14:10:39]  [行12] 解析成功: SZSE.300724 [捷佳伟创] BUY @ 89.77 (VR:0.63)
[2026-04-24 14:10:39]  [行13] 解析成功: SZSE.300813 [泰林生物] SELL @ 24.84 (VR:0.19)
[2026-04-24 14:10:39]  [行14] 解析成功: SZSE.301281 [利源制药] BUY @ 37.55 (VR:1.01)
[2026-04-24 14:10:39]  [行15] 解析成功: SZSE.300195 [长荣股份] BUY @ 7.5 (VR:1.24)
[2026-04-24 14:10:39]  [行16] 解析成功: SZSE.300285 [国瓷材料] BUY @ 35.74 (VR:1.6)
[2026-04-24 14:10:39]  [行17] 解析成功: SZSE.000958 [电投产融] BUY @ 6.03 (VR:0.45)
[2026-04-24 14:10:39]  [行18] 解析成功: SZSE.002015 [协鑫能科] BUY @ 20.06 (VR:0.03)
[2026-04-24 14:10:39]  [行19] 解析成功: SZSE.000533 [顺钠股份] BUY @ 13.51 (VR:0.09)
[2026-04-24 14:10:39]  [行20] 解析成功: SZSE.301226 [祥明智能] BUY @ 37.31 (VR:0.13)
[2026-04-24 14:10:39]  [行21] 解析成功: SZSE.301667 [纳百川] SELL @ 118.32 (VR:0.36)
[2026-04-24 14:10:39]  [行22] 解析成功: SZSE.300345 [华民股份] BUY @ 6.41 (VR:1.18)
[2026-04-24 14:10:39]  [行23] 解析成功: SHSE.688295 [奥林德] BUY @ 60.17 (VR:0.27)
[2026-04-24 14:10:39]  [行24] 解析成功: SZSE.002445 [中南文化] BUY @ 3.59 (VR:2.67)
[2026-04-24 14:10:39]  [行25] 解析成功: SHSE.600821 [金发科技] BUY @ 9.04 (VR:0.05)
[2026-04-24 14:10:39]  [行26] 解析成功: SHSE.600722 [金牛化工] BUY @ 13.96 (VR:0.08)
[2026-04-24 14:10:39]  [行27] 解析成功: SHSE.601016 [节能风电] BUY @ 4.56 (VR:2.0)
[2026-04-24 14:10:39]  [行28] 解析成功: SHSE.688295 [中复神鹰] BUY @ 60.18 (VR:0.37)
[2026-04-24 14:10:39]  [行29] 解析成功: SZSE.300782 [卓胜微] BUY @ 103.43 (VR:0.25)
[2026-04-24 14:10:39]  [行30] 解析成功: SZSE.300866 [安克创新] BUY @ 123.74 (VR:1.25)
[2026-04-24 14:10:39]  [行31] 解析成功: SZSE.300724 [捷佳伟创] BUY @ 89.88 (VR:0.51)
[2026-04-24 14:10:39]  [行32] 解析成功: SZSE.300813 [泰林生物] SELL @ 24.79 (VR:0.25)
[2026-04-24 14:10:39]  [行33] 解析成功: SZSE.301281 [利源制药] BUY @ 37.66 (VR:0.16)
[2026-04-24 14:10:39] 成功保存 33 条因子至: signal_batch_20260424_141039_255118.txt
[2026-04-24 14:10:39]  QQ-备用 邮件 501 处理完成
[2026-04-24 14:10:39]  QQ-备用 本轮共成功处理 1 封有效信号邮件
[2026-04-24 14:11:14]  正在连接 QQ-主 邮箱服务器 (497720537@qq.com) ...
[2026-04-24 14:11:15]  正在连接 QQ-备用 邮箱服务器 (shouqianbadavid@qq.com) ...
[2026-04-24 14:11:51]  正在连接 QQ-主 邮箱服务器 (497720537@qq.com) ...
[2026-04-24 14:11:52]  正在连接 QQ-备用 邮箱服务器 (shouqianbadavid@qq.com) ...
[2026-04-24 14:12:27]  正在连接 QQ-主 邮箱服务器 (497720537@qq.com) ...
[2026-04-24 14:12:29]  正在连接 QQ-备用 邮箱服务器 (shouqianbadavid@qq.com) ...
[2026-04-24 14:13:05]  正在连接 QQ-主 邮箱服务器 (497720537@qq.com) ...
[2026-04-24 14:13:05]  正在连接 QQ-备用 邮箱服务器 (shouqianbadavid@qq.com) ...
[2026-04-24 14:13:41]  正在连接 QQ-主 邮箱服务器 (497720537@qq.com) ...
[2026-04-24 14:13:41]  正在连接 QQ-备用 邮箱服务器 (shouqianbadavid@qq.com) ...
[2026-04-24 14:14:17]  正在连接 QQ-主 邮箱服务器 (497720537@qq.com) ...
[2026-04-24 14:14:17]  正在连接 QQ-备用 邮箱服务器 (shouqianbadavid@qq.com) ...
[2026-04-24 14:14:53]  正在连接 QQ-主 邮箱服务器 (497720537@qq.com) ...
[2026-04-24 14:14:54]  正在连接 QQ-备用 邮箱服务器 (shouqianbadavid@qq.com) ...
[2026-04-24 14:15:29]  正在连接 QQ-主 邮箱服务器 (497720537@qq.com) ...
[2026-04-24 14:15:30]  正在连接 QQ-备用 邮箱服务器 (shouqianbadavid@qq.com) ...
[2026-04-24 14:16:06]  正在连接 QQ-主 邮箱服务器 (497720537@qq.com) ...
[2026-04-24 14:16:07]  正在连接 QQ-备用 邮箱服务器 (shouqianbadavid@qq.com) ...
[2026-04-24 14:16:43]  正在连接 QQ-主 邮箱服务器 (497720537@qq.com) ...
[2026-04-24 14:16:44]  正在连接 QQ-备用 邮箱服务器 (shouqianbadavid@qq.com) ...
[2026-04-24 14:17:19]  正在连接 QQ-主 邮箱服务器 (497720537@qq.com) ...
[2026-04-24 14:17:20]  正在连接 QQ-备用 邮箱服务器 (shouqianbadavid@qq.com) ...
[2026-04-24 14:17:56]  正在连接 QQ-主 邮箱服务器 (497720537@qq.com) ...
[2026-04-24 14:17:56]  正在连接 QQ-备用 邮箱服务器 (shouqianbadavid@qq.com) ...
[2026-04-24 14:18:33]  正在连接 QQ-主 邮箱服务器 (497720537@qq.com) ...
[2026-04-24 14:18:33]  正在连接 QQ-备用 邮箱服务器 (shouqianbadavid@qq.com) ...
[2026-04-24 14:19:09]  正在连接 QQ-主 邮箱服务器 (497720537@qq.com) ...
[2026-04-24 14:19:10]  正在连接 QQ-备用 邮箱服务器 (shouqianbadavid@qq.com) ...
[2026-04-24 14:19:46]  正在连接 QQ-主 邮箱服务器 (497720537@qq.com) ...
[2026-04-24 14:19:47]  正在连接 QQ-备用 邮箱服务器 (shouqianbadavid@qq.com) ...
[2026-04-24 14:20:22]  正在连接 QQ-主 邮箱服务器 (497720537@qq.com) ...
[2026-04-24 14:20:23]  正在连接 QQ-备用 邮箱服务器 (shouqianbadavid@qq.com) ...
[2026-04-24 14:20:59]  正在连接 QQ-主 邮箱服务器 (497720537@qq.com) ...
[2026-04-24 14:21:00]  QQ-主 正在解析因子: =?utf-8?b?QWxwaGFQaWxvdCDlrp7ml7bkv6Hlj7cgKGFscGhhX3NpZ25hbF90aHJfMjAyNjA0MjRfMTQyMC5qc29uKSBb5Li7UVEt5a+55aSWXQ==?=
[2026-04-24 14:21:00]  发现表格，共 18 行数据
[2026-04-24 14:21:00]  动态索引映射: ['股票代码', '股票名称', '信号', '当前价格', '量比', '来源过滤']
[2026-04-24 14:21:00]  [行1] 解析成功: SZSE.002460 [赣锋锂业] BUY @ 85.08 (VR:8.63)
[2026-04-24 14:21:00]  [行2] 解析成功: SZSE.000510 [新金路] BUY @ 13.61 (VR:1.1)
[2026-04-24 14:21:00]  [行3] 解析成功: SZSE.300693 [盛弘股份] BUY @ 48.9 (VR:0.31)
[2026-04-24 14:21:00]  [行4] 解析成功: SZSE.001309 [德利明] BUY @ 496.5 (VR:0.69)
[2026-04-24 14:21:00]  [行5] 解析成功: SZSE.300432 [富临精工] BUY @ 27.37 (VR:1.03)
[2026-04-24 14:21:00]  [行6] 解析成功: SHSE.688331 [荣昌生物] BUY @ 132.82 (VR:0.43)
[2026-04-24 14:21:00]  [行7] 解析成功: SZSE.002683 [宏大爆破] BUY @ 39.29 (VR:0.36)
[2026-04-24 14:21:00]  [行8] 解析成功: SZSE.002300 [太阳电缆] BUY @ 10.36 (VR:0.66)
[2026-04-24 14:21:00]  [行9] 解析成功: SZSE.002460 [赣锋锂业] BUY @ 85.11 (VR:3.55)
[2026-04-24 14:21:00]  [行10] 解析成功: SZSE.000537 [绿发电力] SELL @ 11.05 (VR:0.26)
[2026-04-24 14:21:00]  [行11] 解析成功: SZSE.300048 [合康新能] BUY @ 6.54 (VR:3.46)
[2026-04-24 14:21:00]  [行12] 解析成功: SZSE.002925 [盈趣科技] BUY @ 19.35 (VR:0.06)
[2026-04-24 14:21:00]  [行13] 解析成功: SZSE.000407 [胜利股份] BUY @ 4.68 (VR:0.49)
[2026-04-24 14:21:00]  [行14] 解析成功: SZSE.000510 [新金路] BUY @ 13.67 (VR:3.66)
[2026-04-24 14:21:00]  [行15] 解析成功: SZSE.300693 [盛弘股份] BUY @ 48.95 (VR:0.05)
[2026-04-24 14:21:00]  [行16] 解析成功: SZSE.001309 [德利明] BUY @ 496.71 (VR:0.5)
[2026-04-24 14:21:00]  [行17] 解析成功: SZSE.300432 [富临精工] BUY @ 27.39 (VR:0.27)
[2026-04-24 14:21:00]  [行18] 解析成功: SHSE.688331 [荣昌生物] BUY @ 132.99 (VR:0.07)
[2026-04-24 14:21:00] 成功保存 18 条因子至: signal_batch_20260424_142100_198866.txt
[2026-04-24 14:21:00]  QQ-主 邮件 3181 处理完成
[2026-04-24 14:21:00]  QQ-主 本轮共成功处理 1 封有效信号邮件
[2026-04-24 14:21:00]  正在连接 QQ-备用 邮箱服务器 (shouqianbadavid@qq.com) ...
[2026-04-24 14:21:36]  正在连接 QQ-主 邮箱服务器 (497720537@qq.com) ...
[2026-04-24 14:21:37]  正在连接 QQ-备用 邮箱服务器 (shouqianbadavid@qq.com) ...
[2026-04-24 14:21:38]  QQ-备用 正在解析因子: =?utf-8?b?QWxwaGFQaWxvdCDlpIfku73kv6Hlj7cgKGFscGhhX3NpZ25hbF90aHJfMjAyNjA0MjRfMTQyMC5qc29uKSBb5aSHUVEt6Ieq5L+dXQ==?=
[2026-04-24 14:21:38]  发现表格，共 18 行数据
[2026-04-24 14:21:38]  动态索引映射: ['股票代码', '股票名称', '信号', '当前价格', '量比', '来源过滤']
[2026-04-24 14:21:38]  [行1] 解析成功: SZSE.002460 [赣锋锂业] BUY @ 85.08 (VR:8.63)
[2026-04-24 14:21:38]  [行2] 解析成功: SZSE.000510 [新金路] BUY @ 13.61 (VR:1.1)
[2026-04-24 14:21:38]  [行3] 解析成功: SZSE.300693 [盛弘股份] BUY @ 48.9 (VR:0.31)
[2026-04-24 14:21:38]  [行4] 解析成功: SZSE.001309 [德利明] BUY @ 496.5 (VR:0.69)
[2026-04-24 14:21:38]  [行5] 解析成功: SZSE.300432 [富临精工] BUY @ 27.37 (VR:1.03)
[2026-04-24 14:21:38]  [行6] 解析成功: SHSE.688331 [荣昌生物] BUY @ 132.82 (VR:0.43)
[2026-04-24 14:21:38]  [行7] 解析成功: SZSE.002683 [宏大爆破] BUY @ 39.29 (VR:0.36)
[2026-04-24 14:21:38]  [行8] 解析成功: SZSE.002300 [太阳电缆] BUY @ 10.36 (VR:0.66)
[2026-04-24 14:21:38]  [行9] 解析成功: SZSE.002460 [赣锋锂业] BUY @ 85.11 (VR:3.55)
[2026-04-24 14:21:38]  [行10] 解析成功: SZSE.000537 [绿发电力] SELL @ 11.05 (VR:0.26)
[2026-04-24 14:21:38]  [行11] 解析成功: SZSE.300048 [合康新能] BUY @ 6.54 (VR:3.46)
[2026-04-24 14:21:38]  [行12] 解析成功: SZSE.002925 [盈趣科技] BUY @ 19.35 (VR:0.06)
[2026-04-24 14:21:38]  [行13] 解析成功: SZSE.000407 [胜利股份] BUY @ 4.68 (VR:0.49)
[2026-04-24 14:21:38]  [行14] 解析成功: SZSE.000510 [新金路] BUY @ 13.67 (VR:3.66)
[2026-04-24 14:21:38]  [行15] 解析成功: SZSE.300693 [盛弘股份] BUY @ 48.95 (VR:0.05)
[2026-04-24 14:21:38]  [行16] 解析成功: SZSE.001309 [德利明] BUY @ 496.71 (VR:0.5)
[2026-04-24 14:21:38]  [行17] 解析成功: SZSE.300432 [富临精工] BUY @ 27.39 (VR:0.27)
[2026-04-24 14:21:38]  [行18] 解析成功: SHSE.688331 [荣昌生物] BUY @ 132.99 (VR:0.07)
[2026-04-24 14:21:38] 成功保存 18 条因子至: signal_batch_20260424_142138_185929.txt
[2026-04-24 14:21:38]  QQ-备用 邮件 502 处理完成
[2026-04-24 14:21:38]  QQ-备用 本轮共成功处理 1 封有效信号邮件
[2026-04-24 14:22:13]  正在连接 QQ-主 邮箱服务器 (497720537@qq.com) ...
[2026-04-24 14:22:15]  正在连接 QQ-备用 邮箱服务器 (shouqianbadavid@qq.com) ...
[2026-04-24 14:22:50]  正在连接 QQ-主 邮箱服务器 (497720537@qq.com) ...
[2026-04-24 14:22:51]  正在连接 QQ-备用 邮箱服务器 (shouqianbadavid@qq.com) ...
[2026-04-24 14:23:27]  正在连接 QQ-主 邮箱服务器 (497720537@qq.com) ...
[2026-04-24 14:23:27]  正在连接 QQ-备用 邮箱服务器 (shouqianbadavid@qq.com) ...
[2026-04-24 14:24:03]  正在连接 QQ-主 邮箱服务器 (497720537@qq.com) ...
[2026-04-24 14:24:04]  正在连接 QQ-备用 邮箱服务器 (shouqianbadavid@qq.com) ...
[2026-04-24 14:24:39]  正在连接 QQ-主 邮箱服务器 (497720537@qq.com) ...
[2026-04-24 14:24:40]  正在连接 QQ-备用 邮箱服务器 (shouqianbadavid@qq.com) ...
[2026-04-24 14:25:16]  正在连接 QQ-主 邮箱服务器 (497720537@qq.com) ...
[2026-04-24 14:25:16]  正在连接 QQ-备用 邮箱服务器 (shouqianbadavid@qq.com) ...
[2026-04-24 14:25:52]  正在连接 QQ-主 邮箱服务器 (497720537@qq.com) ...
[2026-04-24 14:25:53]  正在连接 QQ-备用 邮箱服务器 (shouqianbadavid@qq.com) ...
[2026-04-24 14:26:29]  正在连接 QQ-主 邮箱服务器 (497720537@qq.com) ...
[2026-04-24 14:26:29]  正在连接 QQ-备用 邮箱服务器 (shouqianbadavid@qq.com) ...
[2026-04-24 14:27:05]  正在连接 QQ-主 邮箱服务器 (497720537@qq.com) ...
[2026-04-24 14:27:05]  正在连接 QQ-备用 邮箱服务器 (shouqianbadavid@qq.com) ...
[2026-04-24 14:27:41]  正在连接 QQ-主 邮箱服务器 (497720537@qq.com) ...
[2026-04-24 14:27:42]  正在连接 QQ-备用 邮箱服务器 (shouqianbadavid@qq.com) ...
[2026-04-24 14:28:17]  正在连接 QQ-主 邮箱服务器 (497720537@qq.com) ...
[2026-04-24 14:28:18]  正在连接 QQ-备用 邮箱服务器 (shouqianbadavid@qq.com) ...
[2026-04-24 14:28:54]  正在连接 QQ-主 邮箱服务器 (497720537@qq.com) ...
[2026-04-24 14:28:54]  正在连接 QQ-备用 邮箱服务器 (shouqianbadavid@qq.com) ...
[2026-04-24 14:29:30]  正在连接 QQ-主 邮箱服务器 (497720537@qq.com) ...
[2026-04-24 14:29:30]  正在连接 QQ-备用 邮箱服务器 (shouqianbadavid@qq.com) ...
[2026-04-24 14:30:06]  正在连接 QQ-主 邮箱服务器 (497720537@qq.com) ...
[2026-04-24 14:30:06]  正在连接 QQ-备用 邮箱服务器 (shouqianbadavid@qq.com) ...
[2026-04-24 14:30:42]  正在连接 QQ-主 邮箱服务器 (497720537@qq.com) ...
[2026-04-24 14:30:43]  QQ-主 正在解析因子: =?utf-8?b?QWxwaGFQaWxvdCDlrp7ml7bkv6Hlj7cgKGFscGhhX3NpZ25hbF90aHJfMjAyNjA0MjRfMTQzMC5qc29uKSBb5Li7UVEt5a+55aSWXQ==?=
[2026-04-24 14:30:43]  发现表格，共 34 行数据
[2026-04-24 14:30:43]  动态索引映射: ['股票代码', '股票名称', '信号', '当前价格', '量比', '来源过滤']
[2026-04-24 14:30:43]  [行1] 解析成功: SHSE.600989 [宝丰能源] BUY @ 29.79 (VR:0.35)
[2026-04-24 14:30:43]  [行2] 解析成功: SZSE.002455 [百川股份] SELL @ 11.17 (VR:1.56)
[2026-04-24 14:30:43]  [行3] 解析成功: SZSE.002202 [金风科技] SELL @ 25.7 (VR:0.13)
[2026-04-24 14:30:43]  [行4] 解析成功: SZSE.301165 [锐捷网络] BUY @ 100.46 (VR:1.78)
[2026-04-24 14:30:43]  [行5] 解析成功: SZSE.300037 [新宙邦] BUY @ 65.34 (VR:1.93)
[2026-04-24 14:30:43]  [行6] 解析成功: SZSE.300207 [欣旺达] BUY @ 28.08 (VR:0.74)
[2026-04-24 14:30:43]  [行7] 解析成功: SZSE.300274 [阳光电源] BUY @ 134.4 (VR:0.36)
[2026-04-24 14:30:43]  [行8] 解析成功: SZSE.002506 [协鑫集成] SELL @ 4.41 (VR:0.11)
[2026-04-24 14:30:43]  [行9] 解析成功: SZSE.300285 [国瓷材料] BUY @ 35.96 (VR:0.05)
[2026-04-24 14:30:43]  [行10] 解析成功: SZSE.002195 [岩山科技] BUY @ 9.01 (VR:0.49)
[2026-04-24 14:30:43]  [行11] 解析成功: SZSE.300228 [富瑞特装] SELL @ 9.07 (VR:0.27)
[2026-04-24 14:30:43]  [行12] 解析成功: SZSE.301419 [瑞可达] SELL @ 41.93 (VR:0.86)
[2026-04-24 14:30:43]  [行13] 解析成功: SZSE.301071 [力量钻石] BUY @ 51.36 (VR:2.09)
[2026-04-24 14:30:43]  [行14] 解析成功: SZSE.300930 [屹通新材] BUY @ 29.98 (VR:1.16)
[2026-04-24 14:30:43]  [行15] 解析成功: SZSE.300643 [万通智控] BUY @ 17.32 (VR:0.17)
[2026-04-24 14:30:43]  [行16] 解析成功: SZSE.300390 [天华超净] SELL @ 91.65 (VR:1.04)
[2026-04-24 14:30:43]  [行17] 解析成功: SZSE.300054 [鼎龙股份] SELL @ 57.23 (VR:0.73)
[2026-04-24 14:30:43]  [行18] 解析成功: SZSE.301171 [易点天下] BUY @ 46.04 (VR:2.13)
[2026-04-24 14:30:43]  [行19] 解析成功: SHSE.600989 [宝丰能源] BUY @ 29.83 (VR:0.82)
[2026-04-24 14:30:43]  [行20] 解析成功: SZSE.002455 [百川股份] SELL @ 11.15 (VR:0.28)
[2026-04-24 14:30:43]  [行21] 解析成功: SZSE.002202 [金风科技] SELL @ 25.7 (VR:0.06)
[2026-04-24 14:30:43]  [行22] 解析成功: SZSE.300037 [新宙邦] BUY @ 65.38 (VR:0.63)
[2026-04-24 14:30:43]  [行23] 解析成功: SZSE.300207 [欣旺达] BUY @ 28.09 (VR:0.69)
[2026-04-24 14:30:43]  [行24] 解析成功: SZSE.300274 [阳光电源] BUY @ 134.41 (VR:1.43)
[2026-04-24 14:30:43]  [行25] 解析成功: SZSE.002506 [协鑫集成] SELL @ 4.4 (VR:0.5)
[2026-04-24 14:30:43]  [行26] 解析成功: SZSE.300285 [国瓷材料] BUY @ 35.98 (VR:0.09)
[2026-04-24 14:30:43]  [行27] 解析成功: SZSE.002195 [岩山科技] BUY @ 9.03 (VR:0.07)
[2026-04-24 14:30:43]  [行28] 解析成功: SZSE.301278 [快克股份] BUY @ 39.69 (VR:0.8)
[2026-04-24 14:30:43]  [行29] 解析成功: SZSE.300228 [富瑞特装] SELL @ 9.06 (VR:1.08)
[2026-04-24 14:30:43]  [行30] 解析成功: SZSE.301419 [瑞可达] SELL @ 41.87 (VR:0.68)
[2026-04-24 14:30:43]  [行31] 解析成功: SZSE.301071 [力量钻石] BUY @ 51.37 (VR:0.93)
[2026-04-24 14:30:43]  [行32] 解析成功: SZSE.300643 [万通智控] BUY @ 17.36 (VR:3.72)
[2026-04-24 14:30:43]  [行33] 解析成功: SZSE.300390 [天华超净] SELL @ 91.61 (VR:0.12)
[2026-04-24 14:30:43]  [行34] 解析成功: SZSE.300054 [鼎龙股份] SELL @ 57.16 (VR:0.64)
[2026-04-24 14:30:43] 成功保存 34 条因子至: signal_batch_20260424_143043_447355.txt
[2026-04-24 14:30:43]  QQ-主 邮件 3182 处理完成
[2026-04-24 14:30:43]  QQ-主 本轮共成功处理 1 封有效信号邮件
[2026-04-24 14:30:43]  正在连接 QQ-备用 邮箱服务器 (shouqianbadavid@qq.com) ...
[2026-04-24 14:31:19]  正在连接 QQ-主 邮箱服务器 (497720537@qq.com) ...
[2026-04-24 14:31:19]  正在连接 QQ-备用 邮箱服务器 (shouqianbadavid@qq.com) ...
[2026-04-24 14:31:20]  QQ-备用 正在解析因子: =?utf-8?b?QWxwaGFQaWxvdCDlpIfku73kv6Hlj7cgKGFscGhhX3NpZ25hbF90aHJfMjAyNjA0MjRfMTQzMC5qc29uKSBb5aSHUVEt6Ieq5L+dXQ==?=
[2026-04-24 14:31:20]  发现表格，共 34 行数据
[2026-04-24 14:31:20]  动态索引映射: ['股票代码', '股票名称', '信号', '当前价格', '量比', '来源过滤']
[2026-04-24 14:31:20]  [行1] 解析成功: SHSE.600989 [宝丰能源] BUY @ 29.79 (VR:0.35)
[2026-04-24 14:31:20]  [行2] 解析成功: SZSE.002455 [百川股份] SELL @ 11.17 (VR:1.56)
[2026-04-24 14:31:20]  [行3] 解析成功: SZSE.002202 [金风科技] SELL @ 25.7 (VR:0.13)
[2026-04-24 14:31:20]  [行4] 解析成功: SZSE.301165 [锐捷网络] BUY @ 100.46 (VR:1.78)
[2026-04-24 14:31:20]  [行5] 解析成功: SZSE.300037 [新宙邦] BUY @ 65.34 (VR:1.93)
[2026-04-24 14:31:20]  [行6] 解析成功: SZSE.300207 [欣旺达] BUY @ 28.08 (VR:0.74)
[2026-04-24 14:31:20]  [行7] 解析成功: SZSE.300274 [阳光电源] BUY @ 134.4 (VR:0.36)
[2026-04-24 14:31:20]  [行8] 解析成功: SZSE.002506 [协鑫集成] SELL @ 4.41 (VR:0.11)
[2026-04-24 14:31:20]  [行9] 解析成功: SZSE.300285 [国瓷材料] BUY @ 35.96 (VR:0.05)
[2026-04-24 14:31:20]  [行10] 解析成功: SZSE.002195 [岩山科技] BUY @ 9.01 (VR:0.49)
[2026-04-24 14:31:20]  [行11] 解析成功: SZSE.300228 [富瑞特装] SELL @ 9.07 (VR:0.27)
[2026-04-24 14:31:20]  [行12] 解析成功: SZSE.301419 [瑞可达] SELL @ 41.93 (VR:0.86)
[2026-04-24 14:31:20]  [行13] 解析成功: SZSE.301071 [力量钻石] BUY @ 51.36 (VR:2.09)
[2026-04-24 14:31:20]  [行14] 解析成功: SZSE.300930 [屹通新材] BUY @ 29.98 (VR:1.16)
[2026-04-24 14:31:20]  [行15] 解析成功: SZSE.300643 [万通智控] BUY @ 17.32 (VR:0.17)
[2026-04-24 14:31:20]  [行16] 解析成功: SZSE.300390 [天华超净] SELL @ 91.65 (VR:1.04)
[2026-04-24 14:31:20]  [行17] 解析成功: SZSE.300054 [鼎龙股份] SELL @ 57.23 (VR:0.73)
[2026-04-24 14:31:20]  [行18] 解析成功: SZSE.301171 [易点天下] BUY @ 46.04 (VR:2.13)
[2026-04-24 14:31:20]  [行19] 解析成功: SHSE.600989 [宝丰能源] BUY @ 29.83 (VR:0.82)
[2026-04-24 14:31:20]  [行20] 解析成功: SZSE.002455 [百川股份] SELL @ 11.15 (VR:0.28)
[2026-04-24 14:31:20]  [行21] 解析成功: SZSE.002202 [金风科技] SELL @ 25.7 (VR:0.06)
[2026-04-24 14:31:20]  [行22] 解析成功: SZSE.300037 [新宙邦] BUY @ 65.38 (VR:0.63)
[2026-04-24 14:31:20]  [行23] 解析成功: SZSE.300207 [欣旺达] BUY @ 28.09 (VR:0.69)
[2026-04-24 14:31:20]  [行24] 解析成功: SZSE.300274 [阳光电源] BUY @ 134.41 (VR:1.43)
[2026-04-24 14:31:20]  [行25] 解析成功: SZSE.002506 [协鑫集成] SELL @ 4.4 (VR:0.5)
[2026-04-24 14:31:20]  [行26] 解析成功: SZSE.300285 [国瓷材料] BUY @ 35.98 (VR:0.09)
[2026-04-24 14:31:20]  [行27] 解析成功: SZSE.002195 [岩山科技] BUY @ 9.03 (VR:0.07)
[2026-04-24 14:31:20]  [行28] 解析成功: SZSE.301278 [快克股份] BUY @ 39.69 (VR:0.8)
[2026-04-24 14:31:20]  [行29] 解析成功: SZSE.300228 [富瑞特装] SELL @ 9.06 (VR:1.08)
[2026-04-24 14:31:20]  [行30] 解析成功: SZSE.301419 [瑞可达] SELL @ 41.87 (VR:0.68)
[2026-04-24 14:31:20]  [行31] 解析成功: SZSE.301071 [力量钻石] BUY @ 51.37 (VR:0.93)
[2026-04-24 14:31:20]  [行32] 解析成功: SZSE.300643 [万通智控] BUY @ 17.36 (VR:3.72)
[2026-04-24 14:31:20]  [行33] 解析成功: SZSE.300390 [天华超净] SELL @ 91.61 (VR:0.12)
[2026-04-24 14:31:20]  [行34] 解析成功: SZSE.300054 [鼎龙股份] SELL @ 57.16 (VR:0.64)
[2026-04-24 14:31:20] 成功保存 34 条因子至: signal_batch_20260424_143120_945096.txt
[2026-04-24 14:31:21]  QQ-备用 邮件 503 处理完成
[2026-04-24 14:31:21]  QQ-备用 本轮共成功处理 1 封有效信号邮件
[2026-04-24 14:31:56]  正在连接 QQ-主 邮箱服务器 (497720537@qq.com) ...
[2026-04-24 14:31:57]  正在连接 QQ-备用 邮箱服务器 (shouqianbadavid@qq.com) ...
[2026-04-24 14:32:33]  正在连接 QQ-主 邮箱服务器 (497720537@qq.com) ...
[2026-04-24 14:32:33]  正在连接 QQ-备用 邮箱服务器 (shouqianbadavid@qq.com) ...
[2026-04-24 14:33:09]  正在连接 QQ-主 邮箱服务器 (497720537@qq.com) ...
[2026-04-24 14:33:10]  正在连接 QQ-备用 邮箱服务器 (shouqianbadavid@qq.com) ...
[2026-04-24 14:33:45]  正在连接 QQ-主 邮箱服务器 (497720537@qq.com) ...
[2026-04-24 14:33:46]  正在连接 QQ-备用 邮箱服务器 (shouqianbadavid@qq.com) ...
[2026-04-24 14:34:22]  正在连接 QQ-主 邮箱服务器 (497720537@qq.com) ...
[2026-04-24 14:34:22]  正在连接 QQ-备用 邮箱服务器 (shouqianbadavid@qq.com) ...
[2026-04-24 14:34:58]  正在连接 QQ-主 邮箱服务器 (497720537@qq.com) ...
[2026-04-24 14:34:59]  正在连接 QQ-备用 邮箱服务器 (shouqianbadavid@qq.com) ...
[2026-04-24 14:35:34]  正在连接 QQ-主 邮箱服务器 (497720537@qq.com) ...
[2026-04-24 14:35:36]  正在连接 QQ-备用 邮箱服务器 (shouqianbadavid@qq.com) ...
[2026-04-24 14:36:11]  正在连接 QQ-主 邮箱服务器 (497720537@qq.com) ...
[2026-04-24 14:36:12]  QQ-主 正在解析因子: =?utf-8?b?QWxwaGFQaWxvdCDlrp7ml7bkv6Hlj7cgKGFscGhhX3NpZ25hbF90aHJfMjAyNjA0MjRfMTQzNS5qc29uKSBb5Li7UVEt5a+55aSWXQ==?=
[2026-04-24 14:36:12]  发现表格，共 18 行数据
[2026-04-24 14:36:12]  动态索引映射: ['股票代码', '股票名称', '信号', '当前价格', '量比', '来源过滤']
[2026-04-24 14:36:12]  [行1] 解析成功: SZSE.300722 [新余国科] BUY @ 28.22 (VR:0.28)
[2026-04-24 14:36:12]  [行2] 解析成功: SZSE.301018 [申菱环境] BUY @ 124.85 (VR:0.11)
[2026-04-24 14:36:12]  [行3] 解析成功: SZSE.301120 [新特电器] SELL @ 20.58 (VR:0.14)
[2026-04-24 14:36:12]  [行4] 解析成功: SZSE.301389 [隆扬电子] BUY @ 58.27 (VR:1.05)
[2026-04-24 14:36:12]  [行5] 解析成功: SZSE.300468 [四方精创] BUY @ 29.22 (VR:0.61)
[2026-04-24 14:36:12]  [行6] 解析成功: SZSE.301449 [天溯计量] BUY @ 80.3 (VR:0.79)
[2026-04-24 14:36:12]  [行7] 解析成功: SHSE.688689 [银河微电] BUY @ 39.92 (VR:0.24)
[2026-04-24 14:36:12]  [行8] 解析成功: SHSE.603538 [美诺华] SELL @ 57.47 (VR:0.31)
[2026-04-24 14:36:12]  [行9] 解析成功: SZSE.002980 [华盛昌] SELL @ 82.5 (VR:0.58)
[2026-04-24 14:36:12]  [行10] 解析成功: SZSE.300722 [新余国科] BUY @ 28.28 (VR:0.45)
[2026-04-24 14:36:12]  [行11] 解析成功: SZSE.301018 [申菱环境] BUY @ 125.01 (VR:0.06)
[2026-04-24 14:36:12]  [行12] 解析成功: SZSE.301120 [新特电器] SELL @ 20.57 (VR:0.18)
[2026-04-24 14:36:12]  [行13] 解析成功: SZSE.301389 [隆扬电子] BUY @ 58.38 (VR:0.89)
[2026-04-24 14:36:12]  [行14] 解析成功: SZSE.300468 [四方精创] BUY @ 29.26 (VR:0.08)
[2026-04-24 14:36:12]  [行15] 解析成功: SZSE.301449 [天溯计量] BUY @ 80.34 (VR:0.86)
[2026-04-24 14:36:12]  [行16] 解析成功: SHSE.688689 [银河微电] BUY @ 40.16 (VR:9.87)
[2026-04-24 14:36:12]  [行17] 解析成功: SHSE.603538 [美诺华] SELL @ 57.39 (VR:0.84)
[2026-04-24 14:36:12]  [行18] 解析成功: SZSE.002980 [华盛昌] SELL @ 82.49 (VR:0.57)
[2026-04-24 14:36:12] 成功保存 18 条因子至: signal_batch_20260424_143612_608968.txt
[2026-04-24 14:36:12]  QQ-主 邮件 3183 处理完成
[2026-04-24 14:36:12]  QQ-主 本轮共成功处理 1 封有效信号邮件
[2026-04-24 14:36:13]  正在连接 QQ-备用 邮箱服务器 (shouqianbadavid@qq.com) ...
[2026-04-24 14:36:13]  QQ-备用 正在解析因子: =?utf-8?b?QWxwaGFQaWxvdCDlpIfku73kv6Hlj7cgKGFscGhhX3NpZ25hbF90aHJfMjAyNjA0MjRfMTQzNS5qc29uKSBb5aSHUVEt6Ieq5L+dXQ==?=
[2026-04-24 14:36:13]  发现表格，共 18 行数据
[2026-04-24 14:36:13]  动态索引映射: ['股票代码', '股票名称', '信号', '当前价格', '量比', '来源过滤']
[2026-04-24 14:36:13]  [行1] 解析成功: SZSE.300722 [新余国科] BUY @ 28.22 (VR:0.28)
[2026-04-24 14:36:13]  [行2] 解析成功: SZSE.301018 [申菱环境] BUY @ 124.85 (VR:0.11)
[2026-04-24 14:36:13]  [行3] 解析成功: SZSE.301120 [新特电器] SELL @ 20.58 (VR:0.14)
[2026-04-24 14:36:13]  [行4] 解析成功: SZSE.301389 [隆扬电子] BUY @ 58.27 (VR:1.05)
[2026-04-24 14:36:13]  [行5] 解析成功: SZSE.300468 [四方精创] BUY @ 29.22 (VR:0.61)
[2026-04-24 14:36:13]  [行6] 解析成功: SZSE.301449 [天溯计量] BUY @ 80.3 (VR:0.79)
[2026-04-24 14:36:13]  [行7] 解析成功: SHSE.688689 [银河微电] BUY @ 39.92 (VR:0.24)
[2026-04-24 14:36:13]  [行8] 解析成功: SHSE.603538 [美诺华] SELL @ 57.47 (VR:0.31)
[2026-04-24 14:36:13]  [行9] 解析成功: SZSE.002980 [华盛昌] SELL @ 82.5 (VR:0.58)
[2026-04-24 14:36:13]  [行10] 解析成功: SZSE.300722 [新余国科] BUY @ 28.28 (VR:0.45)
[2026-04-24 14:36:13]  [行11] 解析成功: SZSE.301018 [申菱环境] BUY @ 125.01 (VR:0.06)
[2026-04-24 14:36:13]  [行12] 解析成功: SZSE.301120 [新特电器] SELL @ 20.57 (VR:0.18)
[2026-04-24 14:36:13]  [行13] 解析成功: SZSE.301389 [隆扬电子] BUY @ 58.38 (VR:0.89)
[2026-04-24 14:36:13]  [行14] 解析成功: SZSE.300468 [四方精创] BUY @ 29.26 (VR:0.08)
[2026-04-24 14:36:13]  [行15] 解析成功: SZSE.301449 [天溯计量] BUY @ 80.34 (VR:0.86)
[2026-04-24 14:36:13]  [行16] 解析成功: SHSE.688689 [银河微电] BUY @ 40.16 (VR:9.87)
[2026-04-24 14:36:13]  [行17] 解析成功: SHSE.603538 [美诺华] SELL @ 57.39 (VR:0.84)
[2026-04-24 14:36:13]  [行18] 解析成功: SZSE.002980 [华盛昌] SELL @ 82.49 (VR:0.57)
[2026-04-24 14:36:13] 成功保存 18 条因子至: signal_batch_20260424_143613_862250.txt
[2026-04-24 14:36:14]  QQ-备用 邮件 504 处理完成
[2026-04-24 14:36:14]  QQ-备用 本轮共成功处理 1 封有效信号邮件
[2026-04-24 14:36:49]  正在连接 QQ-主 邮箱服务器 (497720537@qq.com) ...
[2026-04-24 14:36:50]  正在连接 QQ-备用 邮箱服务器 (shouqianbadavid@qq.com) ...
[2026-04-24 14:37:25]  正在连接 QQ-主 邮箱服务器 (497720537@qq.com) ...
[2026-04-24 14:37:26]  正在连接 QQ-备用 邮箱服务器 (shouqianbadavid@qq.com) ...
[2026-04-24 14:38:02]  正在连接 QQ-主 邮箱服务器 (497720537@qq.com) ...
[2026-04-24 14:38:03]  正在连接 QQ-备用 邮箱服务器 (shouqianbadavid@qq.com) ...
[2026-04-24 14:38:39]  正在连接 QQ-主 邮箱服务器 (497720537@qq.com) ...
[2026-04-24 14:38:39]  正在连接 QQ-备用 邮箱服务器 (shouqianbadavid@qq.com) ...
[2026-04-24 14:39:15]  正在连接 QQ-主 邮箱服务器 (497720537@qq.com) ...
[2026-04-24 14:39:16]  正在连接 QQ-备用 邮箱服务器 (shouqianbadavid@qq.com) ...
[2026-04-24 14:39:52]  正在连接 QQ-主 邮箱服务器 (497720537@qq.com) ...
[2026-04-24 14:39:53]  正在连接 QQ-备用 邮箱服务器 (shouqianbadavid@qq.com) ...
[2026-04-24 14:40:29]  正在连接 QQ-主 邮箱服务器 (497720537@qq.com) ...
[2026-04-24 14:40:29]  正在连接 QQ-备用 邮箱服务器 (shouqianbadavid@qq.com) ...
[2026-04-24 14:41:05]  正在连接 QQ-主 邮箱服务器 (497720537@qq.com) ...
[2026-04-24 14:41:06]  正在连接 QQ-备用 邮箱服务器 (shouqianbadavid@qq.com) ...
[2026-04-24 14:41:41]  正在连接 QQ-主 邮箱服务器 (497720537@qq.com) ...
[2026-04-24 14:41:42]  QQ-主 正在解析因子: =?utf-8?b?QWxwaGFQaWxvdCDlrp7ml7bkv6Hlj7cgKGFscGhhX3NpZ25hbF90aHJfMjAyNjA0MjRfMTQ0MS5qc29uKSBb5Li7UVEt5a+55aSWXQ==?=
[2026-04-24 14:41:42]  发现表格，共 20 行数据
[2026-04-24 14:41:42]  动态索引映射: ['股票代码', '股票名称', '信号', '当前价格', '量比', '来源过滤']
[2026-04-24 14:41:42]  [行1] 解析成功: SZSE.300195 [长荣股份] SELL @ 7.56 (VR:0.03)
[2026-04-24 14:41:42]  [行2] 解析成功: SZSE.300763 [锦浪科技] BUY @ 100.49 (VR:0.71)
[2026-04-24 14:41:42]  [行3] 解析成功: SZSE.000958 [电投产融] SELL @ 6.06 (VR:0.55)
[2026-04-24 14:41:42]  [行4] 解析成功: SZSE.002015 [协鑫能科] BUY @ 20.03 (VR:0.35)
[2026-04-24 14:41:42]  [行5] 解析成功: SZSE.301667 [纳百川] BUY @ 119.51 (VR:0.37)
[2026-04-24 14:41:42]  [行6] 解析成功: SHSE.688295 [奥林德] BUY @ 60.28 (VR:0.03)
[2026-04-24 14:41:42]  [行7] 解析成功: SHSE.688295 [中复神鹰] BUY @ 60.19 (VR:0.03)
[2026-04-24 14:41:42]  [行8] 解析成功: SZSE.300782 [卓胜微] SELL @ 103.68 (VR:0.23)
[2026-04-24 14:41:42]  [行9] 解析成功: SZSE.300866 [安克创新] BUY @ 122.01 (VR:1.86)
[2026-04-24 14:41:42]  [行10] 解析成功: SZSE.300724 [捷佳伟创] BUY @ 90.22 (VR:0.43)
[2026-04-24 14:41:42]  [行11] 解析成功: SZSE.300195 [长荣股份] SELL @ 7.55 (VR:0.21)
[2026-04-24 14:41:42]  [行12] 解析成功: SZSE.300763 [锦浪科技] BUY @ 100.5 (VR:2.0)
[2026-04-24 14:41:42]  [行13] 解析成功: SZSE.000958 [电投产融] SELL @ 6.05 (VR:0.08)
[2026-04-24 14:41:42]  [行14] 解析成功: SZSE.002015 [协鑫能科] BUY @ 20.04 (VR:0.44)
[2026-04-24 14:41:42]  [行15] 解析成功: SZSE.301667 [纳百川] BUY @ 119.9 (VR:1.17)
[2026-04-24 14:41:42]  [行16] 解析成功: SHSE.688295 [奥林德] BUY @ 60.03 (VR:1.34)
[2026-04-24 14:41:42]  [行17] 解析成功: SHSE.688295 [中复神鹰] BUY @ 60.04 (VR:1.39)
[2026-04-24 14:41:42]  [行18] 解析成功: SZSE.300782 [卓胜微] SELL @ 103.5 (VR:0.81)
[2026-04-24 14:41:42]  [行19] 解析成功: SZSE.300866 [安克创新] BUY @ 122.08 (VR:0.49)
[2026-04-24 14:41:42]  [行20] 解析成功: SZSE.300724 [捷佳伟创] BUY @ 90.24 (VR:2.37)
[2026-04-24 14:41:42] 成功保存 20 条因子至: signal_batch_20260424_144142_303291.txt
[2026-04-24 14:41:42]  QQ-主 邮件 3184 处理完成
[2026-04-24 14:41:42]  QQ-主 本轮共成功处理 1 封有效信号邮件
[2026-04-24 14:41:42]  正在连接 QQ-备用 邮箱服务器 (shouqianbadavid@qq.com) ...
[2026-04-24 14:42:18]  正在连接 QQ-主 邮箱服务器 (497720537@qq.com) ...
[2026-04-24 14:42:19]  正在连接 QQ-备用 邮箱服务器 (shouqianbadavid@qq.com) ...
[2026-04-24 14:42:19]  QQ-备用 正在解析因子: =?utf-8?b?QWxwaGFQaWxvdCDlpIfku73kv6Hlj7cgKGFscGhhX3NpZ25hbF90aHJfMjAyNjA0MjRfMTQ0MS5qc29uKSBb5aSHUVEt6Ieq5L+dXQ==?=
[2026-04-24 14:42:19]  发现表格，共 20 行数据
[2026-04-24 14:42:19]  动态索引映射: ['股票代码', '股票名称', '信号', '当前价格', '量比', '来源过滤']
[2026-04-24 14:42:19]  [行1] 解析成功: SZSE.300195 [长荣股份] SELL @ 7.56 (VR:0.03)
[2026-04-24 14:42:19]  [行2] 解析成功: SZSE.300763 [锦浪科技] BUY @ 100.49 (VR:0.71)
[2026-04-24 14:42:19]  [行3] 解析成功: SZSE.000958 [电投产融] SELL @ 6.06 (VR:0.55)
[2026-04-24 14:42:19]  [行4] 解析成功: SZSE.002015 [协鑫能科] BUY @ 20.03 (VR:0.35)
[2026-04-24 14:42:19]  [行5] 解析成功: SZSE.301667 [纳百川] BUY @ 119.51 (VR:0.37)
[2026-04-24 14:42:19]  [行6] 解析成功: SHSE.688295 [奥林德] BUY @ 60.28 (VR:0.03)
[2026-04-24 14:42:19]  [行7] 解析成功: SHSE.688295 [中复神鹰] BUY @ 60.19 (VR:0.03)
[2026-04-24 14:42:19]  [行8] 解析成功: SZSE.300782 [卓胜微] SELL @ 103.68 (VR:0.23)
[2026-04-24 14:42:19]  [行9] 解析成功: SZSE.300866 [安克创新] BUY @ 122.01 (VR:1.86)
[2026-04-24 14:42:19]  [行10] 解析成功: SZSE.300724 [捷佳伟创] BUY @ 90.22 (VR:0.43)
[2026-04-24 14:42:19]  [行11] 解析成功: SZSE.300195 [长荣股份] SELL @ 7.55 (VR:0.21)
[2026-04-24 14:42:19]  [行12] 解析成功: SZSE.300763 [锦浪科技] BUY @ 100.5 (VR:2.0)
[2026-04-24 14:42:19]  [行13] 解析成功: SZSE.000958 [电投产融] SELL @ 6.05 (VR:0.08)
[2026-04-24 14:42:19]  [行14] 解析成功: SZSE.002015 [协鑫能科] BUY @ 20.04 (VR:0.44)
[2026-04-24 14:42:19]  [行15] 解析成功: SZSE.301667 [纳百川] BUY @ 119.9 (VR:1.17)
[2026-04-24 14:42:19]  [行16] 解析成功: SHSE.688295 [奥林德] BUY @ 60.03 (VR:1.34)
[2026-04-24 14:42:19]  [行17] 解析成功: SHSE.688295 [中复神鹰] BUY @ 60.04 (VR:1.39)
[2026-04-24 14:42:19]  [行18] 解析成功: SZSE.300782 [卓胜微] SELL @ 103.5 (VR:0.81)
[2026-04-24 14:42:19]  [行19] 解析成功: SZSE.300866 [安克创新] BUY @ 122.08 (VR:0.49)
[2026-04-24 14:42:19]  [行20] 解析成功: SZSE.300724 [捷佳伟创] BUY @ 90.24 (VR:2.37)
[2026-04-24 14:42:19] 成功保存 20 条因子至: signal_batch_20260424_144219_764607.txt
[2026-04-24 14:42:19]  QQ-备用 邮件 505 处理完成
[2026-04-24 14:42:19]  QQ-备用 本轮共成功处理 1 封有效信号邮件
[2026-04-24 14:42:55]  正在连接 QQ-主 邮箱服务器 (497720537@qq.com) ...
[2026-04-24 14:42:55]  正在连接 QQ-备用 邮箱服务器 (shouqianbadavid@qq.com) ...
[2026-04-24 14:43:31]  正在连接 QQ-主 邮箱服务器 (497720537@qq.com) ...
[2026-04-24 14:43:31]  正在连接 QQ-备用 邮箱服务器 (shouqianbadavid@qq.com) ...
[2026-04-24 14:44:07]  正在连接 QQ-主 邮箱服务器 (497720537@qq.com) ...
[2026-04-24 14:44:08]  正在连接 QQ-备用 邮箱服务器 (shouqianbadavid@qq.com) ...
[2026-04-24 14:44:44]  正在连接 QQ-主 邮箱服务器 (497720537@qq.com) ...
[2026-04-24 14:44:45]  正在连接 QQ-备用 邮箱服务器 (shouqianbadavid@qq.com) ...
[2026-04-24 14:45:20]  正在连接 QQ-主 邮箱服务器 (497720537@qq.com) ...
[2026-04-24 14:45:21]  正在连接 QQ-备用 邮箱服务器 (shouqianbadavid@qq.com) ...
[2026-04-24 14:45:56]  正在连接 QQ-主 邮箱服务器 (497720537@qq.com) ...
[2026-04-24 14:45:57]  正在连接 QQ-备用 邮箱服务器 (shouqianbadavid@qq.com) ...
[2026-04-24 14:46:33]  正在连接 QQ-主 邮箱服务器 (497720537@qq.com) ...
[2026-04-24 14:46:33]  正在连接 QQ-备用 邮箱服务器 (shouqianbadavid@qq.com) ...
[2026-04-24 14:47:09]  正在连接 QQ-主 邮箱服务器 (497720537@qq.com) ...
[2026-04-24 14:47:10]  正在连接 QQ-备用 邮箱服务器 (shouqianbadavid@qq.com) ...
[2026-04-24 14:47:45]  正在连接 QQ-主 邮箱服务器 (497720537@qq.com) ...
[2026-04-24 14:47:46]  正在连接 QQ-备用 邮箱服务器 (shouqianbadavid@qq.com) ...
[2026-04-24 14:48:22]  正在连接 QQ-主 邮箱服务器 (497720537@qq.com) ...
[2026-04-24 14:48:22]  正在连接 QQ-备用 邮箱服务器 (shouqianbadavid@qq.com) ...
[2026-04-24 14:48:58]  正在连接 QQ-主 邮箱服务器 (497720537@qq.com) ...
[2026-04-24 14:48:59]  正在连接 QQ-备用 邮箱服务器 (shouqianbadavid@qq.com) ...
[2026-04-24 14:49:35]  正在连接 QQ-主 邮箱服务器 (497720537@qq.com) ...
[2026-04-24 14:49:35]  正在连接 QQ-备用 邮箱服务器 (shouqianbadavid@qq.com) ...
[2026-04-24 14:50:11]  正在连接 QQ-主 邮箱服务器 (497720537@qq.com) ...
[2026-04-24 14:50:11]  QQ-主 正在解析因子: =?utf-8?b?QWxwaGFQaWxvdCDlrp7ml7bkv6Hlj7cgKGFscGhhX3NpZ25hbF90aHJfMjAyNjA0MjRfMTQ0OS5qc29uKSBb5Li7UVEt5a+55aSWXQ==?=
[2026-04-24 14:50:11]  发现表格，共 8 行数据
[2026-04-24 14:50:11]  动态索引映射: ['股票代码', '股票名称', '信号', '当前价格', '量比', '来源过滤']
[2026-04-24 14:50:11]  [行1] 解析成功: SZSE.002925 [盈趣科技] SELL @ 19.35 (VR:0.31)
[2026-04-24 14:50:11]  [行2] 解析成功: SZSE.000510 [新金路] SELL @ 13.77 (VR:0.67)
[2026-04-24 14:50:11]  [行3] 解析成功: SZSE.300693 [盛弘股份] SELL @ 48.98 (VR:0.15)
[2026-04-24 14:50:11]  [行4] 解析成功: SZSE.001309 [德利明] SELL @ 490.81 (VR:0.02)
[2026-04-24 14:50:11]  [行5] 解析成功: SZSE.002925 [盈趣科技] SELL @ 19.32 (VR:0.24)
[2026-04-24 14:50:11]  [行6] 解析成功: SZSE.000510 [新金路] SELL @ 13.7 (VR:0.09)
[2026-04-24 14:50:11]  [行7] 解析成功: SZSE.300693 [盛弘股份] SELL @ 48.88 (VR:0.21)
[2026-04-24 14:50:11]  [行8] 解析成功: SZSE.001309 [德利明] SELL @ 490.19 (VR:0.27)
[2026-04-24 14:50:11] 成功保存 8 条因子至: signal_batch_20260424_145011_960847.txt
[2026-04-24 14:50:12]  QQ-主 邮件 3185 处理完成
[2026-04-24 14:50:12]  QQ-主 本轮共成功处理 1 封有效信号邮件
[2026-04-24 14:50:12]  正在连接 QQ-备用 邮箱服务器 (shouqianbadavid@qq.com) ...
[2026-04-24 14:50:48]  正在连接 QQ-主 邮箱服务器 (497720537@qq.com) ...
[2026-04-24 14:50:48]  正在连接 QQ-备用 邮箱服务器 (shouqianbadavid@qq.com) ...
[2026-04-24 14:50:49]  QQ-备用 正在解析因子: =?utf-8?b?QWxwaGFQaWxvdCDlpIfku73kv6Hlj7cgKGFscGhhX3NpZ25hbF90aHJfMjAyNjA0MjRfMTQ0OS5qc29uKSBb5aSHUVEt6Ieq5L+dXQ==?=
[2026-04-24 14:50:49]  发现表格，共 8 行数据
[2026-04-24 14:50:49]  动态索引映射: ['股票代码', '股票名称', '信号', '当前价格', '量比', '来源过滤']
[2026-04-24 14:50:49]  [行1] 解析成功: SZSE.002925 [盈趣科技] SELL @ 19.35 (VR:0.31)
[2026-04-24 14:50:49]  [行2] 解析成功: SZSE.000510 [新金路] SELL @ 13.77 (VR:0.67)
[2026-04-24 14:50:49]  [行3] 解析成功: SZSE.300693 [盛弘股份] SELL @ 48.98 (VR:0.15)
[2026-04-24 14:50:49]  [行4] 解析成功: SZSE.001309 [德利明] SELL @ 490.81 (VR:0.02)
[2026-04-24 14:50:49]  [行5] 解析成功: SZSE.002925 [盈趣科技] SELL @ 19.32 (VR:0.24)
[2026-04-24 14:50:49]  [行6] 解析成功: SZSE.000510 [新金路] SELL @ 13.7 (VR:0.09)
[2026-04-24 14:50:49]  [行7] 解析成功: SZSE.300693 [盛弘股份] SELL @ 48.88 (VR:0.21)
[2026-04-24 14:50:49]  [行8] 解析成功: SZSE.001309 [德利明] SELL @ 490.19 (VR:0.27)
[2026-04-24 14:50:49] 成功保存 8 条因子至: signal_batch_20260424_145049_481980.txt
[2026-04-24 14:50:49]  QQ-备用 邮件 506 处理完成
[2026-04-24 14:50:49]  QQ-备用 本轮共成功处理 1 封有效信号邮件
[2026-04-24 14:51:24]  正在连接 QQ-主 邮箱服务器 (497720537@qq.com) ...
[2026-04-24 14:51:26]  正在连接 QQ-备用 邮箱服务器 (shouqianbadavid@qq.com) ...
[2026-04-24 14:52:01]  正在连接 QQ-主 邮箱服务器 (497720537@qq.com) ...
[2026-04-24 14:52:02]  正在连接 QQ-备用 邮箱服务器 (shouqianbadavid@qq.com) ...
[2026-04-24 14:52:38]  正在连接 QQ-主 邮箱服务器 (497720537@qq.com) ...
[2026-04-24 14:52:39]  正在连接 QQ-备用 邮箱服务器 (shouqianbadavid@qq.com) ...
[2026-04-24 14:53:15]  正在连接 QQ-主 邮箱服务器 (497720537@qq.com) ...
[2026-04-24 14:53:16]  正在连接 QQ-备用 邮箱服务器 (shouqianbadavid@qq.com) ...
[2026-04-24 14:53:52]  正在连接 QQ-主 邮箱服务器 (497720537@qq.com) ...
[2026-04-24 14:53:52]  正在连接 QQ-备用 邮箱服务器 (shouqianbadavid@qq.com) ...
[2026-04-24 14:54:28]  正在连接 QQ-主 邮箱服务器 (497720537@qq.com) ...
[2026-04-24 14:54:29]  正在连接 QQ-备用 邮箱服务器 (shouqianbadavid@qq.com) ...
[2026-04-24 14:55:04]  正在连接 QQ-主 邮箱服务器 (497720537@qq.com) ...
[2026-04-24 14:55:05]  正在连接 QQ-备用 邮箱服务器 (shouqianbadavid@qq.com) ...
[2026-04-24 14:55:41]  正在连接 QQ-主 邮箱服务器 (497720537@qq.com) ...
[2026-04-24 14:55:41]  正在连接 QQ-备用 邮箱服务器 (shouqianbadavid@qq.com) ...
[2026-04-24 14:56:17]  正在连接 QQ-主 邮箱服务器 (497720537@qq.com) ...
[2026-04-24 14:56:18]  QQ-主 正在解析因子: =?utf-8?b?QWxwaGFQaWxvdCDlrp7ml7bkv6Hlj7cgKGFscGhhX3NpZ25hbF90aHJfMjAyNjA0MjRfMTQ1NS5qc29uKSBb5Li7UVEt5a+55aSWXQ==?=
[2026-04-24 14:56:18]  发现表格，共 10 行数据
[2026-04-24 14:56:18]  动态索引映射: ['股票代码', '股票名称', '信号', '当前价格', '量比', '来源过滤']
[2026-04-24 14:56:18]  [行1] 解析成功: SZSE.300274 [阳光电源] SELL @ 133.93 (VR:0.63)
[2026-04-24 14:56:18]  [行2] 解析成功: SZSE.002506 [协鑫集成] BUY @ 4.36 (VR:0.03)
[2026-04-24 14:56:18]  [行3] 解析成功: SZSE.300228 [富瑞特装] SELL @ 9.05 (VR:0.41)
[2026-04-24 14:56:18]  [行4] 解析成功: SZSE.301419 [瑞可达] SELL @ 41.63 (VR:0.24)
[2026-04-24 14:56:18]  [行5] 解析成功: SZSE.301071 [力量钻石] BUY @ 51.11 (VR:1.55)
[2026-04-24 14:56:18]  [行6] 解析成功: SZSE.300274 [阳光电源] SELL @ 133.82 (VR:0.59)
[2026-04-24 14:56:18]  [行7] 解析成功: SZSE.002506 [协鑫集成] BUY @ 4.37 (VR:0.5)
[2026-04-24 14:56:18]  [行8] 解析成功: SZSE.300228 [富瑞特装] SELL @ 9.04 (VR:0.13)
[2026-04-24 14:56:18]  [行9] 解析成功: SZSE.301419 [瑞可达] SELL @ 41.61 (VR:0.36)
[2026-04-24 14:56:18]  [行10] 解析成功: SZSE.301071 [力量钻石] BUY @ 51.18 (VR:0.99)
[2026-04-24 14:56:19] 成功保存 10 条因子至: signal_batch_20260424_145619_012749.txt
[2026-04-24 14:56:19]  QQ-主 邮件 3186 处理完成
[2026-04-24 14:56:19]  QQ-主 本轮共成功处理 1 封有效信号邮件
[2026-04-24 14:56:19]  正在连接 QQ-备用 邮箱服务器 (shouqianbadavid@qq.com) ...
[2026-04-24 14:56:55]  正在连接 QQ-主 邮箱服务器 (497720537@qq.com) ...
[2026-04-24 14:56:55]  正在连接 QQ-备用 邮箱服务器 (shouqianbadavid@qq.com) ...
[2026-04-24 14:56:56]  QQ-备用 正在解析因子: =?utf-8?b?QWxwaGFQaWxvdCDlpIfku73kv6Hlj7cgKGFscGhhX3NpZ25hbF90aHJfMjAyNjA0MjRfMTQ1NS5qc29uKSBb5aSHUVEt6Ieq5L+dXQ==?=
[2026-04-24 14:56:56]  发现表格，共 10 行数据
[2026-04-24 14:56:56]  动态索引映射: ['股票代码', '股票名称', '信号', '当前价格', '量比', '来源过滤']
[2026-04-24 14:56:56]  [行1] 解析成功: SZSE.300274 [阳光电源] SELL @ 133.93 (VR:0.63)
[2026-04-24 14:56:56]  [行2] 解析成功: SZSE.002506 [协鑫集成] BUY @ 4.36 (VR:0.03)
[2026-04-24 14:56:56]  [行3] 解析成功: SZSE.300228 [富瑞特装] SELL @ 9.05 (VR:0.41)
[2026-04-24 14:56:56]  [行4] 解析成功: SZSE.301419 [瑞可达] SELL @ 41.63 (VR:0.24)
[2026-04-24 14:56:56]  [行5] 解析成功: SZSE.301071 [力量钻石] BUY @ 51.11 (VR:1.55)
[2026-04-24 14:56:56]  [行6] 解析成功: SZSE.300274 [阳光电源] SELL @ 133.82 (VR:0.59)
[2026-04-24 14:56:56]  [行7] 解析成功: SZSE.002506 [协鑫集成] BUY @ 4.37 (VR:0.5)
[2026-04-24 14:56:56]  [行8] 解析成功: SZSE.300228 [富瑞特装] SELL @ 9.04 (VR:0.13)
[2026-04-24 14:56:56]  [行9] 解析成功: SZSE.301419 [瑞可达] SELL @ 41.61 (VR:0.36)
[2026-04-24 14:56:56]  [行10] 解析成功: SZSE.301071 [力量钻石] BUY @ 51.18 (VR:0.99)
[2026-04-24 14:56:56] 成功保存 10 条因子至: signal_batch_20260424_145656_725199.txt
[2026-04-24 14:56:57]  QQ-备用 邮件 507 处理完成
[2026-04-24 14:56:57]  QQ-备用 本轮共成功处理 1 封有效信号邮件
[2026-04-24 14:57:32]  正在连接 QQ-主 邮箱服务器 (497720537@qq.com) ...
[2026-04-24 14:57:32]  正在连接 QQ-备用 邮箱服务器 (shouqianbadavid@qq.com) ...
[2026-04-24 14:58:08]  正在连接 QQ-主 邮箱服务器 (497720537@qq.com) ...
[2026-04-24 14:58:09]  正在连接 QQ-备用 邮箱服务器 (shouqianbadavid@qq.com) ...
[2026-04-24 14:58:45]  正在连接 QQ-主 邮箱服务器 (497720537@qq.com) ...
[2026-04-24 14:58:46]  正在连接 QQ-备用 邮箱服务器 (shouqianbadavid@qq.com) ...
[2026-04-24 14:59:22]  正在连接 QQ-主 邮箱服务器 (497720537@qq.com) ...
[2026-04-24 14:59:23]  正在连接 QQ-备用 邮箱服务器 (shouqianbadavid@qq.com) ...
[2026-04-24 14:59:58]  正在连接 QQ-主 邮箱服务器 (497720537@qq.com) ...
[2026-04-24 14:59:59]  正在连接 QQ-备用 邮箱服务器 (shouqianbadavid@qq.com) ...
[2026-04-24 15:00:34]  正在连接 QQ-主 邮箱服务器 (497720537@qq.com) ...
[2026-04-24 15:00:35]  正在连接 QQ-备用 邮箱服务器 (shouqianbadavid@qq.com) ...
[2026-04-24 15:01:11]  正在连接 QQ-主 邮箱服务器 (497720537@qq.com) ...
[2026-04-24 15:01:12]  QQ-主 正在解析因子: =?utf-8?b?QWxwaGFQaWxvdCDlrp7ml7bkv6Hlj7cgKGFscGhhX3NpZ25hbF90aHJfMjAyNjA0MjRfMTUwMS5qc29uKSBb5Li7UVEt5a+55aSWXQ==?=
[2026-04-24 15:01:12]  发现表格，共 10 行数据
[2026-04-24 15:01:12]  动态索引映射: ['股票代码', '股票名称', '信号', '当前价格', '量比', '来源过滤']
[2026-04-24 15:01:12]  [行1] 解析成功: SZSE.301018 [申菱环境] SELL @ 123.8 (VR:0.36)
[2026-04-24 15:01:12]  [行2] 解析成功: SZSE.301120 [新特电器] BUY @ 20.31 (VR:0.37)
[2026-04-24 15:01:12]  [行3] 解析成功: SZSE.002980 [华盛昌] SELL @ 82.3 (VR:0.88)
[2026-04-24 15:01:12]  [行4] 解析成功: SZSE.000677 [恒立实业] SELL @ 4.1 (VR:1.15)
[2026-04-24 15:01:12]  [行5] 解析成功: SZSE.300672 [国科微] SELL @ 159.04 (VR:0.44)
[2026-04-24 15:01:12]  [行6] 解析成功: SZSE.301018 [申菱环境] SELL @ 123.6 (VR:0.61)
[2026-04-24 15:01:12]  [行7] 解析成功: SZSE.301120 [新特电器] BUY @ 20.32 (VR:0.63)
[2026-04-24 15:01:12]  [行8] 解析成功: SZSE.002980 [华盛昌] SELL @ 82.29 (VR:nan)
[2026-04-24 15:01:12]  [行9] 解析成功: SZSE.000677 [恒立实业] SELL @ 4.09 (VR:nan)
[2026-04-24 15:01:12]  [行10] 解析成功: SZSE.300672 [国科微] SELL @ 158.8 (VR:nan)
[2026-04-24 15:01:12] 成功保存 10 条因子至: signal_batch_20260424_150112_733378.txt
[2026-04-24 15:01:13]  QQ-主 邮件 3187 处理完成
[2026-04-24 15:01:13]  QQ-主 本轮共成功处理 1 封有效信号邮件
[2026-04-24 15:01:13]  正在连接 QQ-备用 邮箱服务器 (shouqianbadavid@qq.com) ...
[2026-04-24 15:01:48]  正在连接 QQ-主 邮箱服务器 (497720537@qq.com) ...
[2026-04-24 15:01:49]  正在连接 QQ-备用 邮箱服务器 (shouqianbadavid@qq.com) ...
[2026-04-24 15:01:50]  QQ-备用 正在解析因子: =?utf-8?b?QWxwaGFQaWxvdCDlpIfku73kv6Hlj7cgKGFscGhhX3NpZ25hbF90aHJfMjAyNjA0MjRfMTUwMS5qc29uKSBb5aSHUVEt6Ieq5L+dXQ==?=
[2026-04-24 15:01:50]  发现表格，共 10 行数据
[2026-04-24 15:01:50]  动态索引映射: ['股票代码', '股票名称', '信号', '当前价格', '量比', '来源过滤']
[2026-04-24 15:01:50]  [行1] 解析成功: SZSE.301018 [申菱环境] SELL @ 123.8 (VR:0.36)
[2026-04-24 15:01:50]  [行2] 解析成功: SZSE.301120 [新特电器] BUY @ 20.31 (VR:0.37)
[2026-04-24 15:01:50]  [行3] 解析成功: SZSE.002980 [华盛昌] SELL @ 82.3 (VR:0.88)
[2026-04-24 15:01:50]  [行4] 解析成功: SZSE.000677 [恒立实业] SELL @ 4.1 (VR:1.15)
[2026-04-24 15:01:50]  [行5] 解析成功: SZSE.300672 [国科微] SELL @ 159.04 (VR:0.44)
[2026-04-24 15:01:50]  [行6] 解析成功: SZSE.301018 [申菱环境] SELL @ 123.6 (VR:0.61)
[2026-04-24 15:01:50]  [行7] 解析成功: SZSE.301120 [新特电器] BUY @ 20.32 (VR:0.63)
[2026-04-24 15:01:50]  [行8] 解析成功: SZSE.002980 [华盛昌] SELL @ 82.29 (VR:nan)
[2026-04-24 15:01:50]  [行9] 解析成功: SZSE.000677 [恒立实业] SELL @ 4.09 (VR:nan)
[2026-04-24 15:01:50]  [行10] 解析成功: SZSE.300672 [国科微] SELL @ 158.8 (VR:nan)
[2026-04-24 15:01:50] 成功保存 10 条因子至: signal_batch_20260424_150150_605215.txt
[2026-04-24 15:01:50]  QQ-备用 邮件 508 处理完成
[2026-04-24 15:01:50]  QQ-备用 本轮共成功处理 1 封有效信号邮件
[2026-04-24 15:02:26]  正在连接 QQ-主 邮箱服务器 (497720537@qq.com) ...
[2026-04-24 15:02:26]  正在连接 QQ-备用 邮箱服务器 (shouqianbadavid@qq.com) ...
[2026-04-24 15:03:02]  正在连接 QQ-主 邮箱服务器 (497720537@qq.com) ...
[2026-04-24 15:03:02]  正在连接 QQ-备用 邮箱服务器 (shouqianbadavid@qq.com) ...
[2026-04-24 15:03:38]  正在连接 QQ-主 邮箱服务器 (497720537@qq.com) ...
[2026-04-24 15:03:39]  正在连接 QQ-备用 邮箱服务器 (shouqianbadavid@qq.com) ...
[2026-04-24 15:04:14]  正在连接 QQ-主 邮箱服务器 (497720537@qq.com) ...
[2026-04-24 15:04:15]  正在连接 QQ-备用 邮箱服务器 (shouqianbadavid@qq.com) ...
[2026-04-24 15:04:50]  正在连接 QQ-主 邮箱服务器 (497720537@qq.com) ...
[2026-04-24 15:04:51]  正在连接 QQ-备用 邮箱服务器 (shouqianbadavid@qq.com) ...
[2026-04-24 15:05:26]  正在连接 QQ-主 邮箱服务器 (497720537@qq.com) ...
[2026-04-24 15:05:27]  正在连接 QQ-备用 邮箱服务器 (shouqianbadavid@qq.com) ...
[2026-04-24 15:06:03]  正在连接 QQ-主 邮箱服务器 (497720537@qq.com) ...
[2026-04-24 15:06:04]  正在连接 QQ-备用 邮箱服务器 (shouqianbadavid@qq.com) ...
[2026-04-24 15:06:39]  正在连接 QQ-主 邮箱服务器 (497720537@qq.com) ...
[2026-04-24 15:06:40]  正在连接 QQ-备用 邮箱服务器 (shouqianbadavid@qq.com) ...
[2026-04-24 15:07:16]  正在连接 QQ-主 邮箱服务器 (497720537@qq.com) ...
[2026-04-24 15:07:16]  正在连接 QQ-备用 邮箱服务器 (shouqianbadavid@qq.com) ...
[2026-04-24 15:07:52]  正在连接 QQ-主 邮箱服务器 (497720537@qq.com) ...
[2026-04-24 15:07:52]  正在连接 QQ-备用 邮箱服务器 (shouqianbadavid@qq.com) ...
[2026-04-24 15:08:28]  正在连接 QQ-主 邮箱服务器 (497720537@qq.com) ...
[2026-04-24 15:08:28]  正在连接 QQ-备用 邮箱服务器 (shouqianbadavid@qq.com) ...
[2026-04-24 15:09:04]  正在连接 QQ-主 邮箱服务器 (497720537@qq.com) ...
[2026-04-24 15:09:05]  正在连接 QQ-备用 邮箱服务器 (shouqianbadavid@qq.com) ...
[2026-04-24 15:09:40]  正在连接 QQ-主 邮箱服务器 (497720537@qq.com) ...
[2026-04-24 15:09:41]  正在连接 QQ-备用 邮箱服务器 (shouqianbadavid@qq.com) ...
[2026-04-24 15:10:17]  正在连接 QQ-主 邮箱服务器 (497720537@qq.com) ...
[2026-04-24 15:10:17]  正在连接 QQ-备用 邮箱服务器 (shouqianbadavid@qq.com) ...
[2026-04-24 15:10:53]  正在连接 QQ-主 邮箱服务器 (497720537@qq.com) ...
[2026-04-24 15:10:53]  正在连接 QQ-备用 邮箱服务器 (shouqianbadavid@qq.com) ...
[2026-04-24 15:11:29]  正在连接 QQ-主 邮箱服务器 (497720537@qq.com) ...
[2026-04-24 15:11:29]  正在连接 QQ-备用 邮箱服务器 (shouqianbadavid@qq.com) ...
[2026-04-24 15:12:05]  正在连接 QQ-主 邮箱服务器 (497720537@qq.com) ...
[2026-04-24 15:12:06]  正在连接 QQ-备用 邮箱服务器 (shouqianbadavid@qq.com) ...
[2026-04-24 15:12:41]  正在连接 QQ-主 邮箱服务器 (497720537@qq.com) ...
[2026-04-24 15:12:42]  正在连接 QQ-备用 邮箱服务器 (shouqianbadavid@qq.com) ...
[2026-04-24 15:13:17]  正在连接 QQ-主 邮箱服务器 (497720537@qq.com) ...
[2026-04-24 15:13:18]  正在连接 QQ-备用 邮箱服务器 (shouqianbadavid@qq.com) ...
[2026-04-24 15:13:53]  正在连接 QQ-主 邮箱服务器 (497720537@qq.com) ...
[2026-04-24 15:13:54]  正在连接 QQ-备用 邮箱服务器 (shouqianbadavid@qq.com) ...
[2026-04-24 15:14:30]  正在连接 QQ-主 邮箱服务器 (497720537@qq.com) ...
[2026-04-24 15:14:30]  正在连接 QQ-备用 邮箱服务器 (shouqianbadavid@qq.com) ...
[2026-04-24 15:15:06]  正在连接 QQ-主 邮箱服务器 (497720537@qq.com) ...
[2026-04-24 15:15:07]  正在连接 QQ-备用 邮箱服务器 (shouqianbadavid@qq.com) ...
[2026-04-24 15:15:42]  正在连接 QQ-主 邮箱服务器 (497720537@qq.com) ...
[2026-04-24 15:15:43]  正在连接 QQ-备用 邮箱服务器 (shouqianbadavid@qq.com) ...
[2026-04-24 15:16:19]  正在连接 QQ-主 邮箱服务器 (497720537@qq.com) ...
[2026-04-24 15:16:20]  正在连接 QQ-备用 邮箱服务器 (shouqianbadavid@qq.com) ...
[2026-04-24 15:25:12]  AlphaPilot 监听服务 (Pro 多邮箱版) 启动...
[2026-04-24 15:25:12]  信号保存目录: D:\mpython\signals
[2026-04-24 15:25:12]  日志文件: D:\mpython\logs_receiver\receiver_20260424.log
[2026-04-24 15:25:12]  正在连接 QQ-主 邮箱服务器 (497720537@qq.com) ...
[2026-04-24 15:25:13]  正在连接 QQ-备用 邮箱服务器 (shouqianbadavid@qq.com) ...
[2026-04-24 15:25:48]  正在连接 QQ-主 邮箱服务器 (497720537@qq.com) ...
[2026-04-24 15:25:49]  正在连接 QQ-备用 邮箱服务器 (shouqianbadavid@qq.com) ...
[2026-04-24 15:26:25]  正在连接 QQ-主 邮箱服务器 (497720537@qq.com) ...
[2026-04-24 15:26:26]  正在连接 QQ-备用 邮箱服务器 (shouqianbadavid@qq.com) ...
[2026-04-24 15:27:01]  正在连接 QQ-主 邮箱服务器 (497720537@qq.com) ...
[2026-04-24 15:27:02]  正在连接 QQ-备用 邮箱服务器 (shouqianbadavid@qq.com) ...
[2026-04-24 15:27:38]  正在连接 QQ-主 邮箱服务器 (497720537@qq.com) ...
[2026-04-24 15:27:38]  正在连接 QQ-备用 邮箱服务器 (shouqianbadavid@qq.com) ...
[2026-04-24 15:28:14]  正在连接 QQ-主 邮箱服务器 (497720537@qq.com) ...
[2026-04-24 15:28:14]  正在连接 QQ-备用 邮箱服务器 (shouqianbadavid@qq.com) ...
[2026-04-24 15:28:50]  正在连接 QQ-主 邮箱服务器 (497720537@qq.com) ...
[2026-04-24 15:28:51]  正在连接 QQ-备用 邮箱服务器 (shouqianbadavid@qq.com) ...
[2026-04-24 15:29:26]  正在连接 QQ-主 邮箱服务器 (497720537@qq.com) ...
[2026-04-24 15:29:27]  正在连接 QQ-备用 邮箱服务器 (shouqianbadavid@qq.com) ...
[2026-04-24 15:30:03]  正在连接 QQ-主 邮箱服务器 (497720537@qq.com) ...
[2026-04-24 15:30:04]  正在连接 QQ-备用 邮箱服务器 (shouqianbadavid@qq.com) ...
[2026-04-24 15:30:40]  正在连接 QQ-主 邮箱服务器 (497720537@qq.com) ...
[2026-04-24 15:30:41]  正在连接 QQ-备用 邮箱服务器 (shouqianbadavid@qq.com) ...
[2026-04-24 15:31:17]  正在连接 QQ-主 邮箱服务器 (497720537@qq.com) ...
[2026-04-24 15:31:17]  正在连接 QQ-备用 邮箱服务器 (shouqianbadavid@qq.com) ...
[2026-04-24 15:31:53]  正在连接 QQ-主 邮箱服务器 (497720537@qq.com) ...
[2026-04-24 15:31:54]  正在连接 QQ-备用 邮箱服务器 (shouqianbadavid@qq.com) ...
[2026-04-24 15:32:30]  正在连接 QQ-主 邮箱服务器 (497720537@qq.com) ...
[2026-04-24 15:32:30]  正在连接 QQ-备用 邮箱服务器 (shouqianbadavid@qq.com) ...
[2026-04-24 15:33:06]  正在连接 QQ-主 邮箱服务器 (497720537@qq.com) ...
[2026-04-24 15:33:07]  正在连接 QQ-备用 邮箱服务器 (shouqianbadavid@qq.com) ...
[2026-04-24 15:33:43]  正在连接 QQ-主 邮箱服务器 (497720537@qq.com) ...
[2026-04-24 15:33:43]  正在连接 QQ-备用 邮箱服务器 (shouqianbadavid@qq.com) ...
[2026-04-24 15:34:19]  正在连接 QQ-主 邮箱服务器 (497720537@qq.com) ...
[2026-04-24 15:34:20]  正在连接 QQ-备用 邮箱服务器 (shouqianbadavid@qq.com) ...
[2026-04-24 15:34:56]  正在连接 QQ-主 邮箱服务器 (497720537@qq.com) ...
[2026-04-24 15:34:56]  正在连接 QQ-备用 邮箱服务器 (shouqianbadavid@qq.com) ...
[2026-04-24 15:35:32]  正在连接 QQ-主 邮箱服务器 (497720537@qq.com) ...
[2026-04-24 15:35:33]  正在连接 QQ-备用 邮箱服务器 (shouqianbadavid@qq.com) ...
[2026-04-24 15:36:09]  正在连接 QQ-主 邮箱服务器 (497720537@qq.com) ...
[2026-04-24 15:36:09]  正在连接 QQ-备用 邮箱服务器 (shouqianbadavid@qq.com) ...
[2026-04-24 15:36:45]  正在连接 QQ-主 邮箱服务器 (497720537@qq.com) ...
[2026-04-24 15:36:46]  正在连接 QQ-备用 邮箱服务器 (shouqianbadavid@qq.com) ...
[2026-04-24 15:37:22]  正在连接 QQ-主 邮箱服务器 (497720537@qq.com) ...
[2026-04-24 15:37:23]  正在连接 QQ-备用 邮箱服务器 (shouqianbadavid@qq.com) ...
