[2026-09-02 14:17:55]  AlphaPilot 监听服务 (Pro 多邮箱版) 启动...
[2026-09-02 14:17:55]  信号保存目录: D:\mpython\signals
[2026-09-02 14:17:55]  日志文件: D:\mpython\logs_receiver\receiver_20260902.log
[2026-09-02 14:17:55]  正在连接 QQ-主 邮箱服务器 (497720537@qq.com) ...
[2026-09-02 14:17:56]  QQ-主 正在解析因子: =?UTF-8?B?LkNPTSBmb3IgJDkuOTkgJiBEb21haW4gRGVhbHM=?=
[2026-09-02 14:17:56]  QQ-主 邮件 1604 无 HTML 表格
[2026-09-02 14:17:56]  正在连接 QQ-备用 邮箱服务器 (shouqianbadavid@qq.com) ...
[2026-09-02 14:18:32]  正在连接 QQ-主 邮箱服务器 (497720537@qq.com) ...
[2026-09-02 14:18:33]  正在连接 QQ-备用 邮箱服务器 (shouqianbadavid@qq.com) ...
[2026-09-02 14:19:09]  正在连接 QQ-主 邮箱服务器 (497720537@qq.com) ...
[2026-09-02 14:19:09]  正在连接 QQ-备用 邮箱服务器 (shouqianbadavid@qq.com) ...
[2026-09-02 14:19:45]  正在连接 QQ-主 邮箱服务器 (497720537@qq.com) ...
[2026-09-02 14:19:45]  正在连接 QQ-备用 邮箱服务器 (shouqianbadavid@qq.com) ...
[2026-09-02 14:20:21]  正在连接 QQ-主 邮箱服务器 (497720537@qq.com) ...
[2026-09-02 14:20:22]  正在连接 QQ-备用 邮箱服务器 (shouqianbadavid@qq.com) ...
[2026-09-02 14:20:58]  正在连接 QQ-主 邮箱服务器 (497720537@qq.com) ...
[2026-09-02 14:20:58]  正在连接 QQ-备用 邮箱服务器 (shouqianbadavid@qq.com) ...
[2026-09-02 14:21:34]  正在连接 QQ-主 邮箱服务器 (497720537@qq.com) ...
[2026-09-02 14:21:34]  正在连接 QQ-备用 邮箱服务器 (shouqianbadavid@qq.com) ...
[2026-09-02 14:22:10]  正在连接 QQ-主 邮箱服务器 (497720537@qq.com) ...
[2026-09-02 14:22:10]  正在连接 QQ-备用 邮箱服务器 (shouqianbadavid@qq.com) ...
[2026-09-02 14:22:46]  正在连接 QQ-主 邮箱服务器 (497720537@qq.com) ...
[2026-09-02 14:22:47]  正在连接 QQ-备用 邮箱服务器 (shouqianbadavid@qq.com) ...
[2026-09-02 14:23:22]  正在连接 QQ-主 邮箱服务器 (497720537@qq.com) ...
[2026-09-02 14:23:23]  正在连接 QQ-备用 邮箱服务器 (shouqianbadavid@qq.com) ...
[2026-09-02 14:23:58]  正在连接 QQ-主 邮箱服务器 (497720537@qq.com) ...
[2026-09-02 14:23:59]  正在连接 QQ-备用 邮箱服务器 (shouqianbadavid@qq.com) ...
[2026-09-02 14:24:34]  正在连接 QQ-主 邮箱服务器 (497720537@qq.com) ...
[2026-09-02 14:24:34]  正在连接 QQ-备用 邮箱服务器 (shouqianbadavid@qq.com) ...
[2026-09-02 14:25:10]  正在连接 QQ-主 邮箱服务器 (497720537@qq.com) ...
[2026-09-02 14:25:10]  正在连接 QQ-备用 邮箱服务器 (shouqianbadavid@qq.com) ...
[2026-09-02 14:25:46]  正在连接 QQ-主 邮箱服务器 (497720537@qq.com) ...
[2026-09-02 14:25:46]  正在连接 QQ-备用 邮箱服务器 (shouqianbadavid@qq.com) ...
[2026-09-02 14:26:22]  正在连接 QQ-主 邮箱服务器 (497720537@qq.com) ...
[2026-09-02 14:26:23]  正在连接 QQ-备用 邮箱服务器 (shouqianbadavid@qq.com) ...
[2026-09-02 14:26:58]  正在连接 QQ-主 邮箱服务器 (497720537@qq.com) ...
[2026-09-02 14:26:59]  正在连接 QQ-备用 邮箱服务器 (shouqianbadavid@qq.com) ...
[2026-09-02 14:27:34]  正在连接 QQ-主 邮箱服务器 (497720537@qq.com) ...
[2026-09-02 14:27:35]  正在连接 QQ-备用 邮箱服务器 (shouqianbadavid@qq.com) ...
[2026-09-02 14:28:11]  正在连接 QQ-主 邮箱服务器 (497720537@qq.com) ...
[2026-09-02 14:28:11]  正在连接 QQ-备用 邮箱服务器 (shouqianbadavid@qq.com) ...
[2026-09-02 14:28:47]  正在连接 QQ-主 邮箱服务器 (497720537@qq.com) ...
[2026-09-02 14:28:48]  正在连接 QQ-备用 邮箱服务器 (shouqianbadavid@qq.com) ...
[2026-09-02 14:29:23]  正在连接 QQ-主 邮箱服务器 (497720537@qq.com) ...
[2026-09-02 14:29:24]  正在连接 QQ-备用 邮箱服务器 (shouqianbadavid@qq.com) ...
[2026-09-02 14:29:59]  正在连接 QQ-主 邮箱服务器 (497720537@qq.com) ...
[2026-09-02 14:30:00]  正在连接 QQ-备用 邮箱服务器 (shouqianbadavid@qq.com) ...
[2026-09-02 14:30:36]  正在连接 QQ-主 邮箱服务器 (497720537@qq.com) ...
[2026-09-02 14:30:36]  正在连接 QQ-备用 邮箱服务器 (shouqianbadavid@qq.com) ...
[2026-09-02 14:31:12]  正在连接 QQ-主 邮箱服务器 (497720537@qq.com) ...
[2026-09-02 14:31:13]  正在连接 QQ-备用 邮箱服务器 (shouqianbadavid@qq.com) ...
[2026-09-02 14:31:48]  正在连接 QQ-主 邮箱服务器 (497720537@qq.com) ...
[2026-09-02 14:31:49]  正在连接 QQ-备用 邮箱服务器 (shouqianbadavid@qq.com) ...
[2026-09-02 14:32:24]  正在连接 QQ-主 邮箱服务器 (497720537@qq.com) ...
[2026-09-02 14:32:25]  正在连接 QQ-备用 邮箱服务器 (shouqianbadavid@qq.com) ...
[2026-09-02 14:33:01]  正在连接 QQ-主 邮箱服务器 (497720537@qq.com) ...
[2026-09-02 14:33:01]  正在连接 QQ-备用 邮箱服务器 (shouqianbadavid@qq.com) ...
