[2026-08-18 10:24:18]  AlphaPilot 监听服务 (Pro 多邮箱版) 启动...
[2026-08-18 10:24:18]  信号保存目录: D:\mpython\signals
[2026-08-18 10:24:18]  日志文件: D:\mpython\logs_receiver\receiver_20260818.log
[2026-08-18 10:24:18]  正在连接 QQ-主 邮箱服务器 (497720537@qq.com) ...
[2026-08-18 10:24:20]  QQ-主 正在解析因子: Final hours to get 50% off Pro
[2026-08-18 10:24:20]  发现表格，共 20 行数据
[2026-08-18 10:24:20]  表头映射失败，未找到指定列名。当前表头: ['OFFER ENDS SOON50% offThe clock\'s running — don’t miss your chance to learn for less. Use promo codeJUMPINnow to lock in a full year of Pro for 50% off.Get Pro now*50% Off offer valid from August 14, 2026 at 12:00:00 am Eastern Time ("ET") and ends at 11:59:59 pm ET on August 17, 2026. Discount is only applicable to new annual subscription plans (excluding Codecademy Plus, Student, Teams, and All Access), and cannot be combined with any other offer. Discount applies to the first year of a new subscription, after which the subscription will auto-renew for subsequent years at the regular price. Code valid one time only. Discount applies to certain products and not all products are available in all countries. Discount is not applicable to taxes. Codecademy reserves the right to modify or cancel this promotion at any time without notice. Any subscription plan purchases are subject to Codecademy\'sTerms of Service.View Web Version|Email Preferences|Unsubscribe|Privacy PolicyView Web VersionEmail PreferencesUnsubscribePrivacy PolicyCopyright Codecademy. All rights reserved.300 Innovative Way, Suite 2210, Nashua, NH 03062', '', '', '', "OFFER ENDS SOON50% offThe clock's running — don’t miss your chance to learn for less. Use promo codeJUMPINnow to lock in a full year of Pro for 50% off.Get Pro now", "OFFER ENDS SOON50% offThe clock's running — don’t miss your chance to learn for less. Use promo codeJUMPINnow to lock in a full year of Pro for 50% off.Get Pro now", 'OFFER ENDS SOON', '50% off', "The clock's running — don’t miss your chance to learn for less. Use promo codeJUMPINnow to lock in a full year of Pro for 50% off.", 'Get Pro now', '', '*50% Off offer valid from August 14, 2026 at 12:00:00 am Eastern Time ("ET") and ends at 11:59:59 pm ET on August 17, 2026. Discount is only applicable to new annual subscription plans (excluding Codecademy Plus, Student, Teams, and All Access), and cannot be combined with any other offer. Discount applies to the first year of a new subscription, after which the subscription will auto-renew for subsequent years at the regular price. Code valid one time only. Discount applies to certain products and not all products are available in all countries. Discount is not applicable to taxes. Codecademy reserves the right to modify or cancel this promotion at any time without notice. Any subscription plan purchases are subject to Codecademy\'sTerms of Service.', '*50% Off offer valid from August 14, 2026 at 12:00:00 am Eastern Time ("ET") and ends at 11:59:59 pm ET on August 17, 2026. Discount is only applicable to new annual subscription plans (excluding Codecademy Plus, Student, Teams, and All Access), and cannot be combined with any other offer. Discount applies to the first year of a new subscription, after which the subscription will auto-renew for subsequent years at the regular price. Code valid one time only. Discount applies to certain products and not all products are available in all countries. Discount is not applicable to taxes. Codecademy reserves the right to modify or cancel this promotion at any time without notice. Any subscription plan purchases are subject to Codecademy\'sTerms of Service.', '*50% Off offer valid from August 14, 2026 at 12:00:00 am Eastern Time ("ET") and ends at 11:59:59 pm ET on August 17, 2026. Discount is only applicable to new annual subscription plans (excluding Codecademy Plus, Student, Teams, and All Access), and cannot be combined with any other offer. Discount applies to the first year of a new subscription, after which the subscription will auto-renew for subsequent years at the regular price. Code valid one time only. Discount applies to certain products and not all products are available in all countries. Discount is not applicable to taxes. Codecademy reserves the right to modify or cancel this promotion at any time without notice. Any subscription plan purchases are subject to Codecademy\'sTerms of Service.', 'View Web Version|Email Preferences|Unsubscribe|Privacy PolicyView Web VersionEmail PreferencesUnsubscribePrivacy PolicyCopyright Codecademy. All rights reserved.300 Innovative Way, Suite 2210, Nashua, NH 03062', 'View Web Version|Email Preferences|Unsubscribe|Privacy PolicyView Web VersionEmail PreferencesUnsubscribePrivacy PolicyCopyright Codecademy. All rights reserved.300 Innovative Way, Suite 2210, Nashua, NH 03062', 'View Web Version|Email Preferences|Unsubscribe|Privacy Policy', 'View Web Version|Email Preferences|Unsubscribe|Privacy Policy', 'View Web VersionEmail PreferencesUnsubscribePrivacy Policy', 'View Web VersionEmail PreferencesUnsubscribePrivacy Policy', 'Copyright Codecademy. All rights reserved.300 Innovative Way, Suite 2210, Nashua, NH 03062']
[2026-08-18 10:24:20] QQ-主 邮件 6703 无有效信号
[2026-08-18 10:24:20]  QQ-主 正在解析因子: =?utf-8?b?QWxwaGFQaWxvdCDlrp7ml7bkv6Hlj7cgKGFscGhhX3NpZ25hbF90aHJfMjAyNjA4MThfMDkzNi5qc29uKSBb5Li7UVEt5a+55aSWXQ==?=
[2026-08-18 10:24:20]  发现表格，共 14 行数据
[2026-08-18 10:24:20]  动态索引映射: ['股票代码', '股票名称', '信号', '当前价格', '量比', '来源过滤']
[2026-08-18 10:24:20]  [行1] 解析成功: SHSE.605111 [新洁能] BUY @ 62.74 (VR:0.53)
[2026-08-18 10:24:20]  [行2] 解析成功: SHSE.600460 [士兰微] SELL @ 34.25 (VR:1.34)
[2026-08-18 10:24:20]  [行3] 解析成功: SZSE.002552 [宝鼎科技] BUY @ 61.53 (VR:0.51)
[2026-08-18 10:24:20]  [行4] 解析成功: SZSE.003031 [中瓷电子] BUY @ 147.87 (VR:2.7)
[2026-08-18 10:24:20]  [行5] 解析成功: SZSE.000920 [沃顿科技] BUY @ 11.91 (VR:0.13)
[2026-08-18 10:24:20]  [行6] 解析成功: SZSE.000823 [超声电子] BUY @ 15.91 (VR:2.44)
[2026-08-18 10:24:20]  [行7] 解析成功: SZSE.300607 [拓斯达] BUY @ 37.27 (VR:1.0)
[2026-08-18 10:24:20]  [行8] 解析成功: SHSE.605111 [新洁能] BUY @ 63.0 (VR:1.36)
[2026-08-18 10:24:20]  [行9] 解析成功: SHSE.600460 [士兰微] SELL @ 34.17 (VR:1.87)
[2026-08-18 10:24:20]  [行10] 解析成功: SZSE.002552 [宝鼎科技] BUY @ 61.84 (VR:1.69)
[2026-08-18 10:24:20]  [行11] 解析成功: SZSE.003031 [中瓷电子] BUY @ 149.83 (VR:4.15)
[2026-08-18 10:24:20]  [行12] 解析成功: SZSE.000920 [沃顿科技] BUY @ 11.92 (VR:0.43)
[2026-08-18 10:24:20]  [行13] 解析成功: SZSE.000823 [超声电子] BUY @ 15.98 (VR:2.85)
[2026-08-18 10:24:20]  [行14] 解析成功: SZSE.300607 [拓斯达] BUY @ 37.35 (VR:0.22)
[2026-08-18 10:24:20] 成功保存 14 条因子至: signal_batch_20260818_102420_985766.txt
[2026-08-18 10:24:21]  QQ-主 邮件 6704 处理完成
[2026-08-18 10:24:21]  QQ-主 正在解析因子: =?utf-8?b?QWxwaGFQaWxvdCDlrp7ml7bkv6Hlj7cgKGFscGhhX3NpZ25hbF90aHJfMjAyNjA4MThfMDkzNi5qc29uKSBb5Li7UVEt5a+55aSWXQ==?=
[2026-08-18 10:24:21]  发现表格，共 14 行数据
[2026-08-18 10:24:21]  动态索引映射: ['股票代码', '股票名称', '信号', '当前价格', '量比', '来源过滤']
[2026-08-18 10:24:21]  [行1] 解析成功: SHSE.605111 [新洁能] BUY @ 62.74 (VR:0.53)
[2026-08-18 10:24:21]  [行2] 解析成功: SHSE.600460 [士兰微] SELL @ 34.25 (VR:1.34)
[2026-08-18 10:24:21]  [行3] 解析成功: SZSE.002552 [宝鼎科技] BUY @ 61.53 (VR:0.51)
[2026-08-18 10:24:21]  [行4] 解析成功: SZSE.003031 [中瓷电子] BUY @ 147.87 (VR:2.7)
[2026-08-18 10:24:21]  [行5] 解析成功: SZSE.000920 [沃顿科技] BUY @ 11.91 (VR:0.13)
[2026-08-18 10:24:21]  [行6] 解析成功: SZSE.000823 [超声电子] BUY @ 15.91 (VR:2.44)
[2026-08-18 10:24:21]  [行7] 解析成功: SZSE.300607 [拓斯达] BUY @ 37.27 (VR:1.0)
[2026-08-18 10:24:21]  [行8] 解析成功: SHSE.605111 [新洁能] BUY @ 63.0 (VR:1.36)
[2026-08-18 10:24:21]  [行9] 解析成功: SHSE.600460 [士兰微] SELL @ 34.17 (VR:1.87)
[2026-08-18 10:24:21]  [行10] 解析成功: SZSE.002552 [宝鼎科技] BUY @ 61.84 (VR:1.69)
[2026-08-18 10:24:21]  [行11] 解析成功: SZSE.003031 [中瓷电子] BUY @ 149.83 (VR:4.15)
[2026-08-18 10:24:21]  [行12] 解析成功: SZSE.000920 [沃顿科技] BUY @ 11.92 (VR:0.43)
[2026-08-18 10:24:21]  [行13] 解析成功: SZSE.000823 [超声电子] BUY @ 15.98 (VR:2.85)
[2026-08-18 10:24:21]  [行14] 解析成功: SZSE.300607 [拓斯达] BUY @ 37.35 (VR:0.22)
[2026-08-18 10:24:21] 成功保存 14 条因子至: signal_batch_20260818_102421_422939.txt
[2026-08-18 10:24:21]  QQ-主 邮件 6705 处理完成
[2026-08-18 10:24:21]  QQ-主 本轮共成功处理 2 封有效信号邮件
[2026-08-18 10:24:21]  正在连接 QQ-备用 邮箱服务器 (shouqianbadavid@qq.com) ...
[2026-08-18 10:24:23]  QQ-备用 正在解析因子: =?utf-8?b?QWxwaGFQaWxvdCDlpIfku73kv6Hlj7cgKGFscGhhX3NpZ25hbF90aHJfMjAyNjA4MThfMDkzNi5qc29uKSBb5aSHUVEt6Ieq5L+dXQ==?=
[2026-08-18 10:24:23]  发现表格，共 14 行数据
[2026-08-18 10:24:23]  动态索引映射: ['股票代码', '股票名称', '信号', '当前价格', '量比', '来源过滤']
[2026-08-18 10:24:23]  [行1] 解析成功: SHSE.605111 [新洁能] BUY @ 62.74 (VR:0.53)
[2026-08-18 10:24:23]  [行2] 解析成功: SHSE.600460 [士兰微] SELL @ 34.25 (VR:1.34)
[2026-08-18 10:24:23]  [行3] 解析成功: SZSE.002552 [宝鼎科技] BUY @ 61.53 (VR:0.51)
[2026-08-18 10:24:23]  [行4] 解析成功: SZSE.003031 [中瓷电子] BUY @ 147.87 (VR:2.7)
[2026-08-18 10:24:23]  [行5] 解析成功: SZSE.000920 [沃顿科技] BUY @ 11.91 (VR:0.13)
[2026-08-18 10:24:23]  [行6] 解析成功: SZSE.000823 [超声电子] BUY @ 15.91 (VR:2.44)
[2026-08-18 10:24:23]  [行7] 解析成功: SZSE.300607 [拓斯达] BUY @ 37.27 (VR:1.0)
[2026-08-18 10:24:23]  [行8] 解析成功: SHSE.605111 [新洁能] BUY @ 63.0 (VR:1.36)
[2026-08-18 10:24:23]  [行9] 解析成功: SHSE.600460 [士兰微] SELL @ 34.17 (VR:1.87)
[2026-08-18 10:24:23]  [行10] 解析成功: SZSE.002552 [宝鼎科技] BUY @ 61.84 (VR:1.69)
[2026-08-18 10:24:23]  [行11] 解析成功: SZSE.003031 [中瓷电子] BUY @ 149.83 (VR:4.15)
[2026-08-18 10:24:23]  [行12] 解析成功: SZSE.000920 [沃顿科技] BUY @ 11.92 (VR:0.43)
[2026-08-18 10:24:23]  [行13] 解析成功: SZSE.000823 [超声电子] BUY @ 15.98 (VR:2.85)
[2026-08-18 10:24:23]  [行14] 解析成功: SZSE.300607 [拓斯达] BUY @ 37.35 (VR:0.22)
[2026-08-18 10:24:23] 成功保存 14 条因子至: signal_batch_20260818_102423_292444.txt
[2026-08-18 10:24:23]  QQ-备用 邮件 4333 处理完成
[2026-08-18 10:24:23]  QQ-备用 本轮共成功处理 1 封有效信号邮件
[2026-08-18 10:24:58]  正在连接 QQ-主 邮箱服务器 (497720537@qq.com) ...
[2026-08-18 10:24:59]  正在连接 QQ-备用 邮箱服务器 (shouqianbadavid@qq.com) ...
[2026-08-18 10:25:35]  正在连接 QQ-主 邮箱服务器 (497720537@qq.com) ...
[2026-08-18 10:25:36]  正在连接 QQ-备用 邮箱服务器 (shouqianbadavid@qq.com) ...
[2026-08-18 10:26:12]  正在连接 QQ-主 邮箱服务器 (497720537@qq.com) ...
[2026-08-18 10:26:14]  正在连接 QQ-备用 邮箱服务器 (shouqianbadavid@qq.com) ...
[2026-08-18 10:26:50]  正在连接 QQ-主 邮箱服务器 (497720537@qq.com) ...
[2026-08-18 10:26:51]  正在连接 QQ-备用 邮箱服务器 (shouqianbadavid@qq.com) ...
[2026-08-18 10:27:28]  正在连接 QQ-主 邮箱服务器 (497720537@qq.com) ...
[2026-08-18 10:27:29]  正在连接 QQ-备用 邮箱服务器 (shouqianbadavid@qq.com) ...
[2026-08-18 10:28:05]  正在连接 QQ-主 邮箱服务器 (497720537@qq.com) ...
[2026-08-18 10:28:06]  正在连接 QQ-备用 邮箱服务器 (shouqianbadavid@qq.com) ...
[2026-08-18 10:28:42]  正在连接 QQ-主 邮箱服务器 (497720537@qq.com) ...
[2026-08-18 10:28:43]  正在连接 QQ-备用 邮箱服务器 (shouqianbadavid@qq.com) ...
[2026-08-18 10:29:19]  正在连接 QQ-主 邮箱服务器 (497720537@qq.com) ...
[2026-08-18 10:29:20]  正在连接 QQ-备用 邮箱服务器 (shouqianbadavid@qq.com) ...
[2026-08-18 10:29:56]  正在连接 QQ-主 邮箱服务器 (497720537@qq.com) ...
[2026-08-18 10:29:57]  正在连接 QQ-备用 邮箱服务器 (shouqianbadavid@qq.com) ...
[2026-08-18 10:30:33]  正在连接 QQ-主 邮箱服务器 (497720537@qq.com) ...
[2026-08-18 10:30:35]  正在连接 QQ-备用 邮箱服务器 (shouqianbadavid@qq.com) ...
[2026-08-18 10:31:11]  正在连接 QQ-主 邮箱服务器 (497720537@qq.com) ...
[2026-08-18 10:31:12]  正在连接 QQ-备用 邮箱服务器 (shouqianbadavid@qq.com) ...
[2026-08-18 10:31:47]  正在连接 QQ-主 邮箱服务器 (497720537@qq.com) ...
[2026-08-18 10:31:48]  正在连接 QQ-备用 邮箱服务器 (shouqianbadavid@qq.com) ...
[2026-08-18 10:32:24]  正在连接 QQ-主 邮箱服务器 (497720537@qq.com) ...
[2026-08-18 10:32:25]  正在连接 QQ-备用 邮箱服务器 (shouqianbadavid@qq.com) ...
[2026-08-18 10:33:01]  正在连接 QQ-主 邮箱服务器 (497720537@qq.com) ...
[2026-08-18 10:33:01]  正在连接 QQ-备用 邮箱服务器 (shouqianbadavid@qq.com) ...
[2026-08-18 10:33:37]  正在连接 QQ-主 邮箱服务器 (497720537@qq.com) ...
[2026-08-18 10:33:38]  正在连接 QQ-备用 邮箱服务器 (shouqianbadavid@qq.com) ...
[2026-08-18 10:34:13]  正在连接 QQ-主 邮箱服务器 (497720537@qq.com) ...
[2026-08-18 10:34:14]  正在连接 QQ-备用 邮箱服务器 (shouqianbadavid@qq.com) ...
[2026-08-18 10:34:50]  正在连接 QQ-主 邮箱服务器 (497720537@qq.com) ...
[2026-08-18 10:34:51]  正在连接 QQ-备用 邮箱服务器 (shouqianbadavid@qq.com) ...
[2026-08-18 10:35:27]  正在连接 QQ-主 邮箱服务器 (497720537@qq.com) ...
[2026-08-18 10:35:28]  正在连接 QQ-备用 邮箱服务器 (shouqianbadavid@qq.com) ...
[2026-08-18 10:36:04]  正在连接 QQ-主 邮箱服务器 (497720537@qq.com) ...
[2026-08-18 10:36:04]  正在连接 QQ-备用 邮箱服务器 (shouqianbadavid@qq.com) ...
[2026-08-18 10:36:40]  正在连接 QQ-主 邮箱服务器 (497720537@qq.com) ...
[2026-08-18 10:36:41]  正在连接 QQ-备用 邮箱服务器 (shouqianbadavid@qq.com) ...
[2026-08-18 10:37:16]  正在连接 QQ-主 邮箱服务器 (497720537@qq.com) ...
[2026-08-18 10:37:17]  正在连接 QQ-备用 邮箱服务器 (shouqianbadavid@qq.com) ...
[2026-08-18 10:37:53]  正在连接 QQ-主 邮箱服务器 (497720537@qq.com) ...
[2026-08-18 10:37:54]  正在连接 QQ-备用 邮箱服务器 (shouqianbadavid@qq.com) ...
[2026-08-18 10:38:30]  正在连接 QQ-主 邮箱服务器 (497720537@qq.com) ...
[2026-08-18 10:38:31]  正在连接 QQ-备用 邮箱服务器 (shouqianbadavid@qq.com) ...
[2026-08-18 10:39:07]  正在连接 QQ-主 邮箱服务器 (497720537@qq.com) ...
[2026-08-18 10:39:08]  正在连接 QQ-备用 邮箱服务器 (shouqianbadavid@qq.com) ...
[2026-08-18 10:39:44]  正在连接 QQ-主 邮箱服务器 (497720537@qq.com) ...
[2026-08-18 10:39:44]  正在连接 QQ-备用 邮箱服务器 (shouqianbadavid@qq.com) ...
[2026-08-18 10:40:20]  正在连接 QQ-主 邮箱服务器 (497720537@qq.com) ...
[2026-08-18 10:40:21]  正在连接 QQ-备用 邮箱服务器 (shouqianbadavid@qq.com) ...
[2026-08-18 10:40:57]  正在连接 QQ-主 邮箱服务器 (497720537@qq.com) ...
[2026-08-18 10:40:57]  正在连接 QQ-备用 邮箱服务器 (shouqianbadavid@qq.com) ...
[2026-08-18 10:41:33]  正在连接 QQ-主 邮箱服务器 (497720537@qq.com) ...
[2026-08-18 10:41:34]  正在连接 QQ-备用 邮箱服务器 (shouqianbadavid@qq.com) ...
[2026-08-18 10:42:09]  正在连接 QQ-主 邮箱服务器 (497720537@qq.com) ...
[2026-08-18 10:42:10]  正在连接 QQ-备用 邮箱服务器 (shouqianbadavid@qq.com) ...
[2026-08-18 10:42:46]  正在连接 QQ-主 邮箱服务器 (497720537@qq.com) ...
[2026-08-18 10:42:46]  正在连接 QQ-备用 邮箱服务器 (shouqianbadavid@qq.com) ...
[2026-08-18 10:43:22]  正在连接 QQ-主 邮箱服务器 (497720537@qq.com) ...
[2026-08-18 10:43:23]  正在连接 QQ-备用 邮箱服务器 (shouqianbadavid@qq.com) ...
[2026-08-18 10:43:59]  正在连接 QQ-主 邮箱服务器 (497720537@qq.com) ...
[2026-08-18 10:43:59]  正在连接 QQ-备用 邮箱服务器 (shouqianbadavid@qq.com) ...
[2026-08-18 10:44:35]  正在连接 QQ-主 邮箱服务器 (497720537@qq.com) ...
[2026-08-18 10:44:36]  正在连接 QQ-备用 邮箱服务器 (shouqianbadavid@qq.com) ...
[2026-08-18 10:45:12]  正在连接 QQ-主 邮箱服务器 (497720537@qq.com) ...
[2026-08-18 10:45:13]  正在连接 QQ-备用 邮箱服务器 (shouqianbadavid@qq.com) ...
[2026-08-18 10:45:49]  正在连接 QQ-主 邮箱服务器 (497720537@qq.com) ...
[2026-08-18 10:45:49]  正在连接 QQ-备用 邮箱服务器 (shouqianbadavid@qq.com) ...
[2026-08-18 10:46:25]  正在连接 QQ-主 邮箱服务器 (497720537@qq.com) ...
[2026-08-18 10:46:26]  正在连接 QQ-备用 邮箱服务器 (shouqianbadavid@qq.com) ...
[2026-08-18 10:47:02]  正在连接 QQ-主 邮箱服务器 (497720537@qq.com) ...
[2026-08-18 10:47:03]  正在连接 QQ-备用 邮箱服务器 (shouqianbadavid@qq.com) ...
[2026-08-18 10:47:39]  正在连接 QQ-主 邮箱服务器 (497720537@qq.com) ...
[2026-08-18 10:47:39]  正在连接 QQ-备用 邮箱服务器 (shouqianbadavid@qq.com) ...
[2026-08-18 10:48:15]  正在连接 QQ-主 邮箱服务器 (497720537@qq.com) ...
[2026-08-18 10:48:16]  正在连接 QQ-备用 邮箱服务器 (shouqianbadavid@qq.com) ...
[2026-08-18 10:48:51]  正在连接 QQ-主 邮箱服务器 (497720537@qq.com) ...
[2026-08-18 10:48:52]  正在连接 QQ-备用 邮箱服务器 (shouqianbadavid@qq.com) ...
[2026-08-18 10:49:28]  正在连接 QQ-主 邮箱服务器 (497720537@qq.com) ...
[2026-08-18 10:49:29]  正在连接 QQ-备用 邮箱服务器 (shouqianbadavid@qq.com) ...
[2026-08-18 10:50:04]  正在连接 QQ-主 邮箱服务器 (497720537@qq.com) ...
[2026-08-18 10:50:05]  正在连接 QQ-备用 邮箱服务器 (shouqianbadavid@qq.com) ...
[2026-08-18 10:50:41]  正在连接 QQ-主 邮箱服务器 (497720537@qq.com) ...
[2026-08-18 10:50:41]  正在连接 QQ-备用 邮箱服务器 (shouqianbadavid@qq.com) ...
[2026-08-18 10:51:17]  正在连接 QQ-主 邮箱服务器 (497720537@qq.com) ...
[2026-08-18 10:51:18]  正在连接 QQ-备用 邮箱服务器 (shouqianbadavid@qq.com) ...
[2026-08-18 10:51:54]  正在连接 QQ-主 邮箱服务器 (497720537@qq.com) ...
[2026-08-18 10:51:55]  正在连接 QQ-备用 邮箱服务器 (shouqianbadavid@qq.com) ...
[2026-08-18 10:52:31]  正在连接 QQ-主 邮箱服务器 (497720537@qq.com) ...
[2026-08-18 10:52:32]  正在连接 QQ-备用 邮箱服务器 (shouqianbadavid@qq.com) ...
[2026-08-18 10:53:07]  正在连接 QQ-主 邮箱服务器 (497720537@qq.com) ...
[2026-08-18 10:53:08]  正在连接 QQ-备用 邮箱服务器 (shouqianbadavid@qq.com) ...
[2026-08-18 10:53:44]  正在连接 QQ-主 邮箱服务器 (497720537@qq.com) ...
[2026-08-18 10:53:45]  正在连接 QQ-备用 邮箱服务器 (shouqianbadavid@qq.com) ...
[2026-08-18 10:54:21]  正在连接 QQ-主 邮箱服务器 (497720537@qq.com) ...
[2026-08-18 10:54:21]  正在连接 QQ-备用 邮箱服务器 (shouqianbadavid@qq.com) ...
[2026-08-18 10:54:57]  正在连接 QQ-主 邮箱服务器 (497720537@qq.com) ...
[2026-08-18 10:54:58]  正在连接 QQ-备用 邮箱服务器 (shouqianbadavid@qq.com) ...
[2026-08-18 10:55:34]  正在连接 QQ-主 邮箱服务器 (497720537@qq.com) ...
[2026-08-18 10:55:34]  正在连接 QQ-备用 邮箱服务器 (shouqianbadavid@qq.com) ...
[2026-08-18 10:56:10]  正在连接 QQ-主 邮箱服务器 (497720537@qq.com) ...
[2026-08-18 10:56:11]  正在连接 QQ-备用 邮箱服务器 (shouqianbadavid@qq.com) ...
[2026-08-18 10:56:47]  正在连接 QQ-主 邮箱服务器 (497720537@qq.com) ...
[2026-08-18 10:56:47]  正在连接 QQ-备用 邮箱服务器 (shouqianbadavid@qq.com) ...
[2026-08-18 10:57:23]  正在连接 QQ-主 邮箱服务器 (497720537@qq.com) ...
[2026-08-18 10:57:24]  正在连接 QQ-备用 邮箱服务器 (shouqianbadavid@qq.com) ...
[2026-08-18 10:58:00]  正在连接 QQ-主 邮箱服务器 (497720537@qq.com) ...
[2026-08-18 10:58:00]  正在连接 QQ-备用 邮箱服务器 (shouqianbadavid@qq.com) ...
[2026-08-18 10:58:36]  正在连接 QQ-主 邮箱服务器 (497720537@qq.com) ...
[2026-08-18 10:58:37]  正在连接 QQ-备用 邮箱服务器 (shouqianbadavid@qq.com) ...
[2026-08-18 10:59:13]  正在连接 QQ-主 邮箱服务器 (497720537@qq.com) ...
[2026-08-18 10:59:14]  正在连接 QQ-备用 邮箱服务器 (shouqianbadavid@qq.com) ...
[2026-08-18 10:59:50]  正在连接 QQ-主 邮箱服务器 (497720537@qq.com) ...
[2026-08-18 10:59:50]  正在连接 QQ-备用 邮箱服务器 (shouqianbadavid@qq.com) ...
[2026-08-18 11:00:26]  正在连接 QQ-主 邮箱服务器 (497720537@qq.com) ...
[2026-08-18 11:00:27]  正在连接 QQ-备用 邮箱服务器 (shouqianbadavid@qq.com) ...
[2026-08-18 11:01:03]  正在连接 QQ-主 邮箱服务器 (497720537@qq.com) ...
[2026-08-18 11:01:04]  正在连接 QQ-备用 邮箱服务器 (shouqianbadavid@qq.com) ...
[2026-08-18 11:01:39]  正在连接 QQ-主 邮箱服务器 (497720537@qq.com) ...
[2026-08-18 11:01:40]  正在连接 QQ-备用 邮箱服务器 (shouqianbadavid@qq.com) ...
[2026-08-18 11:02:16]  正在连接 QQ-主 邮箱服务器 (497720537@qq.com) ...
[2026-08-18 11:02:17]  正在连接 QQ-备用 邮箱服务器 (shouqianbadavid@qq.com) ...
[2026-08-18 11:02:52]  正在连接 QQ-主 邮箱服务器 (497720537@qq.com) ...
[2026-08-18 11:02:53]  正在连接 QQ-备用 邮箱服务器 (shouqianbadavid@qq.com) ...
[2026-08-18 11:03:29]  正在连接 QQ-主 邮箱服务器 (497720537@qq.com) ...
[2026-08-18 11:03:29]  正在连接 QQ-备用 邮箱服务器 (shouqianbadavid@qq.com) ...
[2026-08-18 11:04:05]  正在连接 QQ-主 邮箱服务器 (497720537@qq.com) ...
[2026-08-18 11:04:06]  正在连接 QQ-备用 邮箱服务器 (shouqianbadavid@qq.com) ...
[2026-08-18 11:04:42]  正在连接 QQ-主 邮箱服务器 (497720537@qq.com) ...
[2026-08-18 11:04:42]  正在连接 QQ-备用 邮箱服务器 (shouqianbadavid@qq.com) ...
[2026-08-18 11:05:18]  正在连接 QQ-主 邮箱服务器 (497720537@qq.com) ...
[2026-08-18 11:05:19]  正在连接 QQ-备用 邮箱服务器 (shouqianbadavid@qq.com) ...
[2026-08-18 11:05:55]  正在连接 QQ-主 邮箱服务器 (497720537@qq.com) ...
[2026-08-18 11:05:57]  正在连接 QQ-备用 邮箱服务器 (shouqianbadavid@qq.com) ...
[2026-08-18 11:06:33]  正在连接 QQ-主 邮箱服务器 (497720537@qq.com) ...
[2026-08-18 11:06:33]  正在连接 QQ-备用 邮箱服务器 (shouqianbadavid@qq.com) ...
[2026-08-18 11:07:09]  正在连接 QQ-主 邮箱服务器 (497720537@qq.com) ...
[2026-08-18 11:07:10]  正在连接 QQ-备用 邮箱服务器 (shouqianbadavid@qq.com) ...
[2026-08-18 11:07:47]  正在连接 QQ-主 邮箱服务器 (497720537@qq.com) ...
[2026-08-18 11:07:47]  正在连接 QQ-备用 邮箱服务器 (shouqianbadavid@qq.com) ...
[2026-08-18 11:08:23]  正在连接 QQ-主 邮箱服务器 (497720537@qq.com) ...
[2026-08-18 11:08:24]  正在连接 QQ-备用 邮箱服务器 (shouqianbadavid@qq.com) ...
[2026-08-18 11:09:00]  正在连接 QQ-主 邮箱服务器 (497720537@qq.com) ...
[2026-08-18 11:09:00]  正在连接 QQ-备用 邮箱服务器 (shouqianbadavid@qq.com) ...
[2026-08-18 11:09:36]  正在连接 QQ-主 邮箱服务器 (497720537@qq.com) ...
[2026-08-18 11:09:37]  正在连接 QQ-备用 邮箱服务器 (shouqianbadavid@qq.com) ...
[2026-08-18 11:10:13]  正在连接 QQ-主 邮箱服务器 (497720537@qq.com) ...
[2026-08-18 11:10:14]  正在连接 QQ-备用 邮箱服务器 (shouqianbadavid@qq.com) ...
[2026-08-18 11:10:50]  正在连接 QQ-主 邮箱服务器 (497720537@qq.com) ...
[2026-08-18 11:10:51]  正在连接 QQ-备用 邮箱服务器 (shouqianbadavid@qq.com) ...
[2026-08-18 11:11:27]  正在连接 QQ-主 邮箱服务器 (497720537@qq.com) ...
[2026-08-18 11:11:27]  正在连接 QQ-备用 邮箱服务器 (shouqianbadavid@qq.com) ...
[2026-08-18 11:12:03]  正在连接 QQ-主 邮箱服务器 (497720537@qq.com) ...
[2026-08-18 11:12:04]  正在连接 QQ-备用 邮箱服务器 (shouqianbadavid@qq.com) ...
[2026-08-18 11:12:40]  正在连接 QQ-主 邮箱服务器 (497720537@qq.com) ...
[2026-08-18 11:12:41]  正在连接 QQ-备用 邮箱服务器 (shouqianbadavid@qq.com) ...
[2026-08-18 11:13:17]  正在连接 QQ-主 邮箱服务器 (497720537@qq.com) ...
[2026-08-18 11:13:18]  正在连接 QQ-备用 邮箱服务器 (shouqianbadavid@qq.com) ...
[2026-08-18 11:13:54]  正在连接 QQ-主 邮箱服务器 (497720537@qq.com) ...
[2026-08-18 11:13:55]  正在连接 QQ-备用 邮箱服务器 (shouqianbadavid@qq.com) ...
[2026-08-18 11:14:30]  正在连接 QQ-主 邮箱服务器 (497720537@qq.com) ...
[2026-08-18 11:14:31]  正在连接 QQ-备用 邮箱服务器 (shouqianbadavid@qq.com) ...
[2026-08-18 11:15:07]  正在连接 QQ-主 邮箱服务器 (497720537@qq.com) ...
[2026-08-18 11:15:08]  正在连接 QQ-备用 邮箱服务器 (shouqianbadavid@qq.com) ...
[2026-08-18 11:15:43]  正在连接 QQ-主 邮箱服务器 (497720537@qq.com) ...
[2026-08-18 11:15:44]  正在连接 QQ-备用 邮箱服务器 (shouqianbadavid@qq.com) ...
[2026-08-18 11:16:20]  正在连接 QQ-主 邮箱服务器 (497720537@qq.com) ...
[2026-08-18 11:16:20]  正在连接 QQ-备用 邮箱服务器 (shouqianbadavid@qq.com) ...
[2026-08-18 11:16:56]  正在连接 QQ-主 邮箱服务器 (497720537@qq.com) ...
[2026-08-18 11:16:57]  正在连接 QQ-备用 邮箱服务器 (shouqianbadavid@qq.com) ...
[2026-08-18 11:17:33]  正在连接 QQ-主 邮箱服务器 (497720537@qq.com) ...
[2026-08-18 11:17:34]  正在连接 QQ-备用 邮箱服务器 (shouqianbadavid@qq.com) ...
[2026-08-18 11:18:10]  正在连接 QQ-主 邮箱服务器 (497720537@qq.com) ...
[2026-08-18 11:18:10]  正在连接 QQ-备用 邮箱服务器 (shouqianbadavid@qq.com) ...
[2026-08-18 11:18:46]  正在连接 QQ-主 邮箱服务器 (497720537@qq.com) ...
[2026-08-18 11:18:47]  正在连接 QQ-备用 邮箱服务器 (shouqianbadavid@qq.com) ...
[2026-08-18 11:19:23]  正在连接 QQ-主 邮箱服务器 (497720537@qq.com) ...
[2026-08-18 11:19:24]  正在连接 QQ-备用 邮箱服务器 (shouqianbadavid@qq.com) ...
[2026-08-18 11:19:59]  正在连接 QQ-主 邮箱服务器 (497720537@qq.com) ...
[2026-08-18 11:20:00]  正在连接 QQ-备用 邮箱服务器 (shouqianbadavid@qq.com) ...
[2026-08-18 11:20:36]  正在连接 QQ-主 邮箱服务器 (497720537@qq.com) ...
[2026-08-18 11:20:37]  正在连接 QQ-备用 邮箱服务器 (shouqianbadavid@qq.com) ...
[2026-08-18 11:21:12]  正在连接 QQ-主 邮箱服务器 (497720537@qq.com) ...
[2026-08-18 11:21:13]  正在连接 QQ-备用 邮箱服务器 (shouqianbadavid@qq.com) ...
[2026-08-18 11:21:49]  正在连接 QQ-主 邮箱服务器 (497720537@qq.com) ...
[2026-08-18 11:21:49]  正在连接 QQ-备用 邮箱服务器 (shouqianbadavid@qq.com) ...
[2026-08-18 11:22:25]  正在连接 QQ-主 邮箱服务器 (497720537@qq.com) ...
[2026-08-18 11:22:26]  正在连接 QQ-备用 邮箱服务器 (shouqianbadavid@qq.com) ...
[2026-08-18 11:23:01]  正在连接 QQ-主 邮箱服务器 (497720537@qq.com) ...
[2026-08-18 11:23:02]  正在连接 QQ-备用 邮箱服务器 (shouqianbadavid@qq.com) ...
[2026-08-18 11:23:38]  正在连接 QQ-主 邮箱服务器 (497720537@qq.com) ...
[2026-08-18 11:23:39]  正在连接 QQ-备用 邮箱服务器 (shouqianbadavid@qq.com) ...
[2026-08-18 11:24:14]  正在连接 QQ-主 邮箱服务器 (497720537@qq.com) ...
[2026-08-18 11:24:15]  正在连接 QQ-备用 邮箱服务器 (shouqianbadavid@qq.com) ...
[2026-08-18 11:24:52]  正在连接 QQ-主 邮箱服务器 (497720537@qq.com) ...
[2026-08-18 11:24:52]  正在连接 QQ-备用 邮箱服务器 (shouqianbadavid@qq.com) ...
[2026-08-18 11:25:28]  正在连接 QQ-主 邮箱服务器 (497720537@qq.com) ...
[2026-08-18 11:25:29]  正在连接 QQ-备用 邮箱服务器 (shouqianbadavid@qq.com) ...
[2026-08-18 11:26:05]  正在连接 QQ-主 邮箱服务器 (497720537@qq.com) ...
[2026-08-18 11:26:06]  正在连接 QQ-备用 邮箱服务器 (shouqianbadavid@qq.com) ...
[2026-08-18 11:26:41]  正在连接 QQ-主 邮箱服务器 (497720537@qq.com) ...
[2026-08-18 11:26:42]  正在连接 QQ-备用 邮箱服务器 (shouqianbadavid@qq.com) ...
[2026-08-18 11:27:18]  正在连接 QQ-主 邮箱服务器 (497720537@qq.com) ...
[2026-08-18 11:27:19]  正在连接 QQ-备用 邮箱服务器 (shouqianbadavid@qq.com) ...
[2026-08-18 11:27:55]  正在连接 QQ-主 邮箱服务器 (497720537@qq.com) ...
[2026-08-18 11:27:56]  正在连接 QQ-备用 邮箱服务器 (shouqianbadavid@qq.com) ...
[2026-08-18 11:28:32]  正在连接 QQ-主 邮箱服务器 (497720537@qq.com) ...
[2026-08-18 11:28:33]  正在连接 QQ-备用 邮箱服务器 (shouqianbadavid@qq.com) ...
[2026-08-18 11:29:09]  正在连接 QQ-主 邮箱服务器 (497720537@qq.com) ...
[2026-08-18 11:29:10]  正在连接 QQ-备用 邮箱服务器 (shouqianbadavid@qq.com) ...
[2026-08-18 11:29:46]  正在连接 QQ-主 邮箱服务器 (497720537@qq.com) ...
[2026-08-18 11:29:46]  正在连接 QQ-备用 邮箱服务器 (shouqianbadavid@qq.com) ...
[2026-08-18 11:30:22]  正在连接 QQ-主 邮箱服务器 (497720537@qq.com) ...
[2026-08-18 11:30:23]  正在连接 QQ-备用 邮箱服务器 (shouqianbadavid@qq.com) ...
[2026-08-18 11:30:59]  正在连接 QQ-主 邮箱服务器 (497720537@qq.com) ...
[2026-08-18 11:31:00]  正在连接 QQ-备用 邮箱服务器 (shouqianbadavid@qq.com) ...
[2026-08-18 11:31:36]  正在连接 QQ-主 邮箱服务器 (497720537@qq.com) ...
[2026-08-18 11:31:37]  正在连接 QQ-备用 邮箱服务器 (shouqianbadavid@qq.com) ...
[2026-08-18 11:32:13]  正在连接 QQ-主 邮箱服务器 (497720537@qq.com) ...
[2026-08-18 11:32:14]  正在连接 QQ-备用 邮箱服务器 (shouqianbadavid@qq.com) ...
[2026-08-18 11:32:49]  正在连接 QQ-主 邮箱服务器 (497720537@qq.com) ...
[2026-08-18 11:32:50]  正在连接 QQ-备用 邮箱服务器 (shouqianbadavid@qq.com) ...
[2026-08-18 11:33:26]  正在连接 QQ-主 邮箱服务器 (497720537@qq.com) ...
[2026-08-18 11:33:27]  正在连接 QQ-备用 邮箱服务器 (shouqianbadavid@qq.com) ...
[2026-08-18 11:34:02]  正在连接 QQ-主 邮箱服务器 (497720537@qq.com) ...
[2026-08-18 11:34:03]  正在连接 QQ-备用 邮箱服务器 (shouqianbadavid@qq.com) ...
[2026-08-18 11:34:39]  正在连接 QQ-主 邮箱服务器 (497720537@qq.com) ...
[2026-08-18 11:34:39]  正在连接 QQ-备用 邮箱服务器 (shouqianbadavid@qq.com) ...
[2026-08-18 11:35:15]  正在连接 QQ-主 邮箱服务器 (497720537@qq.com) ...
[2026-08-18 11:35:16]  正在连接 QQ-备用 邮箱服务器 (shouqianbadavid@qq.com) ...
[2026-08-18 11:35:52]  正在连接 QQ-主 邮箱服务器 (497720537@qq.com) ...
[2026-08-18 11:35:52]  正在连接 QQ-备用 邮箱服务器 (shouqianbadavid@qq.com) ...
[2026-08-18 11:36:28]  正在连接 QQ-主 邮箱服务器 (497720537@qq.com) ...
[2026-08-18 11:36:29]  正在连接 QQ-备用 邮箱服务器 (shouqianbadavid@qq.com) ...
[2026-08-18 11:37:05]  正在连接 QQ-主 邮箱服务器 (497720537@qq.com) ...
[2026-08-18 11:37:06]  正在连接 QQ-备用 邮箱服务器 (shouqianbadavid@qq.com) ...
[2026-08-18 11:37:41]  正在连接 QQ-主 邮箱服务器 (497720537@qq.com) ...
[2026-08-18 11:37:42]  正在连接 QQ-备用 邮箱服务器 (shouqianbadavid@qq.com) ...
[2026-08-18 11:38:18]  正在连接 QQ-主 邮箱服务器 (497720537@qq.com) ...
[2026-08-18 11:38:20]  正在连接 QQ-备用 邮箱服务器 (shouqianbadavid@qq.com) ...
[2026-08-18 11:38:56]  正在连接 QQ-主 邮箱服务器 (497720537@qq.com) ...
[2026-08-18 11:38:56]  正在连接 QQ-备用 邮箱服务器 (shouqianbadavid@qq.com) ...
[2026-08-18 11:39:32]  正在连接 QQ-主 邮箱服务器 (497720537@qq.com) ...
[2026-08-18 11:39:34]  正在连接 QQ-备用 邮箱服务器 (shouqianbadavid@qq.com) ...
