[2026-07-10 09:31:49]  AlphaPilot 监听服务 (Pro 多邮箱版) 启动...
[2026-07-10 09:31:49]  信号保存目录: D:\mpython\signals
[2026-07-10 09:31:49]  日志文件: D:\mpython\logs_receiver\receiver_20260710.log
[2026-07-10 09:31:49]  正在连接 QQ-主 邮箱服务器 (497720537@qq.com) ...
[2026-07-10 09:31:49]  QQ-主 正在解析因子: =?utf-8?b?QWxwaGFQaWxvdCDlrp7ml7bkv6Hlj7cgKGFscGhhX3NpZ25hbF90aHJfMjAyNjA3MDlfMTQ0NS5qc29uKSBb5Li7UVEt5a+55aSWXQ==?=
[2026-07-10 09:31:49]  发现表格，共 2 行数据
[2026-07-10 09:31:49]  动态索引映射: ['股票代码', '股票名称', '信号', '当前价格', '量比', '来源过滤']
[2026-07-10 09:31:49]  [行1] 解析成功: SZSE.003031 [中瓷电子] BUY @ 149.2 (VR:2.76)
[2026-07-10 09:31:49]  [行2] 解析成功: SZSE.003031 [中瓷电子] BUY @ 150.0 (VR:0.43)
[2026-07-10 09:31:50] 成功保存 2 条因子至: signal_batch_20260710_093150_047506.txt
[2026-07-10 09:31:50]  QQ-主 邮件 5312 处理完成
[2026-07-10 09:31:50]  QQ-主 正在解析因子: =?UTF-8?B?5L2g5pyJIDEzNSDmnaHlhbPkuo7mooHmjK/lvLrlkozlhbY=?=
 =?UTF-8?B?5LuW55So5oi355qE6YCa55+l?=
[2026-07-10 09:31:50]  发现表格，共 54 行数据
[2026-07-10 09:31:50]  表头映射失败，未找到指定列名。当前表头: ['David Liang，请查看有关梁振强和黃枫銘的未读消息和其他通知。\u200c\u2003 \u200c\u2003 \u200c\u2003 \u200c\u2003 \u200c\u2003 \u200c\u2003 \u200c\u2003 \u200c\u2003 \u200c\u2003 \u200c\u2003 \u200c\u2003 \u200c\u2003 \u200c\u2003 \u200c\u2003 \u200c\u2003 \u200c\u2003 \u200c\u2003 \u200c\u2003 \u200c\u2003 \u200c\u2003 \u200c\u2003 \u200c\u2003 \u200c\u2003 \u200c\u2003 \u200c\u2003 \u200c\u2003 \u200c\u2003 \u200c\u2003 \u200c\u2003 \u200c\u2003 \u200c\u2003 \u200c\u2003 \u200c\u2003 \u200c\u2003 \u200c\u2003 \u200c\u2003 \u200c\u2003 \u200c\u2003 \u200c\u2003 \u200c\u2003 \u200c\u2003 \u200c\u2003 \u200c\u2003 \u200c\u2003 \u200c\u2003 \u200c\u2003 \u200c\u2003 \u200c\u2003 \u200c\u2003 \u200c\u2003 \u200c\u2003 \u200c\u2003 \u200c\u2003 \u200c\u2003 \u200c\u2003 \u200c\u2003 \u200c\u2003 \u200c\u2003 \u200c\u2003 \u200c\u2003 \u200c\u2003 \u200c\u2003 \u200c\u2003 \u200c\u2003 \u200c\u2003 \u200c\u2003 \u200c\u2003 \u200c\u2003 \u200c\u2003 \u200c\u2003 \u200c\u2003 \u200c\u2003 \u200c\u2003 \u200c\u2003 \u200c\u2003 \u200c\u2003 \u200c\u2003 \u200c\u2003 \u200c\u2003 \u200c\u2003 \u200c\u2003 \u200c\u2003 \u200c\u2003 \u200c\u2003 \u200c\u2003 \u200c\u2003 \u200c\u2003 \u200c\u2003 \u200c\u2003 \u200c\u2003 \u200c\u2003 \u200c\u2003 \u200c\u2003 \u200c\u2003 \u200c\u2003 \u200c\u2003 \u200c\u2003 \u200c\u2003 \u200c\u2003 \u200c\u2003 \u200c\u2003 \u200c\u2003 \u200c\u2003 \u200c\u2003 \u200c\u2003 \u200c\u2003 \u200c\u2003 \u200c\u2003 \u200c\u2003 \u200c\u2003 \u200c\u2003 \u200c\u2003 \u200c\u2003 \u200c\u2003 \u200c\u2003 \u200c\u2003 \u200c\u2003 \u200c\u2003 \u200c\u2003 \u200c\u2003 \u200c\u2003 \u200c\u2003 \u200c\u2003 \u200c\u2003 \u200c\u2003 \u200c\u2003 \u200c\u2003 \u200c\u2003 \u200c\u2003 \u200c\u2003 \u200c\u2003 \u200c\u2003 \u200c\u2003 \u200c\u2003 \u200c\u2003 \u200c\u2003 \u200c\u2003 \u200c\u2003 \u200c\u2003 \u200c\u2003 \u200c\u2003 \u200c\u2003 \u200c\u2003 \u200c\u2003 \u200c\u2003 \u200c\u2003 \u200c\u2003 \u200c\u2003 \u200c\u2003 \u200c\u2003 \u200c\u2003 \u200c\u2003 \u200c\u2003 \u200c\u2003 \u200c\u2003 \u200c\u2003 \u200c\u2003 \u200c\u2003 \u200c\u2003 \u200c\u2003 \u200c\u2003 \u200c\u2003 \u200c\u2003 \u200c\u2003 \u200c\u2003 \u200c\u2003 \u200c\u2003 \u200c\u2003 \u200c\u2003 \u200c\u2003 \u200c\u2003 \u200c\u2003 \u200c\u2003 \u200c\u2003 \u200c\u2003 \u200c\u2003 \u200c\u2003 \u200c\u2003 \u200c\u2003 \u200c\u2003 \u200c\u2003 \u200c\u2003 \u200c\u2003 \u200c\u2003 \u200c\u2003 \u200c\u2003 \u200c\u2003 \u200c\u2003 \u200c\u2003 \u200c\u2003 \u200c\u2003 \u200c\u2003 \u200c\u2003 \u200c\u2003 \u200c\u2003 \u200c\u2003 \u200c\u2003 \u200c\u2003 \u200c\u2003 \u200c\u2003 \u200c\u2003 \u200c\u2003 \u200c\u2003 \u200c\u2003 \u200c\u2003 \u200c\u2003 \u200c\u2003 \u200c\u2003 \u200c\u2003 \u200c\u2003 \u200c\u2003 \u200c\u2003 \u200c\u2003 \u200c\u2003 \u200c\u2003 \u200c\u2003 \u200c\u2003 \u200c\u2003 \u200c\u2003 \u200c\u2003 \u200c\u2003 \u200c\u2003 \u200c\u2003 \u200c\u2003 \u200c\u2003 \u200c\u2003 \u200c\u2003 \u200c\u2003 \u200c\u2003 \u200c\u2003 \u200c\u2003 \u200c\u2003 \u200c\u2003 \u200c\u2003 \u200c\u2003 \u200c\u2003 \u200c\u2003 \u200c\u2003 \u200c\u2003 \u200c\u2003 \u200c\u2003 \u200c\u2003 \u200c\u2003 \u200c\u2003 \u200c\u2003 \u200c\u2003 \u200c\u2003 \u200c\u2003 \u200c\u2003 \u200c\u2003 \u200c\u2003 \u200c\u2003 \u200c\u2003 \u200c\u2003 \u200c\u2003 \u200c\u2003 \u200c\u2003 \u200c\u2003 \u200c\u2003 \u200c\u2003 \u200c\u2003 \u200c\u2003 \u200c\u2003 \u200c\u2003 \u200c\u2003 \u200c\u2003 \u200c\u2003 \u200c\u2003 \u200c\u2003 \u200c\u2003 \u200c\u2003 \u200c\u2003 \u200c\u2003 \u200c\u2003 \u200c\u2003 \u200c\u2003 \u200c\u2003 \u200c\u2003 \u200c\u2003 \u200c\u2003 \u200c\u2003 \u200c\u2003 \u200c\u2003 \u200c\u2003 \u200c\u2003 \u200c\u2003 \u200c\u2003 \u200c\u2003 \u200c\u2003 \u200c\u2003 \u200c\u2003 \u200c\u2003 \u200c\u2003 \u200c\u2003 \u200c\u2003 \u200c\u2003 \u200c\u2003 \u200c\u2003 \u200c\u2003 \u200cDavid Liang你有 135 条未读通知待查看通知Pro Visa - 小老板给你发送了3条消息3个加好友请求Racing Boy & Uma Racing - Sarawak和其他 2 位用户在20张照片中标记了你Jing Yi和其他 13 位用户有17条密友动态更新92条新通知查看通知前往\xa0Facebook这封邮件：有用|没用此邮件发给497720537@qq.com。 如果不希望再收到 Meta 的这类邮件，请退订。Meta Platforms, Inc., Attention: Community Support, 1 Meta Way, Menlo Park, CA 94025为保护你的主页安全，请勿转发这封邮件。详细了解', 'David Liang，请查看有关梁振强和黃枫銘的未读消息和其他通知。\u200c\u2003 \u200c\u2003 \u200c\u2003 \u200c\u2003 \u200c\u2003 \u200c\u2003 \u200c\u2003 \u200c\u2003 \u200c\u2003 \u200c\u2003 \u200c\u2003 \u200c\u2003 \u200c\u2003 \u200c\u2003 \u200c\u2003 \u200c\u2003 \u200c\u2003 \u200c\u2003 \u200c\u2003 \u200c\u2003 \u200c\u2003 \u200c\u2003 \u200c\u2003 \u200c\u2003 \u200c\u2003 \u200c\u2003 \u200c\u2003 \u200c\u2003 \u200c\u2003 \u200c\u2003 \u200c\u2003 \u200c\u2003 \u200c\u2003 \u200c\u2003 \u200c\u2003 \u200c\u2003 \u200c\u2003 \u200c\u2003 \u200c\u2003 \u200c\u2003 \u200c\u2003 \u200c\u2003 \u200c\u2003 \u200c\u2003 \u200c\u2003 \u200c\u2003 \u200c\u2003 \u200c\u2003 \u200c\u2003 \u200c\u2003 \u200c\u2003 \u200c\u2003 \u200c\u2003 \u200c\u2003 \u200c\u2003 \u200c\u2003 \u200c\u2003 \u200c\u2003 \u200c\u2003 \u200c\u2003 \u200c\u2003 \u200c\u2003 \u200c\u2003 \u200c\u2003 \u200c\u2003 \u200c\u2003 \u200c\u2003 \u200c\u2003 \u200c\u2003 \u200c\u2003 \u200c\u2003 \u200c\u2003 \u200c\u2003 \u200c\u2003 \u200c\u2003 \u200c\u2003 \u200c\u2003 \u200c\u2003 \u200c\u2003 \u200c\u2003 \u200c\u2003 \u200c\u2003 \u200c\u2003 \u200c\u2003 \u200c\u2003 \u200c\u2003 \u200c\u2003 \u200c\u2003 \u200c\u2003 \u200c\u2003 \u200c\u2003 \u200c\u2003 \u200c\u2003 \u200c\u2003 \u200c\u2003 \u200c\u2003 \u200c\u2003 \u200c\u2003 \u200c\u2003 \u200c\u2003 \u200c\u2003 \u200c\u2003 \u200c\u2003 \u200c\u2003 \u200c\u2003 \u200c\u2003 \u200c\u2003 \u200c\u2003 \u200c\u2003 \u200c\u2003 \u200c\u2003 \u200c\u2003 \u200c\u2003 \u200c\u2003 \u200c\u2003 \u200c\u2003 \u200c\u2003 \u200c\u2003 \u200c\u2003 \u200c\u2003 \u200c\u2003 \u200c\u2003 \u200c\u2003 \u200c\u2003 \u200c\u2003 \u200c\u2003 \u200c\u2003 \u200c\u2003 \u200c\u2003 \u200c\u2003 \u200c\u2003 \u200c\u2003 \u200c\u2003 \u200c\u2003 \u200c\u2003 \u200c\u2003 \u200c\u2003 \u200c\u2003 \u200c\u2003 \u200c\u2003 \u200c\u2003 \u200c\u2003 \u200c\u2003 \u200c\u2003 \u200c\u2003 \u200c\u2003 \u200c\u2003 \u200c\u2003 \u200c\u2003 \u200c\u2003 \u200c\u2003 \u200c\u2003 \u200c\u2003 \u200c\u2003 \u200c\u2003 \u200c\u2003 \u200c\u2003 \u200c\u2003 \u200c\u2003 \u200c\u2003 \u200c\u2003 \u200c\u2003 \u200c\u2003 \u200c\u2003 \u200c\u2003 \u200c\u2003 \u200c\u2003 \u200c\u2003 \u200c\u2003 \u200c\u2003 \u200c\u2003 \u200c\u2003 \u200c\u2003 \u200c\u2003 \u200c\u2003 \u200c\u2003 \u200c\u2003 \u200c\u2003 \u200c\u2003 \u200c\u2003 \u200c\u2003 \u200c\u2003 \u200c\u2003 \u200c\u2003 \u200c\u2003 \u200c\u2003 \u200c\u2003 \u200c\u2003 \u200c\u2003 \u200c\u2003 \u200c\u2003 \u200c\u2003 \u200c\u2003 \u200c\u2003 \u200c\u2003 \u200c\u2003 \u200c\u2003 \u200c\u2003 \u200c\u2003 \u200c\u2003 \u200c\u2003 \u200c\u2003 \u200c\u2003 \u200c\u2003 \u200c\u2003 \u200c\u2003 \u200c\u2003 \u200c\u2003 \u200c\u2003 \u200c\u2003 \u200c\u2003 \u200c\u2003 \u200c\u2003 \u200c\u2003 \u200c\u2003 \u200c\u2003 \u200c\u2003 \u200c\u2003 \u200c\u2003 \u200c\u2003 \u200c\u2003 \u200c\u2003 \u200c\u2003 \u200c\u2003 \u200c\u2003 \u200c\u2003 \u200c\u2003 \u200c\u2003 \u200c\u2003 \u200c\u2003 \u200c\u2003 \u200c\u2003 \u200c\u2003 \u200c\u2003 \u200c\u2003 \u200c\u2003 \u200c\u2003 \u200c\u2003 \u200c\u2003 \u200c\u2003 \u200c\u2003 \u200c\u2003 \u200c\u2003 \u200c\u2003 \u200c\u2003 \u200c\u2003 \u200c\u2003 \u200c\u2003 \u200c\u2003 \u200c\u2003 \u200c\u2003 \u200c\u2003 \u200c\u2003 \u200c\u2003 \u200c\u2003 \u200c\u2003 \u200c\u2003 \u200c\u2003 \u200c\u2003 \u200c\u2003 \u200c\u2003 \u200c\u2003 \u200c\u2003 \u200c\u2003 \u200c\u2003 \u200c\u2003 \u200c\u2003 \u200c\u2003 \u200c\u2003 \u200c\u2003 \u200c\u2003 \u200c\u2003 \u200c\u2003 \u200c\u2003 \u200c\u2003 \u200c\u2003 \u200c\u2003 \u200c\u2003 \u200c\u2003 \u200c\u2003 \u200c\u2003 \u200c\u2003 \u200c\u2003 \u200c\u2003 \u200c\u2003 \u200c\u2003 \u200c\u2003 \u200c\u2003 \u200c\u2003 \u200c\u2003 \u200c\u2003 \u200c\u2003 \u200c\u2003 \u200c\u2003 \u200c\u2003 \u200c\u2003 \u200c\u2003 \u200c\u2003 \u200c\u2003 \u200cDavid Liang你有 135 条未读通知待查看通知Pro Visa - 小老板给你发送了3条消息3个加好友请求Racing Boy & Uma Racing - Sarawak和其他 2 位用户在20张照片中标记了你Jing Yi和其他 13 位用户有17条密友动态更新92条新通知查看通知前往\xa0Facebook这封邮件：有用|没用此邮件发给497720537@qq.com。 如果不希望再收到 Meta 的这类邮件，请退订。Meta Platforms, Inc., Attention: Community Support, 1 Meta Way, Menlo Park, CA 94025为保护你的主页安全，请勿转发这封邮件。详细了解', 'David Liang，请查看有关梁振强和黃枫銘的未读消息和其他通知。\u200c\u2003 \u200c\u2003 \u200c\u2003 \u200c\u2003 \u200c\u2003 \u200c\u2003 \u200c\u2003 \u200c\u2003 \u200c\u2003 \u200c\u2003 \u200c\u2003 \u200c\u2003 \u200c\u2003 \u200c\u2003 \u200c\u2003 \u200c\u2003 \u200c\u2003 \u200c\u2003 \u200c\u2003 \u200c\u2003 \u200c\u2003 \u200c\u2003 \u200c\u2003 \u200c\u2003 \u200c\u2003 \u200c\u2003 \u200c\u2003 \u200c\u2003 \u200c\u2003 \u200c\u2003 \u200c\u2003 \u200c\u2003 \u200c\u2003 \u200c\u2003 \u200c\u2003 \u200c\u2003 \u200c\u2003 \u200c\u2003 \u200c\u2003 \u200c\u2003 \u200c\u2003 \u200c\u2003 \u200c\u2003 \u200c\u2003 \u200c\u2003 \u200c\u2003 \u200c\u2003 \u200c\u2003 \u200c\u2003 \u200c\u2003 \u200c\u2003 \u200c\u2003 \u200c\u2003 \u200c\u2003 \u200c\u2003 \u200c\u2003 \u200c\u2003 \u200c\u2003 \u200c\u2003 \u200c\u2003 \u200c\u2003 \u200c\u2003 \u200c\u2003 \u200c\u2003 \u200c\u2003 \u200c\u2003 \u200c\u2003 \u200c\u2003 \u200c\u2003 \u200c\u2003 \u200c\u2003 \u200c\u2003 \u200c\u2003 \u200c\u2003 \u200c\u2003 \u200c\u2003 \u200c\u2003 \u200c\u2003 \u200c\u2003 \u200c\u2003 \u200c\u2003 \u200c\u2003 \u200c\u2003 \u200c\u2003 \u200c\u2003 \u200c\u2003 \u200c\u2003 \u200c\u2003 \u200c\u2003 \u200c\u2003 \u200c\u2003 \u200c\u2003 \u200c\u2003 \u200c\u2003 \u200c\u2003 \u200c\u2003 \u200c\u2003 \u200c\u2003 \u200c\u2003 \u200c\u2003 \u200c\u2003 \u200c\u2003 \u200c\u2003 \u200c\u2003 \u200c\u2003 \u200c\u2003 \u200c\u2003 \u200c\u2003 \u200c\u2003 \u200c\u2003 \u200c\u2003 \u200c\u2003 \u200c\u2003 \u200c\u2003 \u200c\u2003 \u200c\u2003 \u200c\u2003 \u200c\u2003 \u200c\u2003 \u200c\u2003 \u200c\u2003 \u200c\u2003 \u200c\u2003 \u200c\u2003 \u200c\u2003 \u200c\u2003 \u200c\u2003 \u200c\u2003 \u200c\u2003 \u200c\u2003 \u200c\u2003 \u200c\u2003 \u200c\u2003 \u200c\u2003 \u200c\u2003 \u200c\u2003 \u200c\u2003 \u200c\u2003 \u200c\u2003 \u200c\u2003 \u200c\u2003 \u200c\u2003 \u200c\u2003 \u200c\u2003 \u200c\u2003 \u200c\u2003 \u200c\u2003 \u200c\u2003 \u200c\u2003 \u200c\u2003 \u200c\u2003 \u200c\u2003 \u200c\u2003 \u200c\u2003 \u200c\u2003 \u200c\u2003 \u200c\u2003 \u200c\u2003 \u200c\u2003 \u200c\u2003 \u200c\u2003 \u200c\u2003 \u200c\u2003 \u200c\u2003 \u200c\u2003 \u200c\u2003 \u200c\u2003 \u200c\u2003 \u200c\u2003 \u200c\u2003 \u200c\u2003 \u200c\u2003 \u200c\u2003 \u200c\u2003 \u200c\u2003 \u200c\u2003 \u200c\u2003 \u200c\u2003 \u200c\u2003 \u200c\u2003 \u200c\u2003 \u200c\u2003 \u200c\u2003 \u200c\u2003 \u200c\u2003 \u200c\u2003 \u200c\u2003 \u200c\u2003 \u200c\u2003 \u200c\u2003 \u200c\u2003 \u200c\u2003 \u200c\u2003 \u200c\u2003 \u200c\u2003 \u200c\u2003 \u200c\u2003 \u200c\u2003 \u200c\u2003 \u200c\u2003 \u200c\u2003 \u200c\u2003 \u200c\u2003 \u200c\u2003 \u200c\u2003 \u200c\u2003 \u200c\u2003 \u200c\u2003 \u200c\u2003 \u200c\u2003 \u200c\u2003 \u200c\u2003 \u200c\u2003 \u200c\u2003 \u200c\u2003 \u200c\u2003 \u200c\u2003 \u200c\u2003 \u200c\u2003 \u200c\u2003 \u200c\u2003 \u200c\u2003 \u200c\u2003 \u200c\u2003 \u200c\u2003 \u200c\u2003 \u200c\u2003 \u200c\u2003 \u200c\u2003 \u200c\u2003 \u200c\u2003 \u200c\u2003 \u200c\u2003 \u200c\u2003 \u200c\u2003 \u200c\u2003 \u200c\u2003 \u200c\u2003 \u200c\u2003 \u200c\u2003 \u200c\u2003 \u200c\u2003 \u200c\u2003 \u200c\u2003 \u200c\u2003 \u200c\u2003 \u200c\u2003 \u200c\u2003 \u200c\u2003 \u200c\u2003 \u200c\u2003 \u200c\u2003 \u200c\u2003 \u200c\u2003 \u200c\u2003 \u200c\u2003 \u200c\u2003 \u200c\u2003 \u200c\u2003 \u200c\u2003 \u200c\u2003 \u200c\u2003 \u200c\u2003 \u200c\u2003 \u200c\u2003 \u200c\u2003 \u200c\u2003 \u200c\u2003 \u200c\u2003 \u200c\u2003 \u200c\u2003 \u200c\u2003 \u200c\u2003 \u200c\u2003 \u200c\u2003 \u200c\u2003 \u200c\u2003 \u200c\u2003 \u200c\u2003 \u200c\u2003 \u200c\u2003 \u200c\u2003 \u200c\u2003 \u200c\u2003 \u200c\u2003 \u200c\u2003 \u200c\u2003 \u200c\u2003 \u200c\u2003 \u200c\u2003 \u200c\u2003 \u200c\u2003 \u200c\u2003 \u200c\u2003 \u200c\u2003 \u200c\u2003 \u200c\u2003 \u200c\u2003 \u200c\u2003 \u200cDavid Liang你有 135 条未读通知待查看通知Pro Visa - 小老板给你发送了3条消息3个加好友请求Racing Boy & Uma Racing - Sarawak和其他 2 位用户在20张照片中标记了你Jing Yi和其他 13 位用户有17条密友动态更新92条新通知查看通知前往\xa0Facebook这封邮件：有用|没用此邮件发给497720537@qq.com。 如果不希望再收到 Meta 的这类邮件，请退订。Meta Platforms, Inc., Attention: Community Support, 1 Meta Way, Menlo Park, CA 94025为保护你的主页安全，请勿转发这封邮件。详细了解', '', 'David Liang，请查看有关梁振强和黃枫銘的未读消息和其他通知。\u200c\u2003 \u200c\u2003 \u200c\u2003 \u200c\u2003 \u200c\u2003 \u200c\u2003 \u200c\u2003 \u200c\u2003 \u200c\u2003 \u200c\u2003 \u200c\u2003 \u200c\u2003 \u200c\u2003 \u200c\u2003 \u200c\u2003 \u200c\u2003 \u200c\u2003 \u200c\u2003 \u200c\u2003 \u200c\u2003 \u200c\u2003 \u200c\u2003 \u200c\u2003 \u200c\u2003 \u200c\u2003 \u200c\u2003 \u200c\u2003 \u200c\u2003 \u200c\u2003 \u200c\u2003 \u200c\u2003 \u200c\u2003 \u200c\u2003 \u200c\u2003 \u200c\u2003 \u200c\u2003 \u200c\u2003 \u200c\u2003 \u200c\u2003 \u200c\u2003 \u200c\u2003 \u200c\u2003 \u200c\u2003 \u200c\u2003 \u200c\u2003 \u200c\u2003 \u200c\u2003 \u200c\u2003 \u200c\u2003 \u200c\u2003 \u200c\u2003 \u200c\u2003 \u200c\u2003 \u200c\u2003 \u200c\u2003 \u200c\u2003 \u200c\u2003 \u200c\u2003 \u200c\u2003 \u200c\u2003 \u200c\u2003 \u200c\u2003 \u200c\u2003 \u200c\u2003 \u200c\u2003 \u200c\u2003 \u200c\u2003 \u200c\u2003 \u200c\u2003 \u200c\u2003 \u200c\u2003 \u200c\u2003 \u200c\u2003 \u200c\u2003 \u200c\u2003 \u200c\u2003 \u200c\u2003 \u200c\u2003 \u200c\u2003 \u200c\u2003 \u200c\u2003 \u200c\u2003 \u200c\u2003 \u200c\u2003 \u200c\u2003 \u200c\u2003 \u200c\u2003 \u200c\u2003 \u200c\u2003 \u200c\u2003 \u200c\u2003 \u200c\u2003 \u200c\u2003 \u200c\u2003 \u200c\u2003 \u200c\u2003 \u200c\u2003 \u200c\u2003 \u200c\u2003 \u200c\u2003 \u200c\u2003 \u200c\u2003 \u200c\u2003 \u200c\u2003 \u200c\u2003 \u200c\u2003 \u200c\u2003 \u200c\u2003 \u200c\u2003 \u200c\u2003 \u200c\u2003 \u200c\u2003 \u200c\u2003 \u200c\u2003 \u200c\u2003 \u200c\u2003 \u200c\u2003 \u200c\u2003 \u200c\u2003 \u200c\u2003 \u200c\u2003 \u200c\u2003 \u200c\u2003 \u200c\u2003 \u200c\u2003 \u200c\u2003 \u200c\u2003 \u200c\u2003 \u200c\u2003 \u200c\u2003 \u200c\u2003 \u200c\u2003 \u200c\u2003 \u200c\u2003 \u200c\u2003 \u200c\u2003 \u200c\u2003 \u200c\u2003 \u200c\u2003 \u200c\u2003 \u200c\u2003 \u200c\u2003 \u200c\u2003 \u200c\u2003 \u200c\u2003 \u200c\u2003 \u200c\u2003 \u200c\u2003 \u200c\u2003 \u200c\u2003 \u200c\u2003 \u200c\u2003 \u200c\u2003 \u200c\u2003 \u200c\u2003 \u200c\u2003 \u200c\u2003 \u200c\u2003 \u200c\u2003 \u200c\u2003 \u200c\u2003 \u200c\u2003 \u200c\u2003 \u200c\u2003 \u200c\u2003 \u200c\u2003 \u200c\u2003 \u200c\u2003 \u200c\u2003 \u200c\u2003 \u200c\u2003 \u200c\u2003 \u200c\u2003 \u200c\u2003 \u200c\u2003 \u200c\u2003 \u200c\u2003 \u200c\u2003 \u200c\u2003 \u200c\u2003 \u200c\u2003 \u200c\u2003 \u200c\u2003 \u200c\u2003 \u200c\u2003 \u200c\u2003 \u200c\u2003 \u200c\u2003 \u200c\u2003 \u200c\u2003 \u200c\u2003 \u200c\u2003 \u200c\u2003 \u200c\u2003 \u200c\u2003 \u200c\u2003 \u200c\u2003 \u200c\u2003 \u200c\u2003 \u200c\u2003 \u200c\u2003 \u200c\u2003 \u200c\u2003 \u200c\u2003 \u200c\u2003 \u200c\u2003 \u200c\u2003 \u200c\u2003 \u200c\u2003 \u200c\u2003 \u200c\u2003 \u200c\u2003 \u200c\u2003 \u200c\u2003 \u200c\u2003 \u200c\u2003 \u200c\u2003 \u200c\u2003 \u200c\u2003 \u200c\u2003 \u200c\u2003 \u200c\u2003 \u200c\u2003 \u200c\u2003 \u200c\u2003 \u200c\u2003 \u200c\u2003 \u200c\u2003 \u200c\u2003 \u200c\u2003 \u200c\u2003 \u200c\u2003 \u200c\u2003 \u200c\u2003 \u200c\u2003 \u200c\u2003 \u200c\u2003 \u200c\u2003 \u200c\u2003 \u200c\u2003 \u200c\u2003 \u200c\u2003 \u200c\u2003 \u200c\u2003 \u200c\u2003 \u200c\u2003 \u200c\u2003 \u200c\u2003 \u200c\u2003 \u200c\u2003 \u200c\u2003 \u200c\u2003 \u200c\u2003 \u200c\u2003 \u200c\u2003 \u200c\u2003 \u200c\u2003 \u200c\u2003 \u200c\u2003 \u200c\u2003 \u200c\u2003 \u200c\u2003 \u200c\u2003 \u200c\u2003 \u200c\u2003 \u200c\u2003 \u200c\u2003 \u200c\u2003 \u200c\u2003 \u200c\u2003 \u200c\u2003 \u200c\u2003 \u200c\u2003 \u200c\u2003 \u200c\u2003 \u200c\u2003 \u200c\u2003 \u200c\u2003 \u200c\u2003 \u200c\u2003 \u200c\u2003 \u200c\u2003 \u200c\u2003 \u200c\u2003 \u200c\u2003 \u200c\u2003 \u200c\u2003 \u200c\u2003 \u200c\u2003 \u200c\u2003 \u200c\u2003 \u200c\u2003 \u200c\u2003 \u200c\u2003 \u200c\u2003 \u200c\u2003 \u200c\u2003 \u200c\u2003 \u200c\u2003 \u200c', '', 'David Liang', '', '', 'David Liang', 'David Liang', '', '', '', '', '', '你有 135 条未读通知待查看通知Pro Visa - 小老板给你发送了3条消息3个加好友请求Racing Boy & Uma Racing - Sarawak和其他 2 位用户在20张照片中标记了你Jing Yi和其他 13 位用户有17条密友动态更新92条新通知', '', '你有 135 条未读通知待查看', '', '通知Pro Visa - 小老板给你发送了3条消息3个加好友请求Racing Boy & Uma Racing - Sarawak和其他 2 位用户在20张照片中标记了你Jing Yi和其他 13 位用户有17条密友动态更新92条新通知', 'Pro Visa - 小老板给你发送了3条消息', '', '', 'Pro Visa - 小老板给你发送了3条消息', 'Pro Visa - 小老板给你发送了3条消息', '', '3个加好友请求', '', '', '3个加好友请求', '3个加好友请求', '', 'Racing Boy & Uma Racing - Sarawak和其他 2 位用户在20张照片中标记了你', '', '', 'Racing Boy & Uma Racing - Sarawak和其他 2 位用户在20张照片中标记了你', 'Racing Boy & Uma Racing - Sarawak和其他 2 位用户在20张照片中标记了你', '', '', '', 'Jing Yi和其他 13 位用户有17条密友动态更新', '', '', 'Jing Yi和其他 13 位用户有17条密友动态更新', 'Jing Yi和其他 13 位用户有17条密友动态更新', '', '', '', '', '', '92条新通知', '', '', '92条新通知', '92条新通知', '', '', '', '', '查看通知前往\xa0Facebook', '', '查看通知', '查看通知', '', '前往\xa0Facebook', '前往\xa0Facebook', '', '', '', '', '这封邮件：有用|没用', '这封邮件：有用|没用', '', '', '', '此邮件发给497720537@qq.com。 如果不希望再收到 Meta 的这类邮件，请退订。Meta Platforms, Inc., Attention: Community Support, 1 Meta Way, Menlo Park, CA 94025', '', '此邮件发给497720537@qq.com。 如果不希望再收到 Meta 的这类邮件，请退订。Meta Platforms, Inc., Attention: Community Support, 1 Meta Way, Menlo Park, CA 94025', '', '', '为保护你的主页安全，请勿转发这封邮件。详细了解', '为保护你的主页安全，请勿转发这封邮件。详细了解', '', '']
[2026-07-10 09:31:50] QQ-主 邮件 5313 无有效信号
[2026-07-10 09:31:50]  QQ-主 正在解析因子: =?UTF-8?B?bDk0NzM3MTExQGdtYWlsLmNvbSDnmoTlronlhajmj5DphpI=?=
[2026-07-10 09:31:50]  发现表格，共 5 行数据
[2026-07-10 09:31:50]  表头映射失败，未找到指定列名。当前表头: ['']
[2026-07-10 09:31:50] QQ-主 邮件 5314 无有效信号
[2026-07-10 09:31:50]  QQ-主 本轮共成功处理 1 封有效信号邮件
[2026-07-10 09:31:50]  正在连接 QQ-备用 邮箱服务器 (shouqianbadavid@qq.com) ...
[2026-07-10 09:31:51]  QQ-备用 正在解析因子: =?utf-8?b?QWxwaGFQaWxvdCDlpIfku73kv6Hlj7cgKGFscGhhX3NpZ25hbF90aHJfMjAyNjA3MDlfMTQ0NS5qc29uKSBb5aSHUVEt6Ieq5L+dXQ==?=
[2026-07-10 09:31:51]  发现表格，共 2 行数据
[2026-07-10 09:31:51]  动态索引映射: ['股票代码', '股票名称', '信号', '当前价格', '量比', '来源过滤']
[2026-07-10 09:31:51]  [行1] 解析成功: SZSE.003031 [中瓷电子] BUY @ 149.2 (VR:2.76)
[2026-07-10 09:31:51]  [行2] 解析成功: SZSE.003031 [中瓷电子] BUY @ 150.0 (VR:0.43)
[2026-07-10 09:31:51] 成功保存 2 条因子至: signal_batch_20260710_093151_863523.txt
[2026-07-10 09:31:52]  QQ-备用 邮件 3043 处理完成
[2026-07-10 09:31:52]  QQ-备用 本轮共成功处理 1 封有效信号邮件
[2026-07-10 09:32:27]  正在连接 QQ-主 邮箱服务器 (497720537@qq.com) ...
[2026-07-10 09:32:27]  正在连接 QQ-备用 邮箱服务器 (shouqianbadavid@qq.com) ...
[2026-07-10 09:33:03]  正在连接 QQ-主 邮箱服务器 (497720537@qq.com) ...
[2026-07-10 09:33:04]  正在连接 QQ-备用 邮箱服务器 (shouqianbadavid@qq.com) ...
[2026-07-10 09:33:40]  正在连接 QQ-主 邮箱服务器 (497720537@qq.com) ...
[2026-07-10 09:33:41]  正在连接 QQ-备用 邮箱服务器 (shouqianbadavid@qq.com) ...
[2026-07-10 09:34:17]  正在连接 QQ-主 邮箱服务器 (497720537@qq.com) ...
[2026-07-10 09:34:17]  正在连接 QQ-备用 邮箱服务器 (shouqianbadavid@qq.com) ...
[2026-07-10 09:34:53]  正在连接 QQ-主 邮箱服务器 (497720537@qq.com) ...
[2026-07-10 09:34:54]  正在连接 QQ-备用 邮箱服务器 (shouqianbadavid@qq.com) ...
[2026-07-10 09:35:30]  正在连接 QQ-主 邮箱服务器 (497720537@qq.com) ...
[2026-07-10 09:35:30]  正在连接 QQ-备用 邮箱服务器 (shouqianbadavid@qq.com) ...
[2026-07-10 09:36:06]  正在连接 QQ-主 邮箱服务器 (497720537@qq.com) ...
[2026-07-10 09:36:07]  正在连接 QQ-备用 邮箱服务器 (shouqianbadavid@qq.com) ...
[2026-07-10 09:36:42]  正在连接 QQ-主 邮箱服务器 (497720537@qq.com) ...
[2026-07-10 09:36:43]  正在连接 QQ-备用 邮箱服务器 (shouqianbadavid@qq.com) ...
[2026-07-10 09:37:19]  正在连接 QQ-主 邮箱服务器 (497720537@qq.com) ...
[2026-07-10 09:37:30]  QQ-主 因子处理主循环异常: [Errno 11001] getaddrinfo failed
[2026-07-10 09:37:40]  正在连接 QQ-备用 邮箱服务器 (shouqianbadavid@qq.com) ...
[2026-07-10 09:37:41]  QQ-备用 因子处理主循环异常: [Errno 11001] getaddrinfo failed
[2026-07-10 09:38:26]  正在连接 QQ-主 邮箱服务器 (497720537@qq.com) ...
[2026-07-10 09:38:27]  正在连接 QQ-备用 邮箱服务器 (shouqianbadavid@qq.com) ...
[2026-07-10 09:39:03]  正在连接 QQ-主 邮箱服务器 (497720537@qq.com) ...
[2026-07-10 09:39:03]  正在连接 QQ-备用 邮箱服务器 (shouqianbadavid@qq.com) ...
[2026-07-10 09:39:39]  正在连接 QQ-主 邮箱服务器 (497720537@qq.com) ...
[2026-07-10 09:39:40]  正在连接 QQ-备用 邮箱服务器 (shouqianbadavid@qq.com) ...
[2026-07-10 09:40:15]  正在连接 QQ-主 邮箱服务器 (497720537@qq.com) ...
[2026-07-10 09:40:16]  正在连接 QQ-备用 邮箱服务器 (shouqianbadavid@qq.com) ...
[2026-07-10 09:40:51]  正在连接 QQ-主 邮箱服务器 (497720537@qq.com) ...
[2026-07-10 09:40:52]  正在连接 QQ-备用 邮箱服务器 (shouqianbadavid@qq.com) ...
[2026-07-10 09:41:27]  正在连接 QQ-主 邮箱服务器 (497720537@qq.com) ...
[2026-07-10 09:41:28]  正在连接 QQ-备用 邮箱服务器 (shouqianbadavid@qq.com) ...
[2026-07-10 09:42:04]  正在连接 QQ-主 邮箱服务器 (497720537@qq.com) ...
[2026-07-10 09:42:04]  正在连接 QQ-备用 邮箱服务器 (shouqianbadavid@qq.com) ...
[2026-07-10 09:42:40]  正在连接 QQ-主 邮箱服务器 (497720537@qq.com) ...
[2026-07-10 09:42:41]  正在连接 QQ-备用 邮箱服务器 (shouqianbadavid@qq.com) ...
[2026-07-10 09:43:18]  正在连接 QQ-主 邮箱服务器 (497720537@qq.com) ...
[2026-07-10 09:43:18]  正在连接 QQ-备用 邮箱服务器 (shouqianbadavid@qq.com) ...
[2026-07-10 09:43:54]  正在连接 QQ-主 邮箱服务器 (497720537@qq.com) ...
[2026-07-10 09:43:55]  正在连接 QQ-备用 邮箱服务器 (shouqianbadavid@qq.com) ...
[2026-07-10 09:44:31]  正在连接 QQ-主 邮箱服务器 (497720537@qq.com) ...
[2026-07-10 09:44:31]  正在连接 QQ-备用 邮箱服务器 (shouqianbadavid@qq.com) ...
[2026-07-10 09:45:07]  正在连接 QQ-主 邮箱服务器 (497720537@qq.com) ...
[2026-07-10 09:45:11]  正在连接 QQ-备用 邮箱服务器 (shouqianbadavid@qq.com) ...
[2026-07-10 09:45:46]  正在连接 QQ-主 邮箱服务器 (497720537@qq.com) ...
[2026-07-10 09:45:47]  正在连接 QQ-备用 邮箱服务器 (shouqianbadavid@qq.com) ...
[2026-07-10 09:46:22]  正在连接 QQ-主 邮箱服务器 (497720537@qq.com) ...
[2026-07-10 09:46:23]  正在连接 QQ-备用 邮箱服务器 (shouqianbadavid@qq.com) ...
[2026-07-10 09:46:59]  正在连接 QQ-主 邮箱服务器 (497720537@qq.com) ...
[2026-07-10 09:47:00]  正在连接 QQ-备用 邮箱服务器 (shouqianbadavid@qq.com) ...
[2026-07-10 09:47:35]  正在连接 QQ-主 邮箱服务器 (497720537@qq.com) ...
[2026-07-10 09:47:36]  正在连接 QQ-备用 邮箱服务器 (shouqianbadavid@qq.com) ...
[2026-07-10 09:48:12]  正在连接 QQ-主 邮箱服务器 (497720537@qq.com) ...
[2026-07-10 09:48:13]  正在连接 QQ-备用 邮箱服务器 (shouqianbadavid@qq.com) ...
[2026-07-10 09:48:48]  正在连接 QQ-主 邮箱服务器 (497720537@qq.com) ...
[2026-07-10 09:48:52]  正在连接 QQ-备用 邮箱服务器 (shouqianbadavid@qq.com) ...
[2026-07-10 09:49:28]  正在连接 QQ-主 邮箱服务器 (497720537@qq.com) ...
[2026-07-10 09:49:29]  正在连接 QQ-备用 邮箱服务器 (shouqianbadavid@qq.com) ...
[2026-07-10 09:50:04]  正在连接 QQ-主 邮箱服务器 (497720537@qq.com) ...
[2026-07-10 09:50:05]  正在连接 QQ-备用 邮箱服务器 (shouqianbadavid@qq.com) ...
[2026-07-10 09:50:40]  正在连接 QQ-主 邮箱服务器 (497720537@qq.com) ...
[2026-07-10 09:50:41]  正在连接 QQ-备用 邮箱服务器 (shouqianbadavid@qq.com) ...
[2026-07-10 09:51:17]  正在连接 QQ-主 邮箱服务器 (497720537@qq.com) ...
[2026-07-10 09:51:17]  正在连接 QQ-备用 邮箱服务器 (shouqianbadavid@qq.com) ...
[2026-07-10 09:51:53]  正在连接 QQ-主 邮箱服务器 (497720537@qq.com) ...
[2026-07-10 09:51:54]  正在连接 QQ-备用 邮箱服务器 (shouqianbadavid@qq.com) ...
[2026-07-10 09:52:29]  正在连接 QQ-主 邮箱服务器 (497720537@qq.com) ...
[2026-07-10 09:52:30]  正在连接 QQ-备用 邮箱服务器 (shouqianbadavid@qq.com) ...
[2026-07-10 09:53:06]  正在连接 QQ-主 邮箱服务器 (497720537@qq.com) ...
[2026-07-10 09:53:07]  正在连接 QQ-备用 邮箱服务器 (shouqianbadavid@qq.com) ...
[2026-07-10 09:53:42]  正在连接 QQ-主 邮箱服务器 (497720537@qq.com) ...
[2026-07-10 09:53:43]  正在连接 QQ-备用 邮箱服务器 (shouqianbadavid@qq.com) ...
[2026-07-10 09:54:19]  正在连接 QQ-主 邮箱服务器 (497720537@qq.com) ...
[2026-07-10 09:54:20]  正在连接 QQ-备用 邮箱服务器 (shouqianbadavid@qq.com) ...
[2026-07-10 09:54:55]  正在连接 QQ-主 邮箱服务器 (497720537@qq.com) ...
[2026-07-10 09:54:56]  正在连接 QQ-备用 邮箱服务器 (shouqianbadavid@qq.com) ...
[2026-07-10 09:55:31]  正在连接 QQ-主 邮箱服务器 (497720537@qq.com) ...
[2026-07-10 09:55:32]  正在连接 QQ-备用 邮箱服务器 (shouqianbadavid@qq.com) ...
[2026-07-10 09:56:08]  正在连接 QQ-主 邮箱服务器 (497720537@qq.com) ...
[2026-07-10 09:56:09]  正在连接 QQ-备用 邮箱服务器 (shouqianbadavid@qq.com) ...
[2026-07-10 09:56:45]  正在连接 QQ-主 邮箱服务器 (497720537@qq.com) ...
[2026-07-10 09:56:45]  正在连接 QQ-备用 邮箱服务器 (shouqianbadavid@qq.com) ...
[2026-07-10 09:57:21]  正在连接 QQ-主 邮箱服务器 (497720537@qq.com) ...
[2026-07-10 09:57:22]  正在连接 QQ-备用 邮箱服务器 (shouqianbadavid@qq.com) ...
[2026-07-10 09:57:57]  正在连接 QQ-主 邮箱服务器 (497720537@qq.com) ...
[2026-07-10 09:57:58]  QQ-主 正在解析因子: =?GBK?B?MjAyNsTqMDfUwjA5yNW358/Vycy7p8fltaU=?=
[2026-07-10 09:57:58]  QQ-主 邮件 5315 无 HTML 表格
[2026-07-10 09:57:59]  正在连接 QQ-备用 邮箱服务器 (shouqianbadavid@qq.com) ...
[2026-07-10 09:58:34]  正在连接 QQ-主 邮箱服务器 (497720537@qq.com) ...
[2026-07-10 09:58:35]  正在连接 QQ-备用 邮箱服务器 (shouqianbadavid@qq.com) ...
[2026-07-10 09:59:10]  正在连接 QQ-主 邮箱服务器 (497720537@qq.com) ...
[2026-07-10 09:59:11]  正在连接 QQ-备用 邮箱服务器 (shouqianbadavid@qq.com) ...
[2026-07-10 09:59:47]  正在连接 QQ-主 邮箱服务器 (497720537@qq.com) ...
[2026-07-10 09:59:48]  正在连接 QQ-备用 邮箱服务器 (shouqianbadavid@qq.com) ...
[2026-07-10 10:00:24]  正在连接 QQ-主 邮箱服务器 (497720537@qq.com) ...
[2026-07-10 10:00:25]  正在连接 QQ-备用 邮箱服务器 (shouqianbadavid@qq.com) ...
[2026-07-10 10:01:00]  正在连接 QQ-主 邮箱服务器 (497720537@qq.com) ...
[2026-07-10 10:01:01]  正在连接 QQ-备用 邮箱服务器 (shouqianbadavid@qq.com) ...
[2026-07-10 10:01:37]  正在连接 QQ-主 邮箱服务器 (497720537@qq.com) ...
[2026-07-10 10:01:38]  正在连接 QQ-备用 邮箱服务器 (shouqianbadavid@qq.com) ...
[2026-07-10 10:02:13]  正在连接 QQ-主 邮箱服务器 (497720537@qq.com) ...
[2026-07-10 10:02:14]  正在连接 QQ-备用 邮箱服务器 (shouqianbadavid@qq.com) ...
[2026-07-10 10:02:50]  正在连接 QQ-主 邮箱服务器 (497720537@qq.com) ...
[2026-07-10 10:02:50]  正在连接 QQ-备用 邮箱服务器 (shouqianbadavid@qq.com) ...
[2026-07-10 10:03:26]  正在连接 QQ-主 邮箱服务器 (497720537@qq.com) ...
[2026-07-10 10:03:34]  正在连接 QQ-备用 邮箱服务器 (shouqianbadavid@qq.com) ...
[2026-07-10 10:04:10]  正在连接 QQ-主 邮箱服务器 (497720537@qq.com) ...
[2026-07-10 10:04:10]  正在连接 QQ-备用 邮箱服务器 (shouqianbadavid@qq.com) ...
[2026-07-10 10:04:45]  正在连接 QQ-主 邮箱服务器 (497720537@qq.com) ...
[2026-07-10 10:04:46]  正在连接 QQ-备用 邮箱服务器 (shouqianbadavid@qq.com) ...
[2026-07-10 10:05:22]  正在连接 QQ-主 邮箱服务器 (497720537@qq.com) ...
[2026-07-10 10:05:23]  正在连接 QQ-备用 邮箱服务器 (shouqianbadavid@qq.com) ...
[2026-07-10 10:05:58]  正在连接 QQ-主 邮箱服务器 (497720537@qq.com) ...
[2026-07-10 10:05:59]  正在连接 QQ-备用 邮箱服务器 (shouqianbadavid@qq.com) ...
[2026-07-10 10:06:35]  正在连接 QQ-主 邮箱服务器 (497720537@qq.com) ...
[2026-07-10 10:06:35]  正在连接 QQ-备用 邮箱服务器 (shouqianbadavid@qq.com) ...
[2026-07-10 10:07:11]  正在连接 QQ-主 邮箱服务器 (497720537@qq.com) ...
[2026-07-10 10:07:12]  正在连接 QQ-备用 邮箱服务器 (shouqianbadavid@qq.com) ...
[2026-07-10 10:07:48]  正在连接 QQ-主 邮箱服务器 (497720537@qq.com) ...
[2026-07-10 10:07:48]  正在连接 QQ-备用 邮箱服务器 (shouqianbadavid@qq.com) ...
[2026-07-10 10:08:24]  正在连接 QQ-主 邮箱服务器 (497720537@qq.com) ...
[2026-07-10 10:08:24]  正在连接 QQ-备用 邮箱服务器 (shouqianbadavid@qq.com) ...
[2026-07-10 10:09:00]  正在连接 QQ-主 邮箱服务器 (497720537@qq.com) ...
[2026-07-10 10:09:01]  正在连接 QQ-备用 邮箱服务器 (shouqianbadavid@qq.com) ...
[2026-07-10 10:09:37]  正在连接 QQ-主 邮箱服务器 (497720537@qq.com) ...
[2026-07-10 10:09:37]  正在连接 QQ-备用 邮箱服务器 (shouqianbadavid@qq.com) ...
[2026-07-10 10:10:13]  正在连接 QQ-主 邮箱服务器 (497720537@qq.com) ...
[2026-07-10 10:10:14]  正在连接 QQ-备用 邮箱服务器 (shouqianbadavid@qq.com) ...
[2026-07-10 10:10:49]  正在连接 QQ-主 邮箱服务器 (497720537@qq.com) ...
[2026-07-10 10:10:50]  正在连接 QQ-备用 邮箱服务器 (shouqianbadavid@qq.com) ...
[2026-07-10 10:11:25]  正在连接 QQ-主 邮箱服务器 (497720537@qq.com) ...
[2026-07-10 10:11:26]  正在连接 QQ-备用 邮箱服务器 (shouqianbadavid@qq.com) ...
[2026-07-10 10:12:02]  正在连接 QQ-主 邮箱服务器 (497720537@qq.com) ...
[2026-07-10 10:12:02]  正在连接 QQ-备用 邮箱服务器 (shouqianbadavid@qq.com) ...
[2026-07-10 10:12:38]  正在连接 QQ-主 邮箱服务器 (497720537@qq.com) ...
[2026-07-10 10:12:39]  正在连接 QQ-备用 邮箱服务器 (shouqianbadavid@qq.com) ...
[2026-07-10 10:13:15]  正在连接 QQ-主 邮箱服务器 (497720537@qq.com) ...
[2026-07-10 10:13:15]  正在连接 QQ-备用 邮箱服务器 (shouqianbadavid@qq.com) ...
[2026-07-10 10:13:51]  正在连接 QQ-主 邮箱服务器 (497720537@qq.com) ...
[2026-07-10 10:13:52]  正在连接 QQ-备用 邮箱服务器 (shouqianbadavid@qq.com) ...
[2026-07-10 10:14:27]  正在连接 QQ-主 邮箱服务器 (497720537@qq.com) ...
[2026-07-10 10:14:28]  正在连接 QQ-备用 邮箱服务器 (shouqianbadavid@qq.com) ...
[2026-07-10 10:15:03]  正在连接 QQ-主 邮箱服务器 (497720537@qq.com) ...
[2026-07-10 10:15:04]  正在连接 QQ-备用 邮箱服务器 (shouqianbadavid@qq.com) ...
[2026-07-10 10:15:39]  正在连接 QQ-主 邮箱服务器 (497720537@qq.com) ...
[2026-07-10 10:15:40]  正在连接 QQ-备用 邮箱服务器 (shouqianbadavid@qq.com) ...
[2026-07-10 10:16:16]  正在连接 QQ-主 邮箱服务器 (497720537@qq.com) ...
[2026-07-10 10:16:17]  正在连接 QQ-备用 邮箱服务器 (shouqianbadavid@qq.com) ...
[2026-07-10 10:16:52]  正在连接 QQ-主 邮箱服务器 (497720537@qq.com) ...
[2026-07-10 10:16:53]  正在连接 QQ-备用 邮箱服务器 (shouqianbadavid@qq.com) ...
[2026-07-10 10:17:28]  正在连接 QQ-主 邮箱服务器 (497720537@qq.com) ...
[2026-07-10 10:17:29]  正在连接 QQ-备用 邮箱服务器 (shouqianbadavid@qq.com) ...
[2026-07-10 10:18:05]  正在连接 QQ-主 邮箱服务器 (497720537@qq.com) ...
[2026-07-10 10:18:06]  正在连接 QQ-备用 邮箱服务器 (shouqianbadavid@qq.com) ...
[2026-07-10 10:18:41]  正在连接 QQ-主 邮箱服务器 (497720537@qq.com) ...
[2026-07-10 10:18:42]  正在连接 QQ-备用 邮箱服务器 (shouqianbadavid@qq.com) ...
[2026-07-10 10:19:18]  正在连接 QQ-主 邮箱服务器 (497720537@qq.com) ...
[2026-07-10 10:19:18]  正在连接 QQ-备用 邮箱服务器 (shouqianbadavid@qq.com) ...
[2026-07-10 10:19:54]  正在连接 QQ-主 邮箱服务器 (497720537@qq.com) ...
[2026-07-10 10:19:55]  正在连接 QQ-备用 邮箱服务器 (shouqianbadavid@qq.com) ...
[2026-07-10 10:20:30]  正在连接 QQ-主 邮箱服务器 (497720537@qq.com) ...
[2026-07-10 10:20:31]  正在连接 QQ-备用 邮箱服务器 (shouqianbadavid@qq.com) ...
[2026-07-10 10:21:06]  正在连接 QQ-主 邮箱服务器 (497720537@qq.com) ...
[2026-07-10 10:21:07]  正在连接 QQ-备用 邮箱服务器 (shouqianbadavid@qq.com) ...
[2026-07-10 10:21:43]  正在连接 QQ-主 邮箱服务器 (497720537@qq.com) ...
[2026-07-10 10:21:43]  正在连接 QQ-备用 邮箱服务器 (shouqianbadavid@qq.com) ...
[2026-07-10 10:22:19]  正在连接 QQ-主 邮箱服务器 (497720537@qq.com) ...
[2026-07-10 10:22:22]  正在连接 QQ-备用 邮箱服务器 (shouqianbadavid@qq.com) ...
[2026-07-10 10:22:57]  正在连接 QQ-主 邮箱服务器 (497720537@qq.com) ...
[2026-07-10 10:22:58]  正在连接 QQ-备用 邮箱服务器 (shouqianbadavid@qq.com) ...
[2026-07-10 10:23:34]  正在连接 QQ-主 邮箱服务器 (497720537@qq.com) ...
[2026-07-10 10:23:34]  正在连接 QQ-备用 邮箱服务器 (shouqianbadavid@qq.com) ...
[2026-07-10 10:24:10]  正在连接 QQ-主 邮箱服务器 (497720537@qq.com) ...
[2026-07-10 10:24:10]  正在连接 QQ-备用 邮箱服务器 (shouqianbadavid@qq.com) ...
[2026-07-10 10:24:46]  正在连接 QQ-主 邮箱服务器 (497720537@qq.com) ...
[2026-07-10 10:24:46]  正在连接 QQ-备用 邮箱服务器 (shouqianbadavid@qq.com) ...
[2026-07-10 10:25:22]  正在连接 QQ-主 邮箱服务器 (497720537@qq.com) ...
[2026-07-10 10:25:34]  正在连接 QQ-备用 邮箱服务器 (shouqianbadavid@qq.com) ...
[2026-07-10 10:26:10]  正在连接 QQ-主 邮箱服务器 (497720537@qq.com) ...
[2026-07-10 10:26:10]  正在连接 QQ-备用 邮箱服务器 (shouqianbadavid@qq.com) ...
[2026-07-10 10:26:46]  正在连接 QQ-主 邮箱服务器 (497720537@qq.com) ...
[2026-07-10 10:26:47]  正在连接 QQ-备用 邮箱服务器 (shouqianbadavid@qq.com) ...
[2026-07-10 10:27:23]  正在连接 QQ-主 邮箱服务器 (497720537@qq.com) ...
[2026-07-10 10:27:23]  正在连接 QQ-备用 邮箱服务器 (shouqianbadavid@qq.com) ...
[2026-07-10 10:27:59]  正在连接 QQ-主 邮箱服务器 (497720537@qq.com) ...
[2026-07-10 10:27:59]  正在连接 QQ-备用 邮箱服务器 (shouqianbadavid@qq.com) ...
[2026-07-10 10:28:35]  正在连接 QQ-主 邮箱服务器 (497720537@qq.com) ...
[2026-07-10 10:28:36]  正在连接 QQ-备用 邮箱服务器 (shouqianbadavid@qq.com) ...
[2026-07-10 10:29:11]  正在连接 QQ-主 邮箱服务器 (497720537@qq.com) ...
[2026-07-10 10:29:12]  正在连接 QQ-备用 邮箱服务器 (shouqianbadavid@qq.com) ...
[2026-07-10 10:29:48]  正在连接 QQ-主 邮箱服务器 (497720537@qq.com) ...
[2026-07-10 10:29:50]  正在连接 QQ-备用 邮箱服务器 (shouqianbadavid@qq.com) ...
[2026-07-10 10:30:25]  正在连接 QQ-主 邮箱服务器 (497720537@qq.com) ...
[2026-07-10 10:30:26]  QQ-主 正在解析因子: =?utf-8?b?QWxwaGFQaWxvdCDlrp7ml7bkv6Hlj7cgKGFscGhhX3NpZ25hbF90aHJfMjAyNjA3MTBfMTAzMC5qc29uKSBb5Li7UVEt5a+55aSWXQ==?=
[2026-07-10 10:30:26]  发现表格，共 3 行数据
[2026-07-10 10:30:26]  动态索引映射: ['股票代码', '股票名称', '信号', '当前价格', '量比', '来源过滤']
[2026-07-10 10:30:26]  [行1] 解析成功: SZSE.000823 [超声电子] BUY @ 19.61 (VR:0.22)
[2026-07-10 10:30:26]  [行2] 解析成功: SZSE.300607 [拓斯达] SELL @ 39.42 (VR:0.03)
[2026-07-10 10:30:26]  [行3] 解析成功: SZSE.300607 [拓斯达] SELL @ 38.17 (VR:0.0)
[2026-07-10 10:30:26] 成功保存 3 条因子至: signal_batch_20260710_103026_374533.txt
[2026-07-10 10:30:26]  QQ-主 邮件 5316 处理完成
[2026-07-10 10:30:26]  QQ-主 本轮共成功处理 1 封有效信号邮件
[2026-07-10 10:30:26]  正在连接 QQ-备用 邮箱服务器 (shouqianbadavid@qq.com) ...
[2026-07-10 10:30:27]  QQ-备用 正在解析因子: =?utf-8?b?QWxwaGFQaWxvdCDlpIfku73kv6Hlj7cgKGFscGhhX3NpZ25hbF90aHJfMjAyNjA3MTBfMTAzMC5qc29uKSBb5aSHUVEt6Ieq5L+dXQ==?=
[2026-07-10 10:30:27]  发现表格，共 3 行数据
[2026-07-10 10:30:27]  动态索引映射: ['股票代码', '股票名称', '信号', '当前价格', '量比', '来源过滤']
[2026-07-10 10:30:27]  [行1] 解析成功: SZSE.000823 [超声电子] BUY @ 19.61 (VR:0.22)
[2026-07-10 10:30:27]  [行2] 解析成功: SZSE.300607 [拓斯达] SELL @ 39.42 (VR:0.03)
[2026-07-10 10:30:27]  [行3] 解析成功: SZSE.300607 [拓斯达] SELL @ 38.17 (VR:0.0)
[2026-07-10 10:30:27] 成功保存 3 条因子至: signal_batch_20260710_103027_526613.txt
[2026-07-10 10:30:27]  QQ-备用 邮件 3044 处理完成
[2026-07-10 10:30:27]  QQ-备用 本轮共成功处理 1 封有效信号邮件
[2026-07-10 10:31:02]  正在连接 QQ-主 邮箱服务器 (497720537@qq.com) ...
[2026-07-10 10:31:03]  正在连接 QQ-备用 邮箱服务器 (shouqianbadavid@qq.com) ...
[2026-07-10 10:31:39]  正在连接 QQ-主 邮箱服务器 (497720537@qq.com) ...
[2026-07-10 10:31:40]  正在连接 QQ-备用 邮箱服务器 (shouqianbadavid@qq.com) ...
[2026-07-10 10:32:16]  正在连接 QQ-主 邮箱服务器 (497720537@qq.com) ...
[2026-07-10 10:32:17]  正在连接 QQ-备用 邮箱服务器 (shouqianbadavid@qq.com) ...
[2026-07-10 10:32:52]  正在连接 QQ-主 邮箱服务器 (497720537@qq.com) ...
[2026-07-10 10:32:53]  正在连接 QQ-备用 邮箱服务器 (shouqianbadavid@qq.com) ...
[2026-07-10 10:33:29]  正在连接 QQ-主 邮箱服务器 (497720537@qq.com) ...
[2026-07-10 10:33:40]  QQ-主 因子处理主循环异常: [Errno 11001] getaddrinfo failed
[2026-07-10 10:33:50]  正在连接 QQ-备用 邮箱服务器 (shouqianbadavid@qq.com) ...
[2026-07-10 10:34:26]  正在连接 QQ-主 邮箱服务器 (497720537@qq.com) ...
[2026-07-10 10:34:27]  正在连接 QQ-备用 邮箱服务器 (shouqianbadavid@qq.com) ...
[2026-07-10 10:35:03]  正在连接 QQ-主 邮箱服务器 (497720537@qq.com) ...
[2026-07-10 10:35:03]  正在连接 QQ-备用 邮箱服务器 (shouqianbadavid@qq.com) ...
[2026-07-10 10:35:39]  正在连接 QQ-主 邮箱服务器 (497720537@qq.com) ...
[2026-07-10 10:35:40]  正在连接 QQ-备用 邮箱服务器 (shouqianbadavid@qq.com) ...
[2026-07-10 10:36:16]  正在连接 QQ-主 邮箱服务器 (497720537@qq.com) ...
[2026-07-10 10:36:16]  正在连接 QQ-备用 邮箱服务器 (shouqianbadavid@qq.com) ...
[2026-07-10 10:36:52]  正在连接 QQ-主 邮箱服务器 (497720537@qq.com) ...
[2026-07-10 10:36:53]  正在连接 QQ-备用 邮箱服务器 (shouqianbadavid@qq.com) ...
[2026-07-10 10:37:29]  正在连接 QQ-主 邮箱服务器 (497720537@qq.com) ...
[2026-07-10 10:37:29]  正在连接 QQ-备用 邮箱服务器 (shouqianbadavid@qq.com) ...
[2026-07-10 10:38:04]  正在连接 QQ-主 邮箱服务器 (497720537@qq.com) ...
[2026-07-10 10:38:05]  正在连接 QQ-备用 邮箱服务器 (shouqianbadavid@qq.com) ...
[2026-07-10 10:38:41]  正在连接 QQ-主 邮箱服务器 (497720537@qq.com) ...
[2026-07-10 10:38:41]  正在连接 QQ-备用 邮箱服务器 (shouqianbadavid@qq.com) ...
[2026-07-10 10:39:17]  正在连接 QQ-主 邮箱服务器 (497720537@qq.com) ...
[2026-07-10 10:39:18]  正在连接 QQ-备用 邮箱服务器 (shouqianbadavid@qq.com) ...
[2026-07-10 10:39:53]  正在连接 QQ-主 邮箱服务器 (497720537@qq.com) ...
[2026-07-10 10:39:54]  正在连接 QQ-备用 邮箱服务器 (shouqianbadavid@qq.com) ...
[2026-07-10 10:40:30]  正在连接 QQ-主 邮箱服务器 (497720537@qq.com) ...
[2026-07-10 10:40:30]  正在连接 QQ-备用 邮箱服务器 (shouqianbadavid@qq.com) ...
[2026-07-10 10:41:05]  正在连接 QQ-主 邮箱服务器 (497720537@qq.com) ...
[2026-07-10 10:41:06]  正在连接 QQ-备用 邮箱服务器 (shouqianbadavid@qq.com) ...
[2026-07-10 10:41:42]  正在连接 QQ-主 邮箱服务器 (497720537@qq.com) ...
[2026-07-10 10:41:42]  正在连接 QQ-备用 邮箱服务器 (shouqianbadavid@qq.com) ...
[2026-07-10 10:42:18]  正在连接 QQ-主 邮箱服务器 (497720537@qq.com) ...
[2026-07-10 10:42:18]  正在连接 QQ-备用 邮箱服务器 (shouqianbadavid@qq.com) ...
[2026-07-10 10:42:54]  正在连接 QQ-主 邮箱服务器 (497720537@qq.com) ...
[2026-07-10 10:42:55]  正在连接 QQ-备用 邮箱服务器 (shouqianbadavid@qq.com) ...
[2026-07-10 10:43:30]  正在连接 QQ-主 邮箱服务器 (497720537@qq.com) ...
[2026-07-10 10:43:30]  正在连接 QQ-备用 邮箱服务器 (shouqianbadavid@qq.com) ...
[2026-07-10 10:44:06]  正在连接 QQ-主 邮箱服务器 (497720537@qq.com) ...
[2026-07-10 10:44:07]  正在连接 QQ-备用 邮箱服务器 (shouqianbadavid@qq.com) ...
[2026-07-10 10:44:43]  正在连接 QQ-主 邮箱服务器 (497720537@qq.com) ...
[2026-07-10 10:44:43]  正在连接 QQ-备用 邮箱服务器 (shouqianbadavid@qq.com) ...
[2026-07-10 10:45:19]  正在连接 QQ-主 邮箱服务器 (497720537@qq.com) ...
[2026-07-10 10:45:20]  正在连接 QQ-备用 邮箱服务器 (shouqianbadavid@qq.com) ...
[2026-07-10 10:45:55]  正在连接 QQ-主 邮箱服务器 (497720537@qq.com) ...
[2026-07-10 10:45:56]  正在连接 QQ-备用 邮箱服务器 (shouqianbadavid@qq.com) ...
[2026-07-10 10:46:32]  正在连接 QQ-主 邮箱服务器 (497720537@qq.com) ...
[2026-07-10 10:46:32]  正在连接 QQ-备用 邮箱服务器 (shouqianbadavid@qq.com) ...
[2026-07-10 10:47:08]  正在连接 QQ-主 邮箱服务器 (497720537@qq.com) ...
[2026-07-10 10:47:09]  正在连接 QQ-备用 邮箱服务器 (shouqianbadavid@qq.com) ...
[2026-07-10 10:47:44]  正在连接 QQ-主 邮箱服务器 (497720537@qq.com) ...
[2026-07-10 10:47:45]  正在连接 QQ-备用 邮箱服务器 (shouqianbadavid@qq.com) ...
[2026-07-10 10:48:21]  正在连接 QQ-主 邮箱服务器 (497720537@qq.com) ...
[2026-07-10 10:48:22]  正在连接 QQ-备用 邮箱服务器 (shouqianbadavid@qq.com) ...
[2026-07-10 10:48:57]  正在连接 QQ-主 邮箱服务器 (497720537@qq.com) ...
[2026-07-10 10:48:58]  正在连接 QQ-备用 邮箱服务器 (shouqianbadavid@qq.com) ...
[2026-07-10 10:49:34]  正在连接 QQ-主 邮箱服务器 (497720537@qq.com) ...
[2026-07-10 10:49:35]  正在连接 QQ-备用 邮箱服务器 (shouqianbadavid@qq.com) ...
[2026-07-10 10:50:11]  正在连接 QQ-主 邮箱服务器 (497720537@qq.com) ...
[2026-07-10 10:50:11]  正在连接 QQ-备用 邮箱服务器 (shouqianbadavid@qq.com) ...
[2026-07-10 10:50:47]  正在连接 QQ-主 邮箱服务器 (497720537@qq.com) ...
[2026-07-10 10:50:48]  正在连接 QQ-备用 邮箱服务器 (shouqianbadavid@qq.com) ...
[2026-07-10 10:51:23]  正在连接 QQ-主 邮箱服务器 (497720537@qq.com) ...
[2026-07-10 10:51:24]  正在连接 QQ-备用 邮箱服务器 (shouqianbadavid@qq.com) ...
[2026-07-10 10:52:00]  正在连接 QQ-主 邮箱服务器 (497720537@qq.com) ...
[2026-07-10 10:52:01]  正在连接 QQ-备用 邮箱服务器 (shouqianbadavid@qq.com) ...
[2026-07-10 10:52:37]  正在连接 QQ-主 邮箱服务器 (497720537@qq.com) ...
[2026-07-10 10:52:37]  正在连接 QQ-备用 邮箱服务器 (shouqianbadavid@qq.com) ...
[2026-07-10 10:53:13]  正在连接 QQ-主 邮箱服务器 (497720537@qq.com) ...
[2026-07-10 10:53:14]  正在连接 QQ-备用 邮箱服务器 (shouqianbadavid@qq.com) ...
[2026-07-10 10:53:50]  正在连接 QQ-主 邮箱服务器 (497720537@qq.com) ...
[2026-07-10 10:53:50]  正在连接 QQ-备用 邮箱服务器 (shouqianbadavid@qq.com) ...
[2026-07-10 10:54:26]  正在连接 QQ-主 邮箱服务器 (497720537@qq.com) ...
[2026-07-10 10:54:27]  正在连接 QQ-备用 邮箱服务器 (shouqianbadavid@qq.com) ...
[2026-07-10 10:55:02]  正在连接 QQ-主 邮箱服务器 (497720537@qq.com) ...
[2026-07-10 10:55:03]  正在连接 QQ-备用 邮箱服务器 (shouqianbadavid@qq.com) ...
[2026-07-10 10:55:38]  正在连接 QQ-主 邮箱服务器 (497720537@qq.com) ...
[2026-07-10 10:55:39]  正在连接 QQ-备用 邮箱服务器 (shouqianbadavid@qq.com) ...
[2026-07-10 10:56:15]  正在连接 QQ-主 邮箱服务器 (497720537@qq.com) ...
[2026-07-10 10:56:15]  正在连接 QQ-备用 邮箱服务器 (shouqianbadavid@qq.com) ...
[2026-07-10 10:56:51]  正在连接 QQ-主 邮箱服务器 (497720537@qq.com) ...
[2026-07-10 10:56:52]  正在连接 QQ-备用 邮箱服务器 (shouqianbadavid@qq.com) ...
[2026-07-10 10:57:27]  正在连接 QQ-主 邮箱服务器 (497720537@qq.com) ...
[2026-07-10 10:57:28]  正在连接 QQ-备用 邮箱服务器 (shouqianbadavid@qq.com) ...
[2026-07-10 10:58:04]  正在连接 QQ-主 邮箱服务器 (497720537@qq.com) ...
[2026-07-10 10:58:04]  正在连接 QQ-备用 邮箱服务器 (shouqianbadavid@qq.com) ...
[2026-07-10 10:58:40]  正在连接 QQ-主 邮箱服务器 (497720537@qq.com) ...
[2026-07-10 10:58:40]  正在连接 QQ-备用 邮箱服务器 (shouqianbadavid@qq.com) ...
[2026-07-10 10:59:16]  正在连接 QQ-主 邮箱服务器 (497720537@qq.com) ...
[2026-07-10 10:59:17]  正在连接 QQ-备用 邮箱服务器 (shouqianbadavid@qq.com) ...
[2026-07-10 10:59:58]  正在连接 QQ-主 邮箱服务器 (497720537@qq.com) ...
[2026-07-10 10:59:58]  正在连接 QQ-备用 邮箱服务器 (shouqianbadavid@qq.com) ...
[2026-07-10 11:00:34]  正在连接 QQ-主 邮箱服务器 (497720537@qq.com) ...
[2026-07-10 11:00:35]  正在连接 QQ-备用 邮箱服务器 (shouqianbadavid@qq.com) ...
[2026-07-10 11:01:10]  正在连接 QQ-主 邮箱服务器 (497720537@qq.com) ...
[2026-07-10 11:01:11]  正在连接 QQ-备用 邮箱服务器 (shouqianbadavid@qq.com) ...
[2026-07-10 11:01:46]  正在连接 QQ-主 邮箱服务器 (497720537@qq.com) ...
[2026-07-10 11:01:47]  正在连接 QQ-备用 邮箱服务器 (shouqianbadavid@qq.com) ...
[2026-07-10 11:02:23]  正在连接 QQ-主 邮箱服务器 (497720537@qq.com) ...
[2026-07-10 11:02:24]  正在连接 QQ-备用 邮箱服务器 (shouqianbadavid@qq.com) ...
[2026-07-10 11:03:00]  正在连接 QQ-主 邮箱服务器 (497720537@qq.com) ...
[2026-07-10 11:03:00]  正在连接 QQ-备用 邮箱服务器 (shouqianbadavid@qq.com) ...
[2026-07-10 11:03:36]  正在连接 QQ-主 邮箱服务器 (497720537@qq.com) ...
[2026-07-10 11:03:37]  正在连接 QQ-备用 邮箱服务器 (shouqianbadavid@qq.com) ...
[2026-07-10 11:04:13]  正在连接 QQ-主 邮箱服务器 (497720537@qq.com) ...
[2026-07-10 11:04:13]  正在连接 QQ-备用 邮箱服务器 (shouqianbadavid@qq.com) ...
[2026-07-10 11:04:49]  正在连接 QQ-主 邮箱服务器 (497720537@qq.com) ...
[2026-07-10 11:04:49]  正在连接 QQ-备用 邮箱服务器 (shouqianbadavid@qq.com) ...
[2026-07-10 11:05:25]  正在连接 QQ-主 邮箱服务器 (497720537@qq.com) ...
[2026-07-10 11:05:26]  正在连接 QQ-备用 邮箱服务器 (shouqianbadavid@qq.com) ...
[2026-07-10 11:06:02]  正在连接 QQ-主 邮箱服务器 (497720537@qq.com) ...
[2026-07-10 11:06:03]  正在连接 QQ-备用 邮箱服务器 (shouqianbadavid@qq.com) ...
[2026-07-10 11:06:38]  正在连接 QQ-主 邮箱服务器 (497720537@qq.com) ...
[2026-07-10 11:06:39]  QQ-主 正在解析因子: =?UTF-8?B?UGF0Y2hhcmlkYSBFbW9k?=
 =?UTF-8?B?IOWIhuS6q+S6huinhumikQ==?=
[2026-07-10 11:06:39]  发现表格，共 27 行数据
[2026-07-10 11:06:39]  表头映射失败，未找到指定列名。当前表头: ['看看视频内容吧。Patcharida Emod分享了 1 个视频7月9日 12:07查看视频此邮件发给497720537@qq.com。 如果不希望再收到 Meta 的这类邮件，请退订。Meta Platforms, Inc., Attention: Community Support, 1 Meta Way, Menlo Park, CA 94025为保护你的主页安全，请勿转发这封邮件。详细了解', '看看视频内容吧。Patcharida Emod分享了 1 个视频7月9日 12:07查看视频此邮件发给497720537@qq.com。 如果不希望再收到 Meta 的这类邮件，请退订。Meta Platforms, Inc., Attention: Community Support, 1 Meta Way, Menlo Park, CA 94025为保护你的主页安全，请勿转发这封邮件。详细了解', '看看视频内容吧。Patcharida Emod分享了 1 个视频7月9日 12:07查看视频此邮件发给497720537@qq.com。 如果不希望再收到 Meta 的这类邮件，请退订。Meta Platforms, Inc., Attention: Community Support, 1 Meta Way, Menlo Park, CA 94025为保护你的主页安全，请勿转发这封邮件。详细了解', '', '看看视频内容吧。', '', '', '', '', '', '', '', '', '', '', '', '', '', '', 'Patcharida Emod分享了 1 个视频7月9日 12:07查看视频', '', 'Patcharida Emod分享了 1 个视频7月9日 12:07查看视频', 'Patcharida Emod分享了 1 个视频7月9日 12:07查看视频', '', '', 'Patcharida Emod分享了 1 个视频7月9日 12:07查看视频', 'Patcharida Emod分享了 1 个视频7月9日 12:07', 'Patcharida Emod分享了 1 个视频', '', '7月9日 12:07', '', '查看视频', '查看视频', '', '', '', '此邮件发给497720537@qq.com。 如果不希望再收到 Meta 的这类邮件，请退订。Meta Platforms, Inc., Attention: Community Support, 1 Meta Way, Menlo Park, CA 94025', '', '此邮件发给497720537@qq.com。 如果不希望再收到 Meta 的这类邮件，请退订。Meta Platforms, Inc., Attention: Community Support, 1 Meta Way, Menlo Park, CA 94025', '', '', '为保护你的主页安全，请勿转发这封邮件。详细了解', '为保护你的主页安全，请勿转发这封邮件。详细了解', '', '']
[2026-07-10 11:06:39] QQ-主 邮件 5317 无有效信号
[2026-07-10 11:06:39]  正在连接 QQ-备用 邮箱服务器 (shouqianbadavid@qq.com) ...
[2026-07-10 11:07:15]  正在连接 QQ-主 邮箱服务器 (497720537@qq.com) ...
[2026-07-10 11:07:22]  正在连接 QQ-备用 邮箱服务器 (shouqianbadavid@qq.com) ...
[2026-07-10 11:07:58]  正在连接 QQ-主 邮箱服务器 (497720537@qq.com) ...
[2026-07-10 11:07:59]  正在连接 QQ-备用 邮箱服务器 (shouqianbadavid@qq.com) ...
[2026-07-10 11:08:35]  正在连接 QQ-主 邮箱服务器 (497720537@qq.com) ...
[2026-07-10 11:08:36]  正在连接 QQ-备用 邮箱服务器 (shouqianbadavid@qq.com) ...
[2026-07-10 11:09:11]  正在连接 QQ-主 邮箱服务器 (497720537@qq.com) ...
[2026-07-10 11:09:12]  正在连接 QQ-备用 邮箱服务器 (shouqianbadavid@qq.com) ...
[2026-07-10 11:09:48]  正在连接 QQ-主 邮箱服务器 (497720537@qq.com) ...
[2026-07-10 11:09:48]  正在连接 QQ-备用 邮箱服务器 (shouqianbadavid@qq.com) ...
[2026-07-10 11:10:24]  正在连接 QQ-主 邮箱服务器 (497720537@qq.com) ...
[2026-07-10 11:10:29]  正在连接 QQ-备用 邮箱服务器 (shouqianbadavid@qq.com) ...
[2026-07-10 11:11:05]  正在连接 QQ-主 邮箱服务器 (497720537@qq.com) ...
[2026-07-10 11:11:06]  正在连接 QQ-备用 邮箱服务器 (shouqianbadavid@qq.com) ...
[2026-07-10 11:11:41]  正在连接 QQ-主 邮箱服务器 (497720537@qq.com) ...
[2026-07-10 11:11:42]  正在连接 QQ-备用 邮箱服务器 (shouqianbadavid@qq.com) ...
[2026-07-10 11:12:18]  正在连接 QQ-主 邮箱服务器 (497720537@qq.com) ...
[2026-07-10 11:12:18]  正在连接 QQ-备用 邮箱服务器 (shouqianbadavid@qq.com) ...
[2026-07-10 11:12:54]  正在连接 QQ-主 邮箱服务器 (497720537@qq.com) ...
[2026-07-10 11:12:55]  正在连接 QQ-备用 邮箱服务器 (shouqianbadavid@qq.com) ...
[2026-07-10 11:13:31]  正在连接 QQ-主 邮箱服务器 (497720537@qq.com) ...
[2026-07-10 11:13:31]  正在连接 QQ-备用 邮箱服务器 (shouqianbadavid@qq.com) ...
[2026-07-10 11:14:07]  正在连接 QQ-主 邮箱服务器 (497720537@qq.com) ...
[2026-07-10 11:14:08]  正在连接 QQ-备用 邮箱服务器 (shouqianbadavid@qq.com) ...
[2026-07-10 11:14:43]  正在连接 QQ-主 邮箱服务器 (497720537@qq.com) ...
[2026-07-10 11:14:44]  正在连接 QQ-备用 邮箱服务器 (shouqianbadavid@qq.com) ...
[2026-07-10 11:15:20]  正在连接 QQ-主 邮箱服务器 (497720537@qq.com) ...
[2026-07-10 11:15:20]  QQ-主 因子处理主循环异常: [Errno 11001] getaddrinfo failed
[2026-07-10 11:15:30]  正在连接 QQ-备用 邮箱服务器 (shouqianbadavid@qq.com) ...
[2026-07-10 11:16:06]  正在连接 QQ-主 邮箱服务器 (497720537@qq.com) ...
[2026-07-10 11:16:06]  正在连接 QQ-备用 邮箱服务器 (shouqianbadavid@qq.com) ...
[2026-07-10 11:16:42]  正在连接 QQ-主 邮箱服务器 (497720537@qq.com) ...
[2026-07-10 11:16:43]  正在连接 QQ-备用 邮箱服务器 (shouqianbadavid@qq.com) ...
[2026-07-10 11:17:19]  正在连接 QQ-主 邮箱服务器 (497720537@qq.com) ...
[2026-07-10 11:17:20]  正在连接 QQ-备用 邮箱服务器 (shouqianbadavid@qq.com) ...
[2026-07-10 11:17:56]  正在连接 QQ-主 邮箱服务器 (497720537@qq.com) ...
[2026-07-10 11:17:56]  正在连接 QQ-备用 邮箱服务器 (shouqianbadavid@qq.com) ...
[2026-07-10 11:18:32]  正在连接 QQ-主 邮箱服务器 (497720537@qq.com) ...
[2026-07-10 11:18:33]  正在连接 QQ-备用 邮箱服务器 (shouqianbadavid@qq.com) ...
[2026-07-10 11:19:09]  正在连接 QQ-主 邮箱服务器 (497720537@qq.com) ...
[2026-07-10 11:19:09]  正在连接 QQ-备用 邮箱服务器 (shouqianbadavid@qq.com) ...
[2026-07-10 11:19:45]  正在连接 QQ-主 邮箱服务器 (497720537@qq.com) ...
[2026-07-10 11:19:46]  正在连接 QQ-备用 邮箱服务器 (shouqianbadavid@qq.com) ...
[2026-07-10 11:20:22]  正在连接 QQ-主 邮箱服务器 (497720537@qq.com) ...
[2026-07-10 11:20:22]  正在连接 QQ-备用 邮箱服务器 (shouqianbadavid@qq.com) ...
[2026-07-10 11:20:58]  正在连接 QQ-主 邮箱服务器 (497720537@qq.com) ...
[2026-07-10 11:20:59]  正在连接 QQ-备用 邮箱服务器 (shouqianbadavid@qq.com) ...
[2026-07-10 11:21:34]  正在连接 QQ-主 邮箱服务器 (497720537@qq.com) ...
[2026-07-10 11:21:35]  正在连接 QQ-备用 邮箱服务器 (shouqianbadavid@qq.com) ...
[2026-07-10 11:22:11]  正在连接 QQ-主 邮箱服务器 (497720537@qq.com) ...
[2026-07-10 11:22:12]  正在连接 QQ-备用 邮箱服务器 (shouqianbadavid@qq.com) ...
[2026-07-10 11:22:48]  正在连接 QQ-主 邮箱服务器 (497720537@qq.com) ...
[2026-07-10 11:22:49]  正在连接 QQ-备用 邮箱服务器 (shouqianbadavid@qq.com) ...
[2026-07-10 11:23:25]  正在连接 QQ-主 邮箱服务器 (497720537@qq.com) ...
[2026-07-10 11:23:25]  正在连接 QQ-备用 邮箱服务器 (shouqianbadavid@qq.com) ...
[2026-07-10 11:24:01]  正在连接 QQ-主 邮箱服务器 (497720537@qq.com) ...
[2026-07-10 11:24:02]  正在连接 QQ-备用 邮箱服务器 (shouqianbadavid@qq.com) ...
[2026-07-10 11:24:38]  正在连接 QQ-主 邮箱服务器 (497720537@qq.com) ...
[2026-07-10 11:24:38]  正在连接 QQ-备用 邮箱服务器 (shouqianbadavid@qq.com) ...
[2026-07-10 11:25:13]  正在连接 QQ-主 邮箱服务器 (497720537@qq.com) ...
[2026-07-10 11:25:14]  正在连接 QQ-备用 邮箱服务器 (shouqianbadavid@qq.com) ...
[2026-07-10 11:25:50]  正在连接 QQ-主 邮箱服务器 (497720537@qq.com) ...
[2026-07-10 11:25:50]  正在连接 QQ-备用 邮箱服务器 (shouqianbadavid@qq.com) ...
[2026-07-10 11:26:26]  正在连接 QQ-主 邮箱服务器 (497720537@qq.com) ...
[2026-07-10 11:26:27]  正在连接 QQ-备用 邮箱服务器 (shouqianbadavid@qq.com) ...
[2026-07-10 11:27:02]  正在连接 QQ-主 邮箱服务器 (497720537@qq.com) ...
[2026-07-10 11:27:03]  正在连接 QQ-备用 邮箱服务器 (shouqianbadavid@qq.com) ...
[2026-07-10 11:27:39]  正在连接 QQ-主 邮箱服务器 (497720537@qq.com) ...
[2026-07-10 11:27:40]  正在连接 QQ-备用 邮箱服务器 (shouqianbadavid@qq.com) ...
[2026-07-10 11:28:15]  正在连接 QQ-主 邮箱服务器 (497720537@qq.com) ...
[2026-07-10 11:28:16]  正在连接 QQ-备用 邮箱服务器 (shouqianbadavid@qq.com) ...
[2026-07-10 11:28:52]  正在连接 QQ-主 邮箱服务器 (497720537@qq.com) ...
[2026-07-10 11:28:53]  正在连接 QQ-备用 邮箱服务器 (shouqianbadavid@qq.com) ...
[2026-07-10 11:29:29]  正在连接 QQ-主 邮箱服务器 (497720537@qq.com) ...
[2026-07-10 11:29:40]  QQ-主 因子处理主循环异常: [Errno 11001] getaddrinfo failed
[2026-07-10 11:29:50]  正在连接 QQ-备用 邮箱服务器 (shouqianbadavid@qq.com) ...
[2026-07-10 11:29:51]  QQ-备用 因子处理主循环异常: [Errno 11001] getaddrinfo failed
[2026-07-10 11:30:36]  正在连接 QQ-主 邮箱服务器 (497720537@qq.com) ...
[2026-07-10 11:30:37]  正在连接 QQ-备用 邮箱服务器 (shouqianbadavid@qq.com) ...
[2026-07-10 11:31:12]  正在连接 QQ-主 邮箱服务器 (497720537@qq.com) ...
[2026-07-10 11:31:13]  正在连接 QQ-备用 邮箱服务器 (shouqianbadavid@qq.com) ...
[2026-07-10 11:31:49]  正在连接 QQ-主 邮箱服务器 (497720537@qq.com) ...
[2026-07-10 11:31:50]  正在连接 QQ-备用 邮箱服务器 (shouqianbadavid@qq.com) ...
[2026-07-10 11:32:25]  正在连接 QQ-主 邮箱服务器 (497720537@qq.com) ...
[2026-07-10 11:32:26]  正在连接 QQ-备用 邮箱服务器 (shouqianbadavid@qq.com) ...
[2026-07-10 11:33:02]  正在连接 QQ-主 邮箱服务器 (497720537@qq.com) ...
[2026-07-10 11:33:03]  正在连接 QQ-备用 邮箱服务器 (shouqianbadavid@qq.com) ...
[2026-07-10 11:33:39]  正在连接 QQ-主 邮箱服务器 (497720537@qq.com) ...
[2026-07-10 11:33:39]  正在连接 QQ-备用 邮箱服务器 (shouqianbadavid@qq.com) ...
[2026-07-10 11:34:15]  正在连接 QQ-主 邮箱服务器 (497720537@qq.com) ...
[2026-07-10 11:34:16]  正在连接 QQ-备用 邮箱服务器 (shouqianbadavid@qq.com) ...
[2026-07-10 11:34:52]  正在连接 QQ-主 邮箱服务器 (497720537@qq.com) ...
[2026-07-10 11:34:52]  正在连接 QQ-备用 邮箱服务器 (shouqianbadavid@qq.com) ...
[2026-07-10 11:35:28]  正在连接 QQ-主 邮箱服务器 (497720537@qq.com) ...
[2026-07-10 11:35:29]  正在连接 QQ-备用 邮箱服务器 (shouqianbadavid@qq.com) ...
[2026-07-10 11:36:05]  正在连接 QQ-主 邮箱服务器 (497720537@qq.com) ...
[2026-07-10 11:36:05]  QQ-主 正在解析因子: =?utf-8?b?QWxwaGFQaWxvdCDlrp7ml7bkv6Hlj7cgKGFscGhhX3NpZ25hbF90aHJfMjAyNjA3MTBfMTEzNS5qc29uKSBb5Li7UVEt5a+55aSWXQ==?=
[2026-07-10 11:36:05]  发现表格，共 2 行数据
[2026-07-10 11:36:05]  动态索引映射: ['股票代码', '股票名称', '信号', '当前价格', '量比', '来源过滤']
[2026-07-10 11:36:05]  [行1] 解析成功: SZSE.300661 [圣邦股份] SELL @ 131.81 (VR:0.25)
[2026-07-10 11:36:05]  [行2] 解析成功: SZSE.300661 [圣邦股份] SELL @ 131.7 (VR:0.2)
[2026-07-10 11:36:05] 成功保存 2 条因子至: signal_batch_20260710_113605_799127.txt
[2026-07-10 11:36:05]  QQ-主 邮件 5318 处理完成
[2026-07-10 11:36:05]  QQ-主 本轮共成功处理 1 封有效信号邮件
[2026-07-10 11:36:05]  正在连接 QQ-备用 邮箱服务器 (shouqianbadavid@qq.com) ...
[2026-07-10 11:36:06]  QQ-备用 正在解析因子: =?utf-8?b?QWxwaGFQaWxvdCDlpIfku73kv6Hlj7cgKGFscGhhX3NpZ25hbF90aHJfMjAyNjA3MTBfMTEzNS5qc29uKSBb5aSHUVEt6Ieq5L+dXQ==?=
[2026-07-10 11:36:06]  发现表格，共 2 行数据
[2026-07-10 11:36:06]  动态索引映射: ['股票代码', '股票名称', '信号', '当前价格', '量比', '来源过滤']
[2026-07-10 11:36:06]  [行1] 解析成功: SZSE.300661 [圣邦股份] SELL @ 131.81 (VR:0.25)
[2026-07-10 11:36:06]  [行2] 解析成功: SZSE.300661 [圣邦股份] SELL @ 131.7 (VR:0.2)
[2026-07-10 11:36:06] 成功保存 2 条因子至: signal_batch_20260710_113606_993480.txt
[2026-07-10 11:36:07]  QQ-备用 邮件 3045 处理完成
[2026-07-10 11:36:07]  QQ-备用 本轮共成功处理 1 封有效信号邮件
[2026-07-10 11:36:42]  正在连接 QQ-主 邮箱服务器 (497720537@qq.com) ...
[2026-07-10 11:36:43]  正在连接 QQ-备用 邮箱服务器 (shouqianbadavid@qq.com) ...
[2026-07-10 11:37:18]  正在连接 QQ-主 邮箱服务器 (497720537@qq.com) ...
[2026-07-10 11:37:26]  正在连接 QQ-备用 邮箱服务器 (shouqianbadavid@qq.com) ...
[2026-07-10 11:38:02]  正在连接 QQ-主 邮箱服务器 (497720537@qq.com) ...
[2026-07-10 11:38:04]  正在连接 QQ-备用 邮箱服务器 (shouqianbadavid@qq.com) ...
[2026-07-10 11:38:39]  正在连接 QQ-主 邮箱服务器 (497720537@qq.com) ...
[2026-07-10 11:38:40]  正在连接 QQ-备用 邮箱服务器 (shouqianbadavid@qq.com) ...
[2026-07-10 11:39:16]  正在连接 QQ-主 邮箱服务器 (497720537@qq.com) ...
[2026-07-10 11:39:17]  正在连接 QQ-备用 邮箱服务器 (shouqianbadavid@qq.com) ...
[2026-07-10 11:39:52]  正在连接 QQ-主 邮箱服务器 (497720537@qq.com) ...
[2026-07-10 11:39:53]  正在连接 QQ-备用 邮箱服务器 (shouqianbadavid@qq.com) ...
[2026-07-10 11:40:29]  正在连接 QQ-主 邮箱服务器 (497720537@qq.com) ...
[2026-07-10 11:40:37]  正在连接 QQ-备用 邮箱服务器 (shouqianbadavid@qq.com) ...
[2026-07-10 11:41:12]  正在连接 QQ-主 邮箱服务器 (497720537@qq.com) ...
[2026-07-10 11:41:13]  正在连接 QQ-备用 邮箱服务器 (shouqianbadavid@qq.com) ...
[2026-07-10 11:41:49]  正在连接 QQ-主 邮箱服务器 (497720537@qq.com) ...
[2026-07-10 11:41:49]  正在连接 QQ-备用 邮箱服务器 (shouqianbadavid@qq.com) ...
[2026-07-10 11:42:24]  正在连接 QQ-主 邮箱服务器 (497720537@qq.com) ...
[2026-07-10 11:42:25]  正在连接 QQ-备用 邮箱服务器 (shouqianbadavid@qq.com) ...
[2026-07-10 11:43:01]  正在连接 QQ-主 邮箱服务器 (497720537@qq.com) ...
[2026-07-10 11:43:01]  正在连接 QQ-备用 邮箱服务器 (shouqianbadavid@qq.com) ...
[2026-07-10 11:43:37]  正在连接 QQ-主 邮箱服务器 (497720537@qq.com) ...
[2026-07-10 11:43:38]  正在连接 QQ-备用 邮箱服务器 (shouqianbadavid@qq.com) ...
[2026-07-10 11:44:15]  正在连接 QQ-主 邮箱服务器 (497720537@qq.com) ...
[2026-07-10 11:44:16]  正在连接 QQ-备用 邮箱服务器 (shouqianbadavid@qq.com) ...
[2026-07-10 11:44:52]  正在连接 QQ-主 邮箱服务器 (497720537@qq.com) ...
[2026-07-10 11:44:52]  正在连接 QQ-备用 邮箱服务器 (shouqianbadavid@qq.com) ...
[2026-07-10 11:45:28]  正在连接 QQ-主 邮箱服务器 (497720537@qq.com) ...
[2026-07-10 11:45:29]  正在连接 QQ-备用 邮箱服务器 (shouqianbadavid@qq.com) ...
[2026-07-10 11:46:04]  正在连接 QQ-主 邮箱服务器 (497720537@qq.com) ...
[2026-07-10 11:46:05]  正在连接 QQ-备用 邮箱服务器 (shouqianbadavid@qq.com) ...
[2026-07-10 11:46:40]  正在连接 QQ-主 邮箱服务器 (497720537@qq.com) ...
[2026-07-10 11:46:40]  正在连接 QQ-备用 邮箱服务器 (shouqianbadavid@qq.com) ...
[2026-07-10 11:47:16]  正在连接 QQ-主 邮箱服务器 (497720537@qq.com) ...
[2026-07-10 11:47:17]  正在连接 QQ-备用 邮箱服务器 (shouqianbadavid@qq.com) ...
[2026-07-10 11:47:52]  正在连接 QQ-主 邮箱服务器 (497720537@qq.com) ...
[2026-07-10 11:47:53]  正在连接 QQ-备用 邮箱服务器 (shouqianbadavid@qq.com) ...
[2026-07-10 11:48:28]  正在连接 QQ-主 邮箱服务器 (497720537@qq.com) ...
[2026-07-10 11:48:29]  正在连接 QQ-备用 邮箱服务器 (shouqianbadavid@qq.com) ...
[2026-07-10 11:49:04]  正在连接 QQ-主 邮箱服务器 (497720537@qq.com) ...
[2026-07-10 11:49:05]  正在连接 QQ-备用 邮箱服务器 (shouqianbadavid@qq.com) ...
[2026-07-10 11:49:41]  正在连接 QQ-主 邮箱服务器 (497720537@qq.com) ...
[2026-07-10 11:49:41]  正在连接 QQ-备用 邮箱服务器 (shouqianbadavid@qq.com) ...
[2026-07-10 11:50:17]  正在连接 QQ-主 邮箱服务器 (497720537@qq.com) ...
[2026-07-10 11:50:17]  正在连接 QQ-备用 邮箱服务器 (shouqianbadavid@qq.com) ...
[2026-07-10 11:50:53]  正在连接 QQ-主 邮箱服务器 (497720537@qq.com) ...
[2026-07-10 11:50:53]  正在连接 QQ-备用 邮箱服务器 (shouqianbadavid@qq.com) ...
[2026-07-10 11:51:29]  正在连接 QQ-主 邮箱服务器 (497720537@qq.com) ...
[2026-07-10 11:51:30]  正在连接 QQ-备用 邮箱服务器 (shouqianbadavid@qq.com) ...
[2026-07-10 11:52:05]  正在连接 QQ-主 邮箱服务器 (497720537@qq.com) ...
[2026-07-10 11:52:06]  正在连接 QQ-备用 邮箱服务器 (shouqianbadavid@qq.com) ...
[2026-07-10 11:52:42]  正在连接 QQ-主 邮箱服务器 (497720537@qq.com) ...
[2026-07-10 11:52:43]  正在连接 QQ-备用 邮箱服务器 (shouqianbadavid@qq.com) ...
[2026-07-10 11:53:18]  正在连接 QQ-主 邮箱服务器 (497720537@qq.com) ...
[2026-07-10 11:53:19]  正在连接 QQ-备用 邮箱服务器 (shouqianbadavid@qq.com) ...
[2026-07-10 11:53:54]  正在连接 QQ-主 邮箱服务器 (497720537@qq.com) ...
[2026-07-10 11:53:55]  正在连接 QQ-备用 邮箱服务器 (shouqianbadavid@qq.com) ...
[2026-07-10 11:54:31]  正在连接 QQ-主 邮箱服务器 (497720537@qq.com) ...
[2026-07-10 11:54:31]  正在连接 QQ-备用 邮箱服务器 (shouqianbadavid@qq.com) ...
