[2026-09-01 14:19:01]  AlphaPilot 监听服务 (Pro 多邮箱版) 启动...
[2026-09-01 14:19:01]  信号保存目录: D:\mpython\signals
[2026-09-01 14:19:01]  日志文件: D:\mpython\logs_receiver\receiver_20260901.log
[2026-09-01 14:19:01]  正在连接 QQ-主 邮箱服务器 (497720537@qq.com) ...
[2026-09-01 14:19:02]  正在连接 QQ-备用 邮箱服务器 (shouqianbadavid@qq.com) ...
[2026-09-01 14:19:38]  正在连接 QQ-主 邮箱服务器 (497720537@qq.com) ...
[2026-09-01 14:19:39]  正在连接 QQ-备用 邮箱服务器 (shouqianbadavid@qq.com) ...
[2026-09-01 14:20:14]  正在连接 QQ-主 邮箱服务器 (497720537@qq.com) ...
[2026-09-01 14:20:15]  正在连接 QQ-备用 邮箱服务器 (shouqianbadavid@qq.com) ...
[2026-09-01 14:20:50]  正在连接 QQ-主 邮箱服务器 (497720537@qq.com) ...
[2026-09-01 14:20:51]  正在连接 QQ-备用 邮箱服务器 (shouqianbadavid@qq.com) ...
[2026-09-01 14:21:27]  正在连接 QQ-主 邮箱服务器 (497720537@qq.com) ...
[2026-09-01 14:21:27]  正在连接 QQ-备用 邮箱服务器 (shouqianbadavid@qq.com) ...
[2026-09-01 14:22:03]  正在连接 QQ-主 邮箱服务器 (497720537@qq.com) ...
[2026-09-01 14:22:04]  正在连接 QQ-备用 邮箱服务器 (shouqianbadavid@qq.com) ...
[2026-09-01 14:22:40]  正在连接 QQ-主 邮箱服务器 (497720537@qq.com) ...
[2026-09-01 14:22:41]  正在连接 QQ-备用 邮箱服务器 (shouqianbadavid@qq.com) ...
[2026-09-01 14:23:16]  正在连接 QQ-主 邮箱服务器 (497720537@qq.com) ...
[2026-09-01 14:23:17]  正在连接 QQ-备用 邮箱服务器 (shouqianbadavid@qq.com) ...
[2026-09-01 14:23:53]  正在连接 QQ-主 邮箱服务器 (497720537@qq.com) ...
[2026-09-01 14:23:53]  正在连接 QQ-备用 邮箱服务器 (shouqianbadavid@qq.com) ...
[2026-09-01 14:24:29]  正在连接 QQ-主 邮箱服务器 (497720537@qq.com) ...
[2026-09-01 14:24:29]  正在连接 QQ-备用 邮箱服务器 (shouqianbadavid@qq.com) ...
[2026-09-01 14:25:05]  正在连接 QQ-主 邮箱服务器 (497720537@qq.com) ...
[2026-09-01 14:25:06]  正在连接 QQ-备用 邮箱服务器 (shouqianbadavid@qq.com) ...
[2026-09-01 14:25:41]  正在连接 QQ-主 邮箱服务器 (497720537@qq.com) ...
[2026-09-01 14:25:42]  正在连接 QQ-备用 邮箱服务器 (shouqianbadavid@qq.com) ...
[2026-09-01 14:26:18]  正在连接 QQ-主 邮箱服务器 (497720537@qq.com) ...
[2026-09-01 14:26:19]  正在连接 QQ-备用 邮箱服务器 (shouqianbadavid@qq.com) ...
[2026-09-01 14:26:55]  正在连接 QQ-主 邮箱服务器 (497720537@qq.com) ...
[2026-09-01 14:26:56]  正在连接 QQ-备用 邮箱服务器 (shouqianbadavid@qq.com) ...
[2026-09-01 14:27:33]  正在连接 QQ-主 邮箱服务器 (497720537@qq.com) ...
[2026-09-01 14:27:33]  正在连接 QQ-备用 邮箱服务器 (shouqianbadavid@qq.com) ...
[2026-09-01 14:28:10]  正在连接 QQ-主 邮箱服务器 (497720537@qq.com) ...
[2026-09-01 14:28:11]  正在连接 QQ-备用 邮箱服务器 (shouqianbadavid@qq.com) ...
[2026-09-01 14:28:46]  正在连接 QQ-主 邮箱服务器 (497720537@qq.com) ...
[2026-09-01 14:28:47]  正在连接 QQ-备用 邮箱服务器 (shouqianbadavid@qq.com) ...
[2026-09-01 14:29:23]  正在连接 QQ-主 邮箱服务器 (497720537@qq.com) ...
[2026-09-01 14:29:24]  正在连接 QQ-备用 邮箱服务器 (shouqianbadavid@qq.com) ...
[2026-09-01 14:29:59]  正在连接 QQ-主 邮箱服务器 (497720537@qq.com) ...
[2026-09-01 14:30:00]  正在连接 QQ-备用 邮箱服务器 (shouqianbadavid@qq.com) ...
[2026-09-01 14:30:36]  正在连接 QQ-主 邮箱服务器 (497720537@qq.com) ...
[2026-09-01 14:30:37]  正在连接 QQ-备用 邮箱服务器 (shouqianbadavid@qq.com) ...
[2026-09-01 14:31:12]  正在连接 QQ-主 邮箱服务器 (497720537@qq.com) ...
[2026-09-01 14:31:13]  正在连接 QQ-备用 邮箱服务器 (shouqianbadavid@qq.com) ...
[2026-09-01 14:31:49]  正在连接 QQ-主 邮箱服务器 (497720537@qq.com) ...
[2026-09-01 14:31:50]  正在连接 QQ-备用 邮箱服务器 (shouqianbadavid@qq.com) ...
[2026-09-01 14:32:26]  正在连接 QQ-主 邮箱服务器 (497720537@qq.com) ...
[2026-09-01 14:32:27]  正在连接 QQ-备用 邮箱服务器 (shouqianbadavid@qq.com) ...
[2026-09-01 14:33:03]  正在连接 QQ-主 邮箱服务器 (497720537@qq.com) ...
[2026-09-01 14:33:04]  正在连接 QQ-备用 邮箱服务器 (shouqianbadavid@qq.com) ...
[2026-09-01 14:33:40]  正在连接 QQ-主 邮箱服务器 (497720537@qq.com) ...
[2026-09-01 14:33:41]  正在连接 QQ-备用 邮箱服务器 (shouqianbadavid@qq.com) ...
[2026-09-01 14:34:17]  正在连接 QQ-主 邮箱服务器 (497720537@qq.com) ...
[2026-09-01 14:34:17]  正在连接 QQ-备用 邮箱服务器 (shouqianbadavid@qq.com) ...
[2026-09-01 14:34:53]  正在连接 QQ-主 邮箱服务器 (497720537@qq.com) ...
[2026-09-01 14:34:54]  正在连接 QQ-备用 邮箱服务器 (shouqianbadavid@qq.com) ...
[2026-09-01 14:35:29]  正在连接 QQ-主 邮箱服务器 (497720537@qq.com) ...
[2026-09-01 14:35:30]  正在连接 QQ-备用 邮箱服务器 (shouqianbadavid@qq.com) ...
[2026-09-01 14:36:06]  正在连接 QQ-主 邮箱服务器 (497720537@qq.com) ...
[2026-09-01 14:36:07]  正在连接 QQ-备用 邮箱服务器 (shouqianbadavid@qq.com) ...
[2026-09-01 14:36:43]  正在连接 QQ-主 邮箱服务器 (497720537@qq.com) ...
[2026-09-01 14:36:43]  正在连接 QQ-备用 邮箱服务器 (shouqianbadavid@qq.com) ...
[2026-09-01 14:37:19]  正在连接 QQ-主 邮箱服务器 (497720537@qq.com) ...
[2026-09-01 14:37:20]  正在连接 QQ-备用 邮箱服务器 (shouqianbadavid@qq.com) ...
[2026-09-01 14:37:55]  正在连接 QQ-主 邮箱服务器 (497720537@qq.com) ...
[2026-09-01 14:37:57]  正在连接 QQ-备用 邮箱服务器 (shouqianbadavid@qq.com) ...
[2026-09-01 14:38:33]  正在连接 QQ-主 邮箱服务器 (497720537@qq.com) ...
[2026-09-01 14:38:33]  正在连接 QQ-备用 邮箱服务器 (shouqianbadavid@qq.com) ...
[2026-09-01 14:39:09]  正在连接 QQ-主 邮箱服务器 (497720537@qq.com) ...
[2026-09-01 14:39:10]  正在连接 QQ-备用 邮箱服务器 (shouqianbadavid@qq.com) ...
[2026-09-01 14:39:45]  正在连接 QQ-主 邮箱服务器 (497720537@qq.com) ...
[2026-09-01 14:39:46]  正在连接 QQ-备用 邮箱服务器 (shouqianbadavid@qq.com) ...
[2026-09-01 14:40:21]  正在连接 QQ-主 邮箱服务器 (497720537@qq.com) ...
[2026-09-01 14:40:22]  正在连接 QQ-备用 邮箱服务器 (shouqianbadavid@qq.com) ...
[2026-09-01 14:40:58]  正在连接 QQ-主 邮箱服务器 (497720537@qq.com) ...
[2026-09-01 14:40:58]  正在连接 QQ-备用 邮箱服务器 (shouqianbadavid@qq.com) ...
[2026-09-01 14:41:34]  正在连接 QQ-主 邮箱服务器 (497720537@qq.com) ...
[2026-09-01 14:41:34]  正在连接 QQ-备用 邮箱服务器 (shouqianbadavid@qq.com) ...
[2026-09-01 14:42:10]  正在连接 QQ-主 邮箱服务器 (497720537@qq.com) ...
[2026-09-01 14:42:11]  正在连接 QQ-备用 邮箱服务器 (shouqianbadavid@qq.com) ...
[2026-09-01 14:42:46]  正在连接 QQ-主 邮箱服务器 (497720537@qq.com) ...
[2026-09-01 14:42:47]  正在连接 QQ-备用 邮箱服务器 (shouqianbadavid@qq.com) ...
[2026-09-01 14:43:22]  正在连接 QQ-主 邮箱服务器 (497720537@qq.com) ...
[2026-09-01 14:43:23]  正在连接 QQ-备用 邮箱服务器 (shouqianbadavid@qq.com) ...
[2026-09-01 14:43:59]  正在连接 QQ-主 邮箱服务器 (497720537@qq.com) ...
[2026-09-01 14:44:00]  正在连接 QQ-备用 邮箱服务器 (shouqianbadavid@qq.com) ...
[2026-09-01 14:44:36]  正在连接 QQ-主 邮箱服务器 (497720537@qq.com) ...
[2026-09-01 14:44:37]  正在连接 QQ-备用 邮箱服务器 (shouqianbadavid@qq.com) ...
[2026-09-01 14:45:13]  正在连接 QQ-主 邮箱服务器 (497720537@qq.com) ...
[2026-09-01 14:45:13]  正在连接 QQ-备用 邮箱服务器 (shouqianbadavid@qq.com) ...
[2026-09-01 14:45:49]  正在连接 QQ-主 邮箱服务器 (497720537@qq.com) ...
[2026-09-01 14:45:50]  正在连接 QQ-备用 邮箱服务器 (shouqianbadavid@qq.com) ...
[2026-09-01 14:46:26]  正在连接 QQ-主 邮箱服务器 (497720537@qq.com) ...
[2026-09-01 14:46:26]  正在连接 QQ-备用 邮箱服务器 (shouqianbadavid@qq.com) ...
[2026-09-01 14:47:02]  正在连接 QQ-主 邮箱服务器 (497720537@qq.com) ...
[2026-09-01 14:47:03]  正在连接 QQ-备用 邮箱服务器 (shouqianbadavid@qq.com) ...
[2026-09-01 14:47:39]  正在连接 QQ-主 邮箱服务器 (497720537@qq.com) ...
[2026-09-01 14:47:39]  正在连接 QQ-备用 邮箱服务器 (shouqianbadavid@qq.com) ...
[2026-09-01 14:48:15]  正在连接 QQ-主 邮箱服务器 (497720537@qq.com) ...
[2026-09-01 14:48:16]  正在连接 QQ-备用 邮箱服务器 (shouqianbadavid@qq.com) ...
[2026-09-01 14:48:52]  正在连接 QQ-主 邮箱服务器 (497720537@qq.com) ...
[2026-09-01 14:48:53]  正在连接 QQ-备用 邮箱服务器 (shouqianbadavid@qq.com) ...
[2026-09-01 14:49:28]  正在连接 QQ-主 邮箱服务器 (497720537@qq.com) ...
[2026-09-01 14:49:29]  正在连接 QQ-备用 邮箱服务器 (shouqianbadavid@qq.com) ...
[2026-09-01 14:50:04]  正在连接 QQ-主 邮箱服务器 (497720537@qq.com) ...
[2026-09-01 14:50:05]  正在连接 QQ-备用 邮箱服务器 (shouqianbadavid@qq.com) ...
[2026-09-01 14:50:41]  正在连接 QQ-主 邮箱服务器 (497720537@qq.com) ...
[2026-09-01 14:50:42]  正在连接 QQ-备用 邮箱服务器 (shouqianbadavid@qq.com) ...
[2026-09-01 14:51:17]  正在连接 QQ-主 邮箱服务器 (497720537@qq.com) ...
[2026-09-01 14:51:18]  正在连接 QQ-备用 邮箱服务器 (shouqianbadavid@qq.com) ...
[2026-09-01 14:51:53]  正在连接 QQ-主 邮箱服务器 (497720537@qq.com) ...
[2026-09-01 14:51:54]  正在连接 QQ-备用 邮箱服务器 (shouqianbadavid@qq.com) ...
[2026-09-01 14:52:30]  正在连接 QQ-主 邮箱服务器 (497720537@qq.com) ...
[2026-09-01 14:52:30]  正在连接 QQ-备用 邮箱服务器 (shouqianbadavid@qq.com) ...
[2026-09-01 14:53:06]  正在连接 QQ-主 邮箱服务器 (497720537@qq.com) ...
[2026-09-01 14:53:07]  正在连接 QQ-备用 邮箱服务器 (shouqianbadavid@qq.com) ...
[2026-09-01 14:53:43]  正在连接 QQ-主 邮箱服务器 (497720537@qq.com) ...
[2026-09-01 14:53:43]  正在连接 QQ-备用 邮箱服务器 (shouqianbadavid@qq.com) ...
[2026-09-01 14:54:19]  正在连接 QQ-主 邮箱服务器 (497720537@qq.com) ...
[2026-09-01 14:54:20]  正在连接 QQ-备用 邮箱服务器 (shouqianbadavid@qq.com) ...
[2026-09-01 14:54:55]  正在连接 QQ-主 邮箱服务器 (497720537@qq.com) ...
[2026-09-01 14:54:56]  正在连接 QQ-备用 邮箱服务器 (shouqianbadavid@qq.com) ...
[2026-09-01 14:55:32]  正在连接 QQ-主 邮箱服务器 (497720537@qq.com) ...
[2026-09-01 14:55:33]  正在连接 QQ-备用 邮箱服务器 (shouqianbadavid@qq.com) ...
[2026-09-01 14:56:09]  正在连接 QQ-主 邮箱服务器 (497720537@qq.com) ...
[2026-09-01 14:56:09]  正在连接 QQ-备用 邮箱服务器 (shouqianbadavid@qq.com) ...
[2026-09-01 14:56:45]  正在连接 QQ-主 邮箱服务器 (497720537@qq.com) ...
[2026-09-01 14:56:45]  正在连接 QQ-备用 邮箱服务器 (shouqianbadavid@qq.com) ...
[2026-09-01 14:57:21]  正在连接 QQ-主 邮箱服务器 (497720537@qq.com) ...
[2026-09-01 14:57:22]  正在连接 QQ-备用 邮箱服务器 (shouqianbadavid@qq.com) ...
[2026-09-01 14:57:57]  正在连接 QQ-主 邮箱服务器 (497720537@qq.com) ...
[2026-09-01 14:57:58]  正在连接 QQ-备用 邮箱服务器 (shouqianbadavid@qq.com) ...
[2026-09-01 14:58:34]  正在连接 QQ-主 邮箱服务器 (497720537@qq.com) ...
[2026-09-01 14:58:34]  正在连接 QQ-备用 邮箱服务器 (shouqianbadavid@qq.com) ...
[2026-09-01 14:59:10]  正在连接 QQ-主 邮箱服务器 (497720537@qq.com) ...
[2026-09-01 14:59:11]  正在连接 QQ-备用 邮箱服务器 (shouqianbadavid@qq.com) ...
[2026-09-01 14:59:46]  正在连接 QQ-主 邮箱服务器 (497720537@qq.com) ...
[2026-09-01 14:59:47]  正在连接 QQ-备用 邮箱服务器 (shouqianbadavid@qq.com) ...
[2026-09-01 15:00:23]  正在连接 QQ-主 邮箱服务器 (497720537@qq.com) ...
[2026-09-01 15:00:24]  正在连接 QQ-备用 邮箱服务器 (shouqianbadavid@qq.com) ...
[2026-09-01 15:01:00]  正在连接 QQ-主 邮箱服务器 (497720537@qq.com) ...
[2026-09-01 15:01:01]  正在连接 QQ-备用 邮箱服务器 (shouqianbadavid@qq.com) ...
[2026-09-01 15:01:36]  正在连接 QQ-主 邮箱服务器 (497720537@qq.com) ...
[2026-09-01 15:01:37]  正在连接 QQ-备用 邮箱服务器 (shouqianbadavid@qq.com) ...
[2026-09-01 15:02:13]  正在连接 QQ-主 邮箱服务器 (497720537@qq.com) ...
[2026-09-01 15:02:14]  正在连接 QQ-备用 邮箱服务器 (shouqianbadavid@qq.com) ...
[2026-09-01 15:02:49]  正在连接 QQ-主 邮箱服务器 (497720537@qq.com) ...
[2026-09-01 15:02:50]  正在连接 QQ-备用 邮箱服务器 (shouqianbadavid@qq.com) ...
[2026-09-01 15:03:26]  正在连接 QQ-主 邮箱服务器 (497720537@qq.com) ...
[2026-09-01 15:03:27]  正在连接 QQ-备用 邮箱服务器 (shouqianbadavid@qq.com) ...
[2026-09-01 15:04:03]  正在连接 QQ-主 邮箱服务器 (497720537@qq.com) ...
[2026-09-01 15:04:03]  正在连接 QQ-备用 邮箱服务器 (shouqianbadavid@qq.com) ...
[2026-09-01 15:04:39]  正在连接 QQ-主 邮箱服务器 (497720537@qq.com) ...
[2026-09-01 15:04:40]  正在连接 QQ-备用 邮箱服务器 (shouqianbadavid@qq.com) ...
[2026-09-01 15:05:15]  正在连接 QQ-主 邮箱服务器 (497720537@qq.com) ...
[2026-09-01 15:05:17]  正在连接 QQ-备用 邮箱服务器 (shouqianbadavid@qq.com) ...
[2026-09-01 15:05:52]  正在连接 QQ-主 邮箱服务器 (497720537@qq.com) ...
[2026-09-01 15:05:53]  正在连接 QQ-备用 邮箱服务器 (shouqianbadavid@qq.com) ...
[2026-09-01 15:06:29]  正在连接 QQ-主 邮箱服务器 (497720537@qq.com) ...
[2026-09-01 15:06:29]  正在连接 QQ-备用 邮箱服务器 (shouqianbadavid@qq.com) ...
[2026-09-01 15:07:05]  正在连接 QQ-主 邮箱服务器 (497720537@qq.com) ...
[2026-09-01 15:07:06]  正在连接 QQ-备用 邮箱服务器 (shouqianbadavid@qq.com) ...
[2026-09-01 15:07:42]  正在连接 QQ-主 邮箱服务器 (497720537@qq.com) ...
[2026-09-01 15:07:43]  正在连接 QQ-备用 邮箱服务器 (shouqianbadavid@qq.com) ...
[2026-09-01 15:08:19]  正在连接 QQ-主 邮箱服务器 (497720537@qq.com) ...
[2026-09-01 15:08:20]  正在连接 QQ-备用 邮箱服务器 (shouqianbadavid@qq.com) ...
[2026-09-01 15:08:56]  正在连接 QQ-主 邮箱服务器 (497720537@qq.com) ...
[2026-09-01 15:08:56]  正在连接 QQ-备用 邮箱服务器 (shouqianbadavid@qq.com) ...
[2026-09-01 15:09:32]  正在连接 QQ-主 邮箱服务器 (497720537@qq.com) ...
[2026-09-01 15:09:32]  正在连接 QQ-备用 邮箱服务器 (shouqianbadavid@qq.com) ...
[2026-09-01 15:10:08]  正在连接 QQ-主 邮箱服务器 (497720537@qq.com) ...
[2026-09-01 15:10:09]  正在连接 QQ-备用 邮箱服务器 (shouqianbadavid@qq.com) ...
[2026-09-01 15:10:45]  正在连接 QQ-主 邮箱服务器 (497720537@qq.com) ...
[2026-09-01 15:10:46]  正在连接 QQ-备用 邮箱服务器 (shouqianbadavid@qq.com) ...
[2026-09-01 15:11:22]  正在连接 QQ-主 邮箱服务器 (497720537@qq.com) ...
[2026-09-01 15:11:23]  正在连接 QQ-备用 邮箱服务器 (shouqianbadavid@qq.com) ...
[2026-09-01 15:11:59]  正在连接 QQ-主 邮箱服务器 (497720537@qq.com) ...
[2026-09-01 15:12:00]  正在连接 QQ-备用 邮箱服务器 (shouqianbadavid@qq.com) ...
[2026-09-01 15:12:35]  正在连接 QQ-主 邮箱服务器 (497720537@qq.com) ...
[2026-09-01 15:12:36]  正在连接 QQ-备用 邮箱服务器 (shouqianbadavid@qq.com) ...
