[2026-08-31 14:43:49]  AlphaPilot 监听服务 (Pro 多邮箱版) 启动...
[2026-08-31 14:43:49]  信号保存目录: D:\mpython\signals
[2026-08-31 14:43:49]  日志文件: D:\mpython\logs_receiver\receiver_20260831.log
[2026-08-31 14:43:49]  正在连接 QQ-主 邮箱服务器 (497720537@qq.com) ...
[2026-08-31 14:43:50]  正在连接 QQ-备用 邮箱服务器 (shouqianbadavid@qq.com) ...
[2026-08-31 14:43:51]  QQ-备用 正在解析因子: =?UTF-8?B?5Lqn5ZOB5Yiw5pyf6aKE6K2m?=
[2026-08-31 14:43:51]  发现表格，共 12 行数据
[2026-08-31 14:43:51]  表头映射失败，未找到指定列名。当前表头: ['商品名称', '配置详情', '实例/资源ID', '实例/资源名称', '续费类型', '预计到期时间']
[2026-08-31 14:43:51] QQ-备用 邮件 4933 无有效信号
[2026-08-31 14:44:26]  正在连接 QQ-主 邮箱服务器 (497720537@qq.com) ...
[2026-08-31 14:44:27]  正在连接 QQ-备用 邮箱服务器 (shouqianbadavid@qq.com) ...
[2026-08-31 14:45:03]  正在连接 QQ-主 邮箱服务器 (497720537@qq.com) ...
[2026-08-31 14:45:04]  正在连接 QQ-备用 邮箱服务器 (shouqianbadavid@qq.com) ...
[2026-08-31 14:45:40]  正在连接 QQ-主 邮箱服务器 (497720537@qq.com) ...
[2026-08-31 14:45:41]  正在连接 QQ-备用 邮箱服务器 (shouqianbadavid@qq.com) ...
[2026-08-31 14:46:16]  正在连接 QQ-主 邮箱服务器 (497720537@qq.com) ...
[2026-08-31 14:46:17]  正在连接 QQ-备用 邮箱服务器 (shouqianbadavid@qq.com) ...
[2026-08-31 14:46:53]  正在连接 QQ-主 邮箱服务器 (497720537@qq.com) ...
[2026-08-31 14:46:54]  正在连接 QQ-备用 邮箱服务器 (shouqianbadavid@qq.com) ...
[2026-08-31 14:47:30]  正在连接 QQ-主 邮箱服务器 (497720537@qq.com) ...
[2026-08-31 14:47:30]  正在连接 QQ-备用 邮箱服务器 (shouqianbadavid@qq.com) ...
[2026-08-31 14:48:07]  正在连接 QQ-主 邮箱服务器 (497720537@qq.com) ...
[2026-08-31 14:48:07]  正在连接 QQ-备用 邮箱服务器 (shouqianbadavid@qq.com) ...
[2026-08-31 14:48:43]  正在连接 QQ-主 邮箱服务器 (497720537@qq.com) ...
[2026-08-31 14:48:44]  正在连接 QQ-备用 邮箱服务器 (shouqianbadavid@qq.com) ...
[2026-08-31 14:49:20]  正在连接 QQ-主 邮箱服务器 (497720537@qq.com) ...
[2026-08-31 14:49:20]  正在连接 QQ-备用 邮箱服务器 (shouqianbadavid@qq.com) ...
[2026-08-31 14:49:56]  正在连接 QQ-主 邮箱服务器 (497720537@qq.com) ...
[2026-08-31 14:49:57]  正在连接 QQ-备用 邮箱服务器 (shouqianbadavid@qq.com) ...
[2026-08-31 14:50:32]  正在连接 QQ-主 邮箱服务器 (497720537@qq.com) ...
[2026-08-31 14:50:34]  正在连接 QQ-备用 邮箱服务器 (shouqianbadavid@qq.com) ...
[2026-08-31 14:51:10]  正在连接 QQ-主 邮箱服务器 (497720537@qq.com) ...
[2026-08-31 14:51:10]  正在连接 QQ-备用 邮箱服务器 (shouqianbadavid@qq.com) ...
[2026-08-31 14:51:47]  正在连接 QQ-主 邮箱服务器 (497720537@qq.com) ...
[2026-08-31 14:51:47]  正在连接 QQ-备用 邮箱服务器 (shouqianbadavid@qq.com) ...
[2026-08-31 14:52:22]  正在连接 QQ-主 邮箱服务器 (497720537@qq.com) ...
[2026-08-31 14:52:23]  正在连接 QQ-备用 邮箱服务器 (shouqianbadavid@qq.com) ...
[2026-08-31 14:52:58]  正在连接 QQ-主 邮箱服务器 (497720537@qq.com) ...
[2026-08-31 14:52:59]  正在连接 QQ-备用 邮箱服务器 (shouqianbadavid@qq.com) ...
[2026-08-31 14:53:34]  正在连接 QQ-主 邮箱服务器 (497720537@qq.com) ...
[2026-08-31 14:53:35]  正在连接 QQ-备用 邮箱服务器 (shouqianbadavid@qq.com) ...
[2026-08-31 14:54:11]  正在连接 QQ-主 邮箱服务器 (497720537@qq.com) ...
[2026-08-31 14:54:11]  正在连接 QQ-备用 邮箱服务器 (shouqianbadavid@qq.com) ...
[2026-08-31 14:54:47]  正在连接 QQ-主 邮箱服务器 (497720537@qq.com) ...
[2026-08-31 14:54:47]  正在连接 QQ-备用 邮箱服务器 (shouqianbadavid@qq.com) ...
[2026-08-31 14:55:23]  正在连接 QQ-主 邮箱服务器 (497720537@qq.com) ...
[2026-08-31 14:55:24]  正在连接 QQ-备用 邮箱服务器 (shouqianbadavid@qq.com) ...
[2026-08-31 14:55:59]  正在连接 QQ-主 邮箱服务器 (497720537@qq.com) ...
[2026-08-31 14:56:00]  正在连接 QQ-备用 邮箱服务器 (shouqianbadavid@qq.com) ...
[2026-08-31 14:56:35]  正在连接 QQ-主 邮箱服务器 (497720537@qq.com) ...
[2026-08-31 14:56:36]  QQ-主 正在解析因子: =?utf-8?b?6L+Z5Lqb5paH5Lu25piv6L+R5pyf5LuO5L2g55qEIE9uZURyaXZl?=
 =?utf-8?b?IOS4reWIoOmZpOeahA==?=
[2026-08-31 14:56:36]  发现表格，共 20 行数据
[2026-08-31 14:56:36]  表头映射失败，未找到指定列名。当前表头: ['将在文件删除后 30 天从 OneDrive 回收站中永久删除它们']
[2026-08-31 14:56:36] QQ-主 邮件 1678 无有效信号
[2026-08-31 14:56:36]  正在连接 QQ-备用 邮箱服务器 (shouqianbadavid@qq.com) ...
[2026-08-31 14:57:11]  正在连接 QQ-主 邮箱服务器 (497720537@qq.com) ...
[2026-08-31 14:57:12]  正在连接 QQ-备用 邮箱服务器 (shouqianbadavid@qq.com) ...
[2026-08-31 14:57:48]  正在连接 QQ-主 邮箱服务器 (497720537@qq.com) ...
[2026-08-31 14:57:48]  正在连接 QQ-备用 邮箱服务器 (shouqianbadavid@qq.com) ...
[2026-08-31 14:58:24]  正在连接 QQ-主 邮箱服务器 (497720537@qq.com) ...
[2026-08-31 14:58:24]  正在连接 QQ-备用 邮箱服务器 (shouqianbadavid@qq.com) ...
[2026-08-31 14:59:00]  正在连接 QQ-主 邮箱服务器 (497720537@qq.com) ...
[2026-08-31 14:59:01]  正在连接 QQ-备用 邮箱服务器 (shouqianbadavid@qq.com) ...
[2026-08-31 14:59:37]  正在连接 QQ-主 邮箱服务器 (497720537@qq.com) ...
[2026-08-31 14:59:38]  正在连接 QQ-备用 邮箱服务器 (shouqianbadavid@qq.com) ...
[2026-08-31 15:00:14]  正在连接 QQ-主 邮箱服务器 (497720537@qq.com) ...
[2026-08-31 15:00:15]  正在连接 QQ-备用 邮箱服务器 (shouqianbadavid@qq.com) ...
[2026-08-31 15:00:50]  正在连接 QQ-主 邮箱服务器 (497720537@qq.com) ...
[2026-08-31 15:00:51]  正在连接 QQ-备用 邮箱服务器 (shouqianbadavid@qq.com) ...
[2026-08-31 15:01:26]  正在连接 QQ-主 邮箱服务器 (497720537@qq.com) ...
[2026-08-31 15:01:27]  正在连接 QQ-备用 邮箱服务器 (shouqianbadavid@qq.com) ...
[2026-08-31 15:02:02]  正在连接 QQ-主 邮箱服务器 (497720537@qq.com) ...
[2026-08-31 15:02:03]  正在连接 QQ-备用 邮箱服务器 (shouqianbadavid@qq.com) ...
[2026-08-31 15:02:38]  正在连接 QQ-主 邮箱服务器 (497720537@qq.com) ...
[2026-08-31 15:02:39]  正在连接 QQ-备用 邮箱服务器 (shouqianbadavid@qq.com) ...
[2026-08-31 15:03:14]  正在连接 QQ-主 邮箱服务器 (497720537@qq.com) ...
[2026-08-31 15:03:15]  正在连接 QQ-备用 邮箱服务器 (shouqianbadavid@qq.com) ...
[2026-08-31 15:03:50]  正在连接 QQ-主 邮箱服务器 (497720537@qq.com) ...
[2026-08-31 15:03:52]  正在连接 QQ-备用 邮箱服务器 (shouqianbadavid@qq.com) ...
[2026-08-31 15:04:28]  正在连接 QQ-主 邮箱服务器 (497720537@qq.com) ...
[2026-08-31 15:04:28]  正在连接 QQ-备用 邮箱服务器 (shouqianbadavid@qq.com) ...
[2026-08-31 15:05:04]  正在连接 QQ-主 邮箱服务器 (497720537@qq.com) ...
[2026-08-31 15:05:05]  正在连接 QQ-备用 邮箱服务器 (shouqianbadavid@qq.com) ...
[2026-08-31 15:05:40]  正在连接 QQ-主 邮箱服务器 (497720537@qq.com) ...
[2026-08-31 15:05:41]  正在连接 QQ-备用 邮箱服务器 (shouqianbadavid@qq.com) ...
[2026-08-31 15:06:17]  正在连接 QQ-主 邮箱服务器 (497720537@qq.com) ...
[2026-08-31 15:06:17]  正在连接 QQ-备用 邮箱服务器 (shouqianbadavid@qq.com) ...
[2026-08-31 15:06:53]  正在连接 QQ-主 邮箱服务器 (497720537@qq.com) ...
[2026-08-31 15:06:53]  正在连接 QQ-备用 邮箱服务器 (shouqianbadavid@qq.com) ...
[2026-08-31 15:07:29]  正在连接 QQ-主 邮箱服务器 (497720537@qq.com) ...
[2026-08-31 15:07:30]  正在连接 QQ-备用 邮箱服务器 (shouqianbadavid@qq.com) ...
[2026-08-31 15:08:06]  正在连接 QQ-主 邮箱服务器 (497720537@qq.com) ...
[2026-08-31 15:08:06]  正在连接 QQ-备用 邮箱服务器 (shouqianbadavid@qq.com) ...
[2026-08-31 15:08:42]  正在连接 QQ-主 邮箱服务器 (497720537@qq.com) ...
[2026-08-31 15:08:43]  正在连接 QQ-备用 邮箱服务器 (shouqianbadavid@qq.com) ...
[2026-08-31 15:09:19]  正在连接 QQ-主 邮箱服务器 (497720537@qq.com) ...
[2026-08-31 15:09:20]  正在连接 QQ-备用 邮箱服务器 (shouqianbadavid@qq.com) ...
[2026-08-31 15:09:55]  正在连接 QQ-主 邮箱服务器 (497720537@qq.com) ...
[2026-08-31 15:09:56]  正在连接 QQ-备用 邮箱服务器 (shouqianbadavid@qq.com) ...
[2026-08-31 15:10:32]  正在连接 QQ-主 邮箱服务器 (497720537@qq.com) ...
[2026-08-31 15:10:33]  正在连接 QQ-备用 邮箱服务器 (shouqianbadavid@qq.com) ...
[2026-08-31 15:11:08]  正在连接 QQ-主 邮箱服务器 (497720537@qq.com) ...
[2026-08-31 15:11:09]  正在连接 QQ-备用 邮箱服务器 (shouqianbadavid@qq.com) ...
[2026-08-31 15:11:44]  正在连接 QQ-主 邮箱服务器 (497720537@qq.com) ...
[2026-08-31 15:11:46]  正在连接 QQ-备用 邮箱服务器 (shouqianbadavid@qq.com) ...
[2026-08-31 15:12:21]  正在连接 QQ-主 邮箱服务器 (497720537@qq.com) ...
[2026-08-31 15:12:22]  正在连接 QQ-备用 邮箱服务器 (shouqianbadavid@qq.com) ...
[2026-08-31 15:12:57]  正在连接 QQ-主 邮箱服务器 (497720537@qq.com) ...
[2026-08-31 15:12:58]  正在连接 QQ-备用 邮箱服务器 (shouqianbadavid@qq.com) ...
[2026-08-31 15:13:33]  正在连接 QQ-主 邮箱服务器 (497720537@qq.com) ...
[2026-08-31 15:13:34]  正在连接 QQ-备用 邮箱服务器 (shouqianbadavid@qq.com) ...
[2026-08-31 15:14:10]  正在连接 QQ-主 邮箱服务器 (497720537@qq.com) ...
[2026-08-31 15:14:10]  正在连接 QQ-备用 邮箱服务器 (shouqianbadavid@qq.com) ...
[2026-08-31 15:14:46]  正在连接 QQ-主 邮箱服务器 (497720537@qq.com) ...
[2026-08-31 15:14:46]  正在连接 QQ-备用 邮箱服务器 (shouqianbadavid@qq.com) ...
[2026-08-31 15:15:22]  正在连接 QQ-主 邮箱服务器 (497720537@qq.com) ...
[2026-08-31 15:15:23]  正在连接 QQ-备用 邮箱服务器 (shouqianbadavid@qq.com) ...
[2026-08-31 15:15:59]  正在连接 QQ-主 邮箱服务器 (497720537@qq.com) ...
[2026-08-31 15:15:59]  正在连接 QQ-备用 邮箱服务器 (shouqianbadavid@qq.com) ...
[2026-08-31 15:16:35]  正在连接 QQ-主 邮箱服务器 (497720537@qq.com) ...
[2026-08-31 15:16:35]  正在连接 QQ-备用 邮箱服务器 (shouqianbadavid@qq.com) ...
[2026-08-31 15:17:11]  正在连接 QQ-主 邮箱服务器 (497720537@qq.com) ...
[2026-08-31 15:17:13]  正在连接 QQ-备用 邮箱服务器 (shouqianbadavid@qq.com) ...
[2026-08-31 15:17:48]  正在连接 QQ-主 邮箱服务器 (497720537@qq.com) ...
[2026-08-31 15:17:49]  正在连接 QQ-备用 邮箱服务器 (shouqianbadavid@qq.com) ...
[2026-08-31 15:18:24]  正在连接 QQ-主 邮箱服务器 (497720537@qq.com) ...
[2026-08-31 15:18:25]  正在连接 QQ-备用 邮箱服务器 (shouqianbadavid@qq.com) ...
[2026-08-31 15:19:00]  正在连接 QQ-主 邮箱服务器 (497720537@qq.com) ...
[2026-08-31 15:19:01]  正在连接 QQ-备用 邮箱服务器 (shouqianbadavid@qq.com) ...
[2026-08-31 15:19:37]  正在连接 QQ-主 邮箱服务器 (497720537@qq.com) ...
[2026-08-31 15:19:38]  正在连接 QQ-备用 邮箱服务器 (shouqianbadavid@qq.com) ...
[2026-08-31 15:20:14]  正在连接 QQ-主 邮箱服务器 (497720537@qq.com) ...
[2026-08-31 15:20:14]  正在连接 QQ-备用 邮箱服务器 (shouqianbadavid@qq.com) ...
[2026-08-31 15:20:50]  正在连接 QQ-主 邮箱服务器 (497720537@qq.com) ...
[2026-08-31 15:20:51]  正在连接 QQ-备用 邮箱服务器 (shouqianbadavid@qq.com) ...
[2026-08-31 15:21:26]  正在连接 QQ-主 邮箱服务器 (497720537@qq.com) ...
[2026-08-31 15:21:27]  正在连接 QQ-备用 邮箱服务器 (shouqianbadavid@qq.com) ...
[2026-08-31 15:22:02]  正在连接 QQ-主 邮箱服务器 (497720537@qq.com) ...
[2026-08-31 15:22:03]  正在连接 QQ-备用 邮箱服务器 (shouqianbadavid@qq.com) ...
[2026-08-31 15:22:38]  正在连接 QQ-主 邮箱服务器 (497720537@qq.com) ...
[2026-08-31 15:22:39]  正在连接 QQ-备用 邮箱服务器 (shouqianbadavid@qq.com) ...
[2026-08-31 15:23:14]  正在连接 QQ-主 邮箱服务器 (497720537@qq.com) ...
[2026-08-31 15:23:15]  正在连接 QQ-备用 邮箱服务器 (shouqianbadavid@qq.com) ...
[2026-08-31 15:23:50]  正在连接 QQ-主 邮箱服务器 (497720537@qq.com) ...
[2026-08-31 15:23:51]  正在连接 QQ-备用 邮箱服务器 (shouqianbadavid@qq.com) ...
[2026-08-31 15:24:26]  正在连接 QQ-主 邮箱服务器 (497720537@qq.com) ...
[2026-08-31 15:24:27]  正在连接 QQ-备用 邮箱服务器 (shouqianbadavid@qq.com) ...
[2026-08-31 15:25:02]  正在连接 QQ-主 邮箱服务器 (497720537@qq.com) ...
[2026-08-31 15:25:03]  正在连接 QQ-备用 邮箱服务器 (shouqianbadavid@qq.com) ...
[2026-08-31 15:25:38]  正在连接 QQ-主 邮箱服务器 (497720537@qq.com) ...
[2026-08-31 15:25:39]  正在连接 QQ-备用 邮箱服务器 (shouqianbadavid@qq.com) ...
[2026-08-31 15:26:14]  正在连接 QQ-主 邮箱服务器 (497720537@qq.com) ...
[2026-08-31 15:26:15]  正在连接 QQ-备用 邮箱服务器 (shouqianbadavid@qq.com) ...
[2026-08-31 15:26:50]  正在连接 QQ-主 邮箱服务器 (497720537@qq.com) ...
[2026-08-31 15:26:51]  正在连接 QQ-备用 邮箱服务器 (shouqianbadavid@qq.com) ...
[2026-08-31 15:27:26]  正在连接 QQ-主 邮箱服务器 (497720537@qq.com) ...
[2026-08-31 15:27:27]  正在连接 QQ-备用 邮箱服务器 (shouqianbadavid@qq.com) ...
[2026-08-31 15:28:03]  正在连接 QQ-主 邮箱服务器 (497720537@qq.com) ...
[2026-08-31 15:28:03]  正在连接 QQ-备用 邮箱服务器 (shouqianbadavid@qq.com) ...
[2026-08-31 15:28:39]  正在连接 QQ-主 邮箱服务器 (497720537@qq.com) ...
[2026-08-31 15:28:39]  正在连接 QQ-备用 邮箱服务器 (shouqianbadavid@qq.com) ...
[2026-08-31 15:29:15]  正在连接 QQ-主 邮箱服务器 (497720537@qq.com) ...
[2026-08-31 15:29:15]  正在连接 QQ-备用 邮箱服务器 (shouqianbadavid@qq.com) ...
[2026-08-31 15:29:51]  正在连接 QQ-主 邮箱服务器 (497720537@qq.com) ...
[2026-08-31 15:29:52]  正在连接 QQ-备用 邮箱服务器 (shouqianbadavid@qq.com) ...
[2026-08-31 15:30:27]  正在连接 QQ-主 邮箱服务器 (497720537@qq.com) ...
[2026-08-31 15:30:28]  正在连接 QQ-备用 邮箱服务器 (shouqianbadavid@qq.com) ...
[2026-08-31 15:31:04]  正在连接 QQ-主 邮箱服务器 (497720537@qq.com) ...
[2026-08-31 15:31:05]  正在连接 QQ-备用 邮箱服务器 (shouqianbadavid@qq.com) ...
[2026-08-31 15:31:40]  正在连接 QQ-主 邮箱服务器 (497720537@qq.com) ...
[2026-08-31 15:31:41]  正在连接 QQ-备用 邮箱服务器 (shouqianbadavid@qq.com) ...
[2026-08-31 15:32:16]  正在连接 QQ-主 邮箱服务器 (497720537@qq.com) ...
[2026-08-31 15:32:17]  正在连接 QQ-备用 邮箱服务器 (shouqianbadavid@qq.com) ...
[2026-08-31 15:32:53]  正在连接 QQ-主 邮箱服务器 (497720537@qq.com) ...
[2026-08-31 15:32:53]  正在连接 QQ-备用 邮箱服务器 (shouqianbadavid@qq.com) ...
[2026-08-31 15:33:29]  正在连接 QQ-主 邮箱服务器 (497720537@qq.com) ...
[2026-08-31 15:33:29]  正在连接 QQ-备用 邮箱服务器 (shouqianbadavid@qq.com) ...
[2026-08-31 15:34:04]  正在连接 QQ-主 邮箱服务器 (497720537@qq.com) ...
[2026-08-31 15:34:05]  正在连接 QQ-备用 邮箱服务器 (shouqianbadavid@qq.com) ...
[2026-08-31 15:34:40]  正在连接 QQ-主 邮箱服务器 (497720537@qq.com) ...
[2026-08-31 15:34:41]  正在连接 QQ-备用 邮箱服务器 (shouqianbadavid@qq.com) ...
[2026-08-31 15:35:16]  正在连接 QQ-主 邮箱服务器 (497720537@qq.com) ...
[2026-08-31 15:35:17]  正在连接 QQ-备用 邮箱服务器 (shouqianbadavid@qq.com) ...
[2026-08-31 15:35:53]  正在连接 QQ-主 邮箱服务器 (497720537@qq.com) ...
[2026-08-31 15:35:54]  正在连接 QQ-备用 邮箱服务器 (shouqianbadavid@qq.com) ...
[2026-08-31 15:36:29]  正在连接 QQ-主 邮箱服务器 (497720537@qq.com) ...
[2026-08-31 15:36:30]  正在连接 QQ-备用 邮箱服务器 (shouqianbadavid@qq.com) ...
[2026-08-31 15:37:05]  正在连接 QQ-主 邮箱服务器 (497720537@qq.com) ...
[2026-08-31 15:37:06]  正在连接 QQ-备用 邮箱服务器 (shouqianbadavid@qq.com) ...
[2026-08-31 15:37:41]  正在连接 QQ-主 邮箱服务器 (497720537@qq.com) ...
[2026-08-31 15:37:42]  正在连接 QQ-备用 邮箱服务器 (shouqianbadavid@qq.com) ...
[2026-08-31 15:38:17]  正在连接 QQ-主 邮箱服务器 (497720537@qq.com) ...
[2026-08-31 15:38:18]  正在连接 QQ-备用 邮箱服务器 (shouqianbadavid@qq.com) ...
[2026-08-31 15:38:53]  正在连接 QQ-主 邮箱服务器 (497720537@qq.com) ...
[2026-08-31 15:38:54]  正在连接 QQ-备用 邮箱服务器 (shouqianbadavid@qq.com) ...
