[2026-08-28 10:08:03]  AlphaPilot 监听服务 (Pro 多邮箱版) 启动...
[2026-08-28 10:08:03]  信号保存目录: D:\mpython\signals
[2026-08-28 10:08:03]  日志文件: D:\mpython\logs_receiver\receiver_20260828.log
[2026-08-28 10:08:03]  正在连接 QQ-主 邮箱服务器 (497720537@qq.com) ...
[2026-08-28 10:08:04]  正在连接 QQ-备用 邮箱服务器 (shouqianbadavid@qq.com) ...
[2026-08-28 10:08:41]  正在连接 QQ-主 邮箱服务器 (497720537@qq.com) ...
[2026-08-28 10:09:24]  AlphaPilot 监听服务 (Pro 多邮箱版) 启动...
[2026-08-28 10:09:24]  信号保存目录: D:\mpython\signals
[2026-08-28 10:09:24]  日志文件: D:\mpython\logs_receiver\receiver_20260828.log
[2026-08-28 10:09:24]  正在连接 QQ-主 邮箱服务器 (497720537@qq.com) ...
[2026-08-28 10:09:25]  正在连接 QQ-备用 邮箱服务器 (shouqianbadavid@qq.com) ...
[2026-08-28 10:10:01]  正在连接 QQ-主 邮箱服务器 (497720537@qq.com) ...
[2026-08-28 10:10:03]  正在连接 QQ-备用 邮箱服务器 (shouqianbadavid@qq.com) ...
[2026-08-28 10:10:39]  正在连接 QQ-主 邮箱服务器 (497720537@qq.com) ...
[2026-08-28 10:10:40]  正在连接 QQ-备用 邮箱服务器 (shouqianbadavid@qq.com) ...
[2026-08-28 10:11:16]  正在连接 QQ-主 邮箱服务器 (497720537@qq.com) ...
[2026-08-28 10:11:17]  正在连接 QQ-备用 邮箱服务器 (shouqianbadavid@qq.com) ...
[2026-08-28 10:11:53]  正在连接 QQ-主 邮箱服务器 (497720537@qq.com) ...
[2026-08-28 10:11:55]  正在连接 QQ-备用 邮箱服务器 (shouqianbadavid@qq.com) ...
[2026-08-28 10:12:31]  正在连接 QQ-主 邮箱服务器 (497720537@qq.com) ...
[2026-08-28 10:12:32]  正在连接 QQ-备用 邮箱服务器 (shouqianbadavid@qq.com) ...
[2026-08-28 10:13:08]  正在连接 QQ-主 邮箱服务器 (497720537@qq.com) ...
[2026-08-28 10:13:09]  正在连接 QQ-备用 邮箱服务器 (shouqianbadavid@qq.com) ...
[2026-08-28 10:13:45]  正在连接 QQ-主 邮箱服务器 (497720537@qq.com) ...
[2026-08-28 10:13:46]  正在连接 QQ-备用 邮箱服务器 (shouqianbadavid@qq.com) ...
[2026-08-28 10:14:22]  正在连接 QQ-主 邮箱服务器 (497720537@qq.com) ...
[2026-08-28 10:14:24]  正在连接 QQ-备用 邮箱服务器 (shouqianbadavid@qq.com) ...
[2026-08-28 10:15:00]  正在连接 QQ-主 邮箱服务器 (497720537@qq.com) ...
[2026-08-28 10:15:01]  正在连接 QQ-备用 邮箱服务器 (shouqianbadavid@qq.com) ...
[2026-08-28 10:15:37]  正在连接 QQ-主 邮箱服务器 (497720537@qq.com) ...
[2026-08-28 10:15:38]  正在连接 QQ-备用 邮箱服务器 (shouqianbadavid@qq.com) ...
[2026-08-28 10:16:14]  正在连接 QQ-主 邮箱服务器 (497720537@qq.com) ...
[2026-08-28 10:16:15]  正在连接 QQ-备用 邮箱服务器 (shouqianbadavid@qq.com) ...
[2026-08-28 10:16:51]  正在连接 QQ-主 邮箱服务器 (497720537@qq.com) ...
[2026-08-28 10:16:52]  正在连接 QQ-备用 邮箱服务器 (shouqianbadavid@qq.com) ...
[2026-08-28 10:17:28]  正在连接 QQ-主 邮箱服务器 (497720537@qq.com) ...
[2026-08-28 10:17:29]  正在连接 QQ-备用 邮箱服务器 (shouqianbadavid@qq.com) ...
[2026-08-28 10:18:05]  正在连接 QQ-主 邮箱服务器 (497720537@qq.com) ...
[2026-08-28 10:18:06]  正在连接 QQ-备用 邮箱服务器 (shouqianbadavid@qq.com) ...
[2026-08-28 10:18:43]  正在连接 QQ-主 邮箱服务器 (497720537@qq.com) ...
[2026-08-28 10:18:44]  正在连接 QQ-备用 邮箱服务器 (shouqianbadavid@qq.com) ...
[2026-08-28 10:19:20]  正在连接 QQ-主 邮箱服务器 (497720537@qq.com) ...
[2026-08-28 10:19:21]  正在连接 QQ-备用 邮箱服务器 (shouqianbadavid@qq.com) ...
[2026-08-28 10:19:57]  正在连接 QQ-主 邮箱服务器 (497720537@qq.com) ...
[2026-08-28 10:19:58]  正在连接 QQ-备用 邮箱服务器 (shouqianbadavid@qq.com) ...
[2026-08-28 10:20:34]  正在连接 QQ-主 邮箱服务器 (497720537@qq.com) ...
[2026-08-28 10:20:36]  正在连接 QQ-备用 邮箱服务器 (shouqianbadavid@qq.com) ...
[2026-08-28 10:21:12]  正在连接 QQ-主 邮箱服务器 (497720537@qq.com) ...
[2026-08-28 10:21:13]  正在连接 QQ-备用 邮箱服务器 (shouqianbadavid@qq.com) ...
[2026-08-28 10:24:47]  正在连接 QQ-主 邮箱服务器 (497720537@qq.com) ...
[2026-08-28 10:24:47]  QQ-主 因子处理主循环异常: [Errno 11001] getaddrinfo failed
[2026-08-28 10:26:49]  正在连接 QQ-备用 邮箱服务器 (shouqianbadavid@qq.com) ...
[2026-08-28 10:26:49]  QQ-备用 因子处理主循环异常: [Errno 11001] getaddrinfo failed
[2026-08-28 10:27:34]  正在连接 QQ-主 邮箱服务器 (497720537@qq.com) ...
[2026-08-28 10:27:35]  正在连接 QQ-备用 邮箱服务器 (shouqianbadavid@qq.com) ...
[2026-08-28 10:28:10]  正在连接 QQ-主 邮箱服务器 (497720537@qq.com) ...
[2026-08-28 10:28:11]  正在连接 QQ-备用 邮箱服务器 (shouqianbadavid@qq.com) ...
[2026-08-28 10:28:47]  正在连接 QQ-主 邮箱服务器 (497720537@qq.com) ...
[2026-08-28 10:28:48]  正在连接 QQ-备用 邮箱服务器 (shouqianbadavid@qq.com) ...
[2026-08-28 10:29:24]  正在连接 QQ-主 邮箱服务器 (497720537@qq.com) ...
[2026-08-28 10:29:25]  正在连接 QQ-备用 邮箱服务器 (shouqianbadavid@qq.com) ...
[2026-08-28 10:30:01]  正在连接 QQ-主 邮箱服务器 (497720537@qq.com) ...
[2026-08-28 10:30:01]  正在连接 QQ-备用 邮箱服务器 (shouqianbadavid@qq.com) ...
[2026-08-28 10:30:37]  正在连接 QQ-主 邮箱服务器 (497720537@qq.com) ...
[2026-08-28 10:30:39]  正在连接 QQ-备用 邮箱服务器 (shouqianbadavid@qq.com) ...
[2026-08-28 10:31:15]  正在连接 QQ-主 邮箱服务器 (497720537@qq.com) ...
[2026-08-28 10:31:16]  正在连接 QQ-备用 邮箱服务器 (shouqianbadavid@qq.com) ...
[2026-08-28 10:31:52]  正在连接 QQ-主 邮箱服务器 (497720537@qq.com) ...
[2026-08-28 10:31:53]  正在连接 QQ-备用 邮箱服务器 (shouqianbadavid@qq.com) ...
[2026-08-28 10:32:29]  正在连接 QQ-主 邮箱服务器 (497720537@qq.com) ...
[2026-08-28 10:32:30]  正在连接 QQ-备用 邮箱服务器 (shouqianbadavid@qq.com) ...
[2026-08-28 10:33:06]  正在连接 QQ-主 邮箱服务器 (497720537@qq.com) ...
[2026-08-28 10:33:07]  正在连接 QQ-备用 邮箱服务器 (shouqianbadavid@qq.com) ...
[2026-08-28 10:33:43]  正在连接 QQ-主 邮箱服务器 (497720537@qq.com) ...
[2026-08-28 10:33:44]  正在连接 QQ-备用 邮箱服务器 (shouqianbadavid@qq.com) ...
[2026-08-28 10:34:20]  正在连接 QQ-主 邮箱服务器 (497720537@qq.com) ...
[2026-08-28 10:34:21]  正在连接 QQ-备用 邮箱服务器 (shouqianbadavid@qq.com) ...
[2026-08-28 10:34:57]  正在连接 QQ-主 邮箱服务器 (497720537@qq.com) ...
[2026-08-28 10:34:58]  正在连接 QQ-备用 邮箱服务器 (shouqianbadavid@qq.com) ...
[2026-08-28 10:35:34]  正在连接 QQ-主 邮箱服务器 (497720537@qq.com) ...
[2026-08-28 10:35:35]  正在连接 QQ-备用 邮箱服务器 (shouqianbadavid@qq.com) ...
[2026-08-28 10:36:11]  正在连接 QQ-主 邮箱服务器 (497720537@qq.com) ...
[2026-08-28 10:36:12]  正在连接 QQ-备用 邮箱服务器 (shouqianbadavid@qq.com) ...
[2026-08-28 10:36:48]  正在连接 QQ-主 邮箱服务器 (497720537@qq.com) ...
[2026-08-28 10:36:49]  正在连接 QQ-备用 邮箱服务器 (shouqianbadavid@qq.com) ...
[2026-08-28 10:37:24]  正在连接 QQ-主 邮箱服务器 (497720537@qq.com) ...
[2026-08-28 10:37:25]  正在连接 QQ-备用 邮箱服务器 (shouqianbadavid@qq.com) ...
[2026-08-28 10:38:01]  正在连接 QQ-主 邮箱服务器 (497720537@qq.com) ...
[2026-08-28 10:38:02]  正在连接 QQ-备用 邮箱服务器 (shouqianbadavid@qq.com) ...
[2026-08-28 10:38:38]  正在连接 QQ-主 邮箱服务器 (497720537@qq.com) ...
[2026-08-28 10:38:39]  正在连接 QQ-备用 邮箱服务器 (shouqianbadavid@qq.com) ...
[2026-08-28 10:39:15]  正在连接 QQ-主 邮箱服务器 (497720537@qq.com) ...
[2026-08-28 10:39:16]  正在连接 QQ-备用 邮箱服务器 (shouqianbadavid@qq.com) ...
[2026-08-28 10:39:52]  正在连接 QQ-主 邮箱服务器 (497720537@qq.com) ...
[2026-08-28 10:39:53]  正在连接 QQ-备用 邮箱服务器 (shouqianbadavid@qq.com) ...
[2026-08-28 10:40:29]  正在连接 QQ-主 邮箱服务器 (497720537@qq.com) ...
[2026-08-28 10:40:30]  正在连接 QQ-备用 邮箱服务器 (shouqianbadavid@qq.com) ...
[2026-08-28 10:41:05]  正在连接 QQ-主 邮箱服务器 (497720537@qq.com) ...
[2026-08-28 10:41:07]  正在连接 QQ-备用 邮箱服务器 (shouqianbadavid@qq.com) ...
[2026-08-28 10:41:43]  正在连接 QQ-主 邮箱服务器 (497720537@qq.com) ...
[2026-08-28 10:41:44]  正在连接 QQ-备用 邮箱服务器 (shouqianbadavid@qq.com) ...
[2026-08-28 10:42:20]  正在连接 QQ-主 邮箱服务器 (497720537@qq.com) ...
[2026-08-28 10:42:21]  正在连接 QQ-备用 邮箱服务器 (shouqianbadavid@qq.com) ...
[2026-08-28 10:42:57]  正在连接 QQ-主 邮箱服务器 (497720537@qq.com) ...
[2026-08-28 10:42:57]  正在连接 QQ-备用 邮箱服务器 (shouqianbadavid@qq.com) ...
[2026-08-28 10:43:33]  正在连接 QQ-主 邮箱服务器 (497720537@qq.com) ...
[2026-08-28 10:43:34]  正在连接 QQ-备用 邮箱服务器 (shouqianbadavid@qq.com) ...
[2026-08-28 10:44:11]  正在连接 QQ-主 邮箱服务器 (497720537@qq.com) ...
[2026-08-28 10:44:11]  正在连接 QQ-备用 邮箱服务器 (shouqianbadavid@qq.com) ...
[2026-08-28 10:44:47]  正在连接 QQ-主 邮箱服务器 (497720537@qq.com) ...
[2026-08-28 10:44:48]  正在连接 QQ-备用 邮箱服务器 (shouqianbadavid@qq.com) ...
[2026-08-28 10:45:24]  正在连接 QQ-主 邮箱服务器 (497720537@qq.com) ...
[2026-08-28 10:45:25]  正在连接 QQ-备用 邮箱服务器 (shouqianbadavid@qq.com) ...
[2026-08-28 10:46:01]  正在连接 QQ-主 邮箱服务器 (497720537@qq.com) ...
[2026-08-28 10:46:02]  正在连接 QQ-备用 邮箱服务器 (shouqianbadavid@qq.com) ...
[2026-08-28 10:46:38]  正在连接 QQ-主 邮箱服务器 (497720537@qq.com) ...
[2026-08-28 10:46:39]  正在连接 QQ-备用 邮箱服务器 (shouqianbadavid@qq.com) ...
[2026-08-28 10:47:16]  正在连接 QQ-主 邮箱服务器 (497720537@qq.com) ...
[2026-08-28 10:47:16]  正在连接 QQ-备用 邮箱服务器 (shouqianbadavid@qq.com) ...
[2026-08-28 10:47:52]  正在连接 QQ-主 邮箱服务器 (497720537@qq.com) ...
[2026-08-28 10:47:53]  正在连接 QQ-备用 邮箱服务器 (shouqianbadavid@qq.com) ...
[2026-08-28 10:48:29]  正在连接 QQ-主 邮箱服务器 (497720537@qq.com) ...
[2026-08-28 10:48:30]  正在连接 QQ-备用 邮箱服务器 (shouqianbadavid@qq.com) ...
[2026-08-28 10:49:06]  正在连接 QQ-主 邮箱服务器 (497720537@qq.com) ...
[2026-08-28 10:49:07]  正在连接 QQ-备用 邮箱服务器 (shouqianbadavid@qq.com) ...
[2026-08-28 10:49:43]  正在连接 QQ-主 邮箱服务器 (497720537@qq.com) ...
[2026-08-28 10:49:44]  正在连接 QQ-备用 邮箱服务器 (shouqianbadavid@qq.com) ...
[2026-08-28 10:50:20]  正在连接 QQ-主 邮箱服务器 (497720537@qq.com) ...
[2026-08-28 10:50:21]  正在连接 QQ-备用 邮箱服务器 (shouqianbadavid@qq.com) ...
[2026-08-28 10:50:56]  正在连接 QQ-主 邮箱服务器 (497720537@qq.com) ...
[2026-08-28 10:50:58]  正在连接 QQ-备用 邮箱服务器 (shouqianbadavid@qq.com) ...
[2026-08-28 10:51:34]  正在连接 QQ-主 邮箱服务器 (497720537@qq.com) ...
[2026-08-28 10:51:35]  正在连接 QQ-备用 邮箱服务器 (shouqianbadavid@qq.com) ...
[2026-08-28 10:52:11]  正在连接 QQ-主 邮箱服务器 (497720537@qq.com) ...
[2026-08-28 10:52:12]  正在连接 QQ-备用 邮箱服务器 (shouqianbadavid@qq.com) ...
[2026-08-28 10:52:48]  正在连接 QQ-主 邮箱服务器 (497720537@qq.com) ...
[2026-08-28 10:52:49]  正在连接 QQ-备用 邮箱服务器 (shouqianbadavid@qq.com) ...
[2026-08-28 10:53:25]  正在连接 QQ-主 邮箱服务器 (497720537@qq.com) ...
[2026-08-28 10:53:27]  正在连接 QQ-备用 邮箱服务器 (shouqianbadavid@qq.com) ...
[2026-08-28 10:54:03]  正在连接 QQ-主 邮箱服务器 (497720537@qq.com) ...
[2026-08-28 10:54:04]  正在连接 QQ-备用 邮箱服务器 (shouqianbadavid@qq.com) ...
[2026-08-28 10:54:40]  正在连接 QQ-主 邮箱服务器 (497720537@qq.com) ...
[2026-08-28 10:54:41]  正在连接 QQ-备用 邮箱服务器 (shouqianbadavid@qq.com) ...
[2026-08-28 10:55:17]  正在连接 QQ-主 邮箱服务器 (497720537@qq.com) ...
[2026-08-28 10:55:18]  正在连接 QQ-备用 邮箱服务器 (shouqianbadavid@qq.com) ...
[2026-08-28 10:55:54]  正在连接 QQ-主 邮箱服务器 (497720537@qq.com) ...
[2026-08-28 10:55:55]  正在连接 QQ-备用 邮箱服务器 (shouqianbadavid@qq.com) ...
[2026-08-28 10:56:31]  正在连接 QQ-主 邮箱服务器 (497720537@qq.com) ...
[2026-08-28 10:56:32]  正在连接 QQ-备用 邮箱服务器 (shouqianbadavid@qq.com) ...
[2026-08-28 10:57:08]  正在连接 QQ-主 邮箱服务器 (497720537@qq.com) ...
[2026-08-28 10:57:10]  正在连接 QQ-备用 邮箱服务器 (shouqianbadavid@qq.com) ...
[2026-08-28 10:57:46]  正在连接 QQ-主 邮箱服务器 (497720537@qq.com) ...
[2026-08-28 10:57:47]  正在连接 QQ-备用 邮箱服务器 (shouqianbadavid@qq.com) ...
[2026-08-28 10:58:23]  正在连接 QQ-主 邮箱服务器 (497720537@qq.com) ...
[2026-08-28 10:58:25]  正在连接 QQ-备用 邮箱服务器 (shouqianbadavid@qq.com) ...
[2026-08-28 10:59:00]  正在连接 QQ-主 邮箱服务器 (497720537@qq.com) ...
[2026-08-28 10:59:01]  正在连接 QQ-备用 邮箱服务器 (shouqianbadavid@qq.com) ...
[2026-08-28 10:59:38]  正在连接 QQ-主 邮箱服务器 (497720537@qq.com) ...
[2026-08-28 10:59:39]  正在连接 QQ-备用 邮箱服务器 (shouqianbadavid@qq.com) ...
[2026-08-28 11:00:15]  正在连接 QQ-主 邮箱服务器 (497720537@qq.com) ...
[2026-08-28 11:00:16]  正在连接 QQ-备用 邮箱服务器 (shouqianbadavid@qq.com) ...
[2026-08-28 11:00:52]  正在连接 QQ-主 邮箱服务器 (497720537@qq.com) ...
[2026-08-28 11:00:54]  正在连接 QQ-备用 邮箱服务器 (shouqianbadavid@qq.com) ...
[2026-08-28 11:01:30]  正在连接 QQ-主 邮箱服务器 (497720537@qq.com) ...
[2026-08-28 11:01:31]  正在连接 QQ-备用 邮箱服务器 (shouqianbadavid@qq.com) ...
[2026-08-28 11:02:06]  正在连接 QQ-主 邮箱服务器 (497720537@qq.com) ...
[2026-08-28 11:02:07]  正在连接 QQ-备用 邮箱服务器 (shouqianbadavid@qq.com) ...
[2026-08-28 11:02:44]  正在连接 QQ-主 邮箱服务器 (497720537@qq.com) ...
[2026-08-28 11:02:45]  正在连接 QQ-备用 邮箱服务器 (shouqianbadavid@qq.com) ...
[2026-08-28 11:03:21]  正在连接 QQ-主 邮箱服务器 (497720537@qq.com) ...
[2026-08-28 11:03:22]  正在连接 QQ-备用 邮箱服务器 (shouqianbadavid@qq.com) ...
[2026-08-28 11:03:58]  正在连接 QQ-主 邮箱服务器 (497720537@qq.com) ...
[2026-08-28 11:04:00]  正在连接 QQ-备用 邮箱服务器 (shouqianbadavid@qq.com) ...
[2026-08-28 11:04:36]  正在连接 QQ-主 邮箱服务器 (497720537@qq.com) ...
[2026-08-28 11:04:37]  正在连接 QQ-备用 邮箱服务器 (shouqianbadavid@qq.com) ...
[2026-08-28 11:05:12]  正在连接 QQ-主 邮箱服务器 (497720537@qq.com) ...
[2026-08-28 11:05:13]  正在连接 QQ-备用 邮箱服务器 (shouqianbadavid@qq.com) ...
[2026-08-28 11:05:49]  正在连接 QQ-主 邮箱服务器 (497720537@qq.com) ...
[2026-08-28 11:05:51]  正在连接 QQ-备用 邮箱服务器 (shouqianbadavid@qq.com) ...
[2026-08-28 11:06:27]  正在连接 QQ-主 邮箱服务器 (497720537@qq.com) ...
[2026-08-28 11:06:28]  正在连接 QQ-备用 邮箱服务器 (shouqianbadavid@qq.com) ...
[2026-08-28 11:07:04]  正在连接 QQ-主 邮箱服务器 (497720537@qq.com) ...
[2026-08-28 11:07:05]  正在连接 QQ-备用 邮箱服务器 (shouqianbadavid@qq.com) ...
[2026-08-28 11:07:42]  正在连接 QQ-主 邮箱服务器 (497720537@qq.com) ...
[2026-08-28 11:07:43]  正在连接 QQ-备用 邮箱服务器 (shouqianbadavid@qq.com) ...
[2026-08-28 11:08:18]  正在连接 QQ-主 邮箱服务器 (497720537@qq.com) ...
[2026-08-28 11:08:20]  正在连接 QQ-备用 邮箱服务器 (shouqianbadavid@qq.com) ...
[2026-08-28 11:08:56]  正在连接 QQ-主 邮箱服务器 (497720537@qq.com) ...
[2026-08-28 11:08:57]  正在连接 QQ-备用 邮箱服务器 (shouqianbadavid@qq.com) ...
[2026-08-28 11:09:33]  正在连接 QQ-主 邮箱服务器 (497720537@qq.com) ...
[2026-08-28 11:09:34]  正在连接 QQ-备用 邮箱服务器 (shouqianbadavid@qq.com) ...
[2026-08-28 11:10:10]  正在连接 QQ-主 邮箱服务器 (497720537@qq.com) ...
[2026-08-28 11:10:12]  正在连接 QQ-备用 邮箱服务器 (shouqianbadavid@qq.com) ...
[2026-08-28 11:10:48]  正在连接 QQ-主 邮箱服务器 (497720537@qq.com) ...
[2026-08-28 11:10:48]  正在连接 QQ-备用 邮箱服务器 (shouqianbadavid@qq.com) ...
[2026-08-28 11:11:24]  正在连接 QQ-主 邮箱服务器 (497720537@qq.com) ...
[2026-08-28 11:11:25]  正在连接 QQ-备用 邮箱服务器 (shouqianbadavid@qq.com) ...
[2026-08-28 11:12:02]  正在连接 QQ-主 邮箱服务器 (497720537@qq.com) ...
[2026-08-28 11:12:03]  正在连接 QQ-备用 邮箱服务器 (shouqianbadavid@qq.com) ...
[2026-08-28 11:12:39]  正在连接 QQ-主 邮箱服务器 (497720537@qq.com) ...
[2026-08-28 11:12:40]  正在连接 QQ-备用 邮箱服务器 (shouqianbadavid@qq.com) ...
[2026-08-28 11:13:16]  正在连接 QQ-主 邮箱服务器 (497720537@qq.com) ...
[2026-08-28 11:13:17]  正在连接 QQ-备用 邮箱服务器 (shouqianbadavid@qq.com) ...
[2026-08-28 11:13:53]  正在连接 QQ-主 邮箱服务器 (497720537@qq.com) ...
[2026-08-28 11:13:54]  正在连接 QQ-备用 邮箱服务器 (shouqianbadavid@qq.com) ...
[2026-08-28 11:14:30]  正在连接 QQ-主 邮箱服务器 (497720537@qq.com) ...
[2026-08-28 11:14:31]  正在连接 QQ-备用 邮箱服务器 (shouqianbadavid@qq.com) ...
[2026-08-28 11:15:07]  正在连接 QQ-主 邮箱服务器 (497720537@qq.com) ...
[2026-08-28 11:15:09]  正在连接 QQ-备用 邮箱服务器 (shouqianbadavid@qq.com) ...
[2026-08-28 11:15:45]  正在连接 QQ-主 邮箱服务器 (497720537@qq.com) ...
[2026-08-28 11:15:46]  正在连接 QQ-备用 邮箱服务器 (shouqianbadavid@qq.com) ...
[2026-08-28 11:16:22]  正在连接 QQ-主 邮箱服务器 (497720537@qq.com) ...
[2026-08-28 11:16:23]  正在连接 QQ-备用 邮箱服务器 (shouqianbadavid@qq.com) ...
[2026-08-28 11:16:59]  正在连接 QQ-主 邮箱服务器 (497720537@qq.com) ...
[2026-08-28 11:17:00]  正在连接 QQ-备用 邮箱服务器 (shouqianbadavid@qq.com) ...
[2026-08-28 11:17:36]  正在连接 QQ-主 邮箱服务器 (497720537@qq.com) ...
[2026-08-28 11:17:37]  正在连接 QQ-备用 邮箱服务器 (shouqianbadavid@qq.com) ...
[2026-08-28 11:18:14]  正在连接 QQ-主 邮箱服务器 (497720537@qq.com) ...
[2026-08-28 11:18:15]  正在连接 QQ-备用 邮箱服务器 (shouqianbadavid@qq.com) ...
[2026-08-28 11:18:51]  正在连接 QQ-主 邮箱服务器 (497720537@qq.com) ...
[2026-08-28 11:18:52]  正在连接 QQ-备用 邮箱服务器 (shouqianbadavid@qq.com) ...
[2026-08-28 11:19:28]  正在连接 QQ-主 邮箱服务器 (497720537@qq.com) ...
[2026-08-28 11:19:29]  正在连接 QQ-备用 邮箱服务器 (shouqianbadavid@qq.com) ...
[2026-08-28 11:20:05]  正在连接 QQ-主 邮箱服务器 (497720537@qq.com) ...
[2026-08-28 11:20:06]  正在连接 QQ-备用 邮箱服务器 (shouqianbadavid@qq.com) ...
[2026-08-28 11:20:43]  正在连接 QQ-主 邮箱服务器 (497720537@qq.com) ...
[2026-08-28 11:20:44]  正在连接 QQ-备用 邮箱服务器 (shouqianbadavid@qq.com) ...
[2026-08-28 11:21:20]  正在连接 QQ-主 邮箱服务器 (497720537@qq.com) ...
[2026-08-28 11:21:22]  正在连接 QQ-备用 邮箱服务器 (shouqianbadavid@qq.com) ...
[2026-08-28 11:21:57]  正在连接 QQ-主 邮箱服务器 (497720537@qq.com) ...
[2026-08-28 11:21:59]  正在连接 QQ-备用 邮箱服务器 (shouqianbadavid@qq.com) ...
[2026-08-28 11:22:35]  正在连接 QQ-主 邮箱服务器 (497720537@qq.com) ...
[2026-08-28 11:22:36]  正在连接 QQ-备用 邮箱服务器 (shouqianbadavid@qq.com) ...
[2026-08-28 11:23:12]  正在连接 QQ-主 邮箱服务器 (497720537@qq.com) ...
[2026-08-28 11:23:14]  正在连接 QQ-备用 邮箱服务器 (shouqianbadavid@qq.com) ...
[2026-08-28 11:23:50]  正在连接 QQ-主 邮箱服务器 (497720537@qq.com) ...
[2026-08-28 11:23:51]  正在连接 QQ-备用 邮箱服务器 (shouqianbadavid@qq.com) ...
[2026-08-28 11:24:27]  正在连接 QQ-主 邮箱服务器 (497720537@qq.com) ...
[2026-08-28 11:24:28]  正在连接 QQ-备用 邮箱服务器 (shouqianbadavid@qq.com) ...
[2026-08-28 11:25:04]  正在连接 QQ-主 邮箱服务器 (497720537@qq.com) ...
[2026-08-28 11:25:05]  正在连接 QQ-备用 邮箱服务器 (shouqianbadavid@qq.com) ...
[2026-08-28 11:25:41]  正在连接 QQ-主 邮箱服务器 (497720537@qq.com) ...
[2026-08-28 11:25:43]  正在连接 QQ-备用 邮箱服务器 (shouqianbadavid@qq.com) ...
[2026-08-28 11:26:19]  正在连接 QQ-主 邮箱服务器 (497720537@qq.com) ...
[2026-08-28 11:26:20]  正在连接 QQ-备用 邮箱服务器 (shouqianbadavid@qq.com) ...
[2026-08-28 11:26:56]  正在连接 QQ-主 邮箱服务器 (497720537@qq.com) ...
[2026-08-28 11:26:57]  正在连接 QQ-备用 邮箱服务器 (shouqianbadavid@qq.com) ...
[2026-08-28 11:27:33]  正在连接 QQ-主 邮箱服务器 (497720537@qq.com) ...
[2026-08-28 11:27:34]  正在连接 QQ-备用 邮箱服务器 (shouqianbadavid@qq.com) ...
[2026-08-28 11:28:11]  正在连接 QQ-主 邮箱服务器 (497720537@qq.com) ...
[2026-08-28 11:28:12]  正在连接 QQ-备用 邮箱服务器 (shouqianbadavid@qq.com) ...
[2026-08-28 11:28:49]  正在连接 QQ-主 邮箱服务器 (497720537@qq.com) ...
[2026-08-28 11:28:50]  正在连接 QQ-备用 邮箱服务器 (shouqianbadavid@qq.com) ...
[2026-08-28 11:29:26]  正在连接 QQ-主 邮箱服务器 (497720537@qq.com) ...
[2026-08-28 11:29:27]  正在连接 QQ-备用 邮箱服务器 (shouqianbadavid@qq.com) ...
[2026-08-28 11:30:03]  正在连接 QQ-主 邮箱服务器 (497720537@qq.com) ...
[2026-08-28 11:30:05]  正在连接 QQ-备用 邮箱服务器 (shouqianbadavid@qq.com) ...
[2026-08-28 11:30:41]  正在连接 QQ-主 邮箱服务器 (497720537@qq.com) ...
[2026-08-28 11:30:42]  正在连接 QQ-备用 邮箱服务器 (shouqianbadavid@qq.com) ...
[2026-08-28 11:31:18]  正在连接 QQ-主 邮箱服务器 (497720537@qq.com) ...
[2026-08-28 11:31:19]  正在连接 QQ-备用 邮箱服务器 (shouqianbadavid@qq.com) ...
[2026-08-28 11:31:55]  正在连接 QQ-主 邮箱服务器 (497720537@qq.com) ...
[2026-08-28 11:31:57]  正在连接 QQ-备用 邮箱服务器 (shouqianbadavid@qq.com) ...
[2026-08-28 11:32:33]  正在连接 QQ-主 邮箱服务器 (497720537@qq.com) ...
[2026-08-28 11:32:34]  正在连接 QQ-备用 邮箱服务器 (shouqianbadavid@qq.com) ...
[2026-08-28 11:33:10]  正在连接 QQ-主 邮箱服务器 (497720537@qq.com) ...
[2026-08-28 11:33:12]  正在连接 QQ-备用 邮箱服务器 (shouqianbadavid@qq.com) ...
[2026-08-28 11:33:49]  正在连接 QQ-主 邮箱服务器 (497720537@qq.com) ...
[2026-08-28 11:33:50]  正在连接 QQ-备用 邮箱服务器 (shouqianbadavid@qq.com) ...
[2026-08-28 11:34:26]  正在连接 QQ-主 邮箱服务器 (497720537@qq.com) ...
[2026-08-28 11:34:27]  正在连接 QQ-备用 邮箱服务器 (shouqianbadavid@qq.com) ...
[2026-08-28 11:35:04]  正在连接 QQ-主 邮箱服务器 (497720537@qq.com) ...
[2026-08-28 11:35:05]  正在连接 QQ-备用 邮箱服务器 (shouqianbadavid@qq.com) ...
[2026-08-28 11:35:40]  正在连接 QQ-主 邮箱服务器 (497720537@qq.com) ...
[2026-08-28 11:35:41]  正在连接 QQ-备用 邮箱服务器 (shouqianbadavid@qq.com) ...
[2026-08-28 11:36:18]  正在连接 QQ-主 邮箱服务器 (497720537@qq.com) ...
[2026-08-28 11:36:19]  正在连接 QQ-备用 邮箱服务器 (shouqianbadavid@qq.com) ...
[2026-08-28 11:36:55]  正在连接 QQ-主 邮箱服务器 (497720537@qq.com) ...
[2026-08-28 11:36:56]  正在连接 QQ-备用 邮箱服务器 (shouqianbadavid@qq.com) ...
[2026-08-28 11:37:33]  正在连接 QQ-主 邮箱服务器 (497720537@qq.com) ...
[2026-08-28 11:37:34]  正在连接 QQ-备用 邮箱服务器 (shouqianbadavid@qq.com) ...
[2026-08-28 11:38:10]  正在连接 QQ-主 邮箱服务器 (497720537@qq.com) ...
[2026-08-28 11:38:11]  正在连接 QQ-备用 邮箱服务器 (shouqianbadavid@qq.com) ...
[2026-08-28 11:38:47]  正在连接 QQ-主 邮箱服务器 (497720537@qq.com) ...
[2026-08-28 11:38:48]  正在连接 QQ-备用 邮箱服务器 (shouqianbadavid@qq.com) ...
[2026-08-28 11:39:24]  正在连接 QQ-主 邮箱服务器 (497720537@qq.com) ...
[2026-08-28 11:39:25]  正在连接 QQ-备用 邮箱服务器 (shouqianbadavid@qq.com) ...
[2026-08-28 11:40:02]  正在连接 QQ-主 邮箱服务器 (497720537@qq.com) ...
[2026-08-28 11:40:03]  正在连接 QQ-备用 邮箱服务器 (shouqianbadavid@qq.com) ...
[2026-08-28 11:40:39]  正在连接 QQ-主 邮箱服务器 (497720537@qq.com) ...
[2026-08-28 11:40:40]  正在连接 QQ-备用 邮箱服务器 (shouqianbadavid@qq.com) ...
[2026-08-28 11:41:16]  正在连接 QQ-主 邮箱服务器 (497720537@qq.com) ...
[2026-08-28 11:41:18]  正在连接 QQ-备用 邮箱服务器 (shouqianbadavid@qq.com) ...
[2026-08-28 11:41:54]  正在连接 QQ-主 邮箱服务器 (497720537@qq.com) ...
[2026-08-28 11:41:55]  正在连接 QQ-备用 邮箱服务器 (shouqianbadavid@qq.com) ...
[2026-08-28 11:42:31]  正在连接 QQ-主 邮箱服务器 (497720537@qq.com) ...
[2026-08-28 11:42:32]  正在连接 QQ-备用 邮箱服务器 (shouqianbadavid@qq.com) ...
[2026-08-28 11:43:08]  正在连接 QQ-主 邮箱服务器 (497720537@qq.com) ...
[2026-08-28 11:43:09]  正在连接 QQ-备用 邮箱服务器 (shouqianbadavid@qq.com) ...
[2026-08-28 11:43:46]  正在连接 QQ-主 邮箱服务器 (497720537@qq.com) ...
[2026-08-28 11:43:47]  正在连接 QQ-备用 邮箱服务器 (shouqianbadavid@qq.com) ...
[2026-08-28 11:44:23]  正在连接 QQ-主 邮箱服务器 (497720537@qq.com) ...
[2026-08-28 11:44:24]  正在连接 QQ-备用 邮箱服务器 (shouqianbadavid@qq.com) ...
[2026-08-28 11:45:00]  正在连接 QQ-主 邮箱服务器 (497720537@qq.com) ...
[2026-08-28 11:45:01]  正在连接 QQ-备用 邮箱服务器 (shouqianbadavid@qq.com) ...
[2026-08-28 11:45:37]  正在连接 QQ-主 邮箱服务器 (497720537@qq.com) ...
[2026-08-28 11:45:38]  正在连接 QQ-备用 邮箱服务器 (shouqianbadavid@qq.com) ...
[2026-08-28 11:46:14]  正在连接 QQ-主 邮箱服务器 (497720537@qq.com) ...
[2026-08-28 11:46:16]  正在连接 QQ-备用 邮箱服务器 (shouqianbadavid@qq.com) ...
[2026-08-28 11:46:52]  正在连接 QQ-主 邮箱服务器 (497720537@qq.com) ...
[2026-08-28 11:46:53]  正在连接 QQ-备用 邮箱服务器 (shouqianbadavid@qq.com) ...
[2026-08-28 11:47:29]  正在连接 QQ-主 邮箱服务器 (497720537@qq.com) ...
[2026-08-28 11:47:30]  正在连接 QQ-备用 邮箱服务器 (shouqianbadavid@qq.com) ...
[2026-08-28 11:48:06]  正在连接 QQ-主 邮箱服务器 (497720537@qq.com) ...
[2026-08-28 11:48:07]  正在连接 QQ-备用 邮箱服务器 (shouqianbadavid@qq.com) ...
[2026-08-28 11:48:43]  正在连接 QQ-主 邮箱服务器 (497720537@qq.com) ...
[2026-08-28 11:48:44]  正在连接 QQ-备用 邮箱服务器 (shouqianbadavid@qq.com) ...
[2026-08-28 11:49:20]  正在连接 QQ-主 邮箱服务器 (497720537@qq.com) ...
[2026-08-28 11:49:22]  正在连接 QQ-备用 邮箱服务器 (shouqianbadavid@qq.com) ...
[2026-08-28 11:49:58]  正在连接 QQ-主 邮箱服务器 (497720537@qq.com) ...
[2026-08-28 11:49:59]  正在连接 QQ-备用 邮箱服务器 (shouqianbadavid@qq.com) ...
[2026-08-28 11:50:35]  正在连接 QQ-主 邮箱服务器 (497720537@qq.com) ...
[2026-08-28 11:50:36]  正在连接 QQ-备用 邮箱服务器 (shouqianbadavid@qq.com) ...
[2026-08-28 11:51:12]  正在连接 QQ-主 邮箱服务器 (497720537@qq.com) ...
[2026-08-28 11:51:13]  正在连接 QQ-备用 邮箱服务器 (shouqianbadavid@qq.com) ...
[2026-08-28 11:51:49]  正在连接 QQ-主 邮箱服务器 (497720537@qq.com) ...
[2026-08-28 11:51:51]  正在连接 QQ-备用 邮箱服务器 (shouqianbadavid@qq.com) ...
[2026-08-28 11:52:27]  正在连接 QQ-主 邮箱服务器 (497720537@qq.com) ...
[2026-08-28 11:52:28]  正在连接 QQ-备用 邮箱服务器 (shouqianbadavid@qq.com) ...
[2026-08-28 11:53:04]  正在连接 QQ-主 邮箱服务器 (497720537@qq.com) ...
[2026-08-28 11:53:05]  正在连接 QQ-备用 邮箱服务器 (shouqianbadavid@qq.com) ...
[2026-08-28 11:53:42]  正在连接 QQ-主 邮箱服务器 (497720537@qq.com) ...
[2026-08-28 11:53:42]  正在连接 QQ-备用 邮箱服务器 (shouqianbadavid@qq.com) ...
[2026-08-28 11:54:18]  正在连接 QQ-主 邮箱服务器 (497720537@qq.com) ...
[2026-08-28 11:54:19]  正在连接 QQ-备用 邮箱服务器 (shouqianbadavid@qq.com) ...
[2026-08-28 11:54:54]  正在连接 QQ-主 邮箱服务器 (497720537@qq.com) ...
[2026-08-28 11:54:56]  正在连接 QQ-备用 邮箱服务器 (shouqianbadavid@qq.com) ...
[2026-08-28 11:55:32]  正在连接 QQ-主 邮箱服务器 (497720537@qq.com) ...
[2026-08-28 11:55:33]  正在连接 QQ-备用 邮箱服务器 (shouqianbadavid@qq.com) ...
[2026-08-28 11:56:09]  正在连接 QQ-主 邮箱服务器 (497720537@qq.com) ...
[2026-08-28 11:56:11]  正在连接 QQ-备用 邮箱服务器 (shouqianbadavid@qq.com) ...
[2026-08-28 11:56:47]  正在连接 QQ-主 邮箱服务器 (497720537@qq.com) ...
[2026-08-28 11:56:48]  正在连接 QQ-备用 邮箱服务器 (shouqianbadavid@qq.com) ...
[2026-08-28 11:57:24]  正在连接 QQ-主 邮箱服务器 (497720537@qq.com) ...
[2026-08-28 11:57:25]  正在连接 QQ-备用 邮箱服务器 (shouqianbadavid@qq.com) ...
[2026-08-28 11:58:01]  正在连接 QQ-主 邮箱服务器 (497720537@qq.com) ...
[2026-08-28 11:58:02]  正在连接 QQ-备用 邮箱服务器 (shouqianbadavid@qq.com) ...
[2026-08-28 11:58:39]  正在连接 QQ-主 邮箱服务器 (497720537@qq.com) ...
[2026-08-28 11:58:40]  正在连接 QQ-备用 邮箱服务器 (shouqianbadavid@qq.com) ...
[2026-08-28 11:59:16]  正在连接 QQ-主 邮箱服务器 (497720537@qq.com) ...
[2026-08-28 11:59:17]  正在连接 QQ-备用 邮箱服务器 (shouqianbadavid@qq.com) ...
[2026-08-28 11:59:53]  正在连接 QQ-主 邮箱服务器 (497720537@qq.com) ...
[2026-08-28 11:59:54]  正在连接 QQ-备用 邮箱服务器 (shouqianbadavid@qq.com) ...
[2026-08-28 12:00:29]  正在连接 QQ-主 邮箱服务器 (497720537@qq.com) ...
[2026-08-28 12:00:30]  正在连接 QQ-备用 邮箱服务器 (shouqianbadavid@qq.com) ...
[2026-08-28 12:01:06]  正在连接 QQ-主 邮箱服务器 (497720537@qq.com) ...
[2026-08-28 12:01:08]  正在连接 QQ-备用 邮箱服务器 (shouqianbadavid@qq.com) ...
[2026-08-28 12:01:44]  正在连接 QQ-主 邮箱服务器 (497720537@qq.com) ...
[2026-08-28 12:01:45]  正在连接 QQ-备用 邮箱服务器 (shouqianbadavid@qq.com) ...
[2026-08-28 12:02:21]  正在连接 QQ-主 邮箱服务器 (497720537@qq.com) ...
[2026-08-28 12:02:22]  正在连接 QQ-备用 邮箱服务器 (shouqianbadavid@qq.com) ...
[2026-08-28 12:02:58]  正在连接 QQ-主 邮箱服务器 (497720537@qq.com) ...
[2026-08-28 12:03:00]  正在连接 QQ-备用 邮箱服务器 (shouqianbadavid@qq.com) ...
[2026-08-28 12:03:36]  正在连接 QQ-主 邮箱服务器 (497720537@qq.com) ...
[2026-08-28 12:03:37]  正在连接 QQ-备用 邮箱服务器 (shouqianbadavid@qq.com) ...
[2026-08-28 12:04:13]  正在连接 QQ-主 邮箱服务器 (497720537@qq.com) ...
[2026-08-28 12:04:14]  正在连接 QQ-备用 邮箱服务器 (shouqianbadavid@qq.com) ...
[2026-08-28 12:04:51]  正在连接 QQ-主 邮箱服务器 (497720537@qq.com) ...
[2026-08-28 12:04:52]  正在连接 QQ-备用 邮箱服务器 (shouqianbadavid@qq.com) ...
[2026-08-28 12:05:28]  正在连接 QQ-主 邮箱服务器 (497720537@qq.com) ...
[2026-08-28 12:05:29]  正在连接 QQ-备用 邮箱服务器 (shouqianbadavid@qq.com) ...
[2026-08-28 12:06:05]  正在连接 QQ-主 邮箱服务器 (497720537@qq.com) ...
[2026-08-28 12:06:06]  正在连接 QQ-备用 邮箱服务器 (shouqianbadavid@qq.com) ...
[2026-08-28 12:06:41]  正在连接 QQ-主 邮箱服务器 (497720537@qq.com) ...
[2026-08-28 12:06:43]  正在连接 QQ-备用 邮箱服务器 (shouqianbadavid@qq.com) ...
[2026-08-28 12:07:19]  正在连接 QQ-主 邮箱服务器 (497720537@qq.com) ...
[2026-08-28 12:07:20]  正在连接 QQ-备用 邮箱服务器 (shouqianbadavid@qq.com) ...
[2026-08-28 12:07:55]  正在连接 QQ-主 邮箱服务器 (497720537@qq.com) ...
[2026-08-28 12:07:56]  正在连接 QQ-备用 邮箱服务器 (shouqianbadavid@qq.com) ...
[2026-08-28 12:08:33]  正在连接 QQ-主 邮箱服务器 (497720537@qq.com) ...
[2026-08-28 12:08:34]  正在连接 QQ-备用 邮箱服务器 (shouqianbadavid@qq.com) ...
[2026-08-28 12:09:10]  正在连接 QQ-主 邮箱服务器 (497720537@qq.com) ...
[2026-08-28 12:09:11]  正在连接 QQ-备用 邮箱服务器 (shouqianbadavid@qq.com) ...
[2026-08-28 12:09:46]  正在连接 QQ-主 邮箱服务器 (497720537@qq.com) ...
[2026-08-28 12:09:47]  正在连接 QQ-备用 邮箱服务器 (shouqianbadavid@qq.com) ...
[2026-08-28 12:10:24]  正在连接 QQ-主 邮箱服务器 (497720537@qq.com) ...
[2026-08-28 12:10:25]  正在连接 QQ-备用 邮箱服务器 (shouqianbadavid@qq.com) ...
[2026-08-28 12:11:01]  正在连接 QQ-主 邮箱服务器 (497720537@qq.com) ...
[2026-08-28 12:11:02]  正在连接 QQ-备用 邮箱服务器 (shouqianbadavid@qq.com) ...
[2026-08-28 12:11:38]  正在连接 QQ-主 邮箱服务器 (497720537@qq.com) ...
[2026-08-28 12:11:39]  正在连接 QQ-备用 邮箱服务器 (shouqianbadavid@qq.com) ...
[2026-08-28 12:12:16]  正在连接 QQ-主 邮箱服务器 (497720537@qq.com) ...
[2026-08-28 12:12:17]  正在连接 QQ-备用 邮箱服务器 (shouqianbadavid@qq.com) ...
[2026-08-28 12:12:53]  正在连接 QQ-主 邮箱服务器 (497720537@qq.com) ...
[2026-08-28 12:12:54]  正在连接 QQ-备用 邮箱服务器 (shouqianbadavid@qq.com) ...
[2026-08-28 12:13:30]  正在连接 QQ-主 邮箱服务器 (497720537@qq.com) ...
[2026-08-28 12:13:32]  正在连接 QQ-备用 邮箱服务器 (shouqianbadavid@qq.com) ...
[2026-08-28 12:14:08]  正在连接 QQ-主 邮箱服务器 (497720537@qq.com) ...
[2026-08-28 12:14:09]  正在连接 QQ-备用 邮箱服务器 (shouqianbadavid@qq.com) ...
[2026-08-28 12:14:45]  正在连接 QQ-主 邮箱服务器 (497720537@qq.com) ...
[2026-08-28 12:14:46]  正在连接 QQ-备用 邮箱服务器 (shouqianbadavid@qq.com) ...
[2026-08-28 12:15:22]  正在连接 QQ-主 邮箱服务器 (497720537@qq.com) ...
[2026-08-28 12:15:23]  正在连接 QQ-备用 邮箱服务器 (shouqianbadavid@qq.com) ...
[2026-08-28 12:15:59]  正在连接 QQ-主 邮箱服务器 (497720537@qq.com) ...
[2026-08-28 12:16:00]  正在连接 QQ-备用 邮箱服务器 (shouqianbadavid@qq.com) ...
[2026-08-28 12:16:36]  正在连接 QQ-主 邮箱服务器 (497720537@qq.com) ...
[2026-08-28 12:16:37]  正在连接 QQ-备用 邮箱服务器 (shouqianbadavid@qq.com) ...
[2026-08-28 12:17:13]  正在连接 QQ-主 邮箱服务器 (497720537@qq.com) ...
[2026-08-28 12:17:14]  正在连接 QQ-备用 邮箱服务器 (shouqianbadavid@qq.com) ...
[2026-08-28 12:17:50]  正在连接 QQ-主 邮箱服务器 (497720537@qq.com) ...
[2026-08-28 12:17:52]  正在连接 QQ-备用 邮箱服务器 (shouqianbadavid@qq.com) ...
[2026-08-28 12:18:28]  正在连接 QQ-主 邮箱服务器 (497720537@qq.com) ...
[2026-08-28 12:18:29]  正在连接 QQ-备用 邮箱服务器 (shouqianbadavid@qq.com) ...
[2026-08-28 12:19:05]  正在连接 QQ-主 邮箱服务器 (497720537@qq.com) ...
[2026-08-28 12:19:06]  正在连接 QQ-备用 邮箱服务器 (shouqianbadavid@qq.com) ...
[2026-08-28 12:19:41]  正在连接 QQ-主 邮箱服务器 (497720537@qq.com) ...
[2026-08-28 12:19:42]  正在连接 QQ-备用 邮箱服务器 (shouqianbadavid@qq.com) ...
[2026-08-28 12:20:19]  正在连接 QQ-主 邮箱服务器 (497720537@qq.com) ...
[2026-08-28 12:20:20]  正在连接 QQ-备用 邮箱服务器 (shouqianbadavid@qq.com) ...
[2026-08-28 12:20:56]  正在连接 QQ-主 邮箱服务器 (497720537@qq.com) ...
[2026-08-28 12:20:57]  正在连接 QQ-备用 邮箱服务器 (shouqianbadavid@qq.com) ...
[2026-08-28 12:21:33]  正在连接 QQ-主 邮箱服务器 (497720537@qq.com) ...
[2026-08-28 12:21:34]  正在连接 QQ-备用 邮箱服务器 (shouqianbadavid@qq.com) ...
[2026-08-28 12:22:10]  正在连接 QQ-主 邮箱服务器 (497720537@qq.com) ...
[2026-08-28 12:22:12]  正在连接 QQ-备用 邮箱服务器 (shouqianbadavid@qq.com) ...
[2026-08-28 12:22:48]  正在连接 QQ-主 邮箱服务器 (497720537@qq.com) ...
[2026-08-28 12:22:50]  正在连接 QQ-备用 邮箱服务器 (shouqianbadavid@qq.com) ...
[2026-08-28 12:23:26]  正在连接 QQ-主 邮箱服务器 (497720537@qq.com) ...
[2026-08-28 12:23:27]  正在连接 QQ-备用 邮箱服务器 (shouqianbadavid@qq.com) ...
[2026-08-28 12:24:03]  正在连接 QQ-主 邮箱服务器 (497720537@qq.com) ...
[2026-08-28 12:24:05]  正在连接 QQ-备用 邮箱服务器 (shouqianbadavid@qq.com) ...
[2026-08-28 12:24:41]  正在连接 QQ-主 邮箱服务器 (497720537@qq.com) ...
[2026-08-28 12:24:42]  正在连接 QQ-备用 邮箱服务器 (shouqianbadavid@qq.com) ...
[2026-08-28 12:25:18]  正在连接 QQ-主 邮箱服务器 (497720537@qq.com) ...
[2026-08-28 12:25:19]  正在连接 QQ-备用 邮箱服务器 (shouqianbadavid@qq.com) ...
[2026-08-28 12:25:55]  正在连接 QQ-主 邮箱服务器 (497720537@qq.com) ...
[2026-08-28 12:25:56]  正在连接 QQ-备用 邮箱服务器 (shouqianbadavid@qq.com) ...
[2026-08-28 12:26:33]  正在连接 QQ-主 邮箱服务器 (497720537@qq.com) ...
[2026-08-28 12:26:34]  正在连接 QQ-备用 邮箱服务器 (shouqianbadavid@qq.com) ...
[2026-08-28 12:27:10]  正在连接 QQ-主 邮箱服务器 (497720537@qq.com) ...
[2026-08-28 12:27:11]  正在连接 QQ-备用 邮箱服务器 (shouqianbadavid@qq.com) ...
[2026-08-28 12:27:47]  正在连接 QQ-主 邮箱服务器 (497720537@qq.com) ...
[2026-08-28 12:27:48]  正在连接 QQ-备用 邮箱服务器 (shouqianbadavid@qq.com) ...
[2026-08-28 12:28:24]  正在连接 QQ-主 邮箱服务器 (497720537@qq.com) ...
[2026-08-28 12:28:25]  正在连接 QQ-备用 邮箱服务器 (shouqianbadavid@qq.com) ...
[2026-08-28 12:29:01]  正在连接 QQ-主 邮箱服务器 (497720537@qq.com) ...
[2026-08-28 12:29:02]  正在连接 QQ-备用 邮箱服务器 (shouqianbadavid@qq.com) ...
[2026-08-28 12:29:39]  正在连接 QQ-主 邮箱服务器 (497720537@qq.com) ...
[2026-08-28 12:29:40]  正在连接 QQ-备用 邮箱服务器 (shouqianbadavid@qq.com) ...
[2026-08-28 12:30:16]  正在连接 QQ-主 邮箱服务器 (497720537@qq.com) ...
[2026-08-28 12:30:17]  正在连接 QQ-备用 邮箱服务器 (shouqianbadavid@qq.com) ...
[2026-08-28 12:30:53]  正在连接 QQ-主 邮箱服务器 (497720537@qq.com) ...
[2026-08-28 12:30:54]  正在连接 QQ-备用 邮箱服务器 (shouqianbadavid@qq.com) ...
[2026-08-28 12:31:30]  正在连接 QQ-主 邮箱服务器 (497720537@qq.com) ...
[2026-08-28 12:31:31]  正在连接 QQ-备用 邮箱服务器 (shouqianbadavid@qq.com) ...
[2026-08-28 12:32:07]  正在连接 QQ-主 邮箱服务器 (497720537@qq.com) ...
[2026-08-28 12:32:09]  正在连接 QQ-备用 邮箱服务器 (shouqianbadavid@qq.com) ...
[2026-08-28 12:32:45]  正在连接 QQ-主 邮箱服务器 (497720537@qq.com) ...
[2026-08-28 12:32:46]  正在连接 QQ-备用 邮箱服务器 (shouqianbadavid@qq.com) ...
[2026-08-28 12:33:22]  正在连接 QQ-主 邮箱服务器 (497720537@qq.com) ...
[2026-08-28 12:33:24]  正在连接 QQ-备用 邮箱服务器 (shouqianbadavid@qq.com) ...
[2026-08-28 12:34:00]  正在连接 QQ-主 邮箱服务器 (497720537@qq.com) ...
[2026-08-28 12:34:01]  正在连接 QQ-备用 邮箱服务器 (shouqianbadavid@qq.com) ...
[2026-08-28 12:34:36]  正在连接 QQ-主 邮箱服务器 (497720537@qq.com) ...
[2026-08-28 12:34:38]  正在连接 QQ-备用 邮箱服务器 (shouqianbadavid@qq.com) ...
[2026-08-28 12:35:14]  正在连接 QQ-主 邮箱服务器 (497720537@qq.com) ...
[2026-08-28 12:35:15]  正在连接 QQ-备用 邮箱服务器 (shouqianbadavid@qq.com) ...
[2026-08-28 12:35:51]  正在连接 QQ-主 邮箱服务器 (497720537@qq.com) ...
[2026-08-28 12:35:52]  正在连接 QQ-备用 邮箱服务器 (shouqianbadavid@qq.com) ...
[2026-08-28 12:36:29]  正在连接 QQ-主 邮箱服务器 (497720537@qq.com) ...
[2026-08-28 12:36:30]  正在连接 QQ-备用 邮箱服务器 (shouqianbadavid@qq.com) ...
[2026-08-28 12:37:06]  正在连接 QQ-主 邮箱服务器 (497720537@qq.com) ...
[2026-08-28 12:37:06]  正在连接 QQ-备用 邮箱服务器 (shouqianbadavid@qq.com) ...
[2026-08-28 12:37:42]  正在连接 QQ-主 邮箱服务器 (497720537@qq.com) ...
[2026-08-28 12:37:44]  正在连接 QQ-备用 邮箱服务器 (shouqianbadavid@qq.com) ...
[2026-08-28 12:38:20]  正在连接 QQ-主 邮箱服务器 (497720537@qq.com) ...
[2026-08-28 12:38:21]  正在连接 QQ-备用 邮箱服务器 (shouqianbadavid@qq.com) ...
[2026-08-28 12:38:57]  正在连接 QQ-主 邮箱服务器 (497720537@qq.com) ...
[2026-08-28 12:38:58]  正在连接 QQ-备用 邮箱服务器 (shouqianbadavid@qq.com) ...
[2026-08-28 12:39:34]  正在连接 QQ-主 邮箱服务器 (497720537@qq.com) ...
[2026-08-28 12:39:36]  正在连接 QQ-备用 邮箱服务器 (shouqianbadavid@qq.com) ...
[2026-08-28 12:40:12]  正在连接 QQ-主 邮箱服务器 (497720537@qq.com) ...
[2026-08-28 12:40:13]  正在连接 QQ-备用 邮箱服务器 (shouqianbadavid@qq.com) ...
[2026-08-28 12:40:49]  正在连接 QQ-主 邮箱服务器 (497720537@qq.com) ...
[2026-08-28 12:40:50]  正在连接 QQ-备用 邮箱服务器 (shouqianbadavid@qq.com) ...
[2026-08-28 12:41:26]  正在连接 QQ-主 邮箱服务器 (497720537@qq.com) ...
[2026-08-28 12:41:27]  正在连接 QQ-备用 邮箱服务器 (shouqianbadavid@qq.com) ...
[2026-08-28 12:42:03]  正在连接 QQ-主 邮箱服务器 (497720537@qq.com) ...
[2026-08-28 12:42:04]  正在连接 QQ-备用 邮箱服务器 (shouqianbadavid@qq.com) ...
[2026-08-28 12:42:40]  正在连接 QQ-主 邮箱服务器 (497720537@qq.com) ...
[2026-08-28 12:42:41]  正在连接 QQ-备用 邮箱服务器 (shouqianbadavid@qq.com) ...
[2026-08-28 12:43:18]  正在连接 QQ-主 邮箱服务器 (497720537@qq.com) ...
[2026-08-28 12:43:18]  正在连接 QQ-备用 邮箱服务器 (shouqianbadavid@qq.com) ...
[2026-08-28 12:43:55]  正在连接 QQ-主 邮箱服务器 (497720537@qq.com) ...
[2026-08-28 12:43:56]  正在连接 QQ-备用 邮箱服务器 (shouqianbadavid@qq.com) ...
[2026-08-28 12:44:32]  正在连接 QQ-主 邮箱服务器 (497720537@qq.com) ...
[2026-08-28 12:44:33]  正在连接 QQ-备用 邮箱服务器 (shouqianbadavid@qq.com) ...
[2026-08-28 12:45:09]  正在连接 QQ-主 邮箱服务器 (497720537@qq.com) ...
[2026-08-28 12:45:11]  正在连接 QQ-备用 邮箱服务器 (shouqianbadavid@qq.com) ...
[2026-08-28 12:45:47]  正在连接 QQ-主 邮箱服务器 (497720537@qq.com) ...
[2026-08-28 12:45:48]  正在连接 QQ-备用 邮箱服务器 (shouqianbadavid@qq.com) ...
[2026-08-28 12:46:24]  正在连接 QQ-主 邮箱服务器 (497720537@qq.com) ...
[2026-08-28 12:46:25]  正在连接 QQ-备用 邮箱服务器 (shouqianbadavid@qq.com) ...
[2026-08-28 12:47:01]  正在连接 QQ-主 邮箱服务器 (497720537@qq.com) ...
[2026-08-28 12:47:02]  正在连接 QQ-备用 邮箱服务器 (shouqianbadavid@qq.com) ...
[2026-08-28 12:47:39]  正在连接 QQ-主 邮箱服务器 (497720537@qq.com) ...
[2026-08-28 12:47:40]  正在连接 QQ-备用 邮箱服务器 (shouqianbadavid@qq.com) ...
[2026-08-28 12:48:16]  正在连接 QQ-主 邮箱服务器 (497720537@qq.com) ...
[2026-08-28 12:48:17]  正在连接 QQ-备用 邮箱服务器 (shouqianbadavid@qq.com) ...
[2026-08-28 12:48:53]  正在连接 QQ-主 邮箱服务器 (497720537@qq.com) ...
[2026-08-28 12:48:54]  正在连接 QQ-备用 邮箱服务器 (shouqianbadavid@qq.com) ...
[2026-08-28 12:49:31]  正在连接 QQ-主 邮箱服务器 (497720537@qq.com) ...
[2026-08-28 12:49:31]  正在连接 QQ-备用 邮箱服务器 (shouqianbadavid@qq.com) ...
[2026-08-28 12:50:07]  正在连接 QQ-主 邮箱服务器 (497720537@qq.com) ...
[2026-08-28 12:50:08]  正在连接 QQ-备用 邮箱服务器 (shouqianbadavid@qq.com) ...
[2026-08-28 12:50:44]  正在连接 QQ-主 邮箱服务器 (497720537@qq.com) ...
[2026-08-28 12:50:46]  正在连接 QQ-备用 邮箱服务器 (shouqianbadavid@qq.com) ...
[2026-08-28 12:51:22]  正在连接 QQ-主 邮箱服务器 (497720537@qq.com) ...
[2026-08-28 12:51:23]  正在连接 QQ-备用 邮箱服务器 (shouqianbadavid@qq.com) ...
[2026-08-28 12:51:59]  正在连接 QQ-主 邮箱服务器 (497720537@qq.com) ...
[2026-08-28 12:52:00]  正在连接 QQ-备用 邮箱服务器 (shouqianbadavid@qq.com) ...
[2026-08-28 12:52:36]  正在连接 QQ-主 邮箱服务器 (497720537@qq.com) ...
[2026-08-28 12:52:37]  正在连接 QQ-备用 邮箱服务器 (shouqianbadavid@qq.com) ...
[2026-08-28 12:53:13]  正在连接 QQ-主 邮箱服务器 (497720537@qq.com) ...
[2026-08-28 12:53:14]  正在连接 QQ-备用 邮箱服务器 (shouqianbadavid@qq.com) ...
[2026-08-28 12:53:51]  正在连接 QQ-主 邮箱服务器 (497720537@qq.com) ...
[2026-08-28 12:53:52]  正在连接 QQ-备用 邮箱服务器 (shouqianbadavid@qq.com) ...
[2026-08-28 12:54:28]  正在连接 QQ-主 邮箱服务器 (497720537@qq.com) ...
[2026-08-28 12:54:29]  正在连接 QQ-备用 邮箱服务器 (shouqianbadavid@qq.com) ...
[2026-08-28 12:55:05]  正在连接 QQ-主 邮箱服务器 (497720537@qq.com) ...
[2026-08-28 12:55:06]  正在连接 QQ-备用 邮箱服务器 (shouqianbadavid@qq.com) ...
[2026-08-28 12:55:43]  正在连接 QQ-主 邮箱服务器 (497720537@qq.com) ...
[2026-08-28 12:55:44]  正在连接 QQ-备用 邮箱服务器 (shouqianbadavid@qq.com) ...
[2026-08-28 12:56:20]  正在连接 QQ-主 邮箱服务器 (497720537@qq.com) ...
[2026-08-28 12:56:21]  正在连接 QQ-备用 邮箱服务器 (shouqianbadavid@qq.com) ...
[2026-08-28 12:56:57]  正在连接 QQ-主 邮箱服务器 (497720537@qq.com) ...
[2026-08-28 12:56:58]  正在连接 QQ-备用 邮箱服务器 (shouqianbadavid@qq.com) ...
[2026-08-28 12:57:34]  正在连接 QQ-主 邮箱服务器 (497720537@qq.com) ...
[2026-08-28 12:57:35]  正在连接 QQ-备用 邮箱服务器 (shouqianbadavid@qq.com) ...
[2026-08-28 12:58:11]  正在连接 QQ-主 邮箱服务器 (497720537@qq.com) ...
[2026-08-28 12:58:13]  正在连接 QQ-备用 邮箱服务器 (shouqianbadavid@qq.com) ...
[2026-08-28 12:58:49]  正在连接 QQ-主 邮箱服务器 (497720537@qq.com) ...
[2026-08-28 12:58:50]  正在连接 QQ-备用 邮箱服务器 (shouqianbadavid@qq.com) ...
[2026-08-28 12:59:26]  正在连接 QQ-主 邮箱服务器 (497720537@qq.com) ...
[2026-08-28 12:59:28]  正在连接 QQ-备用 邮箱服务器 (shouqianbadavid@qq.com) ...
[2026-08-28 13:00:04]  正在连接 QQ-主 邮箱服务器 (497720537@qq.com) ...
[2026-08-28 13:00:05]  正在连接 QQ-备用 邮箱服务器 (shouqianbadavid@qq.com) ...
[2026-08-28 13:00:41]  正在连接 QQ-主 邮箱服务器 (497720537@qq.com) ...
[2026-08-28 13:00:42]  正在连接 QQ-备用 邮箱服务器 (shouqianbadavid@qq.com) ...
[2026-08-28 13:01:18]  正在连接 QQ-主 邮箱服务器 (497720537@qq.com) ...
[2026-08-28 13:01:19]  正在连接 QQ-备用 邮箱服务器 (shouqianbadavid@qq.com) ...
[2026-08-28 13:01:56]  正在连接 QQ-主 邮箱服务器 (497720537@qq.com) ...
[2026-08-28 13:01:57]  正在连接 QQ-备用 邮箱服务器 (shouqianbadavid@qq.com) ...
[2026-08-28 13:02:33]  正在连接 QQ-主 邮箱服务器 (497720537@qq.com) ...
[2026-08-28 13:02:34]  正在连接 QQ-备用 邮箱服务器 (shouqianbadavid@qq.com) ...
[2026-08-28 13:03:10]  正在连接 QQ-主 邮箱服务器 (497720537@qq.com) ...
[2026-08-28 13:03:11]  正在连接 QQ-备用 邮箱服务器 (shouqianbadavid@qq.com) ...
[2026-08-28 13:03:47]  正在连接 QQ-主 邮箱服务器 (497720537@qq.com) ...
[2026-08-28 13:03:49]  正在连接 QQ-备用 邮箱服务器 (shouqianbadavid@qq.com) ...
[2026-08-28 13:04:25]  正在连接 QQ-主 邮箱服务器 (497720537@qq.com) ...
[2026-08-28 13:04:26]  正在连接 QQ-备用 邮箱服务器 (shouqianbadavid@qq.com) ...
[2026-08-28 13:05:02]  正在连接 QQ-主 邮箱服务器 (497720537@qq.com) ...
[2026-08-28 13:05:03]  正在连接 QQ-备用 邮箱服务器 (shouqianbadavid@qq.com) ...
[2026-08-28 13:05:39]  正在连接 QQ-主 邮箱服务器 (497720537@qq.com) ...
[2026-08-28 13:05:41]  正在连接 QQ-备用 邮箱服务器 (shouqianbadavid@qq.com) ...
[2026-08-28 13:06:17]  正在连接 QQ-主 邮箱服务器 (497720537@qq.com) ...
[2026-08-28 13:06:18]  正在连接 QQ-备用 邮箱服务器 (shouqianbadavid@qq.com) ...
[2026-08-28 13:06:54]  正在连接 QQ-主 邮箱服务器 (497720537@qq.com) ...
[2026-08-28 13:06:55]  正在连接 QQ-备用 邮箱服务器 (shouqianbadavid@qq.com) ...
[2026-08-28 13:07:31]  正在连接 QQ-主 邮箱服务器 (497720537@qq.com) ...
[2026-08-28 13:07:33]  正在连接 QQ-备用 邮箱服务器 (shouqianbadavid@qq.com) ...
[2026-08-28 13:08:09]  正在连接 QQ-主 邮箱服务器 (497720537@qq.com) ...
[2026-08-28 13:08:10]  正在连接 QQ-备用 邮箱服务器 (shouqianbadavid@qq.com) ...
[2026-08-28 13:08:46]  正在连接 QQ-主 邮箱服务器 (497720537@qq.com) ...
[2026-08-28 13:08:47]  正在连接 QQ-备用 邮箱服务器 (shouqianbadavid@qq.com) ...
[2026-08-28 13:09:23]  正在连接 QQ-主 邮箱服务器 (497720537@qq.com) ...
[2026-08-28 13:09:24]  正在连接 QQ-备用 邮箱服务器 (shouqianbadavid@qq.com) ...
[2026-08-28 13:10:00]  正在连接 QQ-主 邮箱服务器 (497720537@qq.com) ...
[2026-08-28 13:10:01]  正在连接 QQ-备用 邮箱服务器 (shouqianbadavid@qq.com) ...
[2026-08-28 13:10:38]  正在连接 QQ-主 邮箱服务器 (497720537@qq.com) ...
[2026-08-28 13:10:39]  正在连接 QQ-备用 邮箱服务器 (shouqianbadavid@qq.com) ...
[2026-08-28 13:11:15]  正在连接 QQ-主 邮箱服务器 (497720537@qq.com) ...
[2026-08-28 13:11:16]  正在连接 QQ-备用 邮箱服务器 (shouqianbadavid@qq.com) ...
[2026-08-28 13:11:51]  正在连接 QQ-主 邮箱服务器 (497720537@qq.com) ...
[2026-08-28 13:11:52]  正在连接 QQ-备用 邮箱服务器 (shouqianbadavid@qq.com) ...
[2026-08-28 13:12:29]  正在连接 QQ-主 邮箱服务器 (497720537@qq.com) ...
[2026-08-28 13:12:30]  正在连接 QQ-备用 邮箱服务器 (shouqianbadavid@qq.com) ...
[2026-08-28 13:13:06]  正在连接 QQ-主 邮箱服务器 (497720537@qq.com) ...
[2026-08-28 13:13:07]  正在连接 QQ-备用 邮箱服务器 (shouqianbadavid@qq.com) ...
[2026-08-28 13:13:44]  正在连接 QQ-主 邮箱服务器 (497720537@qq.com) ...
[2026-08-28 13:13:45]  正在连接 QQ-备用 邮箱服务器 (shouqianbadavid@qq.com) ...
[2026-08-28 13:14:21]  正在连接 QQ-主 邮箱服务器 (497720537@qq.com) ...
[2026-08-28 13:14:22]  正在连接 QQ-备用 邮箱服务器 (shouqianbadavid@qq.com) ...
[2026-08-28 13:14:58]  正在连接 QQ-主 邮箱服务器 (497720537@qq.com) ...
[2026-08-28 13:14:59]  正在连接 QQ-备用 邮箱服务器 (shouqianbadavid@qq.com) ...
[2026-08-28 13:15:35]  正在连接 QQ-主 邮箱服务器 (497720537@qq.com) ...
[2026-08-28 13:15:36]  正在连接 QQ-备用 邮箱服务器 (shouqianbadavid@qq.com) ...
[2026-08-28 13:16:12]  正在连接 QQ-主 邮箱服务器 (497720537@qq.com) ...
[2026-08-28 13:16:14]  正在连接 QQ-备用 邮箱服务器 (shouqianbadavid@qq.com) ...
[2026-08-28 13:16:50]  正在连接 QQ-主 邮箱服务器 (497720537@qq.com) ...
[2026-08-28 13:16:51]  正在连接 QQ-备用 邮箱服务器 (shouqianbadavid@qq.com) ...
[2026-08-28 13:17:27]  正在连接 QQ-主 邮箱服务器 (497720537@qq.com) ...
[2026-08-28 13:17:28]  正在连接 QQ-备用 邮箱服务器 (shouqianbadavid@qq.com) ...
[2026-08-28 13:18:03]  正在连接 QQ-主 邮箱服务器 (497720537@qq.com) ...
[2026-08-28 13:18:05]  正在连接 QQ-备用 邮箱服务器 (shouqianbadavid@qq.com) ...
[2026-08-28 13:18:41]  正在连接 QQ-主 邮箱服务器 (497720537@qq.com) ...
[2026-08-28 13:18:42]  正在连接 QQ-备用 邮箱服务器 (shouqianbadavid@qq.com) ...
[2026-08-28 13:19:18]  正在连接 QQ-主 邮箱服务器 (497720537@qq.com) ...
[2026-08-28 13:19:19]  正在连接 QQ-备用 邮箱服务器 (shouqianbadavid@qq.com) ...
[2026-08-28 13:19:55]  正在连接 QQ-主 邮箱服务器 (497720537@qq.com) ...
[2026-08-28 13:19:56]  正在连接 QQ-备用 邮箱服务器 (shouqianbadavid@qq.com) ...
[2026-08-28 13:20:32]  正在连接 QQ-主 邮箱服务器 (497720537@qq.com) ...
[2026-08-28 13:20:33]  正在连接 QQ-备用 邮箱服务器 (shouqianbadavid@qq.com) ...
[2026-08-28 13:21:09]  正在连接 QQ-主 邮箱服务器 (497720537@qq.com) ...
[2026-08-28 13:21:11]  正在连接 QQ-备用 邮箱服务器 (shouqianbadavid@qq.com) ...
[2026-08-28 13:21:47]  正在连接 QQ-主 邮箱服务器 (497720537@qq.com) ...
[2026-08-28 13:21:48]  正在连接 QQ-备用 邮箱服务器 (shouqianbadavid@qq.com) ...
[2026-08-28 13:22:24]  正在连接 QQ-主 邮箱服务器 (497720537@qq.com) ...
[2026-08-28 13:22:25]  正在连接 QQ-备用 邮箱服务器 (shouqianbadavid@qq.com) ...
[2026-08-28 13:23:01]  正在连接 QQ-主 邮箱服务器 (497720537@qq.com) ...
[2026-08-28 13:23:02]  正在连接 QQ-备用 邮箱服务器 (shouqianbadavid@qq.com) ...
[2026-08-28 13:23:38]  正在连接 QQ-主 邮箱服务器 (497720537@qq.com) ...
[2026-08-28 13:23:40]  正在连接 QQ-备用 邮箱服务器 (shouqianbadavid@qq.com) ...
[2026-08-28 13:24:16]  正在连接 QQ-主 邮箱服务器 (497720537@qq.com) ...
[2026-08-28 13:24:17]  正在连接 QQ-备用 邮箱服务器 (shouqianbadavid@qq.com) ...
[2026-08-28 13:24:53]  正在连接 QQ-主 邮箱服务器 (497720537@qq.com) ...
[2026-08-28 13:24:54]  正在连接 QQ-备用 邮箱服务器 (shouqianbadavid@qq.com) ...
[2026-08-28 13:25:30]  正在连接 QQ-主 邮箱服务器 (497720537@qq.com) ...
[2026-08-28 13:25:31]  正在连接 QQ-备用 邮箱服务器 (shouqianbadavid@qq.com) ...
[2026-08-28 13:26:07]  正在连接 QQ-主 邮箱服务器 (497720537@qq.com) ...
[2026-08-28 13:26:08]  正在连接 QQ-备用 邮箱服务器 (shouqianbadavid@qq.com) ...
[2026-08-28 13:26:44]  正在连接 QQ-主 邮箱服务器 (497720537@qq.com) ...
[2026-08-28 13:26:45]  正在连接 QQ-备用 邮箱服务器 (shouqianbadavid@qq.com) ...
[2026-08-28 13:27:22]  正在连接 QQ-主 邮箱服务器 (497720537@qq.com) ...
[2026-08-28 13:27:23]  正在连接 QQ-备用 邮箱服务器 (shouqianbadavid@qq.com) ...
[2026-08-28 13:27:59]  正在连接 QQ-主 邮箱服务器 (497720537@qq.com) ...
[2026-08-28 13:28:00]  正在连接 QQ-备用 邮箱服务器 (shouqianbadavid@qq.com) ...
[2026-08-28 13:28:37]  正在连接 QQ-主 邮箱服务器 (497720537@qq.com) ...
[2026-08-28 13:28:38]  正在连接 QQ-备用 邮箱服务器 (shouqianbadavid@qq.com) ...
[2026-08-28 13:29:14]  正在连接 QQ-主 邮箱服务器 (497720537@qq.com) ...
[2026-08-28 13:29:15]  正在连接 QQ-备用 邮箱服务器 (shouqianbadavid@qq.com) ...
[2026-08-28 13:29:51]  正在连接 QQ-主 邮箱服务器 (497720537@qq.com) ...
[2026-08-28 13:29:52]  正在连接 QQ-备用 邮箱服务器 (shouqianbadavid@qq.com) ...
[2026-08-28 13:30:28]  正在连接 QQ-主 邮箱服务器 (497720537@qq.com) ...
[2026-08-28 13:30:29]  正在连接 QQ-备用 邮箱服务器 (shouqianbadavid@qq.com) ...
[2026-08-28 13:31:06]  正在连接 QQ-主 邮箱服务器 (497720537@qq.com) ...
[2026-08-28 13:31:07]  正在连接 QQ-备用 邮箱服务器 (shouqianbadavid@qq.com) ...
[2026-08-28 13:31:43]  正在连接 QQ-主 邮箱服务器 (497720537@qq.com) ...
[2026-08-28 13:31:44]  正在连接 QQ-备用 邮箱服务器 (shouqianbadavid@qq.com) ...
[2026-08-28 13:32:21]  正在连接 QQ-主 邮箱服务器 (497720537@qq.com) ...
[2026-08-28 13:32:22]  正在连接 QQ-备用 邮箱服务器 (shouqianbadavid@qq.com) ...
[2026-08-28 13:32:58]  正在连接 QQ-主 邮箱服务器 (497720537@qq.com) ...
[2026-08-28 13:32:59]  正在连接 QQ-备用 邮箱服务器 (shouqianbadavid@qq.com) ...
[2026-08-28 13:33:34]  正在连接 QQ-主 邮箱服务器 (497720537@qq.com) ...
[2026-08-28 13:33:36]  正在连接 QQ-备用 邮箱服务器 (shouqianbadavid@qq.com) ...
[2026-08-28 13:34:12]  正在连接 QQ-主 邮箱服务器 (497720537@qq.com) ...
[2026-08-28 13:34:13]  正在连接 QQ-备用 邮箱服务器 (shouqianbadavid@qq.com) ...
[2026-08-28 13:34:49]  正在连接 QQ-主 邮箱服务器 (497720537@qq.com) ...
[2026-08-28 13:34:50]  正在连接 QQ-备用 邮箱服务器 (shouqianbadavid@qq.com) ...
[2026-08-28 13:35:25]  正在连接 QQ-主 邮箱服务器 (497720537@qq.com) ...
[2026-08-28 13:35:27]  正在连接 QQ-备用 邮箱服务器 (shouqianbadavid@qq.com) ...
[2026-08-28 13:36:03]  正在连接 QQ-主 邮箱服务器 (497720537@qq.com) ...
[2026-08-28 13:36:04]  正在连接 QQ-备用 邮箱服务器 (shouqianbadavid@qq.com) ...
[2026-08-28 13:36:40]  正在连接 QQ-主 邮箱服务器 (497720537@qq.com) ...
[2026-08-28 13:36:41]  正在连接 QQ-备用 邮箱服务器 (shouqianbadavid@qq.com) ...
[2026-08-28 13:37:17]  正在连接 QQ-主 邮箱服务器 (497720537@qq.com) ...
[2026-08-28 13:37:18]  正在连接 QQ-备用 邮箱服务器 (shouqianbadavid@qq.com) ...
[2026-08-28 13:37:54]  正在连接 QQ-主 邮箱服务器 (497720537@qq.com) ...
[2026-08-28 13:37:55]  正在连接 QQ-备用 邮箱服务器 (shouqianbadavid@qq.com) ...
[2026-08-28 13:38:31]  正在连接 QQ-主 邮箱服务器 (497720537@qq.com) ...
[2026-08-28 13:38:32]  正在连接 QQ-备用 邮箱服务器 (shouqianbadavid@qq.com) ...
[2026-08-28 13:39:09]  正在连接 QQ-主 邮箱服务器 (497720537@qq.com) ...
[2026-08-28 13:39:10]  正在连接 QQ-备用 邮箱服务器 (shouqianbadavid@qq.com) ...
[2026-08-28 13:39:46]  正在连接 QQ-主 邮箱服务器 (497720537@qq.com) ...
[2026-08-28 13:39:47]  正在连接 QQ-备用 邮箱服务器 (shouqianbadavid@qq.com) ...
[2026-08-28 13:40:23]  正在连接 QQ-主 邮箱服务器 (497720537@qq.com) ...
[2026-08-28 13:40:24]  正在连接 QQ-备用 邮箱服务器 (shouqianbadavid@qq.com) ...
[2026-08-28 13:41:00]  正在连接 QQ-主 邮箱服务器 (497720537@qq.com) ...
[2026-08-28 13:41:01]  正在连接 QQ-备用 邮箱服务器 (shouqianbadavid@qq.com) ...
[2026-08-28 13:41:38]  正在连接 QQ-主 邮箱服务器 (497720537@qq.com) ...
[2026-08-28 13:41:39]  正在连接 QQ-备用 邮箱服务器 (shouqianbadavid@qq.com) ...
[2026-08-28 13:42:14]  正在连接 QQ-主 邮箱服务器 (497720537@qq.com) ...
[2026-08-28 13:42:16]  正在连接 QQ-备用 邮箱服务器 (shouqianbadavid@qq.com) ...
[2026-08-28 13:42:52]  正在连接 QQ-主 邮箱服务器 (497720537@qq.com) ...
[2026-08-28 13:42:53]  正在连接 QQ-备用 邮箱服务器 (shouqianbadavid@qq.com) ...
[2026-08-28 13:43:29]  正在连接 QQ-主 邮箱服务器 (497720537@qq.com) ...
[2026-08-28 13:43:30]  正在连接 QQ-备用 邮箱服务器 (shouqianbadavid@qq.com) ...
[2026-08-28 13:44:06]  正在连接 QQ-主 邮箱服务器 (497720537@qq.com) ...
[2026-08-28 13:44:07]  正在连接 QQ-备用 邮箱服务器 (shouqianbadavid@qq.com) ...
[2026-08-28 13:44:43]  正在连接 QQ-主 邮箱服务器 (497720537@qq.com) ...
[2026-08-28 13:44:44]  正在连接 QQ-备用 邮箱服务器 (shouqianbadavid@qq.com) ...
[2026-08-28 13:45:20]  正在连接 QQ-主 邮箱服务器 (497720537@qq.com) ...
[2026-08-28 13:45:21]  正在连接 QQ-备用 邮箱服务器 (shouqianbadavid@qq.com) ...
[2026-08-28 13:45:57]  正在连接 QQ-主 邮箱服务器 (497720537@qq.com) ...
[2026-08-28 13:45:59]  正在连接 QQ-备用 邮箱服务器 (shouqianbadavid@qq.com) ...
[2026-08-28 13:46:35]  正在连接 QQ-主 邮箱服务器 (497720537@qq.com) ...
[2026-08-28 13:46:36]  正在连接 QQ-备用 邮箱服务器 (shouqianbadavid@qq.com) ...
[2026-08-28 13:47:12]  正在连接 QQ-主 邮箱服务器 (497720537@qq.com) ...
[2026-08-28 13:47:13]  正在连接 QQ-备用 邮箱服务器 (shouqianbadavid@qq.com) ...
[2026-08-28 13:47:49]  正在连接 QQ-主 邮箱服务器 (497720537@qq.com) ...
[2026-08-28 13:47:51]  正在连接 QQ-备用 邮箱服务器 (shouqianbadavid@qq.com) ...
[2026-08-28 13:48:27]  正在连接 QQ-主 邮箱服务器 (497720537@qq.com) ...
[2026-08-28 13:48:28]  正在连接 QQ-备用 邮箱服务器 (shouqianbadavid@qq.com) ...
[2026-08-28 13:49:04]  正在连接 QQ-主 邮箱服务器 (497720537@qq.com) ...
[2026-08-28 13:49:05]  正在连接 QQ-备用 邮箱服务器 (shouqianbadavid@qq.com) ...
[2026-08-28 13:49:41]  正在连接 QQ-主 邮箱服务器 (497720537@qq.com) ...
[2026-08-28 13:49:42]  正在连接 QQ-备用 邮箱服务器 (shouqianbadavid@qq.com) ...
[2026-08-28 13:50:18]  正在连接 QQ-主 邮箱服务器 (497720537@qq.com) ...
[2026-08-28 13:50:20]  正在连接 QQ-备用 邮箱服务器 (shouqianbadavid@qq.com) ...
[2026-08-28 13:50:56]  正在连接 QQ-主 邮箱服务器 (497720537@qq.com) ...
[2026-08-28 13:50:57]  正在连接 QQ-备用 邮箱服务器 (shouqianbadavid@qq.com) ...
[2026-08-28 13:51:33]  正在连接 QQ-主 邮箱服务器 (497720537@qq.com) ...
[2026-08-28 13:51:34]  正在连接 QQ-备用 邮箱服务器 (shouqianbadavid@qq.com) ...
[2026-08-28 13:52:10]  正在连接 QQ-主 邮箱服务器 (497720537@qq.com) ...
[2026-08-28 13:52:11]  正在连接 QQ-备用 邮箱服务器 (shouqianbadavid@qq.com) ...
[2026-08-28 13:52:47]  正在连接 QQ-主 邮箱服务器 (497720537@qq.com) ...
[2026-08-28 13:52:49]  正在连接 QQ-备用 邮箱服务器 (shouqianbadavid@qq.com) ...
[2026-08-28 13:53:25]  正在连接 QQ-主 邮箱服务器 (497720537@qq.com) ...
[2026-08-28 13:53:26]  正在连接 QQ-备用 邮箱服务器 (shouqianbadavid@qq.com) ...
[2026-08-28 13:54:02]  正在连接 QQ-主 邮箱服务器 (497720537@qq.com) ...
[2026-08-28 13:54:03]  正在连接 QQ-备用 邮箱服务器 (shouqianbadavid@qq.com) ...
[2026-08-28 13:54:39]  正在连接 QQ-主 邮箱服务器 (497720537@qq.com) ...
[2026-08-28 13:54:41]  正在连接 QQ-备用 邮箱服务器 (shouqianbadavid@qq.com) ...
[2026-08-28 13:55:17]  正在连接 QQ-主 邮箱服务器 (497720537@qq.com) ...
[2026-08-28 13:55:18]  正在连接 QQ-备用 邮箱服务器 (shouqianbadavid@qq.com) ...
[2026-08-28 13:55:54]  正在连接 QQ-主 邮箱服务器 (497720537@qq.com) ...
[2026-08-28 13:55:55]  正在连接 QQ-备用 邮箱服务器 (shouqianbadavid@qq.com) ...
[2026-08-28 13:56:32]  正在连接 QQ-主 邮箱服务器 (497720537@qq.com) ...
[2026-08-28 13:56:33]  正在连接 QQ-备用 邮箱服务器 (shouqianbadavid@qq.com) ...
[2026-08-28 13:57:09]  正在连接 QQ-主 邮箱服务器 (497720537@qq.com) ...
[2026-08-28 13:57:09]  正在连接 QQ-备用 邮箱服务器 (shouqianbadavid@qq.com) ...
[2026-08-28 13:57:45]  正在连接 QQ-主 邮箱服务器 (497720537@qq.com) ...
[2026-08-28 13:57:46]  正在连接 QQ-备用 邮箱服务器 (shouqianbadavid@qq.com) ...
[2026-08-28 13:58:23]  正在连接 QQ-主 邮箱服务器 (497720537@qq.com) ...
[2026-08-28 13:58:24]  正在连接 QQ-备用 邮箱服务器 (shouqianbadavid@qq.com) ...
[2026-08-28 13:59:00]  正在连接 QQ-主 邮箱服务器 (497720537@qq.com) ...
[2026-08-28 13:59:01]  正在连接 QQ-备用 邮箱服务器 (shouqianbadavid@qq.com) ...
[2026-08-28 13:59:37]  正在连接 QQ-主 邮箱服务器 (497720537@qq.com) ...
[2026-08-28 13:59:38]  正在连接 QQ-备用 邮箱服务器 (shouqianbadavid@qq.com) ...
[2026-08-28 14:00:15]  正在连接 QQ-主 邮箱服务器 (497720537@qq.com) ...
[2026-08-28 14:00:16]  正在连接 QQ-备用 邮箱服务器 (shouqianbadavid@qq.com) ...
[2026-08-28 14:00:51]  正在连接 QQ-主 邮箱服务器 (497720537@qq.com) ...
[2026-08-28 14:00:53]  正在连接 QQ-备用 邮箱服务器 (shouqianbadavid@qq.com) ...
[2026-08-28 14:01:29]  正在连接 QQ-主 邮箱服务器 (497720537@qq.com) ...
[2026-08-28 14:01:30]  正在连接 QQ-备用 邮箱服务器 (shouqianbadavid@qq.com) ...
[2026-08-28 14:02:06]  正在连接 QQ-主 邮箱服务器 (497720537@qq.com) ...
[2026-08-28 14:02:07]  正在连接 QQ-备用 邮箱服务器 (shouqianbadavid@qq.com) ...
[2026-08-28 14:02:43]  正在连接 QQ-主 邮箱服务器 (497720537@qq.com) ...
[2026-08-28 14:02:44]  正在连接 QQ-备用 邮箱服务器 (shouqianbadavid@qq.com) ...
[2026-08-28 14:03:21]  正在连接 QQ-主 邮箱服务器 (497720537@qq.com) ...
[2026-08-28 14:03:21]  正在连接 QQ-备用 邮箱服务器 (shouqianbadavid@qq.com) ...
[2026-08-28 14:03:58]  正在连接 QQ-主 邮箱服务器 (497720537@qq.com) ...
[2026-08-28 14:03:59]  正在连接 QQ-备用 邮箱服务器 (shouqianbadavid@qq.com) ...
[2026-08-28 14:04:35]  正在连接 QQ-主 邮箱服务器 (497720537@qq.com) ...
[2026-08-28 14:04:36]  正在连接 QQ-备用 邮箱服务器 (shouqianbadavid@qq.com) ...
[2026-08-28 14:05:12]  正在连接 QQ-主 邮箱服务器 (497720537@qq.com) ...
[2026-08-28 14:05:13]  正在连接 QQ-备用 邮箱服务器 (shouqianbadavid@qq.com) ...
[2026-08-28 14:05:49]  正在连接 QQ-主 邮箱服务器 (497720537@qq.com) ...
[2026-08-28 14:05:50]  正在连接 QQ-备用 邮箱服务器 (shouqianbadavid@qq.com) ...
[2026-08-28 14:06:26]  正在连接 QQ-主 邮箱服务器 (497720537@qq.com) ...
[2026-08-28 14:06:28]  正在连接 QQ-备用 邮箱服务器 (shouqianbadavid@qq.com) ...
[2026-08-28 14:07:03]  正在连接 QQ-主 邮箱服务器 (497720537@qq.com) ...
[2026-08-28 14:07:05]  正在连接 QQ-备用 邮箱服务器 (shouqianbadavid@qq.com) ...
[2026-08-28 14:07:41]  正在连接 QQ-主 邮箱服务器 (497720537@qq.com) ...
[2026-08-28 14:07:41]  正在连接 QQ-备用 邮箱服务器 (shouqianbadavid@qq.com) ...
[2026-08-28 14:08:17]  正在连接 QQ-主 邮箱服务器 (497720537@qq.com) ...
[2026-08-28 14:08:18]  正在连接 QQ-备用 邮箱服务器 (shouqianbadavid@qq.com) ...
[2026-08-28 14:08:54]  正在连接 QQ-主 邮箱服务器 (497720537@qq.com) ...
[2026-08-28 14:08:55]  正在连接 QQ-备用 邮箱服务器 (shouqianbadavid@qq.com) ...
[2026-08-28 14:09:32]  正在连接 QQ-主 邮箱服务器 (497720537@qq.com) ...
[2026-08-28 14:09:33]  正在连接 QQ-备用 邮箱服务器 (shouqianbadavid@qq.com) ...
[2026-08-28 14:10:09]  正在连接 QQ-主 邮箱服务器 (497720537@qq.com) ...
[2026-08-28 14:10:10]  正在连接 QQ-备用 邮箱服务器 (shouqianbadavid@qq.com) ...
[2026-08-28 14:10:46]  正在连接 QQ-主 邮箱服务器 (497720537@qq.com) ...
[2026-08-28 14:10:47]  正在连接 QQ-备用 邮箱服务器 (shouqianbadavid@qq.com) ...
[2026-08-28 14:11:23]  正在连接 QQ-主 邮箱服务器 (497720537@qq.com) ...
[2026-08-28 14:11:24]  正在连接 QQ-备用 邮箱服务器 (shouqianbadavid@qq.com) ...
[2026-08-28 14:12:01]  正在连接 QQ-主 邮箱服务器 (497720537@qq.com) ...
[2026-08-28 14:12:02]  正在连接 QQ-备用 邮箱服务器 (shouqianbadavid@qq.com) ...
[2026-08-28 14:12:38]  正在连接 QQ-主 邮箱服务器 (497720537@qq.com) ...
[2026-08-28 14:12:39]  正在连接 QQ-备用 邮箱服务器 (shouqianbadavid@qq.com) ...
[2026-08-28 14:13:15]  正在连接 QQ-主 邮箱服务器 (497720537@qq.com) ...
[2026-08-28 14:13:17]  正在连接 QQ-备用 邮箱服务器 (shouqianbadavid@qq.com) ...
[2026-08-28 14:13:53]  正在连接 QQ-主 邮箱服务器 (497720537@qq.com) ...
[2026-08-28 14:13:54]  正在连接 QQ-备用 邮箱服务器 (shouqianbadavid@qq.com) ...
[2026-08-28 14:14:30]  正在连接 QQ-主 邮箱服务器 (497720537@qq.com) ...
[2026-08-28 14:14:31]  正在连接 QQ-备用 邮箱服务器 (shouqianbadavid@qq.com) ...
[2026-08-28 14:15:07]  正在连接 QQ-主 邮箱服务器 (497720537@qq.com) ...
[2026-08-28 14:15:08]  正在连接 QQ-备用 邮箱服务器 (shouqianbadavid@qq.com) ...
[2026-08-28 14:15:45]  正在连接 QQ-主 邮箱服务器 (497720537@qq.com) ...
[2026-08-28 14:15:46]  正在连接 QQ-备用 邮箱服务器 (shouqianbadavid@qq.com) ...
[2026-08-28 14:16:21]  正在连接 QQ-主 邮箱服务器 (497720537@qq.com) ...
[2026-08-28 14:16:23]  正在连接 QQ-备用 邮箱服务器 (shouqianbadavid@qq.com) ...
[2026-08-28 14:16:59]  正在连接 QQ-主 邮箱服务器 (497720537@qq.com) ...
[2026-08-28 14:17:00]  正在连接 QQ-备用 邮箱服务器 (shouqianbadavid@qq.com) ...
[2026-08-28 14:17:36]  正在连接 QQ-主 邮箱服务器 (497720537@qq.com) ...
[2026-08-28 14:17:38]  正在连接 QQ-备用 邮箱服务器 (shouqianbadavid@qq.com) ...
[2026-08-28 14:18:15]  正在连接 QQ-主 邮箱服务器 (497720537@qq.com) ...
[2026-08-28 14:18:16]  正在连接 QQ-备用 邮箱服务器 (shouqianbadavid@qq.com) ...
[2026-08-28 14:18:52]  正在连接 QQ-主 邮箱服务器 (497720537@qq.com) ...
[2026-08-28 14:18:53]  正在连接 QQ-备用 邮箱服务器 (shouqianbadavid@qq.com) ...
[2026-08-28 14:19:29]  正在连接 QQ-主 邮箱服务器 (497720537@qq.com) ...
[2026-08-28 14:19:30]  正在连接 QQ-备用 邮箱服务器 (shouqianbadavid@qq.com) ...
[2026-08-28 14:20:07]  正在连接 QQ-主 邮箱服务器 (497720537@qq.com) ...
[2026-08-28 14:20:08]  正在连接 QQ-备用 邮箱服务器 (shouqianbadavid@qq.com) ...
[2026-08-28 14:20:44]  正在连接 QQ-主 邮箱服务器 (497720537@qq.com) ...
[2026-08-28 14:20:45]  正在连接 QQ-备用 邮箱服务器 (shouqianbadavid@qq.com) ...
[2026-08-28 14:21:21]  正在连接 QQ-主 邮箱服务器 (497720537@qq.com) ...
[2026-08-28 14:21:22]  正在连接 QQ-备用 邮箱服务器 (shouqianbadavid@qq.com) ...
[2026-08-28 14:21:58]  正在连接 QQ-主 邮箱服务器 (497720537@qq.com) ...
[2026-08-28 14:22:00]  正在连接 QQ-备用 邮箱服务器 (shouqianbadavid@qq.com) ...
[2026-08-28 14:22:36]  正在连接 QQ-主 邮箱服务器 (497720537@qq.com) ...
[2026-08-28 14:22:37]  正在连接 QQ-备用 邮箱服务器 (shouqianbadavid@qq.com) ...
[2026-08-28 14:23:13]  正在连接 QQ-主 邮箱服务器 (497720537@qq.com) ...
[2026-08-28 14:23:14]  正在连接 QQ-备用 邮箱服务器 (shouqianbadavid@qq.com) ...
[2026-08-28 14:23:50]  正在连接 QQ-主 邮箱服务器 (497720537@qq.com) ...
[2026-08-28 14:23:51]  正在连接 QQ-备用 邮箱服务器 (shouqianbadavid@qq.com) ...
[2026-08-28 14:24:27]  正在连接 QQ-主 邮箱服务器 (497720537@qq.com) ...
[2026-08-28 14:24:28]  正在连接 QQ-备用 邮箱服务器 (shouqianbadavid@qq.com) ...
[2026-08-28 14:25:04]  正在连接 QQ-主 邮箱服务器 (497720537@qq.com) ...
[2026-08-28 14:25:05]  正在连接 QQ-备用 邮箱服务器 (shouqianbadavid@qq.com) ...
[2026-08-28 14:25:41]  正在连接 QQ-主 邮箱服务器 (497720537@qq.com) ...
[2026-08-28 14:25:42]  正在连接 QQ-备用 邮箱服务器 (shouqianbadavid@qq.com) ...
[2026-08-28 14:26:19]  正在连接 QQ-主 邮箱服务器 (497720537@qq.com) ...
[2026-08-28 14:26:20]  正在连接 QQ-备用 邮箱服务器 (shouqianbadavid@qq.com) ...
[2026-08-28 14:26:56]  正在连接 QQ-主 邮箱服务器 (497720537@qq.com) ...
[2026-08-28 14:26:57]  正在连接 QQ-备用 邮箱服务器 (shouqianbadavid@qq.com) ...
[2026-08-28 14:27:33]  正在连接 QQ-主 邮箱服务器 (497720537@qq.com) ...
[2026-08-28 14:27:34]  正在连接 QQ-备用 邮箱服务器 (shouqianbadavid@qq.com) ...
[2026-08-28 14:28:10]  正在连接 QQ-主 邮箱服务器 (497720537@qq.com) ...
[2026-08-28 14:28:12]  正在连接 QQ-备用 邮箱服务器 (shouqianbadavid@qq.com) ...
[2026-08-28 14:28:48]  正在连接 QQ-主 邮箱服务器 (497720537@qq.com) ...
[2026-08-28 14:28:49]  正在连接 QQ-备用 邮箱服务器 (shouqianbadavid@qq.com) ...
[2026-08-28 14:29:25]  正在连接 QQ-主 邮箱服务器 (497720537@qq.com) ...
[2026-08-28 14:29:26]  正在连接 QQ-备用 邮箱服务器 (shouqianbadavid@qq.com) ...
[2026-08-28 14:30:02]  正在连接 QQ-主 邮箱服务器 (497720537@qq.com) ...
[2026-08-28 14:30:03]  正在连接 QQ-备用 邮箱服务器 (shouqianbadavid@qq.com) ...
[2026-08-28 14:30:39]  正在连接 QQ-主 邮箱服务器 (497720537@qq.com) ...
[2026-08-28 14:30:40]  正在连接 QQ-备用 邮箱服务器 (shouqianbadavid@qq.com) ...
[2026-08-28 14:31:17]  正在连接 QQ-主 邮箱服务器 (497720537@qq.com) ...
[2026-08-28 14:31:17]  正在连接 QQ-备用 邮箱服务器 (shouqianbadavid@qq.com) ...
[2026-08-28 14:31:53]  正在连接 QQ-主 邮箱服务器 (497720537@qq.com) ...
[2026-08-28 14:31:56]  正在连接 QQ-备用 邮箱服务器 (shouqianbadavid@qq.com) ...
[2026-08-28 14:32:32]  正在连接 QQ-主 邮箱服务器 (497720537@qq.com) ...
[2026-08-28 14:32:33]  正在连接 QQ-备用 邮箱服务器 (shouqianbadavid@qq.com) ...
[2026-08-28 14:33:09]  正在连接 QQ-主 邮箱服务器 (497720537@qq.com) ...
[2026-08-28 14:33:10]  正在连接 QQ-备用 邮箱服务器 (shouqianbadavid@qq.com) ...
[2026-08-28 14:33:46]  正在连接 QQ-主 邮箱服务器 (497720537@qq.com) ...
[2026-08-28 14:33:47]  正在连接 QQ-备用 邮箱服务器 (shouqianbadavid@qq.com) ...
[2026-08-28 14:34:23]  正在连接 QQ-主 邮箱服务器 (497720537@qq.com) ...
[2026-08-28 14:34:24]  正在连接 QQ-备用 邮箱服务器 (shouqianbadavid@qq.com) ...
[2026-08-28 14:35:00]  正在连接 QQ-主 邮箱服务器 (497720537@qq.com) ...
[2026-08-28 14:35:01]  正在连接 QQ-备用 邮箱服务器 (shouqianbadavid@qq.com) ...
[2026-08-28 14:35:37]  正在连接 QQ-主 邮箱服务器 (497720537@qq.com) ...
[2026-08-28 14:35:38]  正在连接 QQ-备用 邮箱服务器 (shouqianbadavid@qq.com) ...
[2026-08-28 14:36:14]  正在连接 QQ-主 邮箱服务器 (497720537@qq.com) ...
[2026-08-28 14:36:15]  正在连接 QQ-备用 邮箱服务器 (shouqianbadavid@qq.com) ...
[2026-08-28 14:36:51]  正在连接 QQ-主 邮箱服务器 (497720537@qq.com) ...
[2026-08-28 14:36:52]  正在连接 QQ-备用 邮箱服务器 (shouqianbadavid@qq.com) ...
[2026-08-28 14:37:28]  正在连接 QQ-主 邮箱服务器 (497720537@qq.com) ...
[2026-08-28 14:37:29]  正在连接 QQ-备用 邮箱服务器 (shouqianbadavid@qq.com) ...
[2026-08-28 14:38:06]  正在连接 QQ-主 邮箱服务器 (497720537@qq.com) ...
[2026-08-28 14:38:07]  正在连接 QQ-备用 邮箱服务器 (shouqianbadavid@qq.com) ...
[2026-08-28 14:38:43]  正在连接 QQ-主 邮箱服务器 (497720537@qq.com) ...
[2026-08-28 14:38:44]  正在连接 QQ-备用 邮箱服务器 (shouqianbadavid@qq.com) ...
[2026-08-28 14:39:20]  正在连接 QQ-主 邮箱服务器 (497720537@qq.com) ...
[2026-08-28 14:39:21]  正在连接 QQ-备用 邮箱服务器 (shouqianbadavid@qq.com) ...
[2026-08-28 14:39:57]  正在连接 QQ-主 邮箱服务器 (497720537@qq.com) ...
[2026-08-28 14:39:58]  正在连接 QQ-备用 邮箱服务器 (shouqianbadavid@qq.com) ...
[2026-08-28 14:40:34]  正在连接 QQ-主 邮箱服务器 (497720537@qq.com) ...
[2026-08-28 14:40:35]  正在连接 QQ-备用 邮箱服务器 (shouqianbadavid@qq.com) ...
[2026-08-28 14:41:12]  正在连接 QQ-主 邮箱服务器 (497720537@qq.com) ...
[2026-08-28 14:41:13]  正在连接 QQ-备用 邮箱服务器 (shouqianbadavid@qq.com) ...
[2026-08-28 14:41:49]  正在连接 QQ-主 邮箱服务器 (497720537@qq.com) ...
[2026-08-28 14:41:50]  正在连接 QQ-备用 邮箱服务器 (shouqianbadavid@qq.com) ...
[2026-08-28 14:42:26]  正在连接 QQ-主 邮箱服务器 (497720537@qq.com) ...
[2026-08-28 14:42:27]  正在连接 QQ-备用 邮箱服务器 (shouqianbadavid@qq.com) ...
[2026-08-28 14:43:03]  正在连接 QQ-主 邮箱服务器 (497720537@qq.com) ...
[2026-08-28 14:43:04]  正在连接 QQ-备用 邮箱服务器 (shouqianbadavid@qq.com) ...
[2026-08-28 14:43:40]  正在连接 QQ-主 邮箱服务器 (497720537@qq.com) ...
[2026-08-28 14:43:41]  正在连接 QQ-备用 邮箱服务器 (shouqianbadavid@qq.com) ...
[2026-08-28 14:44:17]  正在连接 QQ-主 邮箱服务器 (497720537@qq.com) ...
[2026-08-28 14:44:18]  正在连接 QQ-备用 邮箱服务器 (shouqianbadavid@qq.com) ...
[2026-08-28 14:44:54]  正在连接 QQ-主 邮箱服务器 (497720537@qq.com) ...
[2026-08-28 14:44:55]  正在连接 QQ-备用 邮箱服务器 (shouqianbadavid@qq.com) ...
[2026-08-28 14:45:32]  正在连接 QQ-主 邮箱服务器 (497720537@qq.com) ...
[2026-08-28 14:45:33]  正在连接 QQ-备用 邮箱服务器 (shouqianbadavid@qq.com) ...
[2026-08-28 14:46:09]  正在连接 QQ-主 邮箱服务器 (497720537@qq.com) ...
[2026-08-28 14:46:10]  正在连接 QQ-备用 邮箱服务器 (shouqianbadavid@qq.com) ...
[2026-08-28 14:46:46]  正在连接 QQ-主 邮箱服务器 (497720537@qq.com) ...
[2026-08-28 14:46:47]  正在连接 QQ-备用 邮箱服务器 (shouqianbadavid@qq.com) ...
[2026-08-28 14:47:23]  正在连接 QQ-主 邮箱服务器 (497720537@qq.com) ...
[2026-08-28 14:47:24]  正在连接 QQ-备用 邮箱服务器 (shouqianbadavid@qq.com) ...
[2026-08-28 14:48:00]  正在连接 QQ-主 邮箱服务器 (497720537@qq.com) ...
[2026-08-28 14:48:01]  正在连接 QQ-备用 邮箱服务器 (shouqianbadavid@qq.com) ...
[2026-08-28 14:48:37]  正在连接 QQ-主 邮箱服务器 (497720537@qq.com) ...
[2026-08-28 14:48:38]  正在连接 QQ-备用 邮箱服务器 (shouqianbadavid@qq.com) ...
[2026-08-28 14:49:15]  正在连接 QQ-主 邮箱服务器 (497720537@qq.com) ...
[2026-08-28 14:49:16]  正在连接 QQ-备用 邮箱服务器 (shouqianbadavid@qq.com) ...
[2026-08-28 14:49:52]  正在连接 QQ-主 邮箱服务器 (497720537@qq.com) ...
[2026-08-28 14:49:53]  正在连接 QQ-备用 邮箱服务器 (shouqianbadavid@qq.com) ...
[2026-08-28 14:50:30]  正在连接 QQ-主 邮箱服务器 (497720537@qq.com) ...
[2026-08-28 14:50:31]  正在连接 QQ-备用 邮箱服务器 (shouqianbadavid@qq.com) ...
[2026-08-28 14:51:07]  正在连接 QQ-主 邮箱服务器 (497720537@qq.com) ...
[2026-08-28 14:51:08]  正在连接 QQ-备用 邮箱服务器 (shouqianbadavid@qq.com) ...
[2026-08-28 14:51:45]  正在连接 QQ-主 邮箱服务器 (497720537@qq.com) ...
[2026-08-28 14:51:46]  正在连接 QQ-备用 邮箱服务器 (shouqianbadavid@qq.com) ...
[2026-08-28 14:52:22]  正在连接 QQ-主 邮箱服务器 (497720537@qq.com) ...
[2026-08-28 14:52:23]  正在连接 QQ-备用 邮箱服务器 (shouqianbadavid@qq.com) ...
[2026-08-28 14:52:59]  正在连接 QQ-主 邮箱服务器 (497720537@qq.com) ...
[2026-08-28 14:53:00]  正在连接 QQ-备用 邮箱服务器 (shouqianbadavid@qq.com) ...
[2026-08-28 14:53:36]  正在连接 QQ-主 邮箱服务器 (497720537@qq.com) ...
[2026-08-28 14:53:38]  正在连接 QQ-备用 邮箱服务器 (shouqianbadavid@qq.com) ...
[2026-08-28 14:54:14]  正在连接 QQ-主 邮箱服务器 (497720537@qq.com) ...
[2026-08-28 14:54:15]  正在连接 QQ-备用 邮箱服务器 (shouqianbadavid@qq.com) ...
[2026-08-28 14:54:51]  正在连接 QQ-主 邮箱服务器 (497720537@qq.com) ...
[2026-08-28 14:54:52]  正在连接 QQ-备用 邮箱服务器 (shouqianbadavid@qq.com) ...
[2026-08-28 14:55:29]  正在连接 QQ-主 邮箱服务器 (497720537@qq.com) ...
[2026-08-28 14:55:30]  正在连接 QQ-备用 邮箱服务器 (shouqianbadavid@qq.com) ...
[2026-08-28 14:56:06]  正在连接 QQ-主 邮箱服务器 (497720537@qq.com) ...
[2026-08-28 14:56:07]  正在连接 QQ-备用 邮箱服务器 (shouqianbadavid@qq.com) ...
[2026-08-28 14:56:43]  正在连接 QQ-主 邮箱服务器 (497720537@qq.com) ...
[2026-08-28 14:56:44]  正在连接 QQ-备用 邮箱服务器 (shouqianbadavid@qq.com) ...
[2026-08-28 14:57:21]  正在连接 QQ-主 邮箱服务器 (497720537@qq.com) ...
[2026-08-28 14:57:22]  正在连接 QQ-备用 邮箱服务器 (shouqianbadavid@qq.com) ...
[2026-08-28 14:57:58]  正在连接 QQ-主 邮箱服务器 (497720537@qq.com) ...
[2026-08-28 14:57:59]  正在连接 QQ-备用 邮箱服务器 (shouqianbadavid@qq.com) ...
[2026-08-28 14:58:35]  正在连接 QQ-主 邮箱服务器 (497720537@qq.com) ...
[2026-08-28 14:58:36]  正在连接 QQ-备用 邮箱服务器 (shouqianbadavid@qq.com) ...
[2026-08-28 14:59:12]  正在连接 QQ-主 邮箱服务器 (497720537@qq.com) ...
[2026-08-28 14:59:13]  正在连接 QQ-备用 邮箱服务器 (shouqianbadavid@qq.com) ...
[2026-08-28 14:59:50]  正在连接 QQ-主 邮箱服务器 (497720537@qq.com) ...
[2026-08-28 14:59:51]  正在连接 QQ-备用 邮箱服务器 (shouqianbadavid@qq.com) ...
[2026-08-28 15:00:27]  正在连接 QQ-主 邮箱服务器 (497720537@qq.com) ...
[2026-08-28 15:00:28]  正在连接 QQ-备用 邮箱服务器 (shouqianbadavid@qq.com) ...
[2026-08-28 15:01:05]  正在连接 QQ-主 邮箱服务器 (497720537@qq.com) ...
[2026-08-28 15:01:06]  正在连接 QQ-备用 邮箱服务器 (shouqianbadavid@qq.com) ...
[2026-08-28 15:01:42]  正在连接 QQ-主 邮箱服务器 (497720537@qq.com) ...
[2026-08-28 15:01:43]  正在连接 QQ-备用 邮箱服务器 (shouqianbadavid@qq.com) ...
[2026-08-28 15:02:19]  正在连接 QQ-主 邮箱服务器 (497720537@qq.com) ...
[2026-08-28 15:02:20]  正在连接 QQ-备用 邮箱服务器 (shouqianbadavid@qq.com) ...
[2026-08-28 15:02:56]  正在连接 QQ-主 邮箱服务器 (497720537@qq.com) ...
[2026-08-28 15:02:58]  正在连接 QQ-备用 邮箱服务器 (shouqianbadavid@qq.com) ...
[2026-08-28 15:03:34]  正在连接 QQ-主 邮箱服务器 (497720537@qq.com) ...
[2026-08-28 15:03:35]  正在连接 QQ-备用 邮箱服务器 (shouqianbadavid@qq.com) ...
[2026-08-28 15:04:11]  正在连接 QQ-主 邮箱服务器 (497720537@qq.com) ...
[2026-08-28 15:04:12]  正在连接 QQ-备用 邮箱服务器 (shouqianbadavid@qq.com) ...
[2026-08-28 15:04:48]  正在连接 QQ-主 邮箱服务器 (497720537@qq.com) ...
[2026-08-28 15:04:49]  正在连接 QQ-备用 邮箱服务器 (shouqianbadavid@qq.com) ...
[2026-08-28 15:05:25]  正在连接 QQ-主 邮箱服务器 (497720537@qq.com) ...
[2026-08-28 15:05:27]  正在连接 QQ-备用 邮箱服务器 (shouqianbadavid@qq.com) ...
[2026-08-28 15:06:03]  正在连接 QQ-主 邮箱服务器 (497720537@qq.com) ...
[2026-08-28 15:06:04]  正在连接 QQ-备用 邮箱服务器 (shouqianbadavid@qq.com) ...
[2026-08-28 15:06:40]  正在连接 QQ-主 邮箱服务器 (497720537@qq.com) ...
[2026-08-28 15:06:41]  正在连接 QQ-备用 邮箱服务器 (shouqianbadavid@qq.com) ...
[2026-08-28 15:07:18]  正在连接 QQ-主 邮箱服务器 (497720537@qq.com) ...
[2026-08-28 15:07:18]  正在连接 QQ-备用 邮箱服务器 (shouqianbadavid@qq.com) ...
[2026-08-28 15:07:54]  正在连接 QQ-主 邮箱服务器 (497720537@qq.com) ...
[2026-08-28 15:07:55]  正在连接 QQ-备用 邮箱服务器 (shouqianbadavid@qq.com) ...
[2026-08-28 15:08:31]  正在连接 QQ-主 邮箱服务器 (497720537@qq.com) ...
[2026-08-28 15:08:32]  正在连接 QQ-备用 邮箱服务器 (shouqianbadavid@qq.com) ...
[2026-08-28 15:09:09]  正在连接 QQ-主 邮箱服务器 (497720537@qq.com) ...
[2026-08-28 15:09:10]  正在连接 QQ-备用 邮箱服务器 (shouqianbadavid@qq.com) ...
[2026-08-28 15:09:46]  正在连接 QQ-主 邮箱服务器 (497720537@qq.com) ...
[2026-08-28 15:09:47]  正在连接 QQ-备用 邮箱服务器 (shouqianbadavid@qq.com) ...
[2026-08-28 15:10:23]  正在连接 QQ-主 邮箱服务器 (497720537@qq.com) ...
[2026-08-28 15:10:24]  正在连接 QQ-备用 邮箱服务器 (shouqianbadavid@qq.com) ...
[2026-08-28 15:11:00]  正在连接 QQ-主 邮箱服务器 (497720537@qq.com) ...
[2026-08-28 15:11:01]  正在连接 QQ-备用 邮箱服务器 (shouqianbadavid@qq.com) ...
[2026-08-28 15:11:37]  正在连接 QQ-主 邮箱服务器 (497720537@qq.com) ...
[2026-08-28 15:11:38]  正在连接 QQ-备用 邮箱服务器 (shouqianbadavid@qq.com) ...
[2026-08-28 15:12:15]  正在连接 QQ-主 邮箱服务器 (497720537@qq.com) ...
[2026-08-28 15:12:16]  正在连接 QQ-备用 邮箱服务器 (shouqianbadavid@qq.com) ...
[2026-08-28 15:12:52]  正在连接 QQ-主 邮箱服务器 (497720537@qq.com) ...
[2026-08-28 15:12:53]  正在连接 QQ-备用 邮箱服务器 (shouqianbadavid@qq.com) ...
[2026-08-28 15:13:29]  正在连接 QQ-主 邮箱服务器 (497720537@qq.com) ...
[2026-08-28 15:13:31]  正在连接 QQ-备用 邮箱服务器 (shouqianbadavid@qq.com) ...
[2026-08-28 15:14:08]  正在连接 QQ-主 邮箱服务器 (497720537@qq.com) ...
[2026-08-28 15:14:09]  正在连接 QQ-备用 邮箱服务器 (shouqianbadavid@qq.com) ...
[2026-08-28 15:14:45]  正在连接 QQ-主 邮箱服务器 (497720537@qq.com) ...
[2026-08-28 15:14:46]  正在连接 QQ-备用 邮箱服务器 (shouqianbadavid@qq.com) ...
[2026-08-28 15:15:22]  正在连接 QQ-主 邮箱服务器 (497720537@qq.com) ...
[2026-08-28 15:15:23]  正在连接 QQ-备用 邮箱服务器 (shouqianbadavid@qq.com) ...
[2026-08-28 15:15:59]  正在连接 QQ-主 邮箱服务器 (497720537@qq.com) ...
[2026-08-28 15:16:00]  正在连接 QQ-备用 邮箱服务器 (shouqianbadavid@qq.com) ...
[2026-08-28 15:16:36]  正在连接 QQ-主 邮箱服务器 (497720537@qq.com) ...
[2026-08-28 15:16:38]  正在连接 QQ-备用 邮箱服务器 (shouqianbadavid@qq.com) ...
[2026-08-28 15:17:14]  正在连接 QQ-主 邮箱服务器 (497720537@qq.com) ...
[2026-08-28 15:17:15]  正在连接 QQ-备用 邮箱服务器 (shouqianbadavid@qq.com) ...
